[2020-04-14T23:57:29.748-0700][gc,cpu        ] GC(901) User=0.10s Sys=0.00s Real=0.02s
[2020-04-14T23:57:44.643-0700][gc,start      ] GC(902) Pause Young (Normal) (G1 Evacuation Pause)
[2020-04-14T23:57:44.644-0700][gc,task       ] GC(902) Using 4 workers of 4 for evacuation
[2020-04-14T23:57:44.669-0700][gc,mmu        ] GC(902) MMU target violated: 21.0ms (20.0ms/21.0ms)
[2020-04-14T23:57:44.670-0700][gc,phases     ] GC(902)   Pre Evacuate Collection Set: 0.0ms
[2020-04-14T23:57:44.670-0700][gc,phases     ] GC(902)   Evacuate Collection Set: 24.8ms
[2020-04-14T23:57:44.670-0700][gc,phases     ] GC(902)   Post Evacuate Collection Set: 0.7ms
[2020-04-14T23:57:44.670-0700][gc,phases     ] GC(902)   Other: 0.6ms
[2020-04-14T23:57:44.670-0700][gc,heap       ] GC(902) Eden regions: 47->0(47)
[2020-04-14T23:57:44.670-0700][gc,heap       ] GC(902) Survivor regions: 4->4(7)
[2020-04-14T23:57:44.670-0700][gc,heap       ] GC(902) Old regions: 68->68
[2020-04-14T23:57:44.670-0700][gc,heap       ] GC(902) Humongous regions: 130->130
[2020-04-14T23:57:44.670-0700][gc,metaspace  ] GC(902) Metaspace: 28239K->28239K(1075200K)
[2020-04-14T23:57:44.670-0700][gc            ] GC(902) Pause Young (Normal) (G1 Evacuation Pause) 248M->201M(1024M) 26.237ms
[2020-04-14T23:57:44.670-0700][gc,cpu        ] GC(902) User=0.10s Sys=0.00s Real=0.03s
[2020-04-14T23:57:59.703-0700][gc,start      ] GC(903) Pause Young (Normal) (G1 Evacuation Pause)
[2020-04-14T23:57:59.703-0700][gc,task       ] GC(903) Using 4 workers of 4 for evacuation
[2020-04-14T23:57:59.730-0700][gc,mmu        ] GC(903) MMU target violated: 21.0ms (20.0ms/21.0ms)
[2020-04-14T23:57:59.730-0700][gc,phases     ] GC(903)   Pre Evacuate Collection Set: 0.1ms
[2020-04-14T23:57:59.730-0700][gc,phases     ] GC(903)   Evacuate Collection Set: 26.3ms
[2020-04-14T23:57:59.730-0700][gc,phases     ] GC(903)   Post Evacuate Collection Set: 0.7ms
[2020-04-14T23:57:59.730-0700][gc,phases     ] GC(903)   Other: 0.7ms
[2020-04-14T23:57:59.730-0700][gc,heap       ] GC(903) Eden regions: 47->0(47)
[2020-04-14T23:57:59.730-0700][gc,heap       ] GC(903) Survivor regions: 4->4(7)
[2020-04-14T23:57:59.731-0700][gc,heap       ] GC(903) Old regions: 68->69
[2020-04-14T23:57:59.731-0700][gc,heap       ] GC(903) Humongous regions: 130->130
[2020-04-14T23:57:59.731-0700][gc,metaspace  ] GC(903) Metaspace: 28239K->28239K(1075200K)
[2020-04-14T23:57:59.731-0700][gc            ] GC(903) Pause Young (Normal) (G1 Evacuation Pause) 248M->202M(1024M) 27.846ms
[2020-04-14T23:57:59.731-0700][gc,cpu        ] GC(903) User=0.10s Sys=0.00s Real=0.03s
[2020-04-14T23:58:14.893-0700][gc,start      ] GC(904) Pause Young (Normal) (G1 Evacuation Pause)
[2020-04-14T23:58:14.893-0700][gc,task       ] GC(904) Using 4 workers of 4 for evacuation
[2020-04-14T23:58:14.921-0700][gc,mmu        ] GC(904) MMU target violated: 21.0ms (20.0ms/21.0ms)
[2020-04-14T23:58:14.921-0700][gc,phases     ] GC(904)   Pre Evacuate Collection Set: 0.1ms
[2020-04-14T23:58:14.921-0700][gc,phases     ] GC(904)   Evacuate Collection Set: 27.2ms
[2020-04-14T23:58:14.921-0700][gc,phases     ] GC(904)   Post Evacuate Collection Set: 0.6ms
[2020-04-14T23:58:14.921-0700][gc,phases     ] GC(904)   Other: 0.6ms
[2020-04-14T23:58:14.921-0700][gc,heap       ] GC(904) Eden regions: 47->0(47)
[2020-04-14T23:58:14.921-0700][gc,heap       ] GC(904) Survivor regions: 4->4(7)
[2020-04-14T23:58:14.921-0700][gc,heap       ] GC(904) Old regions: 69->69
[2020-04-14T23:58:14.921-0700][gc,heap       ] GC(904) Humongous regions: 130->130
[2020-04-14T23:58:14.921-0700][gc,metaspace  ] GC(904) Metaspace: 28239K->28239K(1075200K)
[2020-04-14T23:58:14.921-0700][gc            ] GC(904) Pause Young (Normal) (G1 Evacuation Pause) 249M->202M(1024M) 28.622ms
[2020-04-14T23:58:14.921-0700][gc,cpu        ] GC(904) User=0.11s Sys=0.00s Real=0.03s
[2020-04-14T23:58:29.940-0700][gc,start      ] GC(905) Pause Young (Normal) (G1 Evacuation Pause)
[2020-04-14T23:58:29.940-0700][gc,task       ] GC(905) Using 4 workers of 4 for evacuation
[2020-04-14T23:58:29.966-0700][gc,mmu        ] GC(905) MMU target violated: 21.0ms (20.0ms/21.0ms)
[2020-04-14T23:58:29.966-0700][gc,phases     ] GC(905)   Pre Evacuate Collection Set: 0.1ms
[2020-04-14T23:58:29.966-0700][gc,phases     ] GC(905)   Evacuate Collection Set: 24.8ms
[2020-04-14T23:58:29.966-0700][gc,phases     ] GC(905)   Post Evacuate Collection Set: 0.7ms
[2020-04-14T23:58:29.966-0700][gc,phases     ] GC(905)   Other: 0.6ms
[2020-04-14T23:58:29.966-0700][gc,heap       ] GC(905) Eden regions: 47->0(47)
[2020-04-14T23:58:29.966-0700][gc,heap       ] GC(905) Survivor regions: 4->4(7)
[2020-04-14T23:58:29.966-0700][gc,heap       ] GC(905) Old regions: 69->69
[2020-04-14T23:58:29.966-0700][gc,heap       ] GC(905) Humongous regions: 130->130
[2020-04-14T23:58:29.966-0700][gc,metaspace  ] GC(905) Metaspace: 28239K->28239K(1075200K)
[2020-04-14T23:58:29.966-0700][gc            ] GC(905) Pause Young (Normal) (G1 Evacuation Pause) 249M->202M(1024M) 26.248ms
[2020-04-14T23:58:29.966-0700][gc,cpu        ] GC(905) User=0.10s Sys=0.00s Real=0.02s
[2020-04-14T23:58:44.845-0700][gc,start      ] GC(906) Pause Young (Normal) (G1 Evacuation Pause)
[2020-04-14T23:58:44.845-0700][gc,task       ] GC(906) Using 4 workers of 4 for evacuation
[2020-04-14T23:58:44.873-0700][gc,mmu        ] GC(906) MMU target violated: 21.0ms (20.0ms/21.0ms)
[2020-04-14T23:58:44.873-0700][gc,phases     ] GC(906)   Pre Evacuate Collection Set: 0.1ms
[2020-04-14T23:58:44.873-0700][gc,phases     ] GC(906)   Evacuate Collection Set: 27.2ms
[2020-04-14T23:58:44.873-0700][gc,phases     ] GC(906)   Post Evacuate Collection Set: 0.5ms
[2020-04-14T23:58:44.873-0700][gc,phases     ] GC(906)   Other: 0.6ms
[2020-04-14T23:58:44.873-0700][gc,heap       ] GC(906) Eden regions: 47->0(47)
[2020-04-14T23:58:44.873-0700][gc,heap       ] GC(906) Survivor regions: 4->4(7)
[2020-04-14T23:58:44.873-0700][gc,heap       ] GC(906) Old regions: 69->69
[2020-04-14T23:58:44.873-0700][gc,heap       ] GC(906) Humongous regions: 130->130
[2020-04-14T23:58:44.873-0700][gc,metaspace  ] GC(906) Metaspace: 28239K->28239K(1075200K)
[2020-04-14T23:58:44.873-0700][gc            ] GC(906) Pause Young (Normal) (G1 Evacuation Pause) 249M->202M(1024M) 28.435ms
[2020-04-14T23:58:44.873-0700][gc,cpu        ] GC(906) User=0.10s Sys=0.00s Real=0.03s
[2020-04-14T23:58:59.874-0700][gc,start      ] GC(907) Pause Young (Normal) (G1 Evacuation Pause)
[2020-04-14T23:58:59.874-0700][gc,task       ] GC(907) Using 4 workers of 4 for evacuation
[2020-04-14T23:58:59.901-0700][gc,mmu        ] GC(907) MMU target violated: 21.0ms (20.0ms/21.0ms)
[2020-04-14T23:58:59.901-0700][gc,phases     ] GC(907)   Pre Evacuate Collection Set: 0.1ms
[2020-04-14T23:58:59.901-0700][gc,phases     ] GC(907)   Evacuate Collection Set: 26.4ms
[2020-04-14T23:58:59.901-0700][gc,phases     ] GC(907)   Post Evacuate Collection Set: 0.7ms
[2020-04-14T23:58:59.901-0700][gc,phases     ] GC(907)   Other: 0.7ms
[2020-04-14T23:58:59.901-0700][gc,heap       ] GC(907) Eden regions: 47->0(47)
[2020-04-14T23:58:59.902-0700][gc,heap       ] GC(907) Survivor regions: 4->4(7)
[2020-04-14T23:58:59.902-0700][gc,heap       ] GC(907) Old regions: 69->70
[2020-04-14T23:58:59.902-0700][gc,heap       ] GC(907) Humongous regions: 130->130
[2020-04-14T23:58:59.902-0700][gc,metaspace  ] GC(907) Metaspace: 28239K->28239K(1075200K)
[2020-04-14T23:58:59.902-0700][gc            ] GC(907) Pause Young (Normal) (G1 Evacuation Pause) 249M->203M(1024M) 27.905ms
[2020-04-14T23:58:59.902-0700][gc,cpu        ] GC(907) User=0.11s Sys=0.00s Real=0.03s
[2020-04-14T23:59:14.851-0700][gc,start      ] GC(908) Pause Young (Normal) (G1 Evacuation Pause)
[2020-04-14T23:59:14.851-0700][gc,task       ] GC(908) Using 4 workers of 4 for evacuation
[2020-04-14T23:59:14.880-0700][gc,mmu        ] GC(908) MMU target violated: 21.0ms (20.0ms/21.0ms)
[2020-04-14T23:59:14.880-0700][gc,phases     ] GC(908)   Pre Evacuate Collection Set: 0.0ms
[2020-04-14T23:59:14.880-0700][gc,phases     ] GC(908)   Evacuate Collection Set: 27.6ms
[2020-04-14T23:59:14.880-0700][gc,phases     ] GC(908)   Post Evacuate Collection Set: 0.7ms
[2020-04-14T23:59:14.880-0700][gc,phases     ] GC(908)   Other: 0.6ms
[2020-04-14T23:59:14.880-0700][gc,heap       ] GC(908) Eden regions: 47->0(47)
[2020-04-14T23:59:14.880-0700][gc,heap       ] GC(908) Survivor regions: 4->4(7)
[2020-04-14T23:59:14.880-0700][gc,heap       ] GC(908) Old regions: 70->70
[2020-04-14T23:59:14.880-0700][gc,heap       ] GC(908) Humongous regions: 130->130
[2020-04-14T23:59:14.880-0700][gc,metaspace  ] GC(908) Metaspace: 28239K->28239K(1075200K)
[2020-04-14T23:59:14.880-0700][gc            ] GC(908) Pause Young (Normal) (G1 Evacuation Pause) 250M->203M(1024M) 29.060ms
[2020-04-14T23:59:14.880-0700][gc,cpu        ] GC(908) User=0.11s Sys=0.00s Real=0.03s
[2020-04-14T23:59:29.813-0700][gc,start      ] GC(909) Pause Young (Normal) (G1 Evacuation Pause)
[2020-04-14T23:59:29.813-0700][gc,task       ] GC(909) Using 4 workers of 4 for evacuation
[2020-04-14T23:59:29.841-0700][gc,mmu        ] GC(909) MMU target violated: 21.0ms (20.0ms/21.0ms)
[2020-04-14T23:59:29.841-0700][gc,phases     ] GC(909)   Pre Evacuate Collection Set: 0.1ms
[2020-04-14T23:59:29.841-0700][gc,phases     ] GC(909)   Evacuate Collection Set: 26.4ms
[2020-04-14T23:59:29.841-0700][gc,phases     ] GC(909)   Post Evacuate Collection Set: 0.6ms
[2020-04-14T23:59:29.841-0700][gc,phases     ] GC(909)   Other: 0.5ms
[2020-04-14T23:59:29.841-0700][gc,heap       ] GC(909) Eden regions: 47->0(47)
[2020-04-14T23:59:29.841-0700][gc,heap       ] GC(909) Survivor regions: 4->4(7)
[2020-04-14T23:59:29.841-0700][gc,heap       ] GC(909) Old regions: 70->71
[2020-04-14T23:59:29.841-0700][gc,heap       ] GC(909) Humongous regions: 130->130
[2020-04-14T23:59:29.841-0700][gc,metaspace  ] GC(909) Metaspace: 28239K->28239K(1075200K)
[2020-04-14T23:59:29.841-0700][gc            ] GC(909) Pause Young (Normal) (G1 Evacuation Pause) 250M->203M(1024M) 27.768ms
[2020-04-14T23:59:29.841-0700][gc,cpu        ] GC(909) User=0.10s Sys=0.00s Real=0.03s
[2020-04-14T23:59:44.757-0700][gc,start      ] GC(910) Pause Young (Normal) (G1 Evacuation Pause)
[2020-04-14T23:59:44.758-0700][gc,task       ] GC(910) Using 4 workers of 4 for evacuation
[2020-04-14T23:59:44.784-0700][gc,mmu        ] GC(910) MMU target violated: 21.0ms (20.0ms/21.0ms)
[2020-04-14T23:59:44.784-0700][gc,phases     ] GC(910)   Pre Evacuate Collection Set: 0.1ms
[2020-04-14T23:59:44.784-0700][gc,phases     ] GC(910)   Evacuate Collection Set: 25.4ms
[2020-04-14T23:59:44.784-0700][gc,phases     ] GC(910)   Post Evacuate Collection Set: 0.6ms
[2020-04-14T23:59:44.784-0700][gc,phases     ] GC(910)   Other: 0.5ms
[2020-04-14T23:59:44.784-0700][gc,heap       ] GC(910) Eden regions: 47->0(47)
[2020-04-14T23:59:44.784-0700][gc,heap       ] GC(910) Survivor regions: 4->4(7)
[2020-04-14T23:59:44.784-0700][gc,heap       ] GC(910) Old regions: 71->71
[2020-04-14T23:59:44.784-0700][gc,heap       ] GC(910) Humongous regions: 130->130
[2020-04-14T23:59:44.784-0700][gc,metaspace  ] GC(910) Metaspace: 28239K->28239K(1075200K)
[2020-04-14T23:59:44.784-0700][gc            ] GC(910) Pause Young (Normal) (G1 Evacuation Pause) 250M->204M(1024M) 26.736ms
[2020-04-14T23:59:44.784-0700][gc,cpu        ] GC(910) User=0.09s Sys=0.01s Real=0.02s
[2020-04-14T23:59:59.759-0700][gc,start      ] GC(911) Pause Young (Normal) (G1 Evacuation Pause)
[2020-04-14T23:59:59.759-0700][gc,task       ] GC(911) Using 4 workers of 4 for evacuation
[2020-04-14T23:59:59.785-0700][gc,mmu        ] GC(911) MMU target violated: 21.0ms (20.0ms/21.0ms)
[2020-04-14T23:59:59.786-0700][gc,phases     ] GC(911)   Pre Evacuate Collection Set: 0.1ms
[2020-04-14T23:59:59.786-0700][gc,phases     ] GC(911)   Evacuate Collection Set: 25.5ms
[2020-04-14T23:59:59.786-0700][gc,phases     ] GC(911)   Post Evacuate Collection Set: 0.6ms
[2020-04-14T23:59:59.786-0700][gc,phases     ] GC(911)   Other: 0.5ms
[2020-04-14T23:59:59.786-0700][gc,heap       ] GC(911) Eden regions: 47->0(47)
[2020-04-14T23:59:59.786-0700][gc,heap       ] GC(911) Survivor regions: 4->4(7)
[2020-04-14T23:59:59.786-0700][gc,heap       ] GC(911) Old regions: 71->71
[2020-04-14T23:59:59.786-0700][gc,heap       ] GC(911) Humongous regions: 130->130
[2020-04-14T23:59:59.786-0700][gc,metaspace  ] GC(911) Metaspace: 28239K->28239K(1075200K)
[2020-04-14T23:59:59.786-0700][gc            ] GC(911) Pause Young (Normal) (G1 Evacuation Pause) 251M->204M(1024M) 26.793ms
[2020-04-14T23:59:59.786-0700][gc,cpu        ] GC(911) User=0.10s Sys=0.00s Real=0.02s
[2020-04-15T00:00:14.746-0700][gc,start      ] GC(912) Pause Young (Normal) (G1 Evacuation Pause)
[2020-04-15T00:00:14.746-0700][gc,task       ] GC(912) Using 4 workers of 4 for evacuation
[2020-04-15T00:00:14.774-0700][gc,mmu        ] GC(912) MMU target violated: 21.0ms (20.0ms/21.0ms)
[2020-04-15T00:00:14.775-0700][gc,phases     ] GC(912)   Pre Evacuate Collection Set: 0.0ms
[2020-04-15T00:00:14.775-0700][gc,phases     ] GC(912)   Evacuate Collection Set: 27.8ms
[2020-04-15T00:00:14.775-0700][gc,phases     ] GC(912)   Post Evacuate Collection Set: 0.5ms
[2020-04-15T00:00:14.775-0700][gc,phases     ] GC(912)   Other: 0.6ms
[2020-04-15T00:00:14.775-0700][gc,heap       ] GC(912) Eden regions: 47->0(47)
[2020-04-15T00:00:14.775-0700][gc,heap       ] GC(912) Survivor regions: 4->4(7)
[2020-04-15T00:00:14.775-0700][gc,heap       ] GC(912) Old regions: 71->72
[2020-04-15T00:00:14.775-0700][gc,heap       ] GC(912) Humongous regions: 130->130
[2020-04-15T00:00:14.775-0700][gc,metaspace  ] GC(912) Metaspace: 28239K->28239K(1075200K)
[2020-04-15T00:00:14.775-0700][gc            ] GC(912) Pause Young (Normal) (G1 Evacuation Pause) 251M->205M(1024M) 29.096ms
[2020-04-15T00:00:14.775-0700][gc,cpu        ] GC(912) User=0.11s Sys=0.00s Real=0.03s
[2020-04-15T00:00:29.791-0700][gc,start      ] GC(913) Pause Young (Normal) (G1 Evacuation Pause)
[2020-04-15T00:00:29.792-0700][gc,task       ] GC(913) Using 4 workers of 4 for evacuation
[2020-04-15T00:00:29.819-0700][gc,mmu        ] GC(913) MMU target violated: 21.0ms (20.0ms/21.0ms)
[2020-04-15T00:00:29.820-0700][gc,phases     ] GC(913)   Pre Evacuate Collection Set: 0.0ms
[2020-04-15T00:00:29.820-0700][gc,phases     ] GC(913)   Evacuate Collection Set: 26.9ms
[2020-04-15T00:00:29.820-0700][gc,phases     ] GC(913)   Post Evacuate Collection Set: 0.7ms
[2020-04-15T00:00:29.820-0700][gc,phases     ] GC(913)   Other: 0.5ms
[2020-04-15T00:00:29.820-0700][gc,heap       ] GC(913) Eden regions: 47->0(47)
[2020-04-15T00:00:29.820-0700][gc,heap       ] GC(913) Survivor regions: 4->4(7)
[2020-04-15T00:00:29.820-0700][gc,heap       ] GC(913) Old regions: 72->72
[2020-04-15T00:00:29.820-0700][gc,heap       ] GC(913) Humongous regions: 130->130
[2020-04-15T00:00:29.820-0700][gc,metaspace  ] GC(913) Metaspace: 28239K->28239K(1075200K)
[2020-04-15T00:00:29.820-0700][gc            ] GC(913) Pause Young (Normal) (G1 Evacuation Pause) 252M->205M(1024M) 28.254ms
[2020-04-15T00:00:29.820-0700][gc,cpu        ] GC(913) User=0.11s Sys=0.00s Real=0.03s
[2020-04-15T00:00:44.798-0700][gc,start      ] GC(914) Pause Young (Normal) (G1 Evacuation Pause)
[2020-04-15T00:00:44.798-0700][gc,task       ] GC(914) Using 4 workers of 4 for evacuation
[2020-04-15T00:00:44.826-0700][gc,mmu        ] GC(914) MMU target violated: 21.0ms (20.0ms/21.0ms)
[2020-04-15T00:00:44.826-0700][gc,phases     ] GC(914)   Pre Evacuate Collection Set: 0.1ms
[2020-04-15T00:00:44.826-0700][gc,phases     ] GC(914)   Evacuate Collection Set: 26.7ms
[2020-04-15T00:00:44.826-0700][gc,phases     ] GC(914)   Post Evacuate Collection Set: 0.6ms
[2020-04-15T00:00:44.826-0700][gc,phases     ] GC(914)   Other: 0.5ms
[2020-04-15T00:00:44.826-0700][gc,heap       ] GC(914) Eden regions: 47->0(47)
[2020-04-15T00:00:44.826-0700][gc,heap       ] GC(914) Survivor regions: 4->4(7)
[2020-04-15T00:00:44.826-0700][gc,heap       ] GC(914) Old regions: 72->73
[2020-04-15T00:00:44.826-0700][gc,heap       ] GC(914) Humongous regions: 130->130
[2020-04-15T00:00:44.826-0700][gc,metaspace  ] GC(914) Metaspace: 28239K->28239K(1075200K)
[2020-04-15T00:00:44.826-0700][gc            ] GC(914) Pause Young (Normal) (G1 Evacuation Pause) 252M->205M(1024M) 28.007ms
[2020-04-15T00:00:44.826-0700][gc,cpu        ] GC(914) User=0.11s Sys=0.00s Real=0.02s
[2020-04-15T00:00:59.792-0700][gc,start      ] GC(915) Pause Young (Normal) (G1 Evacuation Pause)
[2020-04-15T00:00:59.792-0700][gc,task       ] GC(915) Using 4 workers of 4 for evacuation
[2020-04-15T00:00:59.822-0700][gc,mmu        ] GC(915) MMU target violated: 21.0ms (20.0ms/21.0ms)
[2020-04-15T00:00:59.822-0700][gc,phases     ] GC(915)   Pre Evacuate Collection Set: 0.0ms
[2020-04-15T00:00:59.822-0700][gc,phases     ] GC(915)   Evacuate Collection Set: 29.6ms
[2020-04-15T00:00:59.822-0700][gc,phases     ] GC(915)   Post Evacuate Collection Set: 0.5ms
[2020-04-15T00:00:59.822-0700][gc,phases     ] GC(915)   Other: 0.6ms
[2020-04-15T00:00:59.822-0700][gc,heap       ] GC(915) Eden regions: 47->0(46)
[2020-04-15T00:00:59.822-0700][gc,heap       ] GC(915) Survivor regions: 4->5(7)
[2020-04-15T00:00:59.822-0700][gc,heap       ] GC(915) Old regions: 73->73
[2020-04-15T00:00:59.822-0700][gc,heap       ] GC(915) Humongous regions: 130->130
[2020-04-15T00:00:59.822-0700][gc,metaspace  ] GC(915) Metaspace: 28239K->28239K(1075200K)
[2020-04-15T00:00:59.822-0700][gc            ] GC(915) Pause Young (Normal) (G1 Evacuation Pause) 252M->207M(1024M) 30.823ms
[2020-04-15T00:00:59.822-0700][gc,cpu        ] GC(915) User=0.11s Sys=0.00s Real=0.03s
[2020-04-15T00:01:13.611-0700][gc,start      ] GC(916) Pause Young (Normal) (G1 Evacuation Pause)
[2020-04-15T00:01:13.611-0700][gc,task       ] GC(916) Using 4 workers of 4 for evacuation
[2020-04-15T00:01:13.646-0700][gc,mmu        ] GC(916) MMU target violated: 21.0ms (20.0ms/21.0ms)
[2020-04-15T00:01:13.647-0700][gc,phases     ] GC(916)   Pre Evacuate Collection Set: 0.1ms
[2020-04-15T00:01:13.647-0700][gc,phases     ] GC(916)   Evacuate Collection Set: 34.7ms
[2020-04-15T00:01:13.647-0700][gc,phases     ] GC(916)   Post Evacuate Collection Set: 0.7ms
[2020-04-15T00:01:13.647-0700][gc,phases     ] GC(916)   Other: 0.5ms
[2020-04-15T00:01:13.647-0700][gc,heap       ] GC(916) Eden regions: 46->0(45)
[2020-04-15T00:01:13.647-0700][gc,heap       ] GC(916) Survivor regions: 5->6(7)
[2020-04-15T00:01:13.647-0700][gc,heap       ] GC(916) Old regions: 73->75
[2020-04-15T00:01:13.647-0700][gc,heap       ] GC(916) Humongous regions: 130->130
[2020-04-15T00:01:13.647-0700][gc,metaspace  ] GC(916) Metaspace: 28242K->28242K(1075200K)
[2020-04-15T00:01:13.647-0700][gc            ] GC(916) Pause Young (Normal) (G1 Evacuation Pause) 253M->209M(1024M) 36.106ms
[2020-04-15T00:01:13.647-0700][gc,cpu        ] GC(916) User=0.14s Sys=0.00s Real=0.03s
[2020-04-15T00:01:27.874-0700][gc,start      ] GC(917) Pause Young (Normal) (G1 Evacuation Pause)
[2020-04-15T00:01:27.874-0700][gc,task       ] GC(917) Using 4 workers of 4 for evacuation
[2020-04-15T00:01:27.901-0700][gc,mmu        ] GC(917) MMU target violated: 21.0ms (20.0ms/21.0ms)
[2020-04-15T00:01:27.901-0700][gc,phases     ] GC(917)   Pre Evacuate Collection Set: 0.1ms
[2020-04-15T00:01:27.901-0700][gc,phases     ] GC(917)   Evacuate Collection Set: 26.4ms
[2020-04-15T00:01:27.901-0700][gc,phases     ] GC(917)   Post Evacuate Collection Set: 0.7ms
[2020-04-15T00:01:27.901-0700][gc,phases     ] GC(917)   Other: 0.5ms
[2020-04-15T00:01:27.901-0700][gc,heap       ] GC(917) Eden regions: 45->0(47)
[2020-04-15T00:01:27.901-0700][gc,heap       ] GC(917) Survivor regions: 6->4(7)
[2020-04-15T00:01:27.901-0700][gc,heap       ] GC(917) Old regions: 75->77
[2020-04-15T00:01:27.901-0700][gc,heap       ] GC(917) Humongous regions: 130->130
[2020-04-15T00:01:27.901-0700][gc,metaspace  ] GC(917) Metaspace: 28242K->28242K(1075200K)
[2020-04-15T00:01:27.902-0700][gc            ] GC(917) Pause Young (Normal) (G1 Evacuation Pause) 254M->209M(1024M) 27.821ms
[2020-04-15T00:01:27.902-0700][gc,cpu        ] GC(917) User=0.11s Sys=0.00s Real=0.03s
[2020-04-15T00:01:42.958-0700][gc,start      ] GC(918) Pause Young (Normal) (G1 Evacuation Pause)
[2020-04-15T00:01:42.958-0700][gc,task       ] GC(918) Using 4 workers of 4 for evacuation
[2020-04-15T00:01:42.978-0700][gc,phases     ] GC(918)   Pre Evacuate Collection Set: 0.1ms
[2020-04-15T00:01:42.978-0700][gc,phases     ] GC(918)   Evacuate Collection Set: 18.8ms
[2020-04-15T00:01:42.978-0700][gc,phases     ] GC(918)   Post Evacuate Collection Set: 0.7ms
[2020-04-15T00:01:42.978-0700][gc,phases     ] GC(918)   Other: 0.4ms
[2020-04-15T00:01:42.978-0700][gc,heap       ] GC(918) Eden regions: 47->0(47)
[2020-04-15T00:01:42.978-0700][gc,heap       ] GC(918) Survivor regions: 4->4(7)
[2020-04-15T00:01:42.978-0700][gc,heap       ] GC(918) Old regions: 77->77
[2020-04-15T00:01:42.978-0700][gc,heap       ] GC(918) Humongous regions: 130->130
[2020-04-15T00:01:42.978-0700][gc,metaspace  ] GC(918) Metaspace: 28242K->28242K(1075200K)
[2020-04-15T00:01:42.978-0700][gc            ] GC(918) Pause Young (Normal) (G1 Evacuation Pause) 256M->209M(1024M) 20.200ms
[2020-04-15T00:01:42.978-0700][gc,cpu        ] GC(918) User=0.07s Sys=0.00s Real=0.02s
[2020-04-15T00:01:58.033-0700][gc,start      ] GC(919) Pause Young (Normal) (G1 Evacuation Pause)
[2020-04-15T00:01:58.033-0700][gc,task       ] GC(919) Using 4 workers of 4 for evacuation
[2020-04-15T00:01:58.055-0700][gc,mmu        ] GC(919) MMU target violated: 21.0ms (20.0ms/21.0ms)
[2020-04-15T00:01:58.055-0700][gc,phases     ] GC(919)   Pre Evacuate Collection Set: 0.1ms
[2020-04-15T00:01:58.055-0700][gc,phases     ] GC(919)   Evacuate Collection Set: 20.8ms
[2020-04-15T00:01:58.055-0700][gc,phases     ] GC(919)   Post Evacuate Collection Set: 0.7ms
[2020-04-15T00:01:58.055-0700][gc,phases     ] GC(919)   Other: 0.6ms
[2020-04-15T00:01:58.055-0700][gc,heap       ] GC(919) Eden regions: 47->0(48)
[2020-04-15T00:01:58.055-0700][gc,heap       ] GC(919) Survivor regions: 4->3(7)
[2020-04-15T00:01:58.055-0700][gc,heap       ] GC(919) Old regions: 77->77
[2020-04-15T00:01:58.055-0700][gc,heap       ] GC(919) Humongous regions: 130->130
[2020-04-15T00:01:58.056-0700][gc,metaspace  ] GC(919) Metaspace: 28242K->28242K(1075200K)
[2020-04-15T00:01:58.056-0700][gc            ] GC(919) Pause Young (Normal) (G1 Evacuation Pause) 256M->209M(1024M) 22.493ms
[2020-04-15T00:01:58.056-0700][gc,cpu        ] GC(919) User=0.08s Sys=0.00s Real=0.02s
[2020-04-15T00:02:13.425-0700][gc,start      ] GC(920) Pause Young (Normal) (G1 Evacuation Pause)
[2020-04-15T00:02:13.425-0700][gc,task       ] GC(920) Using 4 workers of 4 for evacuation
[2020-04-15T00:02:13.446-0700][gc,mmu        ] GC(920) MMU target violated: 21.0ms (20.0ms/21.0ms)
[2020-04-15T00:02:13.446-0700][gc,phases     ] GC(920)   Pre Evacuate Collection Set: 0.1ms
[2020-04-15T00:02:13.446-0700][gc,phases     ] GC(920)   Evacuate Collection Set: 20.5ms
[2020-04-15T00:02:13.446-0700][gc,phases     ] GC(920)   Post Evacuate Collection Set: 0.8ms
[2020-04-15T00:02:13.446-0700][gc,phases     ] GC(920)   Other: 0.5ms
[2020-04-15T00:02:13.446-0700][gc,heap       ] GC(920) Eden regions: 48->0(48)
[2020-04-15T00:02:13.447-0700][gc,heap       ] GC(920) Survivor regions: 3->3(7)
[2020-04-15T00:02:13.447-0700][gc,heap       ] GC(920) Old regions: 77->77
[2020-04-15T00:02:13.447-0700][gc,heap       ] GC(920) Humongous regions: 130->130
[2020-04-15T00:02:13.447-0700][gc,metaspace  ] GC(920) Metaspace: 28242K->28242K(1075200K)
[2020-04-15T00:02:13.447-0700][gc            ] GC(920) Pause Young (Normal) (G1 Evacuation Pause) 257M->209M(1024M) 22.053ms
[2020-04-15T00:02:13.447-0700][gc,cpu        ] GC(920) User=0.08s Sys=0.00s Real=0.02s
[2020-04-15T00:02:28.812-0700][gc,start      ] GC(921) Pause Young (Normal) (G1 Evacuation Pause)
[2020-04-15T00:02:28.812-0700][gc,task       ] GC(921) Using 4 workers of 4 for evacuation
[2020-04-15T00:02:28.830-0700][gc,phases     ] GC(921)   Pre Evacuate Collection Set: 0.0ms
[2020-04-15T00:02:28.830-0700][gc,phases     ] GC(921)   Evacuate Collection Set: 17.0ms
[2020-04-15T00:02:28.830-0700][gc,phases     ] GC(921)   Post Evacuate Collection Set: 0.9ms
[2020-04-15T00:02:28.830-0700][gc,phases     ] GC(921)   Other: 0.4ms
[2020-04-15T00:02:28.830-0700][gc,heap       ] GC(921) Eden regions: 48->0(47)
[2020-04-15T00:02:28.830-0700][gc,heap       ] GC(921) Survivor regions: 3->4(7)
[2020-04-15T00:02:28.830-0700][gc,heap       ] GC(921) Old regions: 77->77
[2020-04-15T00:02:28.830-0700][gc,heap       ] GC(921) Humongous regions: 130->130
[2020-04-15T00:02:28.830-0700][gc,metaspace  ] GC(921) Metaspace: 28242K->28242K(1075200K)
[2020-04-15T00:02:28.830-0700][gc            ] GC(921) Pause Young (Normal) (G1 Evacuation Pause) 257M->209M(1024M) 18.534ms
[2020-04-15T00:02:28.830-0700][gc,cpu        ] GC(921) User=0.07s Sys=0.00s Real=0.02s
[2020-04-15T00:02:43.942-0700][gc,start      ] GC(922) Pause Young (Normal) (G1 Evacuation Pause)
[2020-04-15T00:02:43.942-0700][gc,task       ] GC(922) Using 4 workers of 4 for evacuation
[2020-04-15T00:02:43.962-0700][gc,phases     ] GC(922)   Pre Evacuate Collection Set: 0.1ms
[2020-04-15T00:02:43.962-0700][gc,phases     ] GC(922)   Evacuate Collection Set: 18.5ms
[2020-04-15T00:02:43.962-0700][gc,phases     ] GC(922)   Post Evacuate Collection Set: 0.7ms
[2020-04-15T00:02:43.962-0700][gc,phases     ] GC(922)   Other: 0.5ms
[2020-04-15T00:02:43.962-0700][gc,heap       ] GC(922) Eden regions: 47->0(48)
[2020-04-15T00:02:43.962-0700][gc,heap       ] GC(922) Survivor regions: 4->3(7)
[2020-04-15T00:02:43.962-0700][gc,heap       ] GC(922) Old regions: 77->77
[2020-04-15T00:02:43.962-0700][gc,heap       ] GC(922) Humongous regions: 130->130
[2020-04-15T00:02:43.962-0700][gc,metaspace  ] GC(922) Metaspace: 28242K->28242K(1075200K)
[2020-04-15T00:02:43.962-0700][gc            ] GC(922) Pause Young (Normal) (G1 Evacuation Pause) 256M->209M(1024M) 19.928ms
[2020-04-15T00:02:43.962-0700][gc,cpu        ] GC(922) User=0.07s Sys=0.00s Real=0.02s
[2020-04-15T00:02:59.350-0700][gc,start      ] GC(923) Pause Young (Normal) (G1 Evacuation Pause)
[2020-04-15T00:02:59.350-0700][gc,task       ] GC(923) Using 4 workers of 4 for evacuation
[2020-04-15T00:02:59.372-0700][gc,mmu        ] GC(923) MMU target violated: 21.0ms (20.0ms/21.0ms)
[2020-04-15T00:02:59.372-0700][gc,phases     ] GC(923)   Pre Evacuate Collection Set: 0.1ms
[2020-04-15T00:02:59.372-0700][gc,phases     ] GC(923)   Evacuate Collection Set: 20.4ms
[2020-04-15T00:02:59.372-0700][gc,phases     ] GC(923)   Post Evacuate Collection Set: 0.9ms
[2020-04-15T00:02:59.372-0700][gc,phases     ] GC(923)   Other: 0.6ms
[2020-04-15T00:02:59.372-0700][gc,heap       ] GC(923) Eden regions: 48->0(47)
[2020-04-15T00:02:59.372-0700][gc,heap       ] GC(923) Survivor regions: 3->4(7)
[2020-04-15T00:02:59.372-0700][gc,heap       ] GC(923) Old regions: 77->77
[2020-04-15T00:02:59.372-0700][gc,heap       ] GC(923) Humongous regions: 130->130
[2020-04-15T00:02:59.372-0700][gc,metaspace  ] GC(923) Metaspace: 28242K->28242K(1075200K)
[2020-04-15T00:02:59.372-0700][gc            ] GC(923) Pause Young (Normal) (G1 Evacuation Pause) 257M->209M(1024M) 22.039ms
[2020-04-15T00:02:59.372-0700][gc,cpu        ] GC(923) User=0.08s Sys=0.00s Real=0.02s
[2020-04-15T00:03:14.432-0700][gc,start      ] GC(924) Pause Young (Normal) (G1 Evacuation Pause)
[2020-04-15T00:03:14.432-0700][gc,task       ] GC(924) Using 4 workers of 4 for evacuation
[2020-04-15T00:03:14.453-0700][gc,mmu        ] GC(924) MMU target violated: 20.6ms (20.0ms/21.0ms)
[2020-04-15T00:03:14.453-0700][gc,phases     ] GC(924)   Pre Evacuate Collection Set: 0.1ms
[2020-04-15T00:03:14.453-0700][gc,phases     ] GC(924)   Evacuate Collection Set: 19.6ms
[2020-04-15T00:03:14.453-0700][gc,phases     ] GC(924)   Post Evacuate Collection Set: 0.8ms
[2020-04-15T00:03:14.453-0700][gc,phases     ] GC(924)   Other: 0.5ms
[2020-04-15T00:03:14.453-0700][gc,heap       ] GC(924) Eden regions: 47->0(47)
[2020-04-15T00:03:14.453-0700][gc,heap       ] GC(924) Survivor regions: 4->4(7)
[2020-04-15T00:03:14.453-0700][gc,heap       ] GC(924) Old regions: 77->77
[2020-04-15T00:03:14.453-0700][gc,heap       ] GC(924) Humongous regions: 130->130
[2020-04-15T00:03:14.453-0700][gc,metaspace  ] GC(924) Metaspace: 28242K->28242K(1075200K)
[2020-04-15T00:03:14.453-0700][gc            ] GC(924) Pause Young (Normal) (G1 Evacuation Pause) 256M->209M(1024M) 21.127ms
[2020-04-15T00:03:14.453-0700][gc,cpu        ] GC(924) User=0.08s Sys=0.00s Real=0.02s
[2020-04-15T00:03:29.521-0700][gc,start      ] GC(925) Pause Young (Normal) (G1 Evacuation Pause)
[2020-04-15T00:03:29.521-0700][gc,task       ] GC(925) Using 4 workers of 4 for evacuation
[2020-04-15T00:03:29.542-0700][gc,mmu        ] GC(925) MMU target violated: 21.0ms (20.0ms/21.0ms)
[2020-04-15T00:03:29.542-0700][gc,phases     ] GC(925)   Pre Evacuate Collection Set: 0.1ms
[2020-04-15T00:03:29.542-0700][gc,phases     ] GC(925)   Evacuate Collection Set: 20.1ms
[2020-04-15T00:03:29.542-0700][gc,phases     ] GC(925)   Post Evacuate Collection Set: 0.8ms
[2020-04-15T00:03:29.542-0700][gc,phases     ] GC(925)   Other: 0.6ms
[2020-04-15T00:03:29.542-0700][gc,heap       ] GC(925) Eden regions: 47->0(48)
[2020-04-15T00:03:29.542-0700][gc,heap       ] GC(925) Survivor regions: 4->3(7)
[2020-04-15T00:03:29.542-0700][gc,heap       ] GC(925) Old regions: 77->77
[2020-04-15T00:03:29.542-0700][gc,heap       ] GC(925) Humongous regions: 130->130
[2020-04-15T00:03:29.542-0700][gc,metaspace  ] GC(925) Metaspace: 28242K->28242K(1075200K)
[2020-04-15T00:03:29.542-0700][gc            ] GC(925) Pause Young (Normal) (G1 Evacuation Pause) 256M->209M(1024M) 21.674ms
[2020-04-15T00:03:29.542-0700][gc,cpu        ] GC(925) User=0.07s Sys=0.01s Real=0.02s
[2020-04-15T00:03:44.811-0700][gc,start      ] GC(926) Pause Young (Normal) (G1 Evacuation Pause)
[2020-04-15T00:03:44.811-0700][gc,task       ] GC(926) Using 4 workers of 4 for evacuation
[2020-04-15T00:03:44.832-0700][gc,mmu        ] GC(926) MMU target violated: 21.0ms (20.0ms/21.0ms)
[2020-04-15T00:03:44.832-0700][gc,phases     ] GC(926)   Pre Evacuate Collection Set: 0.1ms
[2020-04-15T00:03:44.832-0700][gc,phases     ] GC(926)   Evacuate Collection Set: 19.6ms
[2020-04-15T00:03:44.832-0700][gc,phases     ] GC(926)   Post Evacuate Collection Set: 1.2ms
[2020-04-15T00:03:44.832-0700][gc,phases     ] GC(926)   Other: 0.6ms
[2020-04-15T00:03:44.832-0700][gc,heap       ] GC(926) Eden regions: 48->0(48)
[2020-04-15T00:03:44.832-0700][gc,heap       ] GC(926) Survivor regions: 3->4(7)
[2020-04-15T00:03:44.832-0700][gc,heap       ] GC(926) Old regions: 77->77
[2020-04-15T00:03:44.832-0700][gc,heap       ] GC(926) Humongous regions: 130->130
[2020-04-15T00:03:44.832-0700][gc,metaspace  ] GC(926) Metaspace: 28242K->28242K(1075200K)
[2020-04-15T00:03:44.832-0700][gc            ] GC(926) Pause Young (Normal) (G1 Evacuation Pause) 257M->209M(1024M) 21.577ms
[2020-04-15T00:03:44.833-0700][gc,cpu        ] GC(926) User=0.08s Sys=0.00s Real=0.02s
[2020-04-15T00:04:00.397-0700][gc,start      ] GC(927) Pause Young (Normal) (G1 Evacuation Pause)
[2020-04-15T00:04:00.397-0700][gc,task       ] GC(927) Using 4 workers of 4 for evacuation
[2020-04-15T00:04:00.420-0700][gc,mmu        ] GC(927) MMU target violated: 21.0ms (20.0ms/21.0ms)
[2020-04-15T00:04:00.420-0700][gc,phases     ] GC(927)   Pre Evacuate Collection Set: 0.1ms
[2020-04-15T00:04:00.420-0700][gc,phases     ] GC(927)   Evacuate Collection Set: 21.3ms
[2020-04-15T00:04:00.420-0700][gc,phases     ] GC(927)   Post Evacuate Collection Set: 0.9ms
[2020-04-15T00:04:00.420-0700][gc,phases     ] GC(927)   Other: 0.6ms
[2020-04-15T00:04:00.420-0700][gc,heap       ] GC(927) Eden regions: 48->0(47)
[2020-04-15T00:04:00.420-0700][gc,heap       ] GC(927) Survivor regions: 4->4(7)
[2020-04-15T00:04:00.420-0700][gc,heap       ] GC(927) Old regions: 77->77
[2020-04-15T00:04:00.420-0700][gc,heap       ] GC(927) Humongous regions: 130->130
[2020-04-15T00:04:00.420-0700][gc,metaspace  ] GC(927) Metaspace: 28242K->28242K(1075200K)
[2020-04-15T00:04:00.420-0700][gc            ] GC(927) Pause Young (Normal) (G1 Evacuation Pause) 257M->209M(1024M) 23.120ms
[2020-04-15T00:04:00.420-0700][gc,cpu        ] GC(927) User=0.09s Sys=0.00s Real=0.03s
[2020-04-15T00:04:15.396-0700][gc,start      ] GC(928) Pause Young (Normal) (G1 Evacuation Pause)
[2020-04-15T00:04:15.396-0700][gc,task       ] GC(928) Using 4 workers of 4 for evacuation
[2020-04-15T00:04:15.416-0700][gc,mmu        ] GC(928) MMU target violated: 20.1ms (20.0ms/21.0ms)
[2020-04-15T00:04:15.417-0700][gc,phases     ] GC(928)   Pre Evacuate Collection Set: 0.1ms
[2020-04-15T00:04:15.417-0700][gc,phases     ] GC(928)   Evacuate Collection Set: 19.0ms
[2020-04-15T00:04:15.417-0700][gc,phases     ] GC(928)   Post Evacuate Collection Set: 0.7ms
[2020-04-15T00:04:15.417-0700][gc,phases     ] GC(928)   Other: 0.7ms
[2020-04-15T00:04:15.417-0700][gc,heap       ] GC(928) Eden regions: 47->0(48)
[2020-04-15T00:04:15.417-0700][gc,heap       ] GC(928) Survivor regions: 4->3(7)
[2020-04-15T00:04:15.417-0700][gc,heap       ] GC(928) Old regions: 77->77
[2020-04-15T00:04:15.417-0700][gc,heap       ] GC(928) Humongous regions: 130->130
[2020-04-15T00:04:15.417-0700][gc,metaspace  ] GC(928) Metaspace: 28242K->28242K(1075200K)
[2020-04-15T00:04:15.417-0700][gc            ] GC(928) Pause Young (Normal) (G1 Evacuation Pause) 256M->209M(1024M) 20.612ms
[2020-04-15T00:04:15.417-0700][gc,cpu        ] GC(928) User=0.07s Sys=0.00s Real=0.02s
[2020-04-15T00:04:30.731-0700][gc,start      ] GC(929) Pause Young (Normal) (G1 Evacuation Pause)
[2020-04-15T00:04:30.731-0700][gc,task       ] GC(929) Using 4 workers of 4 for evacuation
[2020-04-15T00:04:30.753-0700][gc,mmu        ] GC(929) MMU target violated: 21.0ms (20.0ms/21.0ms)
[2020-04-15T00:04:30.753-0700][gc,phases     ] GC(929)   Pre Evacuate Collection Set: 0.1ms
[2020-04-15T00:04:30.753-0700][gc,phases     ] GC(929)   Evacuate Collection Set: 21.1ms
[2020-04-15T00:04:30.753-0700][gc,phases     ] GC(929)   Post Evacuate Collection Set: 0.8ms
[2020-04-15T00:04:30.753-0700][gc,phases     ] GC(929)   Other: 0.5ms
[2020-04-15T00:04:30.753-0700][gc,heap       ] GC(929) Eden regions: 48->0(48)
[2020-04-15T00:04:30.753-0700][gc,heap       ] GC(929) Survivor regions: 3->3(7)
[2020-04-15T00:04:30.753-0700][gc,heap       ] GC(929) Old regions: 77->77
[2020-04-15T00:04:30.753-0700][gc,heap       ] GC(929) Humongous regions: 130->130
[2020-04-15T00:04:30.753-0700][gc,metaspace  ] GC(929) Metaspace: 28244K->28244K(1075200K)
[2020-04-15T00:04:30.753-0700][gc            ] GC(929) Pause Young (Normal) (G1 Evacuation Pause) 257M->209M(1024M) 22.546ms
[2020-04-15T00:04:30.753-0700][gc,cpu        ] GC(929) User=0.08s Sys=0.00s Real=0.02s
[2020-04-15T00:04:46.693-0700][gc,start      ] GC(930) Pause Young (Normal) (G1 Evacuation Pause)
[2020-04-15T00:04:46.693-0700][gc,task       ] GC(930) Using 4 workers of 4 for evacuation
[2020-04-15T00:04:46.715-0700][gc,mmu        ] GC(930) MMU target violated: 21.0ms (20.0ms/21.0ms)
[2020-04-15T00:04:46.715-0700][gc,phases     ] GC(930)   Pre Evacuate Collection Set: 0.1ms
[2020-04-15T00:04:46.715-0700][gc,phases     ] GC(930)   Evacuate Collection Set: 20.6ms
[2020-04-15T00:04:46.715-0700][gc,phases     ] GC(930)   Post Evacuate Collection Set: 0.8ms
[2020-04-15T00:04:46.715-0700][gc,phases     ] GC(930)   Other: 0.6ms
[2020-04-15T00:04:46.715-0700][gc,heap       ] GC(930) Eden regions: 48->0(48)
[2020-04-15T00:04:46.715-0700][gc,heap       ] GC(930) Survivor regions: 3->4(7)
[2020-04-15T00:04:46.715-0700][gc,heap       ] GC(930) Old regions: 77->77
[2020-04-15T00:04:46.715-0700][gc,heap       ] GC(930) Humongous regions: 130->130
[2020-04-15T00:04:46.715-0700][gc,metaspace  ] GC(930) Metaspace: 28244K->28244K(1075200K)
[2020-04-15T00:04:46.715-0700][gc            ] GC(930) Pause Young (Normal) (G1 Evacuation Pause) 257M->209M(1024M) 22.205ms
[2020-04-15T00:04:46.715-0700][gc,cpu        ] GC(930) User=0.08s Sys=0.00s Real=0.02s
[2020-04-15T00:05:02.083-0700][gc,start      ] GC(931) Pause Young (Normal) (G1 Evacuation Pause)
[2020-04-15T00:05:02.083-0700][gc,task       ] GC(931) Using 4 workers of 4 for evacuation
[2020-04-15T00:05:02.107-0700][gc,mmu        ] GC(931) MMU target violated: 21.0ms (20.0ms/21.0ms)
[2020-04-15T00:05:02.107-0700][gc,phases     ] GC(931)   Pre Evacuate Collection Set: 0.1ms
[2020-04-15T00:05:02.107-0700][gc,phases     ] GC(931)   Evacuate Collection Set: 22.8ms
[2020-04-15T00:05:02.107-0700][gc,phases     ] GC(931)   Post Evacuate Collection Set: 0.7ms
[2020-04-15T00:05:02.107-0700][gc,phases     ] GC(931)   Other: 0.8ms
[2020-04-15T00:05:02.107-0700][gc,heap       ] GC(931) Eden regions: 48->0(48)
[2020-04-15T00:05:02.107-0700][gc,heap       ] GC(931) Survivor regions: 4->3(7)
[2020-04-15T00:05:02.107-0700][gc,heap       ] GC(931) Old regions: 77->78
[2020-04-15T00:05:02.107-0700][gc,heap       ] GC(931) Humongous regions: 130->130
[2020-04-15T00:05:02.107-0700][gc,metaspace  ] GC(931) Metaspace: 28244K->28244K(1075200K)
[2020-04-15T00:05:02.107-0700][gc            ] GC(931) Pause Young (Normal) (G1 Evacuation Pause) 257M->209M(1024M) 24.562ms
[2020-04-15T00:05:02.107-0700][gc,cpu        ] GC(931) User=0.09s Sys=0.00s Real=0.02s
[2020-04-15T00:05:17.476-0700][gc,start      ] GC(932) Pause Young (Normal) (G1 Evacuation Pause)
[2020-04-15T00:05:17.476-0700][gc,task       ] GC(932) Using 4 workers of 4 for evacuation
[2020-04-15T00:05:17.489-0700][gc,phases     ] GC(932)   Pre Evacuate Collection Set: 0.0ms
[2020-04-15T00:05:17.489-0700][gc,phases     ] GC(932)   Evacuate Collection Set: 11.7ms
[2020-04-15T00:05:17.489-0700][gc,phases     ] GC(932)   Post Evacuate Collection Set: 0.6ms
[2020-04-15T00:05:17.489-0700][gc,phases     ] GC(932)   Other: 0.5ms
[2020-04-15T00:05:17.489-0700][gc,heap       ] GC(932) Eden regions: 48->0(48)
[2020-04-15T00:05:17.489-0700][gc,heap       ] GC(932) Survivor regions: 3->3(7)
[2020-04-15T00:05:17.489-0700][gc,heap       ] GC(932) Old regions: 78->78
[2020-04-15T00:05:17.489-0700][gc,heap       ] GC(932) Humongous regions: 130->130
[2020-04-15T00:05:17.489-0700][gc,metaspace  ] GC(932) Metaspace: 28244K->28244K(1075200K)
[2020-04-15T00:05:17.489-0700][gc            ] GC(932) Pause Young (Normal) (G1 Evacuation Pause) 257M->209M(1024M) 13.007ms
[2020-04-15T00:05:17.489-0700][gc,cpu        ] GC(932) User=0.05s Sys=0.00s Real=0.01s
[2020-04-15T00:05:32.866-0700][gc,start      ] GC(933) Pause Young (Normal) (G1 Evacuation Pause)
[2020-04-15T00:05:32.866-0700][gc,task       ] GC(933) Using 4 workers of 4 for evacuation
[2020-04-15T00:05:32.879-0700][gc,phases     ] GC(933)   Pre Evacuate Collection Set: 0.1ms
[2020-04-15T00:05:32.879-0700][gc,phases     ] GC(933)   Evacuate Collection Set: 12.2ms
[2020-04-15T00:05:32.879-0700][gc,phases     ] GC(933)   Post Evacuate Collection Set: 0.5ms
[2020-04-15T00:05:32.879-0700][gc,phases     ] GC(933)   Other: 0.5ms
[2020-04-15T00:05:32.879-0700][gc,heap       ] GC(933) Eden regions: 48->0(49)
[2020-04-15T00:05:32.879-0700][gc,heap       ] GC(933) Survivor regions: 3->3(7)
[2020-04-15T00:05:32.879-0700][gc,heap       ] GC(933) Old regions: 78->78
[2020-04-15T00:05:32.879-0700][gc,heap       ] GC(933) Humongous regions: 130->130
[2020-04-15T00:05:32.879-0700][gc,metaspace  ] GC(933) Metaspace: 28244K->28244K(1075200K)
[2020-04-15T00:05:32.879-0700][gc            ] GC(933) Pause Young (Normal) (G1 Evacuation Pause) 257M->210M(1024M) 13.437ms
[2020-04-15T00:05:32.879-0700][gc,cpu        ] GC(933) User=0.05s Sys=0.00s Real=0.02s
[2020-04-15T00:05:48.755-0700][gc,start      ] GC(934) Pause Young (Normal) (G1 Evacuation Pause)
[2020-04-15T00:05:48.755-0700][gc,task       ] GC(934) Using 4 workers of 4 for evacuation
[2020-04-15T00:05:48.771-0700][gc,phases     ] GC(934)   Pre Evacuate Collection Set: 0.1ms
[2020-04-15T00:05:48.771-0700][gc,phases     ] GC(934)   Evacuate Collection Set: 15.3ms
[2020-04-15T00:05:48.771-0700][gc,phases     ] GC(934)   Post Evacuate Collection Set: 0.5ms
[2020-04-15T00:05:48.771-0700][gc,phases     ] GC(934)   Other: 0.6ms
[2020-04-15T00:05:48.772-0700][gc,heap       ] GC(934) Eden regions: 49->0(49)
[2020-04-15T00:05:48.772-0700][gc,heap       ] GC(934) Survivor regions: 3->4(7)
[2020-04-15T00:05:48.772-0700][gc,heap       ] GC(934) Old regions: 78->78
[2020-04-15T00:05:48.772-0700][gc,heap       ] GC(934) Humongous regions: 130->130
[2020-04-15T00:05:48.772-0700][gc,metaspace  ] GC(934) Metaspace: 28244K->28244K(1075200K)
[2020-04-15T00:05:48.772-0700][gc            ] GC(934) Pause Young (Normal) (G1 Evacuation Pause) 259M->210M(1024M) 16.675ms
[2020-04-15T00:05:48.772-0700][gc,cpu        ] GC(934) User=0.06s Sys=0.00s Real=0.02s
[2020-04-15T00:06:04.457-0700][gc,start      ] GC(935) Pause Young (Normal) (G1 Evacuation Pause)
[2020-04-15T00:06:04.457-0700][gc,task       ] GC(935) Using 4 workers of 4 for evacuation
[2020-04-15T00:06:04.475-0700][gc,phases     ] GC(935)   Pre Evacuate Collection Set: 0.1ms
[2020-04-15T00:06:04.475-0700][gc,phases     ] GC(935)   Evacuate Collection Set: 16.9ms
[2020-04-15T00:06:04.475-0700][gc,phases     ] GC(935)   Post Evacuate Collection Set: 0.6ms
[2020-04-15T00:06:04.475-0700][gc,phases     ] GC(935)   Other: 0.6ms
[2020-04-15T00:06:04.475-0700][gc,heap       ] GC(935) Eden regions: 49->0(48)
[2020-04-15T00:06:04.475-0700][gc,heap       ] GC(935) Survivor regions: 4->4(7)
[2020-04-15T00:06:04.475-0700][gc,heap       ] GC(935) Old regions: 78->78
[2020-04-15T00:06:04.475-0700][gc,heap       ] GC(935) Humongous regions: 130->130
[2020-04-15T00:06:04.475-0700][gc,metaspace  ] GC(935) Metaspace: 28244K->28244K(1075200K)
[2020-04-15T00:06:04.475-0700][gc            ] GC(935) Pause Young (Normal) (G1 Evacuation Pause) 259M->211M(1024M) 18.319ms
[2020-04-15T00:06:04.475-0700][gc,cpu        ] GC(935) User=0.07s Sys=0.00s Real=0.02s
[2020-04-15T00:06:19.803-0700][gc,start      ] GC(936) Pause Young (Normal) (G1 Evacuation Pause)
[2020-04-15T00:06:19.804-0700][gc,task       ] GC(936) Using 4 workers of 4 for evacuation
[2020-04-15T00:06:19.823-0700][gc,phases     ] GC(936)   Pre Evacuate Collection Set: 0.1ms
[2020-04-15T00:06:19.823-0700][gc,phases     ] GC(936)   Evacuate Collection Set: 18.3ms
[2020-04-15T00:06:19.823-0700][gc,phases     ] GC(936)   Post Evacuate Collection Set: 0.7ms
[2020-04-15T00:06:19.823-0700][gc,phases     ] GC(936)   Other: 0.5ms
[2020-04-15T00:06:19.823-0700][gc,heap       ] GC(936) Eden regions: 48->0(50)
[2020-04-15T00:06:19.823-0700][gc,heap       ] GC(936) Survivor regions: 4->5(7)
[2020-04-15T00:06:19.823-0700][gc,heap       ] GC(936) Old regions: 78->78
[2020-04-15T00:06:19.823-0700][gc,heap       ] GC(936) Humongous regions: 130->130
[2020-04-15T00:06:19.823-0700][gc,metaspace  ] GC(936) Metaspace: 28244K->28244K(1075200K)
[2020-04-15T00:06:19.823-0700][gc            ] GC(936) Pause Young (Normal) (G1 Evacuation Pause) 259M->211M(1024M) 19.817ms
[2020-04-15T00:06:19.823-0700][gc,cpu        ] GC(936) User=0.07s Sys=0.00s Real=0.02s
[2020-04-15T00:06:35.752-0700][gc,start      ] GC(937) Pause Young (Normal) (G1 Evacuation Pause)
[2020-04-15T00:06:35.752-0700][gc,task       ] GC(937) Using 4 workers of 4 for evacuation
[2020-04-15T00:06:35.772-0700][gc,phases     ] GC(937)   Pre Evacuate Collection Set: 0.1ms
[2020-04-15T00:06:35.772-0700][gc,phases     ] GC(937)   Evacuate Collection Set: 19.1ms
[2020-04-15T00:06:35.772-0700][gc,phases     ] GC(937)   Post Evacuate Collection Set: 0.5ms
[2020-04-15T00:06:35.772-0700][gc,phases     ] GC(937)   Other: 0.5ms
[2020-04-15T00:06:35.772-0700][gc,heap       ] GC(937) Eden regions: 50->0(49)
[2020-04-15T00:06:35.772-0700][gc,heap       ] GC(937) Survivor regions: 5->5(7)
[2020-04-15T00:06:35.772-0700][gc,heap       ] GC(937) Old regions: 78->79
[2020-04-15T00:06:35.772-0700][gc,heap       ] GC(937) Humongous regions: 130->130
[2020-04-15T00:06:35.772-0700][gc,metaspace  ] GC(937) Metaspace: 28244K->28244K(1075200K)
[2020-04-15T00:06:35.772-0700][gc            ] GC(937) Pause Young (Normal) (G1 Evacuation Pause) 261M->212M(1024M) 20.260ms
[2020-04-15T00:06:35.772-0700][gc,cpu        ] GC(937) User=0.08s Sys=0.00s Real=0.02s
[2020-04-15T00:06:51.361-0700][gc,start      ] GC(938) Pause Young (Normal) (G1 Evacuation Pause)
[2020-04-15T00:06:51.362-0700][gc,task       ] GC(938) Using 4 workers of 4 for evacuation
[2020-04-15T00:06:51.379-0700][gc,phases     ] GC(938)   Pre Evacuate Collection Set: 0.1ms
[2020-04-15T00:06:51.379-0700][gc,phases     ] GC(938)   Evacuate Collection Set: 17.0ms
[2020-04-15T00:06:51.379-0700][gc,phases     ] GC(938)   Post Evacuate Collection Set: 0.4ms
[2020-04-15T00:06:51.379-0700][gc,phases     ] GC(938)   Other: 0.4ms
[2020-04-15T00:06:51.379-0700][gc,heap       ] GC(938) Eden regions: 49->0(51)
[2020-04-15T00:06:51.379-0700][gc,heap       ] GC(938) Survivor regions: 5->3(7)
[2020-04-15T00:06:51.379-0700][gc,heap       ] GC(938) Old regions: 79->80
[2020-04-15T00:06:51.379-0700][gc,heap       ] GC(938) Humongous regions: 130->130
[2020-04-15T00:06:51.379-0700][gc,metaspace  ] GC(938) Metaspace: 28244K->28244K(1075200K)
[2020-04-15T00:06:51.379-0700][gc            ] GC(938) Pause Young (Normal) (G1 Evacuation Pause) 261M->212M(1024M) 17.959ms
[2020-04-15T00:06:51.379-0700][gc,cpu        ] GC(938) User=0.06s Sys=0.00s Real=0.02s
[2020-04-15T00:07:06.595-0700][gc,start      ] GC(939) Pause Young (Normal) (G1 Evacuation Pause)
[2020-04-15T00:07:06.595-0700][gc,task       ] GC(939) Using 4 workers of 4 for evacuation
[2020-04-15T00:07:06.612-0700][gc,phases     ] GC(939)   Pre Evacuate Collection Set: 0.0ms
[2020-04-15T00:07:06.612-0700][gc,phases     ] GC(939)   Evacuate Collection Set: 16.5ms
[2020-04-15T00:07:06.612-0700][gc,phases     ] GC(939)   Post Evacuate Collection Set: 0.5ms
[2020-04-15T00:07:06.612-0700][gc,phases     ] GC(939)   Other: 0.5ms
[2020-04-15T00:07:06.612-0700][gc,heap       ] GC(939) Eden regions: 48->0(49)
[2020-04-15T00:07:06.612-0700][gc,heap       ] GC(939) Survivor regions: 3->4(7)
[2020-04-15T00:07:06.612-0700][gc,heap       ] GC(939) Old regions: 80->80
[2020-04-15T00:07:06.612-0700][gc,heap       ] GC(939) Humongous regions: 130->130
[2020-04-15T00:07:06.612-0700][gc,metaspace  ] GC(939) Metaspace: 28244K->28244K(1075200K)
[2020-04-15T00:07:06.612-0700][gc            ] GC(939) Pause Young (Normal) (G1 Evacuation Pause) 260M->212M(1024M) 17.666ms
[2020-04-15T00:07:06.612-0700][gc,cpu        ] GC(939) User=0.06s Sys=0.01s Real=0.02s
[2020-04-15T00:07:21.682-0700][gc,start      ] GC(940) Pause Young (Normal) (G1 Evacuation Pause)
[2020-04-15T00:07:21.682-0700][gc,task       ] GC(940) Using 4 workers of 4 for evacuation
[2020-04-15T00:07:21.703-0700][gc,mmu        ] GC(940) MMU target violated: 20.7ms (20.0ms/21.0ms)
[2020-04-15T00:07:21.703-0700][gc,phases     ] GC(940)   Pre Evacuate Collection Set: 0.0ms
[2020-04-15T00:07:21.703-0700][gc,phases     ] GC(940)   Evacuate Collection Set: 20.0ms
[2020-04-15T00:07:21.703-0700][gc,phases     ] GC(940)   Post Evacuate Collection Set: 0.5ms
[2020-04-15T00:07:21.703-0700][gc,phases     ] GC(940)   Other: 0.5ms
[2020-04-15T00:07:21.703-0700][gc,heap       ] GC(940) Eden regions: 47->0(48)
[2020-04-15T00:07:21.703-0700][gc,heap       ] GC(940) Survivor regions: 4->4(7)
[2020-04-15T00:07:21.703-0700][gc,heap       ] GC(940) Old regions: 80->80
[2020-04-15T00:07:21.703-0700][gc,heap       ] GC(940) Humongous regions: 130->130
[2020-04-15T00:07:21.703-0700][gc,metaspace  ] GC(940) Metaspace: 28244K->28244K(1075200K)
[2020-04-15T00:07:21.703-0700][gc            ] GC(940) Pause Young (Normal) (G1 Evacuation Pause) 259M->212M(1024M) 21.177ms
[2020-04-15T00:07:21.703-0700][gc,cpu        ] GC(940) User=0.06s Sys=0.00s Real=0.02s
[2020-04-15T00:07:36.589-0700][gc,start      ] GC(941) Pause Young (Normal) (G1 Evacuation Pause)
[2020-04-15T00:07:36.589-0700][gc,task       ] GC(941) Using 4 workers of 4 for evacuation
[2020-04-15T00:07:36.601-0700][gc,phases     ] GC(941)   Pre Evacuate Collection Set: 0.1ms
[2020-04-15T00:07:36.601-0700][gc,phases     ] GC(941)   Evacuate Collection Set: 11.5ms
[2020-04-15T00:07:36.601-0700][gc,phases     ] GC(941)   Post Evacuate Collection Set: 0.3ms
[2020-04-15T00:07:36.601-0700][gc,phases     ] GC(941)   Other: 0.4ms
[2020-04-15T00:07:36.601-0700][gc,heap       ] GC(941) Eden regions: 47->0(48)
[2020-04-15T00:07:36.601-0700][gc,heap       ] GC(941) Survivor regions: 4->6(7)
[2020-04-15T00:07:36.601-0700][gc,heap       ] GC(941) Old regions: 80->80
[2020-04-15T00:07:36.601-0700][gc,heap       ] GC(941) Humongous regions: 130->130
[2020-04-15T00:07:36.601-0700][gc,metaspace  ] GC(941) Metaspace: 28244K->28244K(1075200K)
[2020-04-15T00:07:36.601-0700][gc            ] GC(941) Pause Young (Normal) (G1 Evacuation Pause) 259M->214M(1024M) 12.313ms
[2020-04-15T00:07:36.601-0700][gc,cpu        ] GC(941) User=0.04s Sys=0.00s Real=0.02s
[2020-04-15T00:07:51.628-0700][gc,start      ] GC(942) Pause Young (Normal) (G1 Evacuation Pause)
[2020-04-15T00:07:51.628-0700][gc,task       ] GC(942) Using 4 workers of 4 for evacuation
[2020-04-15T00:07:51.641-0700][gc,phases     ] GC(942)   Pre Evacuate Collection Set: 0.0ms
[2020-04-15T00:07:51.641-0700][gc,phases     ] GC(942)   Evacuate Collection Set: 13.3ms
[2020-04-15T00:07:51.641-0700][gc,phases     ] GC(942)   Post Evacuate Collection Set: 0.2ms
[2020-04-15T00:07:51.641-0700][gc,phases     ] GC(942)   Other: 0.2ms
[2020-04-15T00:07:51.641-0700][gc,heap       ] GC(942) Eden regions: 48->0(49)
[2020-04-15T00:07:51.641-0700][gc,heap       ] GC(942) Survivor regions: 6->4(7)
[2020-04-15T00:07:51.641-0700][gc,heap       ] GC(942) Old regions: 80->81
[2020-04-15T00:07:51.641-0700][gc,heap       ] GC(942) Humongous regions: 130->130
[2020-04-15T00:07:51.641-0700][gc,metaspace  ] GC(942) Metaspace: 28244K->28244K(1075200K)
[2020-04-15T00:07:51.642-0700][gc            ] GC(942) Pause Young (Normal) (G1 Evacuation Pause) 262M->214M(1024M) 13.774ms
[2020-04-15T00:07:51.642-0700][gc,cpu        ] GC(942) User=0.04s Sys=0.00s Real=0.02s
[2020-04-15T00:08:07.001-0700][gc,start      ] GC(943) Pause Young (Normal) (G1 Evacuation Pause)
[2020-04-15T00:08:07.001-0700][gc,task       ] GC(943) Using 4 workers of 4 for evacuation
[2020-04-15T00:08:07.009-0700][gc,phases     ] GC(943)   Pre Evacuate Collection Set: 0.0ms
[2020-04-15T00:08:07.009-0700][gc,phases     ] GC(943)   Evacuate Collection Set: 7.7ms
[2020-04-15T00:08:07.009-0700][gc,phases     ] GC(943)   Post Evacuate Collection Set: 0.2ms
[2020-04-15T00:08:07.009-0700][gc,phases     ] GC(943)   Other: 0.2ms
[2020-04-15T00:08:07.009-0700][gc,heap       ] GC(943) Eden regions: 49->0(54)
[2020-04-15T00:08:07.010-0700][gc,heap       ] GC(943) Survivor regions: 4->3(7)
[2020-04-15T00:08:07.010-0700][gc,heap       ] GC(943) Old regions: 81->82
[2020-04-15T00:08:07.010-0700][gc,heap       ] GC(943) Humongous regions: 130->130
[2020-04-15T00:08:07.010-0700][gc,metaspace  ] GC(943) Metaspace: 28244K->28244K(1075200K)
[2020-04-15T00:08:07.010-0700][gc            ] GC(943) Pause Young (Normal) (G1 Evacuation Pause) 263M->214M(1024M) 8.163ms
[2020-04-15T00:08:07.010-0700][gc,cpu        ] GC(943) User=0.02s Sys=0.00s Real=0.01s
[2020-04-15T00:08:22.698-0700][gc,start      ] GC(944) Pause Young (Normal) (G1 Evacuation Pause)
[2020-04-15T00:08:22.698-0700][gc,task       ] GC(944) Using 4 workers of 4 for evacuation
[2020-04-15T00:08:22.718-0700][gc,mmu        ] GC(944) MMU target violated: 20.0ms (20.0ms/21.0ms)
[2020-04-15T00:08:22.718-0700][gc,phases     ] GC(944)   Pre Evacuate Collection Set: 0.0ms
[2020-04-15T00:08:22.718-0700][gc,phases     ] GC(944)   Evacuate Collection Set: 19.4ms
[2020-04-15T00:08:22.718-0700][gc,phases     ] GC(944)   Post Evacuate Collection Set: 0.5ms
[2020-04-15T00:08:22.719-0700][gc,phases     ] GC(944)   Other: 0.4ms
[2020-04-15T00:08:22.719-0700][gc,heap       ] GC(944) Eden regions: 50->0(50)
[2020-04-15T00:08:22.719-0700][gc,heap       ] GC(944) Survivor regions: 3->4(7)
[2020-04-15T00:08:22.719-0700][gc,heap       ] GC(944) Old regions: 82->82
[2020-04-15T00:08:22.719-0700][gc,heap       ] GC(944) Humongous regions: 130->130
[2020-04-15T00:08:22.719-0700][gc,metaspace  ] GC(944) Metaspace: 28244K->28244K(1075200K)
[2020-04-15T00:08:22.719-0700][gc            ] GC(944) Pause Young (Normal) (G1 Evacuation Pause) 264M->215M(1024M) 20.470ms
[2020-04-15T00:08:22.719-0700][gc,cpu        ] GC(944) User=0.08s Sys=0.00s Real=0.02s
[2020-04-15T00:08:37.652-0700][gc,start      ] GC(945) Pause Young (Normal) (G1 Evacuation Pause)
[2020-04-15T00:08:37.653-0700][gc,task       ] GC(945) Using 4 workers of 4 for evacuation
[2020-04-15T00:08:37.675-0700][gc,mmu        ] GC(945) MMU target violated: 21.0ms (20.0ms/21.0ms)
[2020-04-15T00:08:37.675-0700][gc,phases     ] GC(945)   Pre Evacuate Collection Set: 0.1ms
[2020-04-15T00:08:37.675-0700][gc,phases     ] GC(945)   Evacuate Collection Set: 21.4ms
[2020-04-15T00:08:37.675-0700][gc,phases     ] GC(945)   Post Evacuate Collection Set: 0.6ms
[2020-04-15T00:08:37.675-0700][gc,phases     ] GC(945)   Other: 0.5ms
[2020-04-15T00:08:37.675-0700][gc,heap       ] GC(945) Eden regions: 47->0(49)
[2020-04-15T00:08:37.675-0700][gc,heap       ] GC(945) Survivor regions: 4->4(7)
[2020-04-15T00:08:37.675-0700][gc,heap       ] GC(945) Old regions: 82->82
[2020-04-15T00:08:37.675-0700][gc,heap       ] GC(945) Humongous regions: 130->130
[2020-04-15T00:08:37.675-0700][gc,metaspace  ] GC(945) Metaspace: 28244K->28244K(1075200K)
[2020-04-15T00:08:37.675-0700][gc            ] GC(945) Pause Young (Normal) (G1 Evacuation Pause) 262M->215M(1024M) 22.631ms
[2020-04-15T00:08:37.675-0700][gc,cpu        ] GC(945) User=0.09s Sys=0.00s Real=0.02s
[2020-04-15T00:08:52.539-0700][gc,start      ] GC(946) Pause Young (Normal) (G1 Evacuation Pause)
[2020-04-15T00:08:52.539-0700][gc,task       ] GC(946) Using 4 workers of 4 for evacuation
[2020-04-15T00:08:52.563-0700][gc,mmu        ] GC(946) MMU target violated: 21.0ms (20.0ms/21.0ms)
[2020-04-15T00:08:52.563-0700][gc,phases     ] GC(946)   Pre Evacuate Collection Set: 0.0ms
[2020-04-15T00:08:52.563-0700][gc,phases     ] GC(946)   Evacuate Collection Set: 23.1ms
[2020-04-15T00:08:52.563-0700][gc,phases     ] GC(946)   Post Evacuate Collection Set: 0.7ms
[2020-04-15T00:08:52.563-0700][gc,phases     ] GC(946)   Other: 0.5ms
[2020-04-15T00:08:52.564-0700][gc,heap       ] GC(946) Eden regions: 47->0(47)
[2020-04-15T00:08:52.564-0700][gc,heap       ] GC(946) Survivor regions: 4->4(7)
[2020-04-15T00:08:52.564-0700][gc,heap       ] GC(946) Old regions: 82->82
[2020-04-15T00:08:52.564-0700][gc,heap       ] GC(946) Humongous regions: 130->130
[2020-04-15T00:08:52.564-0700][gc,metaspace  ] GC(946) Metaspace: 28244K->28244K(1075200K)
[2020-04-15T00:08:52.564-0700][gc            ] GC(946) Pause Young (Normal) (G1 Evacuation Pause) 262M->215M(1024M) 24.435ms
[2020-04-15T00:08:52.564-0700][gc,cpu        ] GC(946) User=0.09s Sys=0.00s Real=0.02s
[2020-04-15T00:09:07.483-0700][gc,start      ] GC(947) Pause Young (Normal) (G1 Evacuation Pause)
[2020-04-15T00:09:07.483-0700][gc,task       ] GC(947) Using 4 workers of 4 for evacuation
[2020-04-15T00:09:07.504-0700][gc,mmu        ] GC(947) MMU target violated: 21.0ms (20.0ms/21.0ms)
[2020-04-15T00:09:07.504-0700][gc,phases     ] GC(947)   Pre Evacuate Collection Set: 0.1ms
[2020-04-15T00:09:07.504-0700][gc,phases     ] GC(947)   Evacuate Collection Set: 20.2ms
[2020-04-15T00:09:07.505-0700][gc,phases     ] GC(947)   Post Evacuate Collection Set: 0.4ms
[2020-04-15T00:09:07.505-0700][gc,phases     ] GC(947)   Other: 0.6ms
[2020-04-15T00:09:07.505-0700][gc,heap       ] GC(947) Eden regions: 47->0(47)
[2020-04-15T00:09:07.505-0700][gc,heap       ] GC(947) Survivor regions: 4->4(7)
[2020-04-15T00:09:07.505-0700][gc,heap       ] GC(947) Old regions: 82->82
[2020-04-15T00:09:07.505-0700][gc,heap       ] GC(947) Humongous regions: 130->130
[2020-04-15T00:09:07.505-0700][gc,metaspace  ] GC(947) Metaspace: 28244K->28244K(1075200K)
[2020-04-15T00:09:07.505-0700][gc            ] GC(947) Pause Young (Normal) (G1 Evacuation Pause) 262M->215M(1024M) 21.466ms
[2020-04-15T00:09:07.505-0700][gc,cpu        ] GC(947) User=0.08s Sys=0.00s Real=0.02s
[2020-04-15T00:09:23.081-0700][gc,start      ] GC(948) Pause Young (Normal) (G1 Evacuation Pause)
[2020-04-15T00:09:23.081-0700][gc,task       ] GC(948) Using 4 workers of 4 for evacuation
[2020-04-15T00:09:23.110-0700][gc,mmu        ] GC(948) MMU target violated: 21.0ms (20.0ms/21.0ms)
[2020-04-15T00:09:23.110-0700][gc,phases     ] GC(948)   Pre Evacuate Collection Set: 0.0ms
[2020-04-15T00:09:23.110-0700][gc,phases     ] GC(948)   Evacuate Collection Set: 28.2ms
[2020-04-15T00:09:23.110-0700][gc,phases     ] GC(948)   Post Evacuate Collection Set: 0.5ms
[2020-04-15T00:09:23.110-0700][gc,phases     ] GC(948)   Other: 0.6ms
[2020-04-15T00:09:23.110-0700][gc,heap       ] GC(948) Eden regions: 47->0(47)
[2020-04-15T00:09:23.110-0700][gc,heap       ] GC(948) Survivor regions: 4->4(7)
[2020-04-15T00:09:23.111-0700][gc,heap       ] GC(948) Old regions: 82->83
[2020-04-15T00:09:23.111-0700][gc,heap       ] GC(948) Humongous regions: 130->130
[2020-04-15T00:09:23.111-0700][gc,metaspace  ] GC(948) Metaspace: 28244K->28244K(1075200K)
[2020-04-15T00:09:23.111-0700][gc            ] GC(948) Pause Young (Normal) (G1 Evacuation Pause) 262M->216M(1024M) 29.549ms
[2020-04-15T00:09:23.111-0700][gc,cpu        ] GC(948) User=0.09s Sys=0.00s Real=0.03s
[2020-04-15T00:09:37.999-0700][gc,start      ] GC(949) Pause Young (Normal) (G1 Evacuation Pause)
[2020-04-15T00:09:37.999-0700][gc,task       ] GC(949) Using 4 workers of 4 for evacuation
[2020-04-15T00:09:38.026-0700][gc,mmu        ] GC(949) MMU target violated: 21.0ms (20.0ms/21.0ms)
[2020-04-15T00:09:38.026-0700][gc,phases     ] GC(949)   Pre Evacuate Collection Set: 0.1ms
[2020-04-15T00:09:38.026-0700][gc,phases     ] GC(949)   Evacuate Collection Set: 25.9ms
[2020-04-15T00:09:38.026-0700][gc,phases     ] GC(949)   Post Evacuate Collection Set: 0.5ms
[2020-04-15T00:09:38.026-0700][gc,phases     ] GC(949)   Other: 0.5ms
[2020-04-15T00:09:38.026-0700][gc,heap       ] GC(949) Eden regions: 47->0(46)
[2020-04-15T00:09:38.026-0700][gc,heap       ] GC(949) Survivor regions: 4->5(7)
[2020-04-15T00:09:38.026-0700][gc,heap       ] GC(949) Old regions: 83->83
[2020-04-15T00:09:38.026-0700][gc,heap       ] GC(949) Humongous regions: 130->130
[2020-04-15T00:09:38.026-0700][gc,metaspace  ] GC(949) Metaspace: 28244K->28244K(1075200K)
[2020-04-15T00:09:38.026-0700][gc            ] GC(949) Pause Young (Normal) (G1 Evacuation Pause) 263M->217M(1024M) 27.085ms
[2020-04-15T00:09:38.026-0700][gc,cpu        ] GC(949) User=0.11s Sys=0.00s Real=0.02s
[2020-04-15T00:09:52.968-0700][gc,start      ] GC(950) Pause Young (Normal) (G1 Evacuation Pause)
[2020-04-15T00:09:52.968-0700][gc,task       ] GC(950) Using 4 workers of 4 for evacuation
[2020-04-15T00:09:52.997-0700][gc,mmu        ] GC(950) MMU target violated: 21.0ms (20.0ms/21.0ms)
[2020-04-15T00:09:52.997-0700][gc,phases     ] GC(950)   Pre Evacuate Collection Set: 0.1ms
[2020-04-15T00:09:52.997-0700][gc,phases     ] GC(950)   Evacuate Collection Set: 28.0ms
[2020-04-15T00:09:52.997-0700][gc,phases     ] GC(950)   Post Evacuate Collection Set: 0.6ms
[2020-04-15T00:09:52.997-0700][gc,phases     ] GC(950)   Other: 0.5ms
[2020-04-15T00:09:52.997-0700][gc,heap       ] GC(950) Eden regions: 46->0(47)
[2020-04-15T00:09:52.997-0700][gc,heap       ] GC(950) Survivor regions: 5->4(7)
[2020-04-15T00:09:52.997-0700][gc,heap       ] GC(950) Old regions: 83->85
[2020-04-15T00:09:52.997-0700][gc,heap       ] GC(950) Humongous regions: 130->130
[2020-04-15T00:09:52.997-0700][gc,metaspace  ] GC(950) Metaspace: 28244K->28244K(1075200K)
[2020-04-15T00:09:52.997-0700][gc            ] GC(950) Pause Young (Normal) (G1 Evacuation Pause) 263M->218M(1024M) 29.228ms
[2020-04-15T00:09:52.997-0700][gc,cpu        ] GC(950) User=0.10s Sys=0.00s Real=0.03s
[2020-04-15T00:10:08.109-0700][gc,start      ] GC(951) Pause Young (Normal) (G1 Evacuation Pause)
[2020-04-15T00:10:08.109-0700][gc,task       ] GC(951) Using 4 workers of 4 for evacuation
[2020-04-15T00:10:08.135-0700][gc,mmu        ] GC(951) MMU target violated: 21.0ms (20.0ms/21.0ms)
[2020-04-15T00:10:08.135-0700][gc,phases     ] GC(951)   Pre Evacuate Collection Set: 0.1ms
[2020-04-15T00:10:08.135-0700][gc,phases     ] GC(951)   Evacuate Collection Set: 24.9ms
[2020-04-15T00:10:08.135-0700][gc,phases     ] GC(951)   Post Evacuate Collection Set: 0.6ms
[2020-04-15T00:10:08.135-0700][gc,phases     ] GC(951)   Other: 0.6ms
[2020-04-15T00:10:08.135-0700][gc,heap       ] GC(951) Eden regions: 47->0(47)
[2020-04-15T00:10:08.135-0700][gc,heap       ] GC(951) Survivor regions: 4->4(7)
[2020-04-15T00:10:08.135-0700][gc,heap       ] GC(951) Old regions: 85->85
[2020-04-15T00:10:08.135-0700][gc,heap       ] GC(951) Humongous regions: 130->130
[2020-04-15T00:10:08.135-0700][gc,metaspace  ] GC(951) Metaspace: 28244K->28244K(1075200K)
[2020-04-15T00:10:08.135-0700][gc            ] GC(951) Pause Young (Normal) (G1 Evacuation Pause) 265M->218M(1024M) 26.327ms
[2020-04-15T00:10:08.135-0700][gc,cpu        ] GC(951) User=0.09s Sys=0.00s Real=0.03s
[2020-04-15T00:10:23.185-0700][gc,start      ] GC(952) Pause Young (Normal) (G1 Evacuation Pause)
[2020-04-15T00:10:23.185-0700][gc,task       ] GC(952) Using 4 workers of 4 for evacuation
[2020-04-15T00:10:23.213-0700][gc,mmu        ] GC(952) MMU target violated: 21.0ms (20.0ms/21.0ms)
[2020-04-15T00:10:23.213-0700][gc,phases     ] GC(952)   Pre Evacuate Collection Set: 0.1ms
[2020-04-15T00:10:23.213-0700][gc,phases     ] GC(952)   Evacuate Collection Set: 26.9ms
[2020-04-15T00:10:23.213-0700][gc,phases     ] GC(952)   Post Evacuate Collection Set: 0.7ms
[2020-04-15T00:10:23.214-0700][gc,phases     ] GC(952)   Other: 0.6ms
[2020-04-15T00:10:23.214-0700][gc,heap       ] GC(952) Eden regions: 47->0(47)
[2020-04-15T00:10:23.214-0700][gc,heap       ] GC(952) Survivor regions: 4->4(7)
[2020-04-15T00:10:23.214-0700][gc,heap       ] GC(952) Old regions: 85->85
[2020-04-15T00:10:23.214-0700][gc,heap       ] GC(952) Humongous regions: 130->130
[2020-04-15T00:10:23.214-0700][gc,metaspace  ] GC(952) Metaspace: 28244K->28244K(1075200K)
[2020-04-15T00:10:23.214-0700][gc            ] GC(952) Pause Young (Normal) (G1 Evacuation Pause) 265M->218M(1024M) 28.452ms
[2020-04-15T00:10:23.214-0700][gc,cpu        ] GC(952) User=0.10s Sys=0.00s Real=0.03s
[2020-04-15T00:10:38.039-0700][gc,start      ] GC(953) Pause Young (Normal) (G1 Evacuation Pause)
[2020-04-15T00:10:38.039-0700][gc,task       ] GC(953) Using 4 workers of 4 for evacuation
[2020-04-15T00:10:38.049-0700][gc,phases     ] GC(953)   Pre Evacuate Collection Set: 0.0ms
[2020-04-15T00:10:38.049-0700][gc,phases     ] GC(953)   Evacuate Collection Set: 9.6ms
[2020-04-15T00:10:38.049-0700][gc,phases     ] GC(953)   Post Evacuate Collection Set: 0.3ms
[2020-04-15T00:10:38.049-0700][gc,phases     ] GC(953)   Other: 0.2ms
[2020-04-15T00:10:38.049-0700][gc,heap       ] GC(953) Eden regions: 47->0(47)
[2020-04-15T00:10:38.049-0700][gc,heap       ] GC(953) Survivor regions: 4->4(7)
[2020-04-15T00:10:38.049-0700][gc,heap       ] GC(953) Old regions: 85->86
[2020-04-15T00:10:38.049-0700][gc,heap       ] GC(953) Humongous regions: 130->130
[2020-04-15T00:10:38.049-0700][gc,metaspace  ] GC(953) Metaspace: 28244K->28244K(1075200K)
[2020-04-15T00:10:38.050-0700][gc            ] GC(953) Pause Young (Normal) (G1 Evacuation Pause) 265M->219M(1024M) 10.339ms
[2020-04-15T00:10:38.050-0700][gc,cpu        ] GC(953) User=0.03s Sys=0.00s Real=0.01s
[2020-04-15T00:10:52.665-0700][gc,start      ] GC(954) Pause Young (Normal) (G1 Evacuation Pause)
[2020-04-15T00:10:52.665-0700][gc,task       ] GC(954) Using 4 workers of 4 for evacuation
[2020-04-15T00:10:52.675-0700][gc,phases     ] GC(954)   Pre Evacuate Collection Set: 0.0ms
[2020-04-15T00:10:52.675-0700][gc,phases     ] GC(954)   Evacuate Collection Set: 9.6ms
[2020-04-15T00:10:52.675-0700][gc,phases     ] GC(954)   Post Evacuate Collection Set: 0.2ms
[2020-04-15T00:10:52.675-0700][gc,phases     ] GC(954)   Other: 0.2ms
[2020-04-15T00:10:52.675-0700][gc,heap       ] GC(954) Eden regions: 47->0(47)
[2020-04-15T00:10:52.675-0700][gc,heap       ] GC(954) Survivor regions: 4->4(7)
[2020-04-15T00:10:52.675-0700][gc,heap       ] GC(954) Old regions: 86->86
[2020-04-15T00:10:52.675-0700][gc,heap       ] GC(954) Humongous regions: 130->130
[2020-04-15T00:10:52.675-0700][gc,metaspace  ] GC(954) Metaspace: 28244K->28244K(1075200K)
[2020-04-15T00:10:52.675-0700][gc            ] GC(954) Pause Young (Normal) (G1 Evacuation Pause) 266M->219M(1024M) 10.204ms
[2020-04-15T00:10:52.675-0700][gc,cpu        ] GC(954) User=0.03s Sys=0.00s Real=0.01s
[2020-04-15T00:11:07.443-0700][gc,start      ] GC(955) Pause Young (Normal) (G1 Evacuation Pause)
[2020-04-15T00:11:07.443-0700][gc,task       ] GC(955) Using 4 workers of 4 for evacuation
[2020-04-15T00:11:07.453-0700][gc,phases     ] GC(955)   Pre Evacuate Collection Set: 0.0ms
[2020-04-15T00:11:07.453-0700][gc,phases     ] GC(955)   Evacuate Collection Set: 9.5ms
[2020-04-15T00:11:07.453-0700][gc,phases     ] GC(955)   Post Evacuate Collection Set: 0.2ms
[2020-04-15T00:11:07.453-0700][gc,phases     ] GC(955)   Other: 0.2ms
[2020-04-15T00:11:07.453-0700][gc,heap       ] GC(955) Eden regions: 47->0(48)
[2020-04-15T00:11:07.453-0700][gc,heap       ] GC(955) Survivor regions: 4->4(7)
[2020-04-15T00:11:07.453-0700][gc,heap       ] GC(955) Old regions: 86->87
[2020-04-15T00:11:07.453-0700][gc,heap       ] GC(955) Humongous regions: 130->130
[2020-04-15T00:11:07.453-0700][gc,metaspace  ] GC(955) Metaspace: 28244K->28244K(1075200K)
[2020-04-15T00:11:07.453-0700][gc            ] GC(955) Pause Young (Normal) (G1 Evacuation Pause) 266M->219M(1024M) 9.925ms
[2020-04-15T00:11:07.453-0700][gc,cpu        ] GC(955) User=0.03s Sys=0.00s Real=0.01s
[2020-04-15T00:11:22.539-0700][gc,start      ] GC(956) Pause Young (Normal) (G1 Evacuation Pause)
[2020-04-15T00:11:22.539-0700][gc,task       ] GC(956) Using 4 workers of 4 for evacuation
[2020-04-15T00:11:22.549-0700][gc,phases     ] GC(956)   Pre Evacuate Collection Set: 0.0ms
[2020-04-15T00:11:22.549-0700][gc,phases     ] GC(956)   Evacuate Collection Set: 9.5ms
[2020-04-15T00:11:22.549-0700][gc,phases     ] GC(956)   Post Evacuate Collection Set: 0.2ms
[2020-04-15T00:11:22.549-0700][gc,phases     ] GC(956)   Other: 0.2ms
[2020-04-15T00:11:22.549-0700][gc,heap       ] GC(956) Eden regions: 48->0(51)
[2020-04-15T00:11:22.549-0700][gc,heap       ] GC(956) Survivor regions: 4->5(7)
[2020-04-15T00:11:22.549-0700][gc,heap       ] GC(956) Old regions: 87->87
[2020-04-15T00:11:22.549-0700][gc,heap       ] GC(956) Humongous regions: 130->130
[2020-04-15T00:11:22.549-0700][gc,metaspace  ] GC(956) Metaspace: 28245K->28245K(1075200K)
[2020-04-15T00:11:22.549-0700][gc            ] GC(956) Pause Young (Normal) (G1 Evacuation Pause) 267M->220M(1024M) 10.084ms
[2020-04-15T00:11:22.549-0700][gc,cpu        ] GC(956) User=0.03s Sys=0.00s Real=0.01s
[2020-04-15T00:11:38.583-0700][gc,start      ] GC(957) Pause Young (Normal) (G1 Evacuation Pause)
[2020-04-15T00:11:38.583-0700][gc,task       ] GC(957) Using 4 workers of 4 for evacuation
[2020-04-15T00:11:38.611-0700][gc,mmu        ] GC(957) MMU target violated: 21.0ms (20.0ms/21.0ms)
[2020-04-15T00:11:38.612-0700][gc,phases     ] GC(957)   Pre Evacuate Collection Set: 0.1ms
[2020-04-15T00:11:38.612-0700][gc,phases     ] GC(957)   Evacuate Collection Set: 27.8ms
[2020-04-15T00:11:38.612-0700][gc,phases     ] GC(957)   Post Evacuate Collection Set: 0.7ms
[2020-04-15T00:11:38.612-0700][gc,phases     ] GC(957)   Other: 0.6ms
[2020-04-15T00:11:38.612-0700][gc,heap       ] GC(957) Eden regions: 51->0(47)
[2020-04-15T00:11:38.612-0700][gc,heap       ] GC(957) Survivor regions: 5->5(7)
[2020-04-15T00:11:38.612-0700][gc,heap       ] GC(957) Old regions: 87->87
[2020-04-15T00:11:38.612-0700][gc,heap       ] GC(957) Humongous regions: 130->130
[2020-04-15T00:11:38.612-0700][gc,metaspace  ] GC(957) Metaspace: 28245K->28245K(1075200K)
[2020-04-15T00:11:38.612-0700][gc            ] GC(957) Pause Young (Normal) (G1 Evacuation Pause) 271M->221M(1024M) 29.254ms
[2020-04-15T00:11:38.612-0700][gc,cpu        ] GC(957) User=0.11s Sys=0.00s Real=0.03s
[2020-04-15T00:11:53.630-0700][gc,start      ] GC(958) Pause Young (Normal) (G1 Evacuation Pause)
[2020-04-15T00:11:53.630-0700][gc,task       ] GC(958) Using 4 workers of 4 for evacuation
[2020-04-15T00:11:53.656-0700][gc,mmu        ] GC(958) MMU target violated: 21.0ms (20.0ms/21.0ms)
[2020-04-15T00:11:53.657-0700][gc,phases     ] GC(958)   Pre Evacuate Collection Set: 0.1ms
[2020-04-15T00:11:53.657-0700][gc,phases     ] GC(958)   Evacuate Collection Set: 25.2ms
[2020-04-15T00:11:53.657-0700][gc,phases     ] GC(958)   Post Evacuate Collection Set: 0.6ms
[2020-04-15T00:11:53.657-0700][gc,phases     ] GC(958)   Other: 0.7ms
[2020-04-15T00:11:53.657-0700][gc,heap       ] GC(958) Eden regions: 46->0(47)
[2020-04-15T00:11:53.657-0700][gc,heap       ] GC(958) Survivor regions: 5->4(7)
[2020-04-15T00:11:53.657-0700][gc,heap       ] GC(958) Old regions: 87->88
[2020-04-15T00:11:53.657-0700][gc,heap       ] GC(958) Humongous regions: 130->130
[2020-04-15T00:11:53.657-0700][gc,metaspace  ] GC(958) Metaspace: 28245K->28245K(1075200K)
[2020-04-15T00:11:53.657-0700][gc            ] GC(958) Pause Young (Normal) (G1 Evacuation Pause) 267M->221M(1024M) 26.752ms
[2020-04-15T00:11:53.657-0700][gc,cpu        ] GC(958) User=0.10s Sys=0.00s Real=0.02s
[2020-04-15T00:12:08.641-0700][gc,start      ] GC(959) Pause Young (Normal) (G1 Evacuation Pause)
[2020-04-15T00:12:08.641-0700][gc,task       ] GC(959) Using 4 workers of 4 for evacuation
[2020-04-15T00:12:08.669-0700][gc,mmu        ] GC(959) MMU target violated: 21.0ms (20.0ms/21.0ms)
[2020-04-15T00:12:08.669-0700][gc,phases     ] GC(959)   Pre Evacuate Collection Set: 0.1ms
[2020-04-15T00:12:08.669-0700][gc,phases     ] GC(959)   Evacuate Collection Set: 26.6ms
[2020-04-15T00:12:08.669-0700][gc,phases     ] GC(959)   Post Evacuate Collection Set: 0.5ms
[2020-04-15T00:12:08.669-0700][gc,phases     ] GC(959)   Other: 0.6ms
[2020-04-15T00:12:08.669-0700][gc,heap       ] GC(959) Eden regions: 47->0(47)
[2020-04-15T00:12:08.669-0700][gc,heap       ] GC(959) Survivor regions: 4->4(7)
[2020-04-15T00:12:08.669-0700][gc,heap       ] GC(959) Old regions: 88->88
[2020-04-15T00:12:08.669-0700][gc,heap       ] GC(959) Humongous regions: 130->130
[2020-04-15T00:12:08.669-0700][gc,metaspace  ] GC(959) Metaspace: 28245K->28245K(1075200K)
[2020-04-15T00:12:08.669-0700][gc            ] GC(959) Pause Young (Normal) (G1 Evacuation Pause) 268M->221M(1024M) 27.858ms
[2020-04-15T00:12:08.669-0700][gc,cpu        ] GC(959) User=0.10s Sys=0.01s Real=0.02s
[2020-04-15T00:12:23.653-0700][gc,start      ] GC(960) Pause Young (Normal) (G1 Evacuation Pause)
[2020-04-15T00:12:23.653-0700][gc,task       ] GC(960) Using 4 workers of 4 for evacuation
[2020-04-15T00:12:23.680-0700][gc,mmu        ] GC(960) MMU target violated: 21.0ms (20.0ms/21.0ms)
[2020-04-15T00:12:23.680-0700][gc,phases     ] GC(960)   Pre Evacuate Collection Set: 0.1ms
[2020-04-15T00:12:23.680-0700][gc,phases     ] GC(960)   Evacuate Collection Set: 25.8ms
[2020-04-15T00:12:23.680-0700][gc,phases     ] GC(960)   Post Evacuate Collection Set: 0.6ms
[2020-04-15T00:12:23.680-0700][gc,phases     ] GC(960)   Other: 0.6ms
[2020-04-15T00:12:23.680-0700][gc,heap       ] GC(960) Eden regions: 47->0(47)
[2020-04-15T00:12:23.680-0700][gc,heap       ] GC(960) Survivor regions: 4->4(7)
[2020-04-15T00:12:23.680-0700][gc,heap       ] GC(960) Old regions: 88->89
[2020-04-15T00:12:23.680-0700][gc,heap       ] GC(960) Humongous regions: 130->130
[2020-04-15T00:12:23.680-0700][gc,metaspace  ] GC(960) Metaspace: 28245K->28245K(1075200K)
[2020-04-15T00:12:23.680-0700][gc            ] GC(960) Pause Young (Normal) (G1 Evacuation Pause) 268M->221M(1024M) 27.088ms
[2020-04-15T00:12:23.680-0700][gc,cpu        ] GC(960) User=0.11s Sys=0.00s Real=0.03s
[2020-04-15T00:12:38.640-0700][gc,start      ] GC(961) Pause Young (Normal) (G1 Evacuation Pause)
[2020-04-15T00:12:38.640-0700][gc,task       ] GC(961) Using 4 workers of 4 for evacuation
[2020-04-15T00:12:38.667-0700][gc,mmu        ] GC(961) MMU target violated: 21.0ms (20.0ms/21.0ms)
[2020-04-15T00:12:38.667-0700][gc,phases     ] GC(961)   Pre Evacuate Collection Set: 0.1ms
[2020-04-15T00:12:38.667-0700][gc,phases     ] GC(961)   Evacuate Collection Set: 26.7ms
[2020-04-15T00:12:38.667-0700][gc,phases     ] GC(961)   Post Evacuate Collection Set: 0.5ms
[2020-04-15T00:12:38.667-0700][gc,phases     ] GC(961)   Other: 0.5ms
[2020-04-15T00:12:38.667-0700][gc,heap       ] GC(961) Eden regions: 47->0(47)
[2020-04-15T00:12:38.668-0700][gc,heap       ] GC(961) Survivor regions: 4->4(7)
[2020-04-15T00:12:38.668-0700][gc,heap       ] GC(961) Old regions: 89->89
[2020-04-15T00:12:38.668-0700][gc,heap       ] GC(961) Humongous regions: 130->130
[2020-04-15T00:12:38.668-0700][gc,metaspace  ] GC(961) Metaspace: 28245K->28245K(1075200K)
[2020-04-15T00:12:38.668-0700][gc            ] GC(961) Pause Young (Normal) (G1 Evacuation Pause) 268M->222M(1024M) 27.955ms
[2020-04-15T00:12:38.668-0700][gc,cpu        ] GC(961) User=0.11s Sys=0.00s Real=0.02s
[2020-04-15T00:12:53.571-0700][gc,start      ] GC(962) Pause Young (Normal) (G1 Evacuation Pause)
[2020-04-15T00:12:53.571-0700][gc,task       ] GC(962) Using 4 workers of 4 for evacuation
[2020-04-15T00:12:53.594-0700][gc,mmu        ] GC(962) MMU target violated: 21.0ms (20.0ms/21.0ms)
[2020-04-15T00:12:53.594-0700][gc,phases     ] GC(962)   Pre Evacuate Collection Set: 0.0ms
[2020-04-15T00:12:53.594-0700][gc,phases     ] GC(962)   Evacuate Collection Set: 22.2ms
[2020-04-15T00:12:53.594-0700][gc,phases     ] GC(962)   Post Evacuate Collection Set: 0.6ms
[2020-04-15T00:12:53.594-0700][gc,phases     ] GC(962)   Other: 0.5ms
[2020-04-15T00:12:53.594-0700][gc,heap       ] GC(962) Eden regions: 47->0(46)
[2020-04-15T00:12:53.594-0700][gc,heap       ] GC(962) Survivor regions: 4->5(7)
[2020-04-15T00:12:53.594-0700][gc,heap       ] GC(962) Old regions: 89->89
[2020-04-15T00:12:53.594-0700][gc,heap       ] GC(962) Humongous regions: 130->130
[2020-04-15T00:12:53.594-0700][gc,metaspace  ] GC(962) Metaspace: 28245K->28245K(1075200K)
[2020-04-15T00:12:53.594-0700][gc            ] GC(962) Pause Young (Normal) (G1 Evacuation Pause) 269M->222M(1024M) 23.414ms
[2020-04-15T00:12:53.594-0700][gc,cpu        ] GC(962) User=0.09s Sys=0.00s Real=0.02s
[2020-04-15T00:13:08.202-0700][gc,start      ] GC(963) Pause Young (Normal) (G1 Evacuation Pause)
[2020-04-15T00:13:08.202-0700][gc,task       ] GC(963) Using 4 workers of 4 for evacuation
[2020-04-15T00:13:08.231-0700][gc,mmu        ] GC(963) MMU target violated: 21.0ms (20.0ms/21.0ms)
[2020-04-15T00:13:08.231-0700][gc,phases     ] GC(963)   Pre Evacuate Collection Set: 0.1ms
[2020-04-15T00:13:08.231-0700][gc,phases     ] GC(963)   Evacuate Collection Set: 28.0ms
[2020-04-15T00:13:08.231-0700][gc,phases     ] GC(963)   Post Evacuate Collection Set: 0.5ms
[2020-04-15T00:13:08.232-0700][gc,phases     ] GC(963)   Other: 0.7ms
[2020-04-15T00:13:08.232-0700][gc,heap       ] GC(963) Eden regions: 46->0(47)
[2020-04-15T00:13:08.232-0700][gc,heap       ] GC(963) Survivor regions: 5->4(7)
[2020-04-15T00:13:08.232-0700][gc,heap       ] GC(963) Old regions: 89->90
[2020-04-15T00:13:08.232-0700][gc,heap       ] GC(963) Humongous regions: 130->130
[2020-04-15T00:13:08.232-0700][gc,metaspace  ] GC(963) Metaspace: 28245K->28245K(1075200K)
[2020-04-15T00:13:08.232-0700][gc            ] GC(963) Pause Young (Normal) (G1 Evacuation Pause) 268M->223M(1024M) 29.439ms
[2020-04-15T00:13:08.232-0700][gc,cpu        ] GC(963) User=0.11s Sys=0.00s Real=0.03s
[2020-04-15T00:13:23.254-0700][gc,start      ] GC(964) Pause Young (Normal) (G1 Evacuation Pause)
[2020-04-15T00:13:23.254-0700][gc,task       ] GC(964) Using 4 workers of 4 for evacuation
[2020-04-15T00:13:23.285-0700][gc,mmu        ] GC(964) MMU target violated: 21.0ms (20.0ms/21.0ms)
[2020-04-15T00:13:23.285-0700][gc,phases     ] GC(964)   Pre Evacuate Collection Set: 0.1ms
[2020-04-15T00:13:23.285-0700][gc,phases     ] GC(964)   Evacuate Collection Set: 29.7ms
[2020-04-15T00:13:23.285-0700][gc,phases     ] GC(964)   Post Evacuate Collection Set: 0.8ms
[2020-04-15T00:13:23.285-0700][gc,phases     ] GC(964)   Other: 0.7ms
[2020-04-15T00:13:23.285-0700][gc,heap       ] GC(964) Eden regions: 47->0(47)
[2020-04-15T00:13:23.285-0700][gc,heap       ] GC(964) Survivor regions: 4->4(7)
[2020-04-15T00:13:23.285-0700][gc,heap       ] GC(964) Old regions: 90->90
[2020-04-15T00:13:23.285-0700][gc,heap       ] GC(964) Humongous regions: 130->130
[2020-04-15T00:13:23.285-0700][gc,metaspace  ] GC(964) Metaspace: 28245K->28245K(1075200K)
[2020-04-15T00:13:23.285-0700][gc            ] GC(964) Pause Young (Normal) (G1 Evacuation Pause) 270M->223M(1024M) 31.361ms
[2020-04-15T00:13:23.285-0700][gc,cpu        ] GC(964) User=0.10s Sys=0.00s Real=0.03s
[2020-04-15T00:13:38.569-0700][gc,start      ] GC(965) Pause Young (Normal) (G1 Evacuation Pause)
[2020-04-15T00:13:38.569-0700][gc,task       ] GC(965) Using 4 workers of 4 for evacuation
[2020-04-15T00:13:38.596-0700][gc,mmu        ] GC(965) MMU target violated: 21.0ms (20.0ms/21.0ms)
[2020-04-15T00:13:38.596-0700][gc,phases     ] GC(965)   Pre Evacuate Collection Set: 0.1ms
[2020-04-15T00:13:38.596-0700][gc,phases     ] GC(965)   Evacuate Collection Set: 25.4ms
[2020-04-15T00:13:38.596-0700][gc,phases     ] GC(965)   Post Evacuate Collection Set: 0.6ms
[2020-04-15T00:13:38.596-0700][gc,phases     ] GC(965)   Other: 0.6ms
[2020-04-15T00:13:38.596-0700][gc,heap       ] GC(965) Eden regions: 47->0(47)
[2020-04-15T00:13:38.596-0700][gc,heap       ] GC(965) Survivor regions: 4->4(7)
[2020-04-15T00:13:38.596-0700][gc,heap       ] GC(965) Old regions: 90->90
[2020-04-15T00:13:38.596-0700][gc,heap       ] GC(965) Humongous regions: 130->130
[2020-04-15T00:13:38.596-0700][gc,metaspace  ] GC(965) Metaspace: 28245K->28245K(1075200K)
[2020-04-15T00:13:38.596-0700][gc            ] GC(965) Pause Young (Normal) (G1 Evacuation Pause) 270M->223M(1024M) 26.748ms
[2020-04-15T00:13:38.596-0700][gc,cpu        ] GC(965) User=0.10s Sys=0.01s Real=0.03s
[2020-04-15T00:13:53.531-0700][gc,start      ] GC(966) Pause Young (Normal) (G1 Evacuation Pause)
[2020-04-15T00:13:53.531-0700][gc,task       ] GC(966) Using 4 workers of 4 for evacuation
[2020-04-15T00:13:53.560-0700][gc,mmu        ] GC(966) MMU target violated: 21.0ms (20.0ms/21.0ms)
[2020-04-15T00:13:53.560-0700][gc,phases     ] GC(966)   Pre Evacuate Collection Set: 0.1ms
[2020-04-15T00:13:53.560-0700][gc,phases     ] GC(966)   Evacuate Collection Set: 27.1ms
[2020-04-15T00:13:53.560-0700][gc,phases     ] GC(966)   Post Evacuate Collection Set: 0.7ms
[2020-04-15T00:13:53.560-0700][gc,phases     ] GC(966)   Other: 0.6ms
[2020-04-15T00:13:53.560-0700][gc,heap       ] GC(966) Eden regions: 47->0(47)
[2020-04-15T00:13:53.560-0700][gc,heap       ] GC(966) Survivor regions: 4->4(7)
[2020-04-15T00:13:53.560-0700][gc,heap       ] GC(966) Old regions: 90->90
[2020-04-15T00:13:53.560-0700][gc,heap       ] GC(966) Humongous regions: 130->130
[2020-04-15T00:13:53.560-0700][gc,metaspace  ] GC(966) Metaspace: 28245K->28245K(1075200K)
[2020-04-15T00:13:53.560-0700][gc            ] GC(966) Pause Young (Normal) (G1 Evacuation Pause) 270M->223M(1024M) 28.620ms
[2020-04-15T00:13:53.560-0700][gc,cpu        ] GC(966) User=0.11s Sys=0.00s Real=0.03s
[2020-04-15T00:14:08.878-0700][gc,start      ] GC(967) Pause Young (Normal) (G1 Evacuation Pause)
[2020-04-15T00:14:08.878-0700][gc,task       ] GC(967) Using 4 workers of 4 for evacuation
[2020-04-15T00:14:08.910-0700][gc,mmu        ] GC(967) MMU target violated: 21.0ms (20.0ms/21.0ms)
[2020-04-15T00:14:08.910-0700][gc,phases     ] GC(967)   Pre Evacuate Collection Set: 0.1ms
[2020-04-15T00:14:08.910-0700][gc,phases     ] GC(967)   Evacuate Collection Set: 30.8ms
[2020-04-15T00:14:08.910-0700][gc,phases     ] GC(967)   Post Evacuate Collection Set: 0.6ms
[2020-04-15T00:14:08.910-0700][gc,phases     ] GC(967)   Other: 0.6ms
[2020-04-15T00:14:08.910-0700][gc,heap       ] GC(967) Eden regions: 47->0(47)
[2020-04-15T00:14:08.910-0700][gc,heap       ] GC(967) Survivor regions: 4->4(7)
[2020-04-15T00:14:08.910-0700][gc,heap       ] GC(967) Old regions: 90->91
[2020-04-15T00:14:08.910-0700][gc,heap       ] GC(967) Humongous regions: 130->130
[2020-04-15T00:14:08.910-0700][gc,metaspace  ] GC(967) Metaspace: 28245K->28245K(1075200K)
[2020-04-15T00:14:08.911-0700][gc            ] GC(967) Pause Young (Normal) (G1 Evacuation Pause) 270M->224M(1024M) 32.167ms
[2020-04-15T00:14:08.911-0700][gc,cpu        ] GC(967) User=0.12s Sys=0.00s Real=0.03s
[2020-04-15T00:14:24.006-0700][gc,start      ] GC(968) Pause Young (Normal) (G1 Evacuation Pause)
[2020-04-15T00:14:24.006-0700][gc,task       ] GC(968) Using 4 workers of 4 for evacuation
[2020-04-15T00:14:24.033-0700][gc,mmu        ] GC(968) MMU target violated: 21.0ms (20.0ms/21.0ms)
[2020-04-15T00:14:24.033-0700][gc,phases     ] GC(968)   Pre Evacuate Collection Set: 0.1ms
[2020-04-15T00:14:24.033-0700][gc,phases     ] GC(968)   Evacuate Collection Set: 26.4ms
[2020-04-15T00:14:24.033-0700][gc,phases     ] GC(968)   Post Evacuate Collection Set: 0.5ms
[2020-04-15T00:14:24.033-0700][gc,phases     ] GC(968)   Other: 0.5ms
[2020-04-15T00:14:24.033-0700][gc,heap       ] GC(968) Eden regions: 47->0(47)
[2020-04-15T00:14:24.033-0700][gc,heap       ] GC(968) Survivor regions: 4->4(7)
[2020-04-15T00:14:24.033-0700][gc,heap       ] GC(968) Old regions: 91->91
[2020-04-15T00:14:24.033-0700][gc,heap       ] GC(968) Humongous regions: 130->130
[2020-04-15T00:14:24.033-0700][gc,metaspace  ] GC(968) Metaspace: 28245K->28245K(1075200K)
[2020-04-15T00:14:24.033-0700][gc            ] GC(968) Pause Young (Normal) (G1 Evacuation Pause) 271M->224M(1024M) 27.620ms
[2020-04-15T00:14:24.034-0700][gc,cpu        ] GC(968) User=0.11s Sys=0.00s Real=0.03s
[2020-04-15T00:14:38.992-0700][gc,start      ] GC(969) Pause Young (Normal) (G1 Evacuation Pause)
[2020-04-15T00:14:38.993-0700][gc,task       ] GC(969) Using 4 workers of 4 for evacuation
[2020-04-15T00:14:39.020-0700][gc,mmu        ] GC(969) MMU target violated: 21.0ms (20.0ms/21.0ms)
[2020-04-15T00:14:39.020-0700][gc,phases     ] GC(969)   Pre Evacuate Collection Set: 0.1ms
[2020-04-15T00:14:39.020-0700][gc,phases     ] GC(969)   Evacuate Collection Set: 26.8ms
[2020-04-15T00:14:39.020-0700][gc,phases     ] GC(969)   Post Evacuate Collection Set: 0.6ms
[2020-04-15T00:14:39.020-0700][gc,phases     ] GC(969)   Other: 0.5ms
[2020-04-15T00:14:39.020-0700][gc,heap       ] GC(969) Eden regions: 47->0(47)
[2020-04-15T00:14:39.020-0700][gc,heap       ] GC(969) Survivor regions: 4->4(7)
[2020-04-15T00:14:39.020-0700][gc,heap       ] GC(969) Old regions: 91->92
[2020-04-15T00:14:39.020-0700][gc,heap       ] GC(969) Humongous regions: 130->130
[2020-04-15T00:14:39.020-0700][gc,metaspace  ] GC(969) Metaspace: 28245K->28245K(1075200K)
[2020-04-15T00:14:39.021-0700][gc            ] GC(969) Pause Young (Normal) (G1 Evacuation Pause) 271M->224M(1024M) 28.063ms
[2020-04-15T00:14:39.021-0700][gc,cpu        ] GC(969) User=0.11s Sys=0.00s Real=0.03s
[2020-04-15T00:14:55.506-0700][gc,start      ] GC(970) Pause Young (Normal) (G1 Evacuation Pause)
[2020-04-15T00:14:55.506-0700][gc,task       ] GC(970) Using 4 workers of 4 for evacuation
[2020-04-15T00:14:55.537-0700][gc,mmu        ] GC(970) MMU target violated: 21.0ms (20.0ms/21.0ms)
[2020-04-15T00:14:55.537-0700][gc,phases     ] GC(970)   Pre Evacuate Collection Set: 0.1ms
[2020-04-15T00:14:55.537-0700][gc,phases     ] GC(970)   Evacuate Collection Set: 29.5ms
[2020-04-15T00:14:55.537-0700][gc,phases     ] GC(970)   Post Evacuate Collection Set: 0.5ms
[2020-04-15T00:14:55.537-0700][gc,phases     ] GC(970)   Other: 0.7ms
[2020-04-15T00:14:55.537-0700][gc,heap       ] GC(970) Eden regions: 47->0(46)
[2020-04-15T00:14:55.537-0700][gc,heap       ] GC(970) Survivor regions: 4->5(7)
[2020-04-15T00:14:55.537-0700][gc,heap       ] GC(970) Old regions: 92->92
[2020-04-15T00:14:55.537-0700][gc,heap       ] GC(970) Humongous regions: 130->130
[2020-04-15T00:14:55.537-0700][gc,metaspace  ] GC(970) Metaspace: 28245K->28245K(1075200K)
[2020-04-15T00:14:55.537-0700][gc            ] GC(970) Pause Young (Normal) (G1 Evacuation Pause) 271M->226M(1024M) 30.907ms
[2020-04-15T00:14:55.537-0700][gc,cpu        ] GC(970) User=0.11s Sys=0.00s Real=0.03s
[2020-04-15T00:15:11.030-0700][gc,start      ] GC(971) Pause Young (Normal) (G1 Evacuation Pause)
[2020-04-15T00:15:11.031-0700][gc,task       ] GC(971) Using 4 workers of 4 for evacuation
[2020-04-15T00:15:11.062-0700][gc,mmu        ] GC(971) MMU target violated: 21.0ms (20.0ms/21.0ms)
[2020-04-15T00:15:11.062-0700][gc,phases     ] GC(971)   Pre Evacuate Collection Set: 0.1ms
[2020-04-15T00:15:11.062-0700][gc,phases     ] GC(971)   Evacuate Collection Set: 30.6ms
[2020-04-15T00:15:11.062-0700][gc,phases     ] GC(971)   Post Evacuate Collection Set: 0.6ms
[2020-04-15T00:15:11.062-0700][gc,phases     ] GC(971)   Other: 0.5ms
[2020-04-15T00:15:11.062-0700][gc,heap       ] GC(971) Eden regions: 46->0(47)
[2020-04-15T00:15:11.062-0700][gc,heap       ] GC(971) Survivor regions: 5->4(7)
[2020-04-15T00:15:11.062-0700][gc,heap       ] GC(971) Old regions: 92->94
[2020-04-15T00:15:11.062-0700][gc,heap       ] GC(971) Humongous regions: 130->130
[2020-04-15T00:15:11.062-0700][gc,metaspace  ] GC(971) Metaspace: 28245K->28245K(1075200K)
[2020-04-15T00:15:11.062-0700][gc            ] GC(971) Pause Young (Normal) (G1 Evacuation Pause) 272M->227M(1024M) 31.908ms
[2020-04-15T00:15:11.062-0700][gc,cpu        ] GC(971) User=0.12s Sys=0.00s Real=0.03s
[2020-04-15T00:15:27.099-0700][gc,start      ] GC(972) Pause Young (Normal) (G1 Evacuation Pause)
[2020-04-15T00:15:27.099-0700][gc,task       ] GC(972) Using 4 workers of 4 for evacuation
[2020-04-15T00:15:27.128-0700][gc,mmu        ] GC(972) MMU target violated: 21.0ms (20.0ms/21.0ms)
[2020-04-15T00:15:27.128-0700][gc,phases     ] GC(972)   Pre Evacuate Collection Set: 0.1ms
[2020-04-15T00:15:27.128-0700][gc,phases     ] GC(972)   Evacuate Collection Set: 27.1ms
[2020-04-15T00:15:27.128-0700][gc,phases     ] GC(972)   Post Evacuate Collection Set: 0.8ms
[2020-04-15T00:15:27.128-0700][gc,phases     ] GC(972)   Other: 0.6ms
[2020-04-15T00:15:27.128-0700][gc,heap       ] GC(972) Eden regions: 47->0(47)
[2020-04-15T00:15:27.128-0700][gc,heap       ] GC(972) Survivor regions: 4->4(7)
[2020-04-15T00:15:27.128-0700][gc,heap       ] GC(972) Old regions: 94->94
[2020-04-15T00:15:27.128-0700][gc,heap       ] GC(972) Humongous regions: 130->130
[2020-04-15T00:15:27.128-0700][gc,metaspace  ] GC(972) Metaspace: 28245K->28245K(1075200K)
[2020-04-15T00:15:27.128-0700][gc            ] GC(972) Pause Young (Normal) (G1 Evacuation Pause) 274M->227M(1024M) 28.706ms
[2020-04-15T00:15:27.128-0700][gc,cpu        ] GC(972) User=0.11s Sys=0.00s Real=0.02s
[2020-04-15T00:15:41.987-0700][gc,start      ] GC(973) Pause Young (Normal) (G1 Evacuation Pause)
[2020-04-15T00:15:41.987-0700][gc,task       ] GC(973) Using 4 workers of 4 for evacuation
[2020-04-15T00:15:42.015-0700][gc,mmu        ] GC(973) MMU target violated: 21.0ms (20.0ms/21.0ms)
[2020-04-15T00:15:42.015-0700][gc,phases     ] GC(973)   Pre Evacuate Collection Set: 0.0ms
[2020-04-15T00:15:42.015-0700][gc,phases     ] GC(973)   Evacuate Collection Set: 27.1ms
[2020-04-15T00:15:42.015-0700][gc,phases     ] GC(973)   Post Evacuate Collection Set: 0.7ms
[2020-04-15T00:15:42.015-0700][gc,phases     ] GC(973)   Other: 0.6ms
[2020-04-15T00:15:42.015-0700][gc,heap       ] GC(973) Eden regions: 47->0(47)
[2020-04-15T00:15:42.015-0700][gc,heap       ] GC(973) Survivor regions: 4->4(7)
[2020-04-15T00:15:42.015-0700][gc,heap       ] GC(973) Old regions: 94->94
[2020-04-15T00:15:42.015-0700][gc,heap       ] GC(973) Humongous regions: 130->130
[2020-04-15T00:15:42.015-0700][gc,metaspace  ] GC(973) Metaspace: 28245K->28245K(1075200K)
[2020-04-15T00:15:42.015-0700][gc            ] GC(973) Pause Young (Normal) (G1 Evacuation Pause) 274M->227M(1024M) 28.555ms
[2020-04-15T00:15:42.015-0700][gc,cpu        ] GC(973) User=0.11s Sys=0.00s Real=0.03s
[2020-04-15T00:15:58.186-0700][gc,start      ] GC(974) Pause Young (Normal) (G1 Evacuation Pause)
[2020-04-15T00:15:58.186-0700][gc,task       ] GC(974) Using 4 workers of 4 for evacuation
[2020-04-15T00:15:58.216-0700][gc,mmu        ] GC(974) MMU target violated: 21.0ms (20.0ms/21.0ms)
[2020-04-15T00:15:58.216-0700][gc,phases     ] GC(974)   Pre Evacuate Collection Set: 0.0ms
[2020-04-15T00:15:58.216-0700][gc,phases     ] GC(974)   Evacuate Collection Set: 28.7ms
[2020-04-15T00:15:58.216-0700][gc,phases     ] GC(974)   Post Evacuate Collection Set: 0.6ms
[2020-04-15T00:15:58.216-0700][gc,phases     ] GC(974)   Other: 0.5ms
[2020-04-15T00:15:58.216-0700][gc,heap       ] GC(974) Eden regions: 47->0(47)
[2020-04-15T00:15:58.216-0700][gc,heap       ] GC(974) Survivor regions: 4->4(7)
[2020-04-15T00:15:58.216-0700][gc,heap       ] GC(974) Old regions: 94->95
[2020-04-15T00:15:58.216-0700][gc,heap       ] GC(974) Humongous regions: 130->130
[2020-04-15T00:15:58.216-0700][gc,metaspace  ] GC(974) Metaspace: 28245K->28245K(1075200K)
[2020-04-15T00:15:58.216-0700][gc            ] GC(974) Pause Young (Normal) (G1 Evacuation Pause) 274M->227M(1024M) 29.994ms
[2020-04-15T00:15:58.216-0700][gc,cpu        ] GC(974) User=0.11s Sys=0.00s Real=0.03s
[2020-04-15T00:16:13.185-0700][gc,start      ] GC(975) Pause Young (Normal) (G1 Evacuation Pause)
[2020-04-15T00:16:13.185-0700][gc,task       ] GC(975) Using 4 workers of 4 for evacuation
[2020-04-15T00:16:13.212-0700][gc,mmu        ] GC(975) MMU target violated: 21.0ms (20.0ms/21.0ms)
[2020-04-15T00:16:13.212-0700][gc,phases     ] GC(975)   Pre Evacuate Collection Set: 0.0ms
[2020-04-15T00:16:13.212-0700][gc,phases     ] GC(975)   Evacuate Collection Set: 25.5ms
[2020-04-15T00:16:13.212-0700][gc,phases     ] GC(975)   Post Evacuate Collection Set: 0.7ms
[2020-04-15T00:16:13.212-0700][gc,phases     ] GC(975)   Other: 0.6ms
[2020-04-15T00:16:13.212-0700][gc,heap       ] GC(975) Eden regions: 47->0(47)
[2020-04-15T00:16:13.212-0700][gc,heap       ] GC(975) Survivor regions: 4->4(7)
[2020-04-15T00:16:13.212-0700][gc,heap       ] GC(975) Old regions: 95->95
[2020-04-15T00:16:13.212-0700][gc,heap       ] GC(975) Humongous regions: 130->130
[2020-04-15T00:16:13.212-0700][gc,metaspace  ] GC(975) Metaspace: 28245K->28245K(1075200K)
[2020-04-15T00:16:13.212-0700][gc            ] GC(975) Pause Young (Normal) (G1 Evacuation Pause) 274M->228M(1024M) 26.956ms
[2020-04-15T00:16:13.212-0700][gc,cpu        ] GC(975) User=0.10s Sys=0.00s Real=0.03s
[2020-04-15T00:16:28.148-0700][gc,start      ] GC(976) Pause Young (Normal) (G1 Evacuation Pause)
[2020-04-15T00:16:28.148-0700][gc,task       ] GC(976) Using 4 workers of 4 for evacuation
[2020-04-15T00:16:28.177-0700][gc,mmu        ] GC(976) MMU target violated: 21.0ms (20.0ms/21.0ms)
[2020-04-15T00:16:28.177-0700][gc,phases     ] GC(976)   Pre Evacuate Collection Set: 0.1ms
[2020-04-15T00:16:28.177-0700][gc,phases     ] GC(976)   Evacuate Collection Set: 27.4ms
[2020-04-15T00:16:28.177-0700][gc,phases     ] GC(976)   Post Evacuate Collection Set: 0.7ms
[2020-04-15T00:16:28.177-0700][gc,phases     ] GC(976)   Other: 0.7ms
[2020-04-15T00:16:28.177-0700][gc,heap       ] GC(976) Eden regions: 47->0(47)
[2020-04-15T00:16:28.177-0700][gc,heap       ] GC(976) Survivor regions: 4->4(7)
[2020-04-15T00:16:28.177-0700][gc,heap       ] GC(976) Old regions: 95->95
[2020-04-15T00:16:28.177-0700][gc,heap       ] GC(976) Humongous regions: 130->130
[2020-04-15T00:16:28.177-0700][gc,metaspace  ] GC(976) Metaspace: 28245K->28245K(1075200K)
[2020-04-15T00:16:28.177-0700][gc            ] GC(976) Pause Young (Normal) (G1 Evacuation Pause) 275M->228M(1024M) 28.959ms
[2020-04-15T00:16:28.177-0700][gc,cpu        ] GC(976) User=0.11s Sys=0.00s Real=0.03s
[2020-04-15T00:16:43.625-0700][gc,start      ] GC(977) Pause Young (Normal) (G1 Evacuation Pause)
[2020-04-15T00:16:43.625-0700][gc,task       ] GC(977) Using 4 workers of 4 for evacuation
[2020-04-15T00:16:43.653-0700][gc,mmu        ] GC(977) MMU target violated: 21.0ms (20.0ms/21.0ms)
[2020-04-15T00:16:43.653-0700][gc,phases     ] GC(977)   Pre Evacuate Collection Set: 0.1ms
[2020-04-15T00:16:43.653-0700][gc,phases     ] GC(977)   Evacuate Collection Set: 27.1ms
[2020-04-15T00:16:43.653-0700][gc,phases     ] GC(977)   Post Evacuate Collection Set: 0.5ms
[2020-04-15T00:16:43.654-0700][gc,phases     ] GC(977)   Other: 0.6ms
[2020-04-15T00:16:43.654-0700][gc,heap       ] GC(977) Eden regions: 47->0(47)
[2020-04-15T00:16:43.654-0700][gc,heap       ] GC(977) Survivor regions: 4->4(7)
[2020-04-15T00:16:43.654-0700][gc,heap       ] GC(977) Old regions: 95->96
[2020-04-15T00:16:43.654-0700][gc,heap       ] GC(977) Humongous regions: 130->130
[2020-04-15T00:16:43.654-0700][gc,metaspace  ] GC(977) Metaspace: 28252K->28252K(1075200K)
[2020-04-15T00:16:43.654-0700][gc            ] GC(977) Pause Young (Normal) (G1 Evacuation Pause) 275M->229M(1024M) 28.327ms
[2020-04-15T00:16:43.654-0700][gc,cpu        ] GC(977) User=0.10s Sys=0.00s Real=0.03s
[2020-04-15T00:16:58.659-0700][gc,start      ] GC(978) Pause Young (Normal) (G1 Evacuation Pause)
[2020-04-15T00:16:58.659-0700][gc,task       ] GC(978) Using 4 workers of 4 for evacuation
[2020-04-15T00:16:58.684-0700][gc,mmu        ] GC(978) MMU target violated: 21.0ms (20.0ms/21.0ms)
[2020-04-15T00:16:58.684-0700][gc,phases     ] GC(978)   Pre Evacuate Collection Set: 0.0ms
[2020-04-15T00:16:58.684-0700][gc,phases     ] GC(978)   Evacuate Collection Set: 24.1ms
[2020-04-15T00:16:58.684-0700][gc,phases     ] GC(978)   Post Evacuate Collection Set: 0.7ms
[2020-04-15T00:16:58.684-0700][gc,phases     ] GC(978)   Other: 0.5ms
[2020-04-15T00:16:58.684-0700][gc,heap       ] GC(978) Eden regions: 47->0(46)
[2020-04-15T00:16:58.684-0700][gc,heap       ] GC(978) Survivor regions: 4->5(7)
[2020-04-15T00:16:58.684-0700][gc,heap       ] GC(978) Old regions: 96->96
[2020-04-15T00:16:58.684-0700][gc,heap       ] GC(978) Humongous regions: 130->130
[2020-04-15T00:16:58.684-0700][gc,metaspace  ] GC(978) Metaspace: 28252K->28252K(1075200K)
[2020-04-15T00:16:58.685-0700][gc            ] GC(978) Pause Young (Normal) (G1 Evacuation Pause) 276M->229M(1024M) 25.451ms
[2020-04-15T00:16:58.685-0700][gc,cpu        ] GC(978) User=0.09s Sys=0.00s Real=0.02s
[2020-04-15T00:17:14.427-0700][gc,start      ] GC(979) Pause Young (Normal) (G1 Evacuation Pause)
[2020-04-15T00:17:14.427-0700][gc,task       ] GC(979) Using 4 workers of 4 for evacuation
[2020-04-15T00:17:14.455-0700][gc,mmu        ] GC(979) MMU target violated: 21.0ms (20.0ms/21.0ms)
[2020-04-15T00:17:14.455-0700][gc,phases     ] GC(979)   Pre Evacuate Collection Set: 0.1ms
[2020-04-15T00:17:14.455-0700][gc,phases     ] GC(979)   Evacuate Collection Set: 27.0ms
[2020-04-15T00:17:14.455-0700][gc,phases     ] GC(979)   Post Evacuate Collection Set: 0.5ms
[2020-04-15T00:17:14.455-0700][gc,phases     ] GC(979)   Other: 0.6ms
[2020-04-15T00:17:14.455-0700][gc,heap       ] GC(979) Eden regions: 46->0(47)
[2020-04-15T00:17:14.455-0700][gc,heap       ] GC(979) Survivor regions: 5->4(7)
[2020-04-15T00:17:14.455-0700][gc,heap       ] GC(979) Old regions: 96->96
[2020-04-15T00:17:14.455-0700][gc,heap       ] GC(979) Humongous regions: 130->130
[2020-04-15T00:17:14.455-0700][gc,metaspace  ] GC(979) Metaspace: 28255K->28255K(1075200K)
[2020-04-15T00:17:14.455-0700][gc            ] GC(979) Pause Young (Normal) (G1 Evacuation Pause) 275M->229M(1024M) 28.327ms
[2020-04-15T00:17:14.455-0700][gc,cpu        ] GC(979) User=0.11s Sys=0.00s Real=0.03s
[2020-04-15T00:17:29.411-0700][gc,start      ] GC(980) Pause Young (Normal) (G1 Evacuation Pause)
[2020-04-15T00:17:29.411-0700][gc,task       ] GC(980) Using 4 workers of 4 for evacuation
[2020-04-15T00:17:29.437-0700][gc,mmu        ] GC(980) MMU target violated: 21.0ms (20.0ms/21.0ms)
[2020-04-15T00:17:29.437-0700][gc,phases     ] GC(980)   Pre Evacuate Collection Set: 0.1ms
[2020-04-15T00:17:29.438-0700][gc,phases     ] GC(980)   Evacuate Collection Set: 25.8ms
[2020-04-15T00:17:29.438-0700][gc,phases     ] GC(980)   Post Evacuate Collection Set: 0.5ms
[2020-04-15T00:17:29.438-0700][gc,phases     ] GC(980)   Other: 0.5ms
[2020-04-15T00:17:29.438-0700][gc,heap       ] GC(980) Eden regions: 47->0(47)
[2020-04-15T00:17:29.438-0700][gc,heap       ] GC(980) Survivor regions: 4->4(7)
[2020-04-15T00:17:29.438-0700][gc,heap       ] GC(980) Old regions: 96->97
[2020-04-15T00:17:29.438-0700][gc,heap       ] GC(980) Humongous regions: 130->130
[2020-04-15T00:17:29.438-0700][gc,metaspace  ] GC(980) Metaspace: 28255K->28255K(1075200K)
[2020-04-15T00:17:29.438-0700][gc            ] GC(980) Pause Young (Normal) (G1 Evacuation Pause) 276M->230M(1024M) 27.029ms
[2020-04-15T00:17:29.438-0700][gc,cpu        ] GC(980) User=0.10s Sys=0.00s Real=0.03s
[2020-04-15T00:17:44.615-0700][gc,start      ] GC(981) Pause Young (Normal) (G1 Evacuation Pause)
[2020-04-15T00:17:44.615-0700][gc,task       ] GC(981) Using 4 workers of 4 for evacuation
[2020-04-15T00:17:44.645-0700][gc,mmu        ] GC(981) MMU target violated: 21.0ms (20.0ms/21.0ms)
[2020-04-15T00:17:44.645-0700][gc,phases     ] GC(981)   Pre Evacuate Collection Set: 0.1ms
[2020-04-15T00:17:44.645-0700][gc,phases     ] GC(981)   Evacuate Collection Set: 28.5ms
[2020-04-15T00:17:44.645-0700][gc,phases     ] GC(981)   Post Evacuate Collection Set: 0.5ms
[2020-04-15T00:17:44.645-0700][gc,phases     ] GC(981)   Other: 0.8ms
[2020-04-15T00:17:44.645-0700][gc,heap       ] GC(981) Eden regions: 47->0(47)
[2020-04-15T00:17:44.645-0700][gc,heap       ] GC(981) Survivor regions: 4->4(7)
[2020-04-15T00:17:44.645-0700][gc,heap       ] GC(981) Old regions: 97->97
[2020-04-15T00:17:44.645-0700][gc,heap       ] GC(981) Humongous regions: 130->130
[2020-04-15T00:17:44.645-0700][gc,metaspace  ] GC(981) Metaspace: 28255K->28255K(1075200K)
[2020-04-15T00:17:44.645-0700][gc            ] GC(981) Pause Young (Normal) (G1 Evacuation Pause) 277M->230M(1024M) 30.097ms
[2020-04-15T00:17:44.645-0700][gc,cpu        ] GC(981) User=0.12s Sys=0.00s Real=0.03s
[2020-04-15T00:17:59.946-0700][gc,start      ] GC(982) Pause Young (Normal) (G1 Evacuation Pause)
[2020-04-15T00:17:59.946-0700][gc,task       ] GC(982) Using 4 workers of 4 for evacuation
[2020-04-15T00:17:59.972-0700][gc,mmu        ] GC(982) MMU target violated: 21.0ms (20.0ms/21.0ms)
[2020-04-15T00:17:59.972-0700][gc,phases     ] GC(982)   Pre Evacuate Collection Set: 0.1ms
[2020-04-15T00:17:59.972-0700][gc,phases     ] GC(982)   Evacuate Collection Set: 24.7ms
[2020-04-15T00:17:59.972-0700][gc,phases     ] GC(982)   Post Evacuate Collection Set: 0.6ms
[2020-04-15T00:17:59.972-0700][gc,phases     ] GC(982)   Other: 0.5ms
[2020-04-15T00:17:59.972-0700][gc,heap       ] GC(982) Eden regions: 47->0(47)
[2020-04-15T00:17:59.972-0700][gc,heap       ] GC(982) Survivor regions: 4->4(7)
[2020-04-15T00:17:59.972-0700][gc,heap       ] GC(982) Old regions: 97->98
[2020-04-15T00:17:59.972-0700][gc,heap       ] GC(982) Humongous regions: 130->130
[2020-04-15T00:17:59.972-0700][gc,metaspace  ] GC(982) Metaspace: 28255K->28255K(1075200K)
[2020-04-15T00:17:59.972-0700][gc            ] GC(982) Pause Young (Normal) (G1 Evacuation Pause) 277M->231M(1024M) 25.909ms
[2020-04-15T00:17:59.972-0700][gc,cpu        ] GC(982) User=0.09s Sys=0.00s Real=0.03s
[2020-04-15T00:18:15.470-0700][gc,start      ] GC(983) Pause Young (Normal) (G1 Evacuation Pause)
[2020-04-15T00:18:15.470-0700][gc,task       ] GC(983) Using 4 workers of 4 for evacuation
[2020-04-15T00:18:15.497-0700][gc,mmu        ] GC(983) MMU target violated: 21.0ms (20.0ms/21.0ms)
[2020-04-15T00:18:15.498-0700][gc,phases     ] GC(983)   Pre Evacuate Collection Set: 0.1ms
[2020-04-15T00:18:15.498-0700][gc,phases     ] GC(983)   Evacuate Collection Set: 26.7ms
[2020-04-15T00:18:15.498-0700][gc,phases     ] GC(983)   Post Evacuate Collection Set: 0.6ms
[2020-04-15T00:18:15.498-0700][gc,phases     ] GC(983)   Other: 0.6ms
[2020-04-15T00:18:15.498-0700][gc,heap       ] GC(983) Eden regions: 47->0(47)
[2020-04-15T00:18:15.498-0700][gc,heap       ] GC(983) Survivor regions: 4->4(7)
[2020-04-15T00:18:15.498-0700][gc,heap       ] GC(983) Old regions: 98->98
[2020-04-15T00:18:15.498-0700][gc,heap       ] GC(983) Humongous regions: 130->130
[2020-04-15T00:18:15.498-0700][gc,metaspace  ] GC(983) Metaspace: 28255K->28255K(1075200K)
[2020-04-15T00:18:15.498-0700][gc            ] GC(983) Pause Young (Normal) (G1 Evacuation Pause) 278M->231M(1024M) 28.039ms
[2020-04-15T00:18:15.498-0700][gc,cpu        ] GC(983) User=0.11s Sys=0.00s Real=0.03s
[2020-04-15T00:18:30.932-0700][gc,start      ] GC(984) Pause Young (Normal) (G1 Evacuation Pause)
[2020-04-15T00:18:30.932-0700][gc,task       ] GC(984) Using 4 workers of 4 for evacuation
[2020-04-15T00:18:30.962-0700][gc,mmu        ] GC(984) MMU target violated: 21.0ms (20.0ms/21.0ms)
[2020-04-15T00:18:30.962-0700][gc,phases     ] GC(984)   Pre Evacuate Collection Set: 0.0ms
[2020-04-15T00:18:30.962-0700][gc,phases     ] GC(984)   Evacuate Collection Set: 28.6ms
[2020-04-15T00:18:30.962-0700][gc,phases     ] GC(984)   Post Evacuate Collection Set: 0.7ms
[2020-04-15T00:18:30.962-0700][gc,phases     ] GC(984)   Other: 0.6ms
[2020-04-15T00:18:30.962-0700][gc,heap       ] GC(984) Eden regions: 47->0(46)
[2020-04-15T00:18:30.962-0700][gc,heap       ] GC(984) Survivor regions: 4->5(7)
[2020-04-15T00:18:30.962-0700][gc,heap       ] GC(984) Old regions: 98->98
[2020-04-15T00:18:30.962-0700][gc,heap       ] GC(984) Humongous regions: 130->130
[2020-04-15T00:18:30.962-0700][gc,metaspace  ] GC(984) Metaspace: 28255K->28255K(1075200K)
[2020-04-15T00:18:30.962-0700][gc            ] GC(984) Pause Young (Normal) (G1 Evacuation Pause) 278M->231M(1024M) 30.074ms
[2020-04-15T00:18:30.962-0700][gc,cpu        ] GC(984) User=0.11s Sys=0.00s Real=0.03s
[2020-04-15T00:18:45.609-0700][gc,start      ] GC(985) Pause Young (Normal) (G1 Evacuation Pause)
[2020-04-15T00:18:45.609-0700][gc,task       ] GC(985) Using 4 workers of 4 for evacuation
