[2020-04-14T23:34:33.668-0700][gc,heap       ] GC(820) Eden regions: 46->0(47)
[2020-04-14T23:34:33.668-0700][gc,heap       ] GC(820) Survivor regions: 5->4(7)
[2020-04-14T23:34:33.668-0700][gc,heap       ] GC(820) Old regions: 195->196
[2020-04-14T23:34:33.668-0700][gc,heap       ] GC(820) Humongous regions: 130->130
[2020-04-14T23:34:33.668-0700][gc,metaspace  ] GC(820) Metaspace: 28192K->28192K(1075200K)
[2020-04-14T23:34:33.668-0700][gc            ] GC(820) Pause Young (Normal) (G1 Evacuation Pause) 374M->328M(1024M) 16.658ms
[2020-04-14T23:34:33.668-0700][gc,cpu        ] GC(820) User=0.05s Sys=0.00s Real=0.01s
[2020-04-14T23:34:49.159-0700][gc,start      ] GC(821) Pause Young (Normal) (G1 Evacuation Pause)
[2020-04-14T23:34:49.159-0700][gc,task       ] GC(821) Using 4 workers of 4 for evacuation
[2020-04-14T23:34:49.189-0700][gc,mmu        ] GC(821) MMU target violated: 21.0ms (20.0ms/21.0ms)
[2020-04-14T23:34:49.189-0700][gc,phases     ] GC(821)   Pre Evacuate Collection Set: 0.0ms
[2020-04-14T23:34:49.189-0700][gc,phases     ] GC(821)   Evacuate Collection Set: 28.6ms
[2020-04-14T23:34:49.189-0700][gc,phases     ] GC(821)   Post Evacuate Collection Set: 0.6ms
[2020-04-14T23:34:49.189-0700][gc,phases     ] GC(821)   Other: 0.5ms
[2020-04-14T23:34:49.189-0700][gc,heap       ] GC(821) Eden regions: 47->0(47)
[2020-04-14T23:34:49.189-0700][gc,heap       ] GC(821) Survivor regions: 4->4(7)
[2020-04-14T23:34:49.189-0700][gc,heap       ] GC(821) Old regions: 196->196
[2020-04-14T23:34:49.189-0700][gc,heap       ] GC(821) Humongous regions: 130->130
[2020-04-14T23:34:49.189-0700][gc,metaspace  ] GC(821) Metaspace: 28192K->28192K(1075200K)
[2020-04-14T23:34:49.189-0700][gc            ] GC(821) Pause Young (Normal) (G1 Evacuation Pause) 375M->329M(1024M) 29.875ms
[2020-04-14T23:34:49.189-0700][gc,cpu        ] GC(821) User=0.10s Sys=0.00s Real=0.02s
[2020-04-14T23:35:04.729-0700][gc,start      ] GC(822) Pause Young (Normal) (G1 Evacuation Pause)
[2020-04-14T23:35:04.729-0700][gc,task       ] GC(822) Using 4 workers of 4 for evacuation
[2020-04-14T23:35:04.771-0700][gc,mmu        ] GC(822) MMU target violated: 21.0ms (20.0ms/21.0ms)
[2020-04-14T23:35:04.771-0700][gc,phases     ] GC(822)   Pre Evacuate Collection Set: 0.1ms
[2020-04-14T23:35:04.771-0700][gc,phases     ] GC(822)   Evacuate Collection Set: 40.0ms
[2020-04-14T23:35:04.771-0700][gc,phases     ] GC(822)   Post Evacuate Collection Set: 0.7ms
[2020-04-14T23:35:04.771-0700][gc,phases     ] GC(822)   Other: 0.7ms
[2020-04-14T23:35:04.771-0700][gc,heap       ] GC(822) Eden regions: 47->0(47)
[2020-04-14T23:35:04.771-0700][gc,heap       ] GC(822) Survivor regions: 4->4(7)
[2020-04-14T23:35:04.771-0700][gc,heap       ] GC(822) Old regions: 196->196
[2020-04-14T23:35:04.771-0700][gc,heap       ] GC(822) Humongous regions: 130->130
[2020-04-14T23:35:04.771-0700][gc,metaspace  ] GC(822) Metaspace: 28192K->28192K(1075200K)
[2020-04-14T23:35:04.771-0700][gc            ] GC(822) Pause Young (Normal) (G1 Evacuation Pause) 376M->329M(1024M) 41.516ms
[2020-04-14T23:35:04.771-0700][gc,cpu        ] GC(822) User=0.12s Sys=0.00s Real=0.05s
[2020-04-14T23:35:20.640-0700][gc,start      ] GC(823) Pause Young (Normal) (G1 Evacuation Pause)
[2020-04-14T23:35:20.640-0700][gc,task       ] GC(823) Using 4 workers of 4 for evacuation
[2020-04-14T23:35:20.674-0700][gc,mmu        ] GC(823) MMU target violated: 21.0ms (20.0ms/21.0ms)
[2020-04-14T23:35:20.674-0700][gc,phases     ] GC(823)   Pre Evacuate Collection Set: 0.1ms
[2020-04-14T23:35:20.674-0700][gc,phases     ] GC(823)   Evacuate Collection Set: 32.4ms
[2020-04-14T23:35:20.674-0700][gc,phases     ] GC(823)   Post Evacuate Collection Set: 0.7ms
[2020-04-14T23:35:20.674-0700][gc,phases     ] GC(823)   Other: 0.7ms
[2020-04-14T23:35:20.674-0700][gc,heap       ] GC(823) Eden regions: 47->0(46)
[2020-04-14T23:35:20.674-0700][gc,heap       ] GC(823) Survivor regions: 4->5(7)
[2020-04-14T23:35:20.674-0700][gc,heap       ] GC(823) Old regions: 196->196
[2020-04-14T23:35:20.674-0700][gc,heap       ] GC(823) Humongous regions: 130->130
[2020-04-14T23:35:20.674-0700][gc,metaspace  ] GC(823) Metaspace: 28193K->28193K(1075200K)
[2020-04-14T23:35:20.674-0700][gc            ] GC(823) Pause Young (Normal) (G1 Evacuation Pause) 376M->330M(1024M) 34.111ms
[2020-04-14T23:35:20.674-0700][gc,cpu        ] GC(823) User=0.10s Sys=0.00s Real=0.03s
[2020-04-14T23:35:35.836-0700][gc,start      ] GC(824) Pause Young (Normal) (G1 Evacuation Pause)
[2020-04-14T23:35:35.836-0700][gc,task       ] GC(824) Using 4 workers of 4 for evacuation
[2020-04-14T23:35:35.871-0700][gc,mmu        ] GC(824) MMU target violated: 21.0ms (20.0ms/21.0ms)
[2020-04-14T23:35:35.871-0700][gc,phases     ] GC(824)   Pre Evacuate Collection Set: 0.1ms
[2020-04-14T23:35:35.871-0700][gc,phases     ] GC(824)   Evacuate Collection Set: 33.8ms
[2020-04-14T23:35:35.871-0700][gc,phases     ] GC(824)   Post Evacuate Collection Set: 0.7ms
[2020-04-14T23:35:35.871-0700][gc,phases     ] GC(824)   Other: 0.6ms
[2020-04-14T23:35:35.871-0700][gc,heap       ] GC(824) Eden regions: 46->0(47)
[2020-04-14T23:35:35.871-0700][gc,heap       ] GC(824) Survivor regions: 5->4(7)
[2020-04-14T23:35:35.871-0700][gc,heap       ] GC(824) Old regions: 196->197
[2020-04-14T23:35:35.871-0700][gc,heap       ] GC(824) Humongous regions: 130->130
[2020-04-14T23:35:35.871-0700][gc,metaspace  ] GC(824) Metaspace: 28193K->28193K(1075200K)
[2020-04-14T23:35:35.871-0700][gc            ] GC(824) Pause Young (Normal) (G1 Evacuation Pause) 376M->330M(1024M) 35.253ms
[2020-04-14T23:35:35.871-0700][gc,cpu        ] GC(824) User=0.10s Sys=0.00s Real=0.04s
[2020-04-14T23:35:51.298-0700][gc,start      ] GC(825) Pause Young (Normal) (G1 Evacuation Pause)
[2020-04-14T23:35:51.298-0700][gc,task       ] GC(825) Using 4 workers of 4 for evacuation
[2020-04-14T23:35:51.311-0700][gc,phases     ] GC(825)   Pre Evacuate Collection Set: 0.0ms
[2020-04-14T23:35:51.311-0700][gc,phases     ] GC(825)   Evacuate Collection Set: 12.4ms
[2020-04-14T23:35:51.311-0700][gc,phases     ] GC(825)   Post Evacuate Collection Set: 0.3ms
[2020-04-14T23:35:51.311-0700][gc,phases     ] GC(825)   Other: 0.3ms
[2020-04-14T23:35:51.311-0700][gc,heap       ] GC(825) Eden regions: 47->0(45)
[2020-04-14T23:35:51.311-0700][gc,heap       ] GC(825) Survivor regions: 4->6(7)
[2020-04-14T23:35:51.311-0700][gc,heap       ] GC(825) Old regions: 197->197
[2020-04-14T23:35:51.311-0700][gc,heap       ] GC(825) Humongous regions: 130->130
[2020-04-14T23:35:51.311-0700][gc,metaspace  ] GC(825) Metaspace: 28193K->28193K(1075200K)
[2020-04-14T23:35:51.311-0700][gc            ] GC(825) Pause Young (Normal) (G1 Evacuation Pause) 377M->331M(1024M) 13.065ms
[2020-04-14T23:35:51.311-0700][gc,cpu        ] GC(825) User=0.03s Sys=0.00s Real=0.01s
[2020-04-14T23:36:06.091-0700][gc,start      ] GC(826) Pause Young (Normal) (G1 Evacuation Pause)
[2020-04-14T23:36:06.091-0700][gc,task       ] GC(826) Using 4 workers of 4 for evacuation
[2020-04-14T23:36:06.125-0700][gc,mmu        ] GC(826) MMU target violated: 21.0ms (20.0ms/21.0ms)
[2020-04-14T23:36:06.125-0700][gc,phases     ] GC(826)   Pre Evacuate Collection Set: 0.1ms
[2020-04-14T23:36:06.126-0700][gc,phases     ] GC(826)   Evacuate Collection Set: 33.3ms
[2020-04-14T23:36:06.126-0700][gc,phases     ] GC(826)   Post Evacuate Collection Set: 0.5ms
[2020-04-14T23:36:06.126-0700][gc,phases     ] GC(826)   Other: 0.7ms
[2020-04-14T23:36:06.126-0700][gc,heap       ] GC(826) Eden regions: 45->0(47)
[2020-04-14T23:36:06.126-0700][gc,heap       ] GC(826) Survivor regions: 6->4(7)
[2020-04-14T23:36:06.126-0700][gc,heap       ] GC(826) Old regions: 197->199
[2020-04-14T23:36:06.126-0700][gc,heap       ] GC(826) Humongous regions: 130->130
[2020-04-14T23:36:06.126-0700][gc,metaspace  ] GC(826) Metaspace: 28193K->28193K(1075200K)
[2020-04-14T23:36:06.126-0700][gc            ] GC(826) Pause Young (Normal) (G1 Evacuation Pause) 376M->332M(1024M) 34.636ms
[2020-04-14T23:36:06.126-0700][gc,cpu        ] GC(826) User=0.10s Sys=0.01s Real=0.03s
[2020-04-14T23:36:21.602-0700][gc,start      ] GC(827) Pause Young (Normal) (G1 Evacuation Pause)
[2020-04-14T23:36:21.602-0700][gc,task       ] GC(827) Using 4 workers of 4 for evacuation
[2020-04-14T23:36:21.639-0700][gc,mmu        ] GC(827) MMU target violated: 21.0ms (20.0ms/21.0ms)
[2020-04-14T23:36:21.639-0700][gc,phases     ] GC(827)   Pre Evacuate Collection Set: 0.1ms
[2020-04-14T23:36:21.639-0700][gc,phases     ] GC(827)   Evacuate Collection Set: 36.3ms
[2020-04-14T23:36:21.639-0700][gc,phases     ] GC(827)   Post Evacuate Collection Set: 0.6ms
[2020-04-14T23:36:21.639-0700][gc,phases     ] GC(827)   Other: 0.6ms
[2020-04-14T23:36:21.639-0700][gc,heap       ] GC(827) Eden regions: 47->0(47)
[2020-04-14T23:36:21.639-0700][gc,heap       ] GC(827) Survivor regions: 4->4(7)
[2020-04-14T23:36:21.639-0700][gc,heap       ] GC(827) Old regions: 199->199
[2020-04-14T23:36:21.639-0700][gc,heap       ] GC(827) Humongous regions: 130->130
[2020-04-14T23:36:21.639-0700][gc,metaspace  ] GC(827) Metaspace: 28194K->28194K(1075200K)
[2020-04-14T23:36:21.639-0700][gc            ] GC(827) Pause Young (Normal) (G1 Evacuation Pause) 379M->332M(1024M) 37.741ms
[2020-04-14T23:36:21.639-0700][gc,cpu        ] GC(827) User=0.10s Sys=0.00s Real=0.04s
[2020-04-14T23:36:37.161-0700][gc,start      ] GC(828) Pause Young (Normal) (G1 Evacuation Pause)
[2020-04-14T23:36:37.161-0700][gc,task       ] GC(828) Using 4 workers of 4 for evacuation
[2020-04-14T23:36:37.196-0700][gc,mmu        ] GC(828) MMU target violated: 21.0ms (20.0ms/21.0ms)
[2020-04-14T23:36:37.196-0700][gc,phases     ] GC(828)   Pre Evacuate Collection Set: 0.1ms
[2020-04-14T23:36:37.196-0700][gc,phases     ] GC(828)   Evacuate Collection Set: 34.3ms
[2020-04-14T23:36:37.196-0700][gc,phases     ] GC(828)   Post Evacuate Collection Set: 0.7ms
[2020-04-14T23:36:37.196-0700][gc,phases     ] GC(828)   Other: 0.5ms
[2020-04-14T23:36:37.196-0700][gc,heap       ] GC(828) Eden regions: 47->0(47)
[2020-04-14T23:36:37.196-0700][gc,heap       ] GC(828) Survivor regions: 4->4(7)
[2020-04-14T23:36:37.196-0700][gc,heap       ] GC(828) Old regions: 199->199
[2020-04-14T23:36:37.196-0700][gc,heap       ] GC(828) Humongous regions: 130->130
[2020-04-14T23:36:37.196-0700][gc,metaspace  ] GC(828) Metaspace: 28194K->28194K(1075200K)
[2020-04-14T23:36:37.196-0700][gc            ] GC(828) Pause Young (Normal) (G1 Evacuation Pause) 379M->332M(1024M) 35.703ms
[2020-04-14T23:36:37.196-0700][gc,cpu        ] GC(828) User=0.09s Sys=0.00s Real=0.03s
[2020-04-14T23:36:52.677-0700][gc,start      ] GC(829) Pause Young (Normal) (G1 Evacuation Pause)
[2020-04-14T23:36:52.677-0700][gc,task       ] GC(829) Using 4 workers of 4 for evacuation
[2020-04-14T23:36:52.709-0700][gc,mmu        ] GC(829) MMU target violated: 21.0ms (20.0ms/21.0ms)
[2020-04-14T23:36:52.709-0700][gc,phases     ] GC(829)   Pre Evacuate Collection Set: 0.0ms
[2020-04-14T23:36:52.709-0700][gc,phases     ] GC(829)   Evacuate Collection Set: 30.5ms
[2020-04-14T23:36:52.709-0700][gc,phases     ] GC(829)   Post Evacuate Collection Set: 0.6ms
[2020-04-14T23:36:52.709-0700][gc,phases     ] GC(829)   Other: 0.6ms
[2020-04-14T23:36:52.709-0700][gc,heap       ] GC(829) Eden regions: 47->0(47)
[2020-04-14T23:36:52.709-0700][gc,heap       ] GC(829) Survivor regions: 4->4(7)
[2020-04-14T23:36:52.709-0700][gc,heap       ] GC(829) Old regions: 199->200
[2020-04-14T23:36:52.709-0700][gc,heap       ] GC(829) Humongous regions: 130->130
[2020-04-14T23:36:52.709-0700][gc,metaspace  ] GC(829) Metaspace: 28194K->28194K(1075200K)
[2020-04-14T23:36:52.709-0700][gc            ] GC(829) Pause Young (Normal) (G1 Evacuation Pause) 379M->333M(1024M) 31.893ms
[2020-04-14T23:36:52.709-0700][gc,cpu        ] GC(829) User=0.10s Sys=0.00s Real=0.03s
[2020-04-14T23:37:08.194-0700][gc,start      ] GC(830) Pause Young (Normal) (G1 Evacuation Pause)
[2020-04-14T23:37:08.194-0700][gc,task       ] GC(830) Using 4 workers of 4 for evacuation
[2020-04-14T23:37:08.226-0700][gc,mmu        ] GC(830) MMU target violated: 21.0ms (20.0ms/21.0ms)
[2020-04-14T23:37:08.226-0700][gc,phases     ] GC(830)   Pre Evacuate Collection Set: 0.0ms
[2020-04-14T23:37:08.226-0700][gc,phases     ] GC(830)   Evacuate Collection Set: 31.4ms
[2020-04-14T23:37:08.226-0700][gc,phases     ] GC(830)   Post Evacuate Collection Set: 0.5ms
[2020-04-14T23:37:08.226-0700][gc,phases     ] GC(830)   Other: 0.4ms
[2020-04-14T23:37:08.226-0700][gc,heap       ] GC(830) Eden regions: 47->0(47)
[2020-04-14T23:37:08.226-0700][gc,heap       ] GC(830) Survivor regions: 4->4(7)
[2020-04-14T23:37:08.226-0700][gc,heap       ] GC(830) Old regions: 200->200
[2020-04-14T23:37:08.226-0700][gc,heap       ] GC(830) Humongous regions: 130->130
[2020-04-14T23:37:08.226-0700][gc,metaspace  ] GC(830) Metaspace: 28194K->28194K(1075200K)
[2020-04-14T23:37:08.226-0700][gc            ] GC(830) Pause Young (Normal) (G1 Evacuation Pause) 380M->333M(1024M) 32.554ms
[2020-04-14T23:37:08.226-0700][gc,cpu        ] GC(830) User=0.09s Sys=0.01s Real=0.03s
[2020-04-14T23:37:23.736-0700][gc,start      ] GC(831) Pause Young (Normal) (G1 Evacuation Pause)
[2020-04-14T23:37:23.736-0700][gc,task       ] GC(831) Using 4 workers of 4 for evacuation
[2020-04-14T23:37:23.768-0700][gc,mmu        ] GC(831) MMU target violated: 21.0ms (20.0ms/21.0ms)
[2020-04-14T23:37:23.768-0700][gc,phases     ] GC(831)   Pre Evacuate Collection Set: 0.1ms
[2020-04-14T23:37:23.768-0700][gc,phases     ] GC(831)   Evacuate Collection Set: 31.2ms
[2020-04-14T23:37:23.768-0700][gc,phases     ] GC(831)   Post Evacuate Collection Set: 0.6ms
[2020-04-14T23:37:23.768-0700][gc,phases     ] GC(831)   Other: 0.6ms
[2020-04-14T23:37:23.768-0700][gc,heap       ] GC(831) Eden regions: 47->0(46)
[2020-04-14T23:37:23.768-0700][gc,heap       ] GC(831) Survivor regions: 4->5(7)
[2020-04-14T23:37:23.768-0700][gc,heap       ] GC(831) Old regions: 200->200
[2020-04-14T23:37:23.768-0700][gc,heap       ] GC(831) Humongous regions: 130->130
[2020-04-14T23:37:23.768-0700][gc,metaspace  ] GC(831) Metaspace: 28194K->28194K(1075200K)
[2020-04-14T23:37:23.768-0700][gc            ] GC(831) Pause Young (Normal) (G1 Evacuation Pause) 380M->333M(1024M) 32.516ms
[2020-04-14T23:37:23.768-0700][gc,cpu        ] GC(831) User=0.10s Sys=0.00s Real=0.03s
[2020-04-14T23:37:38.921-0700][gc,start      ] GC(832) Pause Young (Normal) (G1 Evacuation Pause)
[2020-04-14T23:37:38.922-0700][gc,task       ] GC(832) Using 4 workers of 4 for evacuation
[2020-04-14T23:37:38.969-0700][gc,mmu        ] GC(832) MMU target violated: 21.0ms (20.0ms/21.0ms)
[2020-04-14T23:37:38.969-0700][gc,phases     ] GC(832)   Pre Evacuate Collection Set: 0.0ms
[2020-04-14T23:37:38.969-0700][gc,phases     ] GC(832)   Evacuate Collection Set: 46.5ms
[2020-04-14T23:37:38.969-0700][gc,phases     ] GC(832)   Post Evacuate Collection Set: 0.6ms
[2020-04-14T23:37:38.969-0700][gc,phases     ] GC(832)   Other: 0.6ms
[2020-04-14T23:37:38.969-0700][gc,heap       ] GC(832) Eden regions: 46->0(47)
[2020-04-14T23:37:38.969-0700][gc,heap       ] GC(832) Survivor regions: 5->4(7)
[2020-04-14T23:37:38.969-0700][gc,heap       ] GC(832) Old regions: 200->201
[2020-04-14T23:37:38.969-0700][gc,heap       ] GC(832) Humongous regions: 130->130
[2020-04-14T23:37:38.969-0700][gc,metaspace  ] GC(832) Metaspace: 28194K->28194K(1075200K)
[2020-04-14T23:37:38.969-0700][gc            ] GC(832) Pause Young (Normal) (G1 Evacuation Pause) 379M->334M(1024M) 47.945ms
[2020-04-14T23:37:38.969-0700][gc,cpu        ] GC(832) User=0.11s Sys=0.00s Real=0.05s
[2020-04-14T23:37:54.450-0700][gc,start      ] GC(833) Pause Young (Normal) (G1 Evacuation Pause)
[2020-04-14T23:37:54.450-0700][gc,task       ] GC(833) Using 4 workers of 4 for evacuation
[2020-04-14T23:37:54.493-0700][gc,mmu        ] GC(833) MMU target violated: 21.0ms (20.0ms/21.0ms)
[2020-04-14T23:37:54.493-0700][gc,phases     ] GC(833)   Pre Evacuate Collection Set: 0.0ms
[2020-04-14T23:37:54.493-0700][gc,phases     ] GC(833)   Evacuate Collection Set: 40.0ms
[2020-04-14T23:37:54.493-0700][gc,phases     ] GC(833)   Post Evacuate Collection Set: 2.7ms
[2020-04-14T23:37:54.493-0700][gc,phases     ] GC(833)   Other: 0.5ms
[2020-04-14T23:37:54.493-0700][gc,heap       ] GC(833) Eden regions: 47->0(47)
[2020-04-14T23:37:54.493-0700][gc,heap       ] GC(833) Survivor regions: 4->4(7)
[2020-04-14T23:37:54.493-0700][gc,heap       ] GC(833) Old regions: 201->201
[2020-04-14T23:37:54.493-0700][gc,heap       ] GC(833) Humongous regions: 130->130
[2020-04-14T23:37:54.493-0700][gc,metaspace  ] GC(833) Metaspace: 28194K->28194K(1075200K)
[2020-04-14T23:37:54.493-0700][gc            ] GC(833) Pause Young (Normal) (G1 Evacuation Pause) 381M->334M(1024M) 43.514ms
[2020-04-14T23:37:54.493-0700][gc,cpu        ] GC(833) User=0.11s Sys=0.00s Real=0.04s
[2020-04-14T23:38:10.055-0700][gc,start      ] GC(834) Pause Young (Normal) (G1 Evacuation Pause)
[2020-04-14T23:38:10.055-0700][gc,task       ] GC(834) Using 4 workers of 4 for evacuation
[2020-04-14T23:38:10.083-0700][gc,mmu        ] GC(834) MMU target violated: 21.0ms (20.0ms/21.0ms)
[2020-04-14T23:38:10.083-0700][gc,phases     ] GC(834)   Pre Evacuate Collection Set: 0.0ms
[2020-04-14T23:38:10.083-0700][gc,phases     ] GC(834)   Evacuate Collection Set: 27.4ms
[2020-04-14T23:38:10.083-0700][gc,phases     ] GC(834)   Post Evacuate Collection Set: 0.5ms
[2020-04-14T23:38:10.084-0700][gc,phases     ] GC(834)   Other: 0.5ms
[2020-04-14T23:38:10.084-0700][gc,heap       ] GC(834) Eden regions: 47->0(47)
[2020-04-14T23:38:10.084-0700][gc,heap       ] GC(834) Survivor regions: 4->4(7)
[2020-04-14T23:38:10.084-0700][gc,heap       ] GC(834) Old regions: 201->202
[2020-04-14T23:38:10.084-0700][gc,heap       ] GC(834) Humongous regions: 130->130
[2020-04-14T23:38:10.084-0700][gc,metaspace  ] GC(834) Metaspace: 28194K->28194K(1075200K)
[2020-04-14T23:38:10.084-0700][gc            ] GC(834) Pause Young (Normal) (G1 Evacuation Pause) 381M->334M(1024M) 28.595ms
[2020-04-14T23:38:10.084-0700][gc,cpu        ] GC(834) User=0.10s Sys=0.00s Real=0.03s
[2020-04-14T23:38:25.615-0700][gc,start      ] GC(835) Pause Young (Normal) (G1 Evacuation Pause)
[2020-04-14T23:38:25.615-0700][gc,task       ] GC(835) Using 4 workers of 4 for evacuation
[2020-04-14T23:38:25.645-0700][gc,mmu        ] GC(835) MMU target violated: 21.0ms (20.0ms/21.0ms)
[2020-04-14T23:38:25.645-0700][gc,phases     ] GC(835)   Pre Evacuate Collection Set: 0.1ms
[2020-04-14T23:38:25.645-0700][gc,phases     ] GC(835)   Evacuate Collection Set: 28.5ms
[2020-04-14T23:38:25.645-0700][gc,phases     ] GC(835)   Post Evacuate Collection Set: 1.3ms
[2020-04-14T23:38:25.645-0700][gc,phases     ] GC(835)   Other: 0.6ms
[2020-04-14T23:38:25.645-0700][gc,heap       ] GC(835) Eden regions: 47->0(46)
[2020-04-14T23:38:25.645-0700][gc,heap       ] GC(835) Survivor regions: 4->5(7)
[2020-04-14T23:38:25.645-0700][gc,heap       ] GC(835) Old regions: 202->202
[2020-04-14T23:38:25.645-0700][gc,heap       ] GC(835) Humongous regions: 130->130
[2020-04-14T23:38:25.645-0700][gc,metaspace  ] GC(835) Metaspace: 28194K->28194K(1075200K)
[2020-04-14T23:38:25.645-0700][gc            ] GC(835) Pause Young (Normal) (G1 Evacuation Pause) 381M->335M(1024M) 30.560ms
[2020-04-14T23:38:25.645-0700][gc,cpu        ] GC(835) User=0.10s Sys=0.00s Real=0.03s
[2020-04-14T23:38:40.764-0700][gc,start      ] GC(836) Pause Young (Normal) (G1 Evacuation Pause)
[2020-04-14T23:38:40.764-0700][gc,task       ] GC(836) Using 4 workers of 4 for evacuation
[2020-04-14T23:38:40.801-0700][gc,mmu        ] GC(836) MMU target violated: 21.0ms (20.0ms/21.0ms)
[2020-04-14T23:38:40.801-0700][gc,phases     ] GC(836)   Pre Evacuate Collection Set: 0.1ms
[2020-04-14T23:38:40.801-0700][gc,phases     ] GC(836)   Evacuate Collection Set: 36.0ms
[2020-04-14T23:38:40.801-0700][gc,phases     ] GC(836)   Post Evacuate Collection Set: 0.5ms
[2020-04-14T23:38:40.801-0700][gc,phases     ] GC(836)   Other: 0.6ms
[2020-04-14T23:38:40.801-0700][gc,heap       ] GC(836) Eden regions: 46->0(45)
[2020-04-14T23:38:40.801-0700][gc,heap       ] GC(836) Survivor regions: 5->6(7)
[2020-04-14T23:38:40.801-0700][gc,heap       ] GC(836) Old regions: 202->202
[2020-04-14T23:38:40.801-0700][gc,heap       ] GC(836) Humongous regions: 130->130
[2020-04-14T23:38:40.801-0700][gc,metaspace  ] GC(836) Metaspace: 28194K->28194K(1075200K)
[2020-04-14T23:38:40.801-0700][gc            ] GC(836) Pause Young (Normal) (G1 Evacuation Pause) 381M->336M(1024M) 37.272ms
[2020-04-14T23:38:40.801-0700][gc,cpu        ] GC(836) User=0.11s Sys=0.00s Real=0.04s
[2020-04-14T23:38:55.548-0700][gc,start      ] GC(837) Pause Young (Normal) (G1 Evacuation Pause)
[2020-04-14T23:38:55.548-0700][gc,task       ] GC(837) Using 4 workers of 4 for evacuation
[2020-04-14T23:38:55.584-0700][gc,mmu        ] GC(837) MMU target violated: 21.0ms (20.0ms/21.0ms)
[2020-04-14T23:38:55.585-0700][gc,phases     ] GC(837)   Pre Evacuate Collection Set: 0.1ms
[2020-04-14T23:38:55.585-0700][gc,phases     ] GC(837)   Evacuate Collection Set: 35.4ms
[2020-04-14T23:38:55.585-0700][gc,phases     ] GC(837)   Post Evacuate Collection Set: 0.7ms
[2020-04-14T23:38:55.585-0700][gc,phases     ] GC(837)   Other: 0.5ms
[2020-04-14T23:38:55.585-0700][gc,heap       ] GC(837) Eden regions: 45->0(47)
[2020-04-14T23:38:55.585-0700][gc,heap       ] GC(837) Survivor regions: 6->4(7)
[2020-04-14T23:38:55.585-0700][gc,heap       ] GC(837) Old regions: 202->204
[2020-04-14T23:38:55.585-0700][gc,heap       ] GC(837) Humongous regions: 130->130
[2020-04-14T23:38:55.585-0700][gc,metaspace  ] GC(837) Metaspace: 28194K->28194K(1075200K)
[2020-04-14T23:38:55.585-0700][gc            ] GC(837) Pause Young (Normal) (G1 Evacuation Pause) 381M->336M(1024M) 36.735ms
[2020-04-14T23:38:55.585-0700][gc,cpu        ] GC(837) User=0.11s Sys=0.00s Real=0.04s
[2020-04-14T23:39:11.131-0700][gc,start      ] GC(838) Pause Young (Normal) (G1 Evacuation Pause)
[2020-04-14T23:39:11.131-0700][gc,task       ] GC(838) Using 4 workers of 4 for evacuation
[2020-04-14T23:39:11.149-0700][gc,phases     ] GC(838)   Pre Evacuate Collection Set: 0.0ms
[2020-04-14T23:39:11.149-0700][gc,phases     ] GC(838)   Evacuate Collection Set: 17.2ms
[2020-04-14T23:39:11.149-0700][gc,phases     ] GC(838)   Post Evacuate Collection Set: 0.6ms
[2020-04-14T23:39:11.149-0700][gc,phases     ] GC(838)   Other: 0.5ms
[2020-04-14T23:39:11.149-0700][gc,heap       ] GC(838) Eden regions: 47->0(47)
[2020-04-14T23:39:11.149-0700][gc,heap       ] GC(838) Survivor regions: 4->4(7)
[2020-04-14T23:39:11.149-0700][gc,heap       ] GC(838) Old regions: 204->204
[2020-04-14T23:39:11.149-0700][gc,heap       ] GC(838) Humongous regions: 130->130
[2020-04-14T23:39:11.149-0700][gc,metaspace  ] GC(838) Metaspace: 28194K->28194K(1075200K)
[2020-04-14T23:39:11.149-0700][gc            ] GC(838) Pause Young (Normal) (G1 Evacuation Pause) 383M->337M(1024M) 18.364ms
[2020-04-14T23:39:11.149-0700][gc,cpu        ] GC(838) User=0.05s Sys=0.00s Real=0.01s
[2020-04-14T23:39:26.603-0700][gc,start      ] GC(839) Pause Young (Normal) (G1 Evacuation Pause)
[2020-04-14T23:39:26.603-0700][gc,task       ] GC(839) Using 4 workers of 4 for evacuation
[2020-04-14T23:39:26.622-0700][gc,phases     ] GC(839)   Pre Evacuate Collection Set: 0.0ms
[2020-04-14T23:39:26.622-0700][gc,phases     ] GC(839)   Evacuate Collection Set: 18.0ms
[2020-04-14T23:39:26.622-0700][gc,phases     ] GC(839)   Post Evacuate Collection Set: 0.5ms
[2020-04-14T23:39:26.622-0700][gc,phases     ] GC(839)   Other: 0.3ms
[2020-04-14T23:39:26.622-0700][gc,heap       ] GC(839) Eden regions: 47->0(47)
[2020-04-14T23:39:26.622-0700][gc,heap       ] GC(839) Survivor regions: 4->4(7)
[2020-04-14T23:39:26.622-0700][gc,heap       ] GC(839) Old regions: 204->204
[2020-04-14T23:39:26.622-0700][gc,heap       ] GC(839) Humongous regions: 130->130
[2020-04-14T23:39:26.622-0700][gc,metaspace  ] GC(839) Metaspace: 28194K->28194K(1075200K)
[2020-04-14T23:39:26.622-0700][gc            ] GC(839) Pause Young (Normal) (G1 Evacuation Pause) 384M->337M(1024M) 18.875ms
[2020-04-14T23:39:26.622-0700][gc,cpu        ] GC(839) User=0.04s Sys=0.00s Real=0.02s
[2020-04-14T23:39:42.410-0700][gc,start      ] GC(840) Pause Young (Normal) (G1 Evacuation Pause)
[2020-04-14T23:39:42.410-0700][gc,task       ] GC(840) Using 4 workers of 4 for evacuation
[2020-04-14T23:39:42.422-0700][gc,phases     ] GC(840)   Pre Evacuate Collection Set: 0.0ms
[2020-04-14T23:39:42.422-0700][gc,phases     ] GC(840)   Evacuate Collection Set: 10.8ms
[2020-04-14T23:39:42.422-0700][gc,phases     ] GC(840)   Post Evacuate Collection Set: 0.7ms
[2020-04-14T23:39:42.422-0700][gc,phases     ] GC(840)   Other: 0.2ms
[2020-04-14T23:39:42.422-0700][gc,heap       ] GC(840) Eden regions: 47->0(47)
[2020-04-14T23:39:42.422-0700][gc,heap       ] GC(840) Survivor regions: 4->4(7)
[2020-04-14T23:39:42.422-0700][gc,heap       ] GC(840) Old regions: 204->205
[2020-04-14T23:39:42.422-0700][gc,heap       ] GC(840) Humongous regions: 130->130
[2020-04-14T23:39:42.422-0700][gc,metaspace  ] GC(840) Metaspace: 28194K->28194K(1075200K)
[2020-04-14T23:39:42.422-0700][gc            ] GC(840) Pause Young (Normal) (G1 Evacuation Pause) 384M->337M(1024M) 11.804ms
[2020-04-14T23:39:42.422-0700][gc,cpu        ] GC(840) User=0.04s Sys=0.00s Real=0.01s
[2020-04-14T23:39:57.871-0700][gc,start      ] GC(841) Pause Young (Normal) (G1 Evacuation Pause)
[2020-04-14T23:39:57.871-0700][gc,task       ] GC(841) Using 4 workers of 4 for evacuation
[2020-04-14T23:39:57.903-0700][gc,mmu        ] GC(841) MMU target violated: 21.0ms (20.0ms/21.0ms)
[2020-04-14T23:39:57.903-0700][gc,phases     ] GC(841)   Pre Evacuate Collection Set: 0.1ms
[2020-04-14T23:39:57.903-0700][gc,phases     ] GC(841)   Evacuate Collection Set: 31.2ms
[2020-04-14T23:39:57.903-0700][gc,phases     ] GC(841)   Post Evacuate Collection Set: 0.5ms
[2020-04-14T23:39:57.903-0700][gc,phases     ] GC(841)   Other: 0.5ms
[2020-04-14T23:39:57.903-0700][gc,heap       ] GC(841) Eden regions: 47->0(47)
[2020-04-14T23:39:57.904-0700][gc,heap       ] GC(841) Survivor regions: 4->4(7)
[2020-04-14T23:39:57.904-0700][gc,heap       ] GC(841) Old regions: 205->205
[2020-04-14T23:39:57.904-0700][gc,heap       ] GC(841) Humongous regions: 130->130
[2020-04-14T23:39:57.904-0700][gc,metaspace  ] GC(841) Metaspace: 28194K->28194K(1075200K)
[2020-04-14T23:39:57.904-0700][gc            ] GC(841) Pause Young (Normal) (G1 Evacuation Pause) 384M->338M(1024M) 32.422ms
[2020-04-14T23:39:57.904-0700][gc,cpu        ] GC(841) User=0.10s Sys=0.00s Real=0.03s
[2020-04-14T23:40:13.384-0700][gc,start      ] GC(842) Pause Young (Normal) (G1 Evacuation Pause)
[2020-04-14T23:40:13.384-0700][gc,task       ] GC(842) Using 4 workers of 4 for evacuation
[2020-04-14T23:40:13.410-0700][gc,mmu        ] GC(842) MMU target violated: 21.0ms (20.0ms/21.0ms)
[2020-04-14T23:40:13.410-0700][gc,phases     ] GC(842)   Pre Evacuate Collection Set: 0.0ms
[2020-04-14T23:40:13.410-0700][gc,phases     ] GC(842)   Evacuate Collection Set: 25.1ms
[2020-04-14T23:40:13.410-0700][gc,phases     ] GC(842)   Post Evacuate Collection Set: 0.5ms
[2020-04-14T23:40:13.410-0700][gc,phases     ] GC(842)   Other: 0.4ms
[2020-04-14T23:40:13.410-0700][gc,heap       ] GC(842) Eden regions: 47->0(46)
[2020-04-14T23:40:13.410-0700][gc,heap       ] GC(842) Survivor regions: 4->5(7)
[2020-04-14T23:40:13.410-0700][gc,heap       ] GC(842) Old regions: 205->205
[2020-04-14T23:40:13.410-0700][gc,heap       ] GC(842) Humongous regions: 130->130
[2020-04-14T23:40:13.410-0700][gc,metaspace  ] GC(842) Metaspace: 28194K->28194K(1075200K)
[2020-04-14T23:40:13.410-0700][gc            ] GC(842) Pause Young (Normal) (G1 Evacuation Pause) 385M->338M(1024M) 26.260ms
[2020-04-14T23:40:13.410-0700][gc,cpu        ] GC(842) User=0.09s Sys=0.00s Real=0.03s
[2020-04-14T23:40:28.546-0700][gc,start      ] GC(843) Pause Young (Normal) (G1 Evacuation Pause)
[2020-04-14T23:40:28.546-0700][gc,task       ] GC(843) Using 4 workers of 4 for evacuation
[2020-04-14T23:40:28.587-0700][gc,mmu        ] GC(843) MMU target violated: 21.0ms (20.0ms/21.0ms)
[2020-04-14T23:40:28.587-0700][gc,phases     ] GC(843)   Pre Evacuate Collection Set: 0.1ms
[2020-04-14T23:40:28.587-0700][gc,phases     ] GC(843)   Evacuate Collection Set: 39.9ms
[2020-04-14T23:40:28.587-0700][gc,phases     ] GC(843)   Post Evacuate Collection Set: 0.6ms
[2020-04-14T23:40:28.587-0700][gc,phases     ] GC(843)   Other: 0.8ms
[2020-04-14T23:40:28.587-0700][gc,heap       ] GC(843) Eden regions: 46->0(47)
[2020-04-14T23:40:28.587-0700][gc,heap       ] GC(843) Survivor regions: 5->4(7)
[2020-04-14T23:40:28.587-0700][gc,heap       ] GC(843) Old regions: 205->205
[2020-04-14T23:40:28.587-0700][gc,heap       ] GC(843) Humongous regions: 130->130
[2020-04-14T23:40:28.587-0700][gc,metaspace  ] GC(843) Metaspace: 28194K->28194K(1075200K)
[2020-04-14T23:40:28.587-0700][gc            ] GC(843) Pause Young (Normal) (G1 Evacuation Pause) 384M->338M(1024M) 41.590ms
[2020-04-14T23:40:28.587-0700][gc,cpu        ] GC(843) User=0.12s Sys=0.00s Real=0.04s
[2020-04-14T23:40:44.152-0700][gc,start      ] GC(844) Pause Young (Normal) (G1 Evacuation Pause)
[2020-04-14T23:40:44.152-0700][gc,task       ] GC(844) Using 4 workers of 4 for evacuation
[2020-04-14T23:40:44.180-0700][gc,mmu        ] GC(844) MMU target violated: 21.0ms (20.0ms/21.0ms)
[2020-04-14T23:40:44.181-0700][gc,phases     ] GC(844)   Pre Evacuate Collection Set: 0.1ms
[2020-04-14T23:40:44.181-0700][gc,phases     ] GC(844)   Evacuate Collection Set: 27.9ms
[2020-04-14T23:40:44.181-0700][gc,phases     ] GC(844)   Post Evacuate Collection Set: 0.3ms
[2020-04-14T23:40:44.181-0700][gc,phases     ] GC(844)   Other: 0.6ms
[2020-04-14T23:40:44.181-0700][gc,heap       ] GC(844) Eden regions: 47->0(47)
[2020-04-14T23:40:44.181-0700][gc,heap       ] GC(844) Survivor regions: 4->4(7)
[2020-04-14T23:40:44.181-0700][gc,heap       ] GC(844) Old regions: 205->206
[2020-04-14T23:40:44.181-0700][gc,heap       ] GC(844) Humongous regions: 130->130
[2020-04-14T23:40:44.181-0700][gc,metaspace  ] GC(844) Metaspace: 28194K->28194K(1075200K)
[2020-04-14T23:40:44.181-0700][gc            ] GC(844) Pause Young (Normal) (G1 Evacuation Pause) 385M->339M(1024M) 28.919ms
[2020-04-14T23:40:44.181-0700][gc,cpu        ] GC(844) User=0.07s Sys=0.00s Real=0.03s
[2020-04-14T23:40:59.698-0700][gc,start      ] GC(845) Pause Young (Normal) (G1 Evacuation Pause)
[2020-04-14T23:40:59.698-0700][gc,task       ] GC(845) Using 4 workers of 4 for evacuation
[2020-04-14T23:40:59.736-0700][gc,mmu        ] GC(845) MMU target violated: 21.0ms (20.0ms/21.0ms)
[2020-04-14T23:40:59.736-0700][gc,phases     ] GC(845)   Pre Evacuate Collection Set: 0.0ms
[2020-04-14T23:40:59.736-0700][gc,phases     ] GC(845)   Evacuate Collection Set: 37.1ms
[2020-04-14T23:40:59.736-0700][gc,phases     ] GC(845)   Post Evacuate Collection Set: 0.6ms
[2020-04-14T23:40:59.736-0700][gc,phases     ] GC(845)   Other: 0.5ms
[2020-04-14T23:40:59.736-0700][gc,heap       ] GC(845) Eden regions: 47->0(47)
[2020-04-14T23:40:59.736-0700][gc,heap       ] GC(845) Survivor regions: 4->4(7)
[2020-04-14T23:40:59.736-0700][gc,heap       ] GC(845) Old regions: 206->206
[2020-04-14T23:40:59.736-0700][gc,heap       ] GC(845) Humongous regions: 130->130
[2020-04-14T23:40:59.736-0700][gc,metaspace  ] GC(845) Metaspace: 28194K->28194K(1075200K)
[2020-04-14T23:40:59.736-0700][gc            ] GC(845) Pause Young (Normal) (G1 Evacuation Pause) 386M->339M(1024M) 38.468ms
[2020-04-14T23:40:59.736-0700][gc,cpu        ] GC(845) User=0.10s Sys=0.00s Real=0.03s
[2020-04-14T23:41:15.276-0700][gc,start      ] GC(846) Pause Young (Normal) (G1 Evacuation Pause)
[2020-04-14T23:41:15.276-0700][gc,task       ] GC(846) Using 4 workers of 4 for evacuation
[2020-04-14T23:41:15.307-0700][gc,mmu        ] GC(846) MMU target violated: 21.0ms (20.0ms/21.0ms)
[2020-04-14T23:41:15.308-0700][gc,phases     ] GC(846)   Pre Evacuate Collection Set: 0.0ms
[2020-04-14T23:41:15.308-0700][gc,phases     ] GC(846)   Evacuate Collection Set: 30.6ms
[2020-04-14T23:41:15.308-0700][gc,phases     ] GC(846)   Post Evacuate Collection Set: 0.5ms
[2020-04-14T23:41:15.308-0700][gc,phases     ] GC(846)   Other: 0.5ms
[2020-04-14T23:41:15.308-0700][gc,heap       ] GC(846) Eden regions: 47->0(47)
[2020-04-14T23:41:15.308-0700][gc,heap       ] GC(846) Survivor regions: 4->4(7)
[2020-04-14T23:41:15.308-0700][gc,heap       ] GC(846) Old regions: 206->207
[2020-04-14T23:41:15.308-0700][gc,heap       ] GC(846) Humongous regions: 130->130
[2020-04-14T23:41:15.308-0700][gc,metaspace  ] GC(846) Metaspace: 28194K->28194K(1075200K)
[2020-04-14T23:41:15.308-0700][gc            ] GC(846) Pause Young (Normal) (G1 Evacuation Pause) 386M->340M(1024M) 31.916ms
[2020-04-14T23:41:15.308-0700][gc,cpu        ] GC(846) User=0.10s Sys=0.00s Real=0.03s
[2020-04-14T23:41:30.815-0700][gc,start      ] GC(847) Pause Young (Normal) (G1 Evacuation Pause)
[2020-04-14T23:41:30.815-0700][gc,task       ] GC(847) Using 4 workers of 4 for evacuation
[2020-04-14T23:41:30.856-0700][gc,mmu        ] GC(847) MMU target violated: 21.0ms (20.0ms/21.0ms)
[2020-04-14T23:41:30.856-0700][gc,phases     ] GC(847)   Pre Evacuate Collection Set: 0.1ms
[2020-04-14T23:41:30.856-0700][gc,phases     ] GC(847)   Evacuate Collection Set: 39.8ms
[2020-04-14T23:41:30.856-0700][gc,phases     ] GC(847)   Post Evacuate Collection Set: 0.5ms
[2020-04-14T23:41:30.856-0700][gc,phases     ] GC(847)   Other: 0.6ms
[2020-04-14T23:41:30.856-0700][gc,heap       ] GC(847) Eden regions: 47->0(46)
[2020-04-14T23:41:30.856-0700][gc,heap       ] GC(847) Survivor regions: 4->5(7)
[2020-04-14T23:41:30.856-0700][gc,heap       ] GC(847) Old regions: 207->207
[2020-04-14T23:41:30.856-0700][gc,heap       ] GC(847) Humongous regions: 130->130
[2020-04-14T23:41:30.856-0700][gc,metaspace  ] GC(847) Metaspace: 28194K->28194K(1075200K)
[2020-04-14T23:41:30.856-0700][gc            ] GC(847) Pause Young (Normal) (G1 Evacuation Pause) 387M->340M(1024M) 41.054ms
[2020-04-14T23:41:30.856-0700][gc,cpu        ] GC(847) User=0.12s Sys=0.00s Real=0.04s
[2020-04-14T23:41:45.976-0700][gc,start      ] GC(848) Pause Young (Normal) (G1 Evacuation Pause)
[2020-04-14T23:41:45.976-0700][gc,task       ] GC(848) Using 4 workers of 4 for evacuation
[2020-04-14T23:41:46.012-0700][gc,mmu        ] GC(848) MMU target violated: 21.0ms (20.0ms/21.0ms)
[2020-04-14T23:41:46.012-0700][gc,phases     ] GC(848)   Pre Evacuate Collection Set: 0.1ms
[2020-04-14T23:41:46.012-0700][gc,phases     ] GC(848)   Evacuate Collection Set: 34.8ms
[2020-04-14T23:41:46.012-0700][gc,phases     ] GC(848)   Post Evacuate Collection Set: 0.6ms
[2020-04-14T23:41:46.012-0700][gc,phases     ] GC(848)   Other: 0.6ms
[2020-04-14T23:41:46.012-0700][gc,heap       ] GC(848) Eden regions: 46->0(45)
[2020-04-14T23:41:46.012-0700][gc,heap       ] GC(848) Survivor regions: 5->6(7)
[2020-04-14T23:41:46.012-0700][gc,heap       ] GC(848) Old regions: 207->207
[2020-04-14T23:41:46.012-0700][gc,heap       ] GC(848) Humongous regions: 130->130
[2020-04-14T23:41:46.012-0700][gc,metaspace  ] GC(848) Metaspace: 28194K->28194K(1075200K)
[2020-04-14T23:41:46.012-0700][gc            ] GC(848) Pause Young (Normal) (G1 Evacuation Pause) 386M->342M(1024M) 36.602ms
[2020-04-14T23:41:46.012-0700][gc,cpu        ] GC(848) User=0.12s Sys=0.00s Real=0.04s
[2020-04-14T23:42:00.874-0700][gc,start      ] GC(849) Pause Young (Normal) (G1 Evacuation Pause)
[2020-04-14T23:42:00.874-0700][gc,task       ] GC(849) Using 4 workers of 4 for evacuation
[2020-04-14T23:42:00.905-0700][gc,mmu        ] GC(849) MMU target violated: 21.0ms (20.0ms/21.0ms)
[2020-04-14T23:42:00.905-0700][gc,phases     ] GC(849)   Pre Evacuate Collection Set: 0.0ms
[2020-04-14T23:42:00.905-0700][gc,phases     ] GC(849)   Evacuate Collection Set: 30.1ms
[2020-04-14T23:42:00.905-0700][gc,phases     ] GC(849)   Post Evacuate Collection Set: 0.5ms
[2020-04-14T23:42:00.905-0700][gc,phases     ] GC(849)   Other: 0.5ms
[2020-04-14T23:42:00.905-0700][gc,heap       ] GC(849) Eden regions: 45->0(47)
[2020-04-14T23:42:00.905-0700][gc,heap       ] GC(849) Survivor regions: 6->4(7)
[2020-04-14T23:42:00.905-0700][gc,heap       ] GC(849) Old regions: 207->209
[2020-04-14T23:42:00.905-0700][gc,heap       ] GC(849) Humongous regions: 130->130
[2020-04-14T23:42:00.905-0700][gc,metaspace  ] GC(849) Metaspace: 28194K->28194K(1075200K)
[2020-04-14T23:42:00.905-0700][gc            ] GC(849) Pause Young (Normal) (G1 Evacuation Pause) 387M->342M(1024M) 31.236ms
[2020-04-14T23:42:00.905-0700][gc,cpu        ] GC(849) User=0.11s Sys=0.00s Real=0.03s
[2020-04-14T23:42:16.408-0700][gc,start      ] GC(850) Pause Young (Normal) (G1 Evacuation Pause)
[2020-04-14T23:42:16.408-0700][gc,task       ] GC(850) Using 4 workers of 4 for evacuation
[2020-04-14T23:42:16.437-0700][gc,mmu        ] GC(850) MMU target violated: 21.0ms (20.0ms/21.0ms)
[2020-04-14T23:42:16.437-0700][gc,phases     ] GC(850)   Pre Evacuate Collection Set: 0.1ms
[2020-04-14T23:42:16.437-0700][gc,phases     ] GC(850)   Evacuate Collection Set: 27.3ms
[2020-04-14T23:42:16.437-0700][gc,phases     ] GC(850)   Post Evacuate Collection Set: 0.6ms
[2020-04-14T23:42:16.437-0700][gc,phases     ] GC(850)   Other: 0.6ms
[2020-04-14T23:42:16.437-0700][gc,heap       ] GC(850) Eden regions: 47->0(47)
[2020-04-14T23:42:16.437-0700][gc,heap       ] GC(850) Survivor regions: 4->4(7)
[2020-04-14T23:42:16.437-0700][gc,heap       ] GC(850) Old regions: 209->209
[2020-04-14T23:42:16.437-0700][gc,heap       ] GC(850) Humongous regions: 130->130
[2020-04-14T23:42:16.437-0700][gc,metaspace  ] GC(850) Metaspace: 28194K->28194K(1075200K)
[2020-04-14T23:42:16.437-0700][gc            ] GC(850) Pause Young (Normal) (G1 Evacuation Pause) 389M->342M(1024M) 28.625ms
[2020-04-14T23:42:16.437-0700][gc,cpu        ] GC(850) User=0.10s Sys=0.00s Real=0.03s
[2020-04-14T23:42:32.024-0700][gc,start      ] GC(851) Pause Young (Normal) (G1 Evacuation Pause)
[2020-04-14T23:42:32.024-0700][gc,task       ] GC(851) Using 4 workers of 4 for evacuation
[2020-04-14T23:42:32.056-0700][gc,mmu        ] GC(851) MMU target violated: 21.0ms (20.0ms/21.0ms)
[2020-04-14T23:42:32.056-0700][gc,phases     ] GC(851)   Pre Evacuate Collection Set: 0.0ms
[2020-04-14T23:42:32.056-0700][gc,phases     ] GC(851)   Evacuate Collection Set: 30.9ms
[2020-04-14T23:42:32.056-0700][gc,phases     ] GC(851)   Post Evacuate Collection Set: 0.6ms
[2020-04-14T23:42:32.056-0700][gc,phases     ] GC(851)   Other: 0.4ms
[2020-04-14T23:42:32.056-0700][gc,heap       ] GC(851) Eden regions: 47->0(47)
[2020-04-14T23:42:32.056-0700][gc,heap       ] GC(851) Survivor regions: 4->4(7)
[2020-04-14T23:42:32.056-0700][gc,heap       ] GC(851) Old regions: 209->209
[2020-04-14T23:42:32.056-0700][gc,heap       ] GC(851) Humongous regions: 130->130
[2020-04-14T23:42:32.056-0700][gc,metaspace  ] GC(851) Metaspace: 28194K->28194K(1075200K)
[2020-04-14T23:42:32.056-0700][gc            ] GC(851) Pause Young (Normal) (G1 Evacuation Pause) 389M->342M(1024M) 32.136ms
[2020-04-14T23:42:32.057-0700][gc,cpu        ] GC(851) User=0.09s Sys=0.00s Real=0.03s
[2020-04-14T23:42:47.521-0700][gc,start      ] GC(852) Pause Young (Normal) (G1 Evacuation Pause)
[2020-04-14T23:42:47.521-0700][gc,task       ] GC(852) Using 4 workers of 4 for evacuation
[2020-04-14T23:42:47.529-0700][gc,phases     ] GC(852)   Pre Evacuate Collection Set: 0.0ms
[2020-04-14T23:42:47.529-0700][gc,phases     ] GC(852)   Evacuate Collection Set: 7.7ms
[2020-04-14T23:42:47.529-0700][gc,phases     ] GC(852)   Post Evacuate Collection Set: 0.4ms
[2020-04-14T23:42:47.529-0700][gc,phases     ] GC(852)   Other: 0.2ms
[2020-04-14T23:42:47.529-0700][gc,heap       ] GC(852) Eden regions: 47->0(47)
[2020-04-14T23:42:47.529-0700][gc,heap       ] GC(852) Survivor regions: 4->4(7)
[2020-04-14T23:42:47.529-0700][gc,heap       ] GC(852) Old regions: 209->210
[2020-04-14T23:42:47.529-0700][gc,heap       ] GC(852) Humongous regions: 130->130
[2020-04-14T23:42:47.529-0700][gc,metaspace  ] GC(852) Metaspace: 28194K->28194K(1075200K)
[2020-04-14T23:42:47.529-0700][gc            ] GC(852) Pause Young (Normal) (G1 Evacuation Pause) 389M->343M(1024M) 8.447ms
[2020-04-14T23:42:47.529-0700][gc,cpu        ] GC(852) User=0.03s Sys=0.00s Real=0.01s
[2020-04-14T23:43:03.040-0700][gc,start      ] GC(853) Pause Young (Normal) (G1 Evacuation Pause)
[2020-04-14T23:43:03.040-0700][gc,task       ] GC(853) Using 4 workers of 4 for evacuation
[2020-04-14T23:43:03.080-0700][gc,mmu        ] GC(853) MMU target violated: 21.0ms (20.0ms/21.0ms)
[2020-04-14T23:43:03.080-0700][gc,phases     ] GC(853)   Pre Evacuate Collection Set: 0.1ms
[2020-04-14T23:43:03.080-0700][gc,phases     ] GC(853)   Evacuate Collection Set: 39.1ms
[2020-04-14T23:43:03.080-0700][gc,phases     ] GC(853)   Post Evacuate Collection Set: 0.4ms
[2020-04-14T23:43:03.080-0700][gc,phases     ] GC(853)   Other: 0.7ms
[2020-04-14T23:43:03.080-0700][gc,heap       ] GC(853) Eden regions: 47->0(47)
[2020-04-14T23:43:03.080-0700][gc,heap       ] GC(853) Survivor regions: 4->4(7)
[2020-04-14T23:43:03.080-0700][gc,heap       ] GC(853) Old regions: 210->210
[2020-04-14T23:43:03.080-0700][gc,heap       ] GC(853) Humongous regions: 130->130
[2020-04-14T23:43:03.080-0700][gc,metaspace  ] GC(853) Metaspace: 28194K->28194K(1075200K)
[2020-04-14T23:43:03.080-0700][gc            ] GC(853) Pause Young (Normal) (G1 Evacuation Pause) 390M->343M(1024M) 40.241ms
[2020-04-14T23:43:03.080-0700][gc,cpu        ] GC(853) User=0.09s Sys=0.00s Real=0.04s
[2020-04-14T23:43:18.599-0700][gc,start      ] GC(854) Pause Young (Normal) (G1 Evacuation Pause)
[2020-04-14T23:43:18.599-0700][gc,task       ] GC(854) Using 4 workers of 4 for evacuation
[2020-04-14T23:43:18.631-0700][gc,mmu        ] GC(854) MMU target violated: 21.0ms (20.0ms/21.0ms)
[2020-04-14T23:43:18.631-0700][gc,phases     ] GC(854)   Pre Evacuate Collection Set: 0.0ms
[2020-04-14T23:43:18.631-0700][gc,phases     ] GC(854)   Evacuate Collection Set: 30.9ms
[2020-04-14T23:43:18.631-0700][gc,phases     ] GC(854)   Post Evacuate Collection Set: 0.6ms
[2020-04-14T23:43:18.631-0700][gc,phases     ] GC(854)   Other: 0.5ms
[2020-04-14T23:43:18.631-0700][gc,heap       ] GC(854) Eden regions: 47->0(47)
[2020-04-14T23:43:18.631-0700][gc,heap       ] GC(854) Survivor regions: 4->4(7)
[2020-04-14T23:43:18.631-0700][gc,heap       ] GC(854) Old regions: 210->211
[2020-04-14T23:43:18.631-0700][gc,heap       ] GC(854) Humongous regions: 130->130
[2020-04-14T23:43:18.631-0700][gc,metaspace  ] GC(854) Metaspace: 28194K->28194K(1075200K)
[2020-04-14T23:43:18.631-0700][gc            ] GC(854) Pause Young (Normal) (G1 Evacuation Pause) 390M->343M(1024M) 32.183ms
[2020-04-14T23:43:18.631-0700][gc,cpu        ] GC(854) User=0.09s Sys=0.00s Real=0.03s
[2020-04-14T23:43:34.130-0700][gc,start      ] GC(855) Pause Young (Normal) (G1 Evacuation Pause)
[2020-04-14T23:43:34.130-0700][gc,task       ] GC(855) Using 4 workers of 4 for evacuation
[2020-04-14T23:43:34.160-0700][gc,mmu        ] GC(855) MMU target violated: 21.0ms (20.0ms/21.0ms)
[2020-04-14T23:43:34.160-0700][gc,phases     ] GC(855)   Pre Evacuate Collection Set: 0.0ms
[2020-04-14T23:43:34.160-0700][gc,phases     ] GC(855)   Evacuate Collection Set: 29.5ms
[2020-04-14T23:43:34.161-0700][gc,phases     ] GC(855)   Post Evacuate Collection Set: 0.6ms
[2020-04-14T23:43:34.161-0700][gc,phases     ] GC(855)   Other: 0.8ms
[2020-04-14T23:43:34.161-0700][gc,heap       ] GC(855) Eden regions: 47->0(46)
[2020-04-14T23:43:34.161-0700][gc,heap       ] GC(855) Survivor regions: 4->5(7)
[2020-04-14T23:43:34.161-0700][gc,heap       ] GC(855) Old regions: 211->211
[2020-04-14T23:43:34.161-0700][gc,heap       ] GC(855) Humongous regions: 130->130
[2020-04-14T23:43:34.161-0700][gc,metaspace  ] GC(855) Metaspace: 28194K->28194K(1075200K)
[2020-04-14T23:43:34.161-0700][gc            ] GC(855) Pause Young (Normal) (G1 Evacuation Pause) 390M->344M(1024M) 31.077ms
[2020-04-14T23:43:34.161-0700][gc,cpu        ] GC(855) User=0.09s Sys=0.01s Real=0.03s
[2020-04-14T23:43:49.574-0700][gc,start      ] GC(856) Pause Young (Normal) (G1 Evacuation Pause)
[2020-04-14T23:43:49.574-0700][gc,task       ] GC(856) Using 4 workers of 4 for evacuation
[2020-04-14T23:43:49.604-0700][gc,mmu        ] GC(856) MMU target violated: 21.0ms (20.0ms/21.0ms)
[2020-04-14T23:43:49.604-0700][gc,phases     ] GC(856)   Pre Evacuate Collection Set: 0.0ms
[2020-04-14T23:43:49.604-0700][gc,phases     ] GC(856)   Evacuate Collection Set: 28.3ms
[2020-04-14T23:43:49.604-0700][gc,phases     ] GC(856)   Post Evacuate Collection Set: 0.6ms
[2020-04-14T23:43:49.604-0700][gc,phases     ] GC(856)   Other: 0.5ms
[2020-04-14T23:43:49.604-0700][gc,heap       ] GC(856) Eden regions: 46->0(47)
[2020-04-14T23:43:49.604-0700][gc,heap       ] GC(856) Survivor regions: 5->4(7)
[2020-04-14T23:43:49.604-0700][gc,heap       ] GC(856) Old regions: 211->211
[2020-04-14T23:43:49.604-0700][gc,heap       ] GC(856) Humongous regions: 130->130
[2020-04-14T23:43:49.604-0700][gc,metaspace  ] GC(856) Metaspace: 28194K->28194K(1075200K)
[2020-04-14T23:43:49.604-0700][gc            ] GC(856) Pause Young (Normal) (G1 Evacuation Pause) 390M->344M(1024M) 29.586ms
[2020-04-14T23:43:49.604-0700][gc,cpu        ] GC(856) User=0.11s Sys=0.00s Real=0.03s
[2020-04-14T23:44:05.110-0700][gc,start      ] GC(857) Pause Young (Normal) (G1 Evacuation Pause)
[2020-04-14T23:44:05.110-0700][gc,task       ] GC(857) Using 4 workers of 4 for evacuation
[2020-04-14T23:44:05.137-0700][gc,mmu        ] GC(857) MMU target violated: 21.0ms (20.0ms/21.0ms)
[2020-04-14T23:44:05.137-0700][gc,phases     ] GC(857)   Pre Evacuate Collection Set: 0.0ms
[2020-04-14T23:44:05.137-0700][gc,phases     ] GC(857)   Evacuate Collection Set: 26.2ms
[2020-04-14T23:44:05.137-0700][gc,phases     ] GC(857)   Post Evacuate Collection Set: 0.4ms
[2020-04-14T23:44:05.137-0700][gc,phases     ] GC(857)   Other: 0.4ms
[2020-04-14T23:44:05.137-0700][gc,heap       ] GC(857) Eden regions: 47->0(47)
[2020-04-14T23:44:05.137-0700][gc,heap       ] GC(857) Survivor regions: 4->4(7)
[2020-04-14T23:44:05.137-0700][gc,heap       ] GC(857) Old regions: 211->211
[2020-04-14T23:44:05.137-0700][gc,heap       ] GC(857) Humongous regions: 130->130
[2020-04-14T23:44:05.137-0700][gc,metaspace  ] GC(857) Metaspace: 28194K->28194K(1075200K)
[2020-04-14T23:44:05.137-0700][gc            ] GC(857) Pause Young (Normal) (G1 Evacuation Pause) 391M->344M(1024M) 27.222ms
[2020-04-14T23:44:05.137-0700][gc,cpu        ] GC(857) User=0.09s Sys=0.00s Real=0.02s
[2020-04-14T23:44:21.398-0700][gc,start      ] GC(858) Pause Young (Normal) (G1 Evacuation Pause)
[2020-04-14T23:44:21.398-0700][gc,task       ] GC(858) Using 4 workers of 4 for evacuation
[2020-04-14T23:44:21.428-0700][gc,mmu        ] GC(858) MMU target violated: 21.0ms (20.0ms/21.0ms)
[2020-04-14T23:44:21.428-0700][gc,phases     ] GC(858)   Pre Evacuate Collection Set: 0.1ms
[2020-04-14T23:44:21.428-0700][gc,phases     ] GC(858)   Evacuate Collection Set: 28.8ms
[2020-04-14T23:44:21.428-0700][gc,phases     ] GC(858)   Post Evacuate Collection Set: 0.6ms
[2020-04-14T23:44:21.428-0700][gc,phases     ] GC(858)   Other: 0.7ms
[2020-04-14T23:44:21.428-0700][gc,heap       ] GC(858) Eden regions: 47->0(47)
[2020-04-14T23:44:21.428-0700][gc,heap       ] GC(858) Survivor regions: 4->4(7)
[2020-04-14T23:44:21.428-0700][gc,heap       ] GC(858) Old regions: 211->212
[2020-04-14T23:44:21.428-0700][gc,heap       ] GC(858) Humongous regions: 130->130
[2020-04-14T23:44:21.428-0700][gc,metaspace  ] GC(858) Metaspace: 28194K->28194K(1075200K)
[2020-04-14T23:44:21.428-0700][gc            ] GC(858) Pause Young (Normal) (G1 Evacuation Pause) 391M->345M(1024M) 30.276ms
[2020-04-14T23:44:21.428-0700][gc,cpu        ] GC(858) User=0.10s Sys=0.00s Real=0.02s
[2020-04-14T23:44:36.978-0700][gc,start      ] GC(859) Pause Young (Normal) (G1 Evacuation Pause)
[2020-04-14T23:44:36.978-0700][gc,task       ] GC(859) Using 4 workers of 4 for evacuation
[2020-04-14T23:44:37.006-0700][gc,mmu        ] GC(859) MMU target violated: 21.0ms (20.0ms/21.0ms)
[2020-04-14T23:44:37.006-0700][gc,phases     ] GC(859)   Pre Evacuate Collection Set: 0.1ms
[2020-04-14T23:44:37.006-0700][gc,phases     ] GC(859)   Evacuate Collection Set: 26.7ms
[2020-04-14T23:44:37.006-0700][gc,phases     ] GC(859)   Post Evacuate Collection Set: 0.6ms
[2020-04-14T23:44:37.006-0700][gc,phases     ] GC(859)   Other: 0.6ms
[2020-04-14T23:44:37.006-0700][gc,heap       ] GC(859) Eden regions: 47->0(47)
[2020-04-14T23:44:37.006-0700][gc,heap       ] GC(859) Survivor regions: 4->4(7)
[2020-04-14T23:44:37.006-0700][gc,heap       ] GC(859) Old regions: 212->212
[2020-04-14T23:44:37.006-0700][gc,heap       ] GC(859) Humongous regions: 130->130
[2020-04-14T23:44:37.006-0700][gc,metaspace  ] GC(859) Metaspace: 28194K->28194K(1075200K)
[2020-04-14T23:44:37.006-0700][gc            ] GC(859) Pause Young (Normal) (G1 Evacuation Pause) 392M->345M(1024M) 28.045ms
[2020-04-14T23:44:37.006-0700][gc,cpu        ] GC(859) User=0.09s Sys=0.00s Real=0.02s
[2020-04-14T23:44:52.431-0700][gc,start      ] GC(860) Pause Young (Normal) (G1 Evacuation Pause)
[2020-04-14T23:44:52.431-0700][gc,task       ] GC(860) Using 4 workers of 4 for evacuation
[2020-04-14T23:44:52.464-0700][gc,mmu        ] GC(860) MMU target violated: 21.0ms (20.0ms/21.0ms)
[2020-04-14T23:44:52.464-0700][gc,phases     ] GC(860)   Pre Evacuate Collection Set: 0.0ms
[2020-04-14T23:44:52.464-0700][gc,phases     ] GC(860)   Evacuate Collection Set: 32.0ms
[2020-04-14T23:44:52.464-0700][gc,phases     ] GC(860)   Post Evacuate Collection Set: 0.5ms
[2020-04-14T23:44:52.464-0700][gc,phases     ] GC(860)   Other: 0.5ms
[2020-04-14T23:44:52.464-0700][gc,heap       ] GC(860) Eden regions: 47->0(46)
[2020-04-14T23:44:52.464-0700][gc,heap       ] GC(860) Survivor regions: 4->5(7)
[2020-04-14T23:44:52.464-0700][gc,heap       ] GC(860) Old regions: 212->212
[2020-04-14T23:44:52.464-0700][gc,heap       ] GC(860) Humongous regions: 130->130
[2020-04-14T23:44:52.464-0700][gc,metaspace  ] GC(860) Metaspace: 28194K->28194K(1075200K)
[2020-04-14T23:44:52.464-0700][gc            ] GC(860) Pause Young (Normal) (G1 Evacuation Pause) 392M->345M(1024M) 33.217ms
[2020-04-14T23:44:52.464-0700][gc,cpu        ] GC(860) User=0.11s Sys=0.00s Real=0.03s
[2020-04-14T23:45:07.829-0700][gc,start      ] GC(861) Pause Young (Normal) (G1 Evacuation Pause)
[2020-04-14T23:45:07.830-0700][gc,task       ] GC(861) Using 4 workers of 4 for evacuation
[2020-04-14T23:45:07.860-0700][gc,mmu        ] GC(861) MMU target violated: 21.0ms (20.0ms/21.0ms)
[2020-04-14T23:45:07.860-0700][gc,phases     ] GC(861)   Pre Evacuate Collection Set: 0.0ms
[2020-04-14T23:45:07.860-0700][gc,phases     ] GC(861)   Evacuate Collection Set: 30.0ms
[2020-04-14T23:45:07.860-0700][gc,phases     ] GC(861)   Post Evacuate Collection Set: 0.5ms
[2020-04-14T23:45:07.860-0700][gc,phases     ] GC(861)   Other: 0.4ms
[2020-04-14T23:45:07.860-0700][gc,heap       ] GC(861) Eden regions: 46->0(46)
[2020-04-14T23:45:07.860-0700][gc,heap       ] GC(861) Survivor regions: 5->5(7)
[2020-04-14T23:45:07.860-0700][gc,heap       ] GC(861) Old regions: 212->213
[2020-04-14T23:45:07.860-0700][gc,heap       ] GC(861) Humongous regions: 130->130
[2020-04-14T23:45:07.860-0700][gc,metaspace  ] GC(861) Metaspace: 28194K->28194K(1075200K)
[2020-04-14T23:45:07.860-0700][gc            ] GC(861) Pause Young (Normal) (G1 Evacuation Pause) 391M->347M(1024M) 31.018ms
[2020-04-14T23:45:07.860-0700][gc,cpu        ] GC(861) User=0.11s Sys=0.00s Real=0.03s
[2020-04-14T23:45:23.045-0700][gc,start      ] GC(862) Pause Young (Normal) (G1 Evacuation Pause)
[2020-04-14T23:45:23.045-0700][gc,task       ] GC(862) Using 4 workers of 4 for evacuation
[2020-04-14T23:45:23.083-0700][gc,mmu        ] GC(862) MMU target violated: 21.0ms (20.0ms/21.0ms)
[2020-04-14T23:45:23.083-0700][gc,phases     ] GC(862)   Pre Evacuate Collection Set: 0.1ms
[2020-04-14T23:45:23.083-0700][gc,phases     ] GC(862)   Evacuate Collection Set: 36.9ms
[2020-04-14T23:45:23.083-0700][gc,phases     ] GC(862)   Post Evacuate Collection Set: 0.6ms
[2020-04-14T23:45:23.083-0700][gc,phases     ] GC(862)   Other: 0.6ms
[2020-04-14T23:45:23.083-0700][gc,heap       ] GC(862) Eden regions: 46->0(47)
[2020-04-14T23:45:23.083-0700][gc,heap       ] GC(862) Survivor regions: 5->4(7)
[2020-04-14T23:45:23.083-0700][gc,heap       ] GC(862) Old regions: 213->214
[2020-04-14T23:45:23.083-0700][gc,heap       ] GC(862) Humongous regions: 130->130
[2020-04-14T23:45:23.083-0700][gc,metaspace  ] GC(862) Metaspace: 28194K->28194K(1075200K)
[2020-04-14T23:45:23.083-0700][gc            ] GC(862) Pause Young (Normal) (G1 Evacuation Pause) 393M->347M(1024M) 38.402ms
[2020-04-14T23:45:23.083-0700][gc,cpu        ] GC(862) User=0.12s Sys=0.00s Real=0.04s
[2020-04-14T23:45:38.706-0700][gc,start      ] GC(863) Pause Young (Normal) (G1 Evacuation Pause)
[2020-04-14T23:45:38.706-0700][gc,task       ] GC(863) Using 4 workers of 4 for evacuation
[2020-04-14T23:45:38.743-0700][gc,mmu        ] GC(863) MMU target violated: 21.0ms (20.0ms/21.0ms)
[2020-04-14T23:45:38.743-0700][gc,phases     ] GC(863)   Pre Evacuate Collection Set: 0.0ms
[2020-04-14T23:45:38.743-0700][gc,phases     ] GC(863)   Evacuate Collection Set: 35.7ms
[2020-04-14T23:45:38.743-0700][gc,phases     ] GC(863)   Post Evacuate Collection Set: 0.5ms
[2020-04-14T23:45:38.743-0700][gc,phases     ] GC(863)   Other: 0.5ms
[2020-04-14T23:45:38.743-0700][gc,heap       ] GC(863) Eden regions: 47->0(46)
[2020-04-14T23:45:38.743-0700][gc,heap       ] GC(863) Survivor regions: 4->5(7)
[2020-04-14T23:45:38.743-0700][gc,heap       ] GC(863) Old regions: 214->214
[2020-04-14T23:45:38.743-0700][gc,heap       ] GC(863) Humongous regions: 130->130
[2020-04-14T23:45:38.743-0700][gc,metaspace  ] GC(863) Metaspace: 28194K->28194K(1075200K)
[2020-04-14T23:45:38.743-0700][gc            ] GC(863) Pause Young (Normal) (G1 Evacuation Pause) 394M->348M(1024M) 36.988ms
[2020-04-14T23:45:38.743-0700][gc,cpu        ] GC(863) User=0.10s Sys=0.00s Real=0.04s
[2020-04-14T23:45:53.857-0700][gc,start      ] GC(864) Pause Young (Normal) (G1 Evacuation Pause)
[2020-04-14T23:45:53.857-0700][gc,task       ] GC(864) Using 4 workers of 4 for evacuation
[2020-04-14T23:45:53.886-0700][gc,mmu        ] GC(864) MMU target violated: 21.0ms (20.0ms/21.0ms)
[2020-04-14T23:45:53.886-0700][gc,phases     ] GC(864)   Pre Evacuate Collection Set: 0.1ms
[2020-04-14T23:45:53.886-0700][gc,phases     ] GC(864)   Evacuate Collection Set: 27.4ms
[2020-04-14T23:45:53.886-0700][gc,phases     ] GC(864)   Post Evacuate Collection Set: 0.7ms
[2020-04-14T23:45:53.886-0700][gc,phases     ] GC(864)   Other: 0.7ms
[2020-04-14T23:45:53.886-0700][gc,heap       ] GC(864) Eden regions: 46->0(47)
[2020-04-14T23:45:53.886-0700][gc,heap       ] GC(864) Survivor regions: 5->4(7)
[2020-04-14T23:45:53.886-0700][gc,heap       ] GC(864) Old regions: 214->215
[2020-04-14T23:45:53.886-0700][gc,heap       ] GC(864) Humongous regions: 130->130
[2020-04-14T23:45:53.886-0700][gc,metaspace  ] GC(864) Metaspace: 28194K->28194K(1075200K)
[2020-04-14T23:45:53.886-0700][gc            ] GC(864) Pause Young (Normal) (G1 Evacuation Pause) 394M->348M(1024M) 29.213ms
[2020-04-14T23:45:53.886-0700][gc,cpu        ] GC(864) User=0.10s Sys=0.01s Real=0.03s
[2020-04-14T23:46:09.395-0700][gc,start      ] GC(865) Pause Young (Normal) (G1 Evacuation Pause)
[2020-04-14T23:46:09.395-0700][gc,task       ] GC(865) Using 4 workers of 4 for evacuation
[2020-04-14T23:46:09.426-0700][gc,mmu        ] GC(865) MMU target violated: 21.0ms (20.0ms/21.0ms)
[2020-04-14T23:46:09.426-0700][gc,phases     ] GC(865)   Pre Evacuate Collection Set: 0.0ms
[2020-04-14T23:46:09.426-0700][gc,phases     ] GC(865)   Evacuate Collection Set: 30.0ms
[2020-04-14T23:46:09.426-0700][gc,phases     ] GC(865)   Post Evacuate Collection Set: 0.5ms
[2020-04-14T23:46:09.426-0700][gc,phases     ] GC(865)   Other: 0.4ms
[2020-04-14T23:46:09.426-0700][gc,heap       ] GC(865) Eden regions: 47->0(47)
[2020-04-14T23:46:09.426-0700][gc,heap       ] GC(865) Survivor regions: 4->4(7)
[2020-04-14T23:46:09.426-0700][gc,heap       ] GC(865) Old regions: 215->215
[2020-04-14T23:46:09.426-0700][gc,heap       ] GC(865) Humongous regions: 130->130
[2020-04-14T23:46:09.426-0700][gc,metaspace  ] GC(865) Metaspace: 28194K->28194K(1075200K)
[2020-04-14T23:46:09.426-0700][gc            ] GC(865) Pause Young (Normal) (G1 Evacuation Pause) 395M->348M(1024M) 31.117ms
[2020-04-14T23:46:09.426-0700][gc,cpu        ] GC(865) User=0.11s Sys=0.00s Real=0.03s
[2020-04-14T23:46:24.923-0700][gc,start      ] GC(866) Pause Young (Normal) (G1 Evacuation Pause)
[2020-04-14T23:46:24.923-0700][gc,task       ] GC(866) Using 4 workers of 4 for evacuation
[2020-04-14T23:46:24.960-0700][gc,mmu        ] GC(866) MMU target violated: 21.0ms (20.0ms/21.0ms)
[2020-04-14T23:46:24.960-0700][gc,phases     ] GC(866)   Pre Evacuate Collection Set: 0.1ms
[2020-04-14T23:46:24.960-0700][gc,phases     ] GC(866)   Evacuate Collection Set: 36.0ms
[2020-04-14T23:46:24.960-0700][gc,phases     ] GC(866)   Post Evacuate Collection Set: 0.7ms
[2020-04-14T23:46:24.960-0700][gc,phases     ] GC(866)   Other: 0.7ms
[2020-04-14T23:46:24.960-0700][gc,heap       ] GC(866) Eden regions: 47->0(47)
[2020-04-14T23:46:24.960-0700][gc,heap       ] GC(866) Survivor regions: 4->4(7)
[2020-04-14T23:46:24.961-0700][gc,heap       ] GC(866) Old regions: 215->216
[2020-04-14T23:46:24.961-0700][gc,heap       ] GC(866) Humongous regions: 130->130
[2020-04-14T23:46:24.961-0700][gc,metaspace  ] GC(866) Metaspace: 28194K->28194K(1075200K)
[2020-04-14T23:46:24.961-0700][gc            ] GC(866) Pause Young (Normal) (G1 Evacuation Pause) 395M->348M(1024M) 37.780ms
[2020-04-14T23:46:24.961-0700][gc,cpu        ] GC(866) User=0.11s Sys=0.00s Real=0.04s
[2020-04-14T23:46:40.529-0700][gc,start      ] GC(867) Pause Young (Normal) (G1 Evacuation Pause)
[2020-04-14T23:46:40.530-0700][gc,task       ] GC(867) Using 4 workers of 4 for evacuation
[2020-04-14T23:46:40.559-0700][gc,mmu        ] GC(867) MMU target violated: 21.0ms (20.0ms/21.0ms)
[2020-04-14T23:46:40.559-0700][gc,phases     ] GC(867)   Pre Evacuate Collection Set: 0.1ms
[2020-04-14T23:46:40.559-0700][gc,phases     ] GC(867)   Evacuate Collection Set: 28.6ms
[2020-04-14T23:46:40.559-0700][gc,phases     ] GC(867)   Post Evacuate Collection Set: 0.5ms
[2020-04-14T23:46:40.559-0700][gc,phases     ] GC(867)   Other: 0.5ms
[2020-04-14T23:46:40.559-0700][gc,heap       ] GC(867) Eden regions: 47->0(47)
[2020-04-14T23:46:40.559-0700][gc,heap       ] GC(867) Survivor regions: 4->4(7)
[2020-04-14T23:46:40.559-0700][gc,heap       ] GC(867) Old regions: 216->216
[2020-04-14T23:46:40.559-0700][gc,heap       ] GC(867) Humongous regions: 130->130
[2020-04-14T23:46:40.559-0700][gc,metaspace  ] GC(867) Metaspace: 28194K->28194K(1075200K)
[2020-04-14T23:46:40.559-0700][gc            ] GC(867) Pause Young (Normal) (G1 Evacuation Pause) 395M->349M(1024M) 29.796ms
[2020-04-14T23:46:40.559-0700][gc,cpu        ] GC(867) User=0.10s Sys=0.00s Real=0.03s
[2020-04-14T23:46:56.127-0700][gc,start      ] GC(868) Pause Young (Normal) (G1 Evacuation Pause)
[2020-04-14T23:46:56.128-0700][gc,task       ] GC(868) Using 4 workers of 4 for evacuation
[2020-04-14T23:46:56.157-0700][gc,mmu        ] GC(868) MMU target violated: 21.0ms (20.0ms/21.0ms)
[2020-04-14T23:46:56.157-0700][gc,phases     ] GC(868)   Pre Evacuate Collection Set: 0.1ms
[2020-04-14T23:46:56.157-0700][gc,phases     ] GC(868)   Evacuate Collection Set: 28.1ms
[2020-04-14T23:46:56.157-0700][gc,phases     ] GC(868)   Post Evacuate Collection Set: 0.5ms
[2020-04-14T23:46:56.157-0700][gc,phases     ] GC(868)   Other: 0.8ms
[2020-04-14T23:46:56.157-0700][gc,heap       ] GC(868) Eden regions: 47->0(46)
[2020-04-14T23:46:56.157-0700][gc,heap       ] GC(868) Survivor regions: 4->5(7)
[2020-04-14T23:46:56.157-0700][gc,heap       ] GC(868) Old regions: 216->216
[2020-04-14T23:46:56.157-0700][gc,heap       ] GC(868) Humongous regions: 130->130
[2020-04-14T23:46:56.157-0700][gc,metaspace  ] GC(868) Metaspace: 28194K->28194K(1075200K)
[2020-04-14T23:46:56.157-0700][gc            ] GC(868) Pause Young (Normal) (G1 Evacuation Pause) 396M->349M(1024M) 29.613ms
[2020-04-14T23:46:56.157-0700][gc,cpu        ] GC(868) User=0.10s Sys=0.00s Real=0.03s
[2020-04-14T23:47:11.319-0700][gc,start      ] GC(869) Pause Young (Normal) (G1 Evacuation Pause)
[2020-04-14T23:47:11.319-0700][gc,task       ] GC(869) Using 4 workers of 4 for evacuation
[2020-04-14T23:47:11.350-0700][gc,mmu        ] GC(869) MMU target violated: 21.0ms (20.0ms/21.0ms)
[2020-04-14T23:47:11.350-0700][gc,phases     ] GC(869)   Pre Evacuate Collection Set: 0.1ms
[2020-04-14T23:47:11.350-0700][gc,phases     ] GC(869)   Evacuate Collection Set: 29.0ms
[2020-04-14T23:47:11.350-0700][gc,phases     ] GC(869)   Post Evacuate Collection Set: 0.6ms
[2020-04-14T23:47:11.350-0700][gc,phases     ] GC(869)   Other: 0.6ms
[2020-04-14T23:47:11.350-0700][gc,heap       ] GC(869) Eden regions: 46->0(47)
[2020-04-14T23:47:11.350-0700][gc,heap       ] GC(869) Survivor regions: 5->4(7)
[2020-04-14T23:47:11.350-0700][gc,heap       ] GC(869) Old regions: 216->216
[2020-04-14T23:47:11.350-0700][gc,heap       ] GC(869) Humongous regions: 130->130
[2020-04-14T23:47:11.350-0700][gc,metaspace  ] GC(869) Metaspace: 28194K->28194K(1075200K)
[2020-04-14T23:47:11.350-0700][gc            ] GC(869) Pause Young (Normal) (G1 Evacuation Pause) 395M->349M(1024M) 30.477ms
[2020-04-14T23:47:11.350-0700][gc,cpu        ] GC(869) User=0.10s Sys=0.00s Real=0.03s
[2020-04-14T23:47:26.984-0700][gc,start      ] GC(870) Pause Young (Normal) (G1 Evacuation Pause)
[2020-04-14T23:47:26.984-0700][gc,task       ] GC(870) Using 4 workers of 4 for evacuation
[2020-04-14T23:47:26.996-0700][gc,phases     ] GC(870)   Pre Evacuate Collection Set: 0.0ms
[2020-04-14T23:47:26.996-0700][gc,phases     ] GC(870)   Evacuate Collection Set: 10.9ms
[2020-04-14T23:47:26.996-0700][gc,phases     ] GC(870)   Post Evacuate Collection Set: 0.2ms
[2020-04-14T23:47:26.996-0700][gc,phases     ] GC(870)   Other: 0.2ms
[2020-04-14T23:47:26.996-0700][gc,heap       ] GC(870) Eden regions: 47->0(47)
[2020-04-14T23:47:26.996-0700][gc,heap       ] GC(870) Survivor regions: 4->4(7)
[2020-04-14T23:47:26.996-0700][gc,heap       ] GC(870) Old regions: 216->217
[2020-04-14T23:47:26.996-0700][gc,heap       ] GC(870) Humongous regions: 130->130
[2020-04-14T23:47:26.996-0700][gc,metaspace  ] GC(870) Metaspace: 28194K->28194K(1075200K)
[2020-04-14T23:47:26.996-0700][gc            ] GC(870) Pause Young (Normal) (G1 Evacuation Pause) 396M->350M(1024M) 11.337ms
[2020-04-14T23:47:26.996-0700][gc,cpu        ] GC(870) User=0.03s Sys=0.00s Real=0.01s
[2020-04-14T23:47:42.448-0700][gc,start      ] GC(871) Pause Young (Normal) (G1 Evacuation Pause)
[2020-04-14T23:47:42.449-0700][gc,task       ] GC(871) Using 4 workers of 4 for evacuation
[2020-04-14T23:47:42.482-0700][gc,mmu        ] GC(871) MMU target violated: 21.0ms (20.0ms/21.0ms)
[2020-04-14T23:47:42.482-0700][gc,phases     ] GC(871)   Pre Evacuate Collection Set: 0.1ms
[2020-04-14T23:47:42.483-0700][gc,phases     ] GC(871)   Evacuate Collection Set: 32.9ms
[2020-04-14T23:47:42.483-0700][gc,phases     ] GC(871)   Post Evacuate Collection Set: 0.6ms
[2020-04-14T23:47:42.483-0700][gc,phases     ] GC(871)   Other: 0.6ms
[2020-04-14T23:47:42.483-0700][gc,heap       ] GC(871) Eden regions: 47->0(47)
[2020-04-14T23:47:42.483-0700][gc,heap       ] GC(871) Survivor regions: 4->4(7)
[2020-04-14T23:47:42.483-0700][gc,heap       ] GC(871) Old regions: 217->217
[2020-04-14T23:47:42.483-0700][gc,heap       ] GC(871) Humongous regions: 130->130
[2020-04-14T23:47:42.483-0700][gc,metaspace  ] GC(871) Metaspace: 28194K->28194K(1075200K)
[2020-04-14T23:47:42.483-0700][gc            ] GC(871) Pause Young (Normal) (G1 Evacuation Pause) 397M->350M(1024M) 34.306ms
[2020-04-14T23:47:42.483-0700][gc,cpu        ] GC(871) User=0.10s Sys=0.00s Real=0.04s
[2020-04-14T23:47:58.000-0700][gc,start      ] GC(872) Pause Young (Normal) (G1 Evacuation Pause)
[2020-04-14T23:47:58.000-0700][gc,task       ] GC(872) Using 4 workers of 4 for evacuation
[2020-04-14T23:47:58.053-0700][gc,mmu        ] GC(872) MMU target violated: 21.0ms (20.0ms/21.0ms)
[2020-04-14T23:47:58.053-0700][gc,phases     ] GC(872)   Pre Evacuate Collection Set: 0.1ms
[2020-04-14T23:47:58.053-0700][gc,phases     ] GC(872)   Evacuate Collection Set: 51.6ms
[2020-04-14T23:47:58.053-0700][gc,phases     ] GC(872)   Post Evacuate Collection Set: 0.7ms
[2020-04-14T23:47:58.053-0700][gc,phases     ] GC(872)   Other: 0.6ms
[2020-04-14T23:47:58.053-0700][gc,heap       ] GC(872) Eden regions: 47->0(47)
[2020-04-14T23:47:58.053-0700][gc,heap       ] GC(872) Survivor regions: 4->4(7)
[2020-04-14T23:47:58.053-0700][gc,heap       ] GC(872) Old regions: 217->218
[2020-04-14T23:47:58.053-0700][gc,heap       ] GC(872) Humongous regions: 130->130
[2020-04-14T23:47:58.053-0700][gc,metaspace  ] GC(872) Metaspace: 28194K->28194K(1075200K)
[2020-04-14T23:47:58.053-0700][gc            ] GC(872) Pause Young (Normal) (G1 Evacuation Pause) 397M->351M(1024M) 53.239ms
[2020-04-14T23:47:58.053-0700][gc,cpu        ] GC(872) User=0.11s Sys=0.00s Real=0.05s
[2020-04-14T23:48:13.617-0700][gc,start      ] GC(873) Pause Young (Normal) (G1 Evacuation Pause)
[2020-04-14T23:48:13.617-0700][gc,task       ] GC(873) Using 4 workers of 4 for evacuation
[2020-04-14T23:48:13.649-0700][gc,mmu        ] GC(873) MMU target violated: 21.0ms (20.0ms/21.0ms)
[2020-04-14T23:48:13.650-0700][gc,phases     ] GC(873)   Pre Evacuate Collection Set: 0.0ms
[2020-04-14T23:48:13.650-0700][gc,phases     ] GC(873)   Evacuate Collection Set: 31.6ms
[2020-04-14T23:48:13.650-0700][gc,phases     ] GC(873)   Post Evacuate Collection Set: 0.7ms
[2020-04-14T23:48:13.650-0700][gc,phases     ] GC(873)   Other: 0.5ms
[2020-04-14T23:48:13.650-0700][gc,heap       ] GC(873) Eden regions: 47->0(46)
[2020-04-14T23:48:13.650-0700][gc,heap       ] GC(873) Survivor regions: 4->5(7)
[2020-04-14T23:48:13.650-0700][gc,heap       ] GC(873) Old regions: 218->218
[2020-04-14T23:48:13.650-0700][gc,heap       ] GC(873) Humongous regions: 130->130
[2020-04-14T23:48:13.650-0700][gc,metaspace  ] GC(873) Metaspace: 28194K->28194K(1075200K)
[2020-04-14T23:48:13.650-0700][gc            ] GC(873) Pause Young (Normal) (G1 Evacuation Pause) 398M->351M(1024M) 32.999ms
[2020-04-14T23:48:13.650-0700][gc,cpu        ] GC(873) User=0.10s Sys=0.00s Real=0.04s
[2020-04-14T23:48:28.794-0700][gc,start      ] GC(874) Pause Young (Normal) (G1 Evacuation Pause)
[2020-04-14T23:48:28.794-0700][gc,task       ] GC(874) Using 4 workers of 4 for evacuation
[2020-04-14T23:48:28.843-0700][gc,mmu        ] GC(874) MMU target violated: 21.0ms (20.0ms/21.0ms)
[2020-04-14T23:48:28.843-0700][gc,phases     ] GC(874)   Pre Evacuate Collection Set: 0.1ms
[2020-04-14T23:48:28.843-0700][gc,phases     ] GC(874)   Evacuate Collection Set: 48.0ms
[2020-04-14T23:48:28.843-0700][gc,phases     ] GC(874)   Post Evacuate Collection Set: 0.3ms
[2020-04-14T23:48:28.843-0700][gc,phases     ] GC(874)   Other: 0.5ms
[2020-04-14T23:48:28.843-0700][gc,heap       ] GC(874) Eden regions: 46->0(46)
[2020-04-14T23:48:28.843-0700][gc,heap       ] GC(874) Survivor regions: 5->5(7)
[2020-04-14T23:48:28.843-0700][gc,heap       ] GC(874) Old regions: 218->218
[2020-04-14T23:48:28.843-0700][gc,heap       ] GC(874) Humongous regions: 130->130
[2020-04-14T23:48:28.843-0700][gc,metaspace  ] GC(874) Metaspace: 28194K->28194K(1075200K)
[2020-04-14T23:48:28.843-0700][gc            ] GC(874) Pause Young (Normal) (G1 Evacuation Pause) 397M->352M(1024M) 48.853ms
[2020-04-14T23:48:28.843-0700][gc,cpu        ] GC(874) User=0.15s Sys=0.00s Real=0.05s
[2020-04-14T23:48:43.864-0700][gc,start      ] GC(875) Pause Young (Normal) (G1 Evacuation Pause)
[2020-04-14T23:48:43.864-0700][gc,task       ] GC(875) Using 4 workers of 4 for evacuation
[2020-04-14T23:48:43.903-0700][gc,mmu        ] GC(875) MMU target violated: 21.0ms (20.0ms/21.0ms)
[2020-04-14T23:48:43.903-0700][gc,phases     ] GC(875)   Pre Evacuate Collection Set: 0.1ms
[2020-04-14T23:48:43.903-0700][gc,phases     ] GC(875)   Evacuate Collection Set: 38.0ms
[2020-04-14T23:48:43.903-0700][gc,phases     ] GC(875)   Post Evacuate Collection Set: 0.7ms
[2020-04-14T23:48:43.903-0700][gc,phases     ] GC(875)   Other: 0.6ms
[2020-04-14T23:48:43.903-0700][gc,heap       ] GC(875) Eden regions: 46->0(47)
[2020-04-14T23:48:43.903-0700][gc,heap       ] GC(875) Survivor regions: 5->4(7)
[2020-04-14T23:48:43.903-0700][gc,heap       ] GC(875) Old regions: 218->220
[2020-04-14T23:48:43.903-0700][gc,heap       ] GC(875) Humongous regions: 130->130
[2020-04-14T23:48:43.903-0700][gc,metaspace  ] GC(875) Metaspace: 28194K->28194K(1075200K)
[2020-04-14T23:48:43.903-0700][gc            ] GC(875) Pause Young (Normal) (G1 Evacuation Pause) 398M->353M(1024M) 39.501ms
[2020-04-14T23:48:43.903-0700][gc,cpu        ] GC(875) User=0.11s Sys=0.01s Real=0.04s
[2020-04-14T23:48:59.440-0700][gc,start      ] GC(876) Pause Young (Normal) (G1 Evacuation Pause)
[2020-04-14T23:48:59.440-0700][gc,task       ] GC(876) Using 4 workers of 4 for evacuation
[2020-04-14T23:48:59.471-0700][gc,mmu        ] GC(876) MMU target violated: 21.0ms (20.0ms/21.0ms)
[2020-04-14T23:48:59.471-0700][gc,phases     ] GC(876)   Pre Evacuate Collection Set: 0.0ms
[2020-04-14T23:48:59.471-0700][gc,phases     ] GC(876)   Evacuate Collection Set: 29.7ms
[2020-04-14T23:48:59.471-0700][gc,phases     ] GC(876)   Post Evacuate Collection Set: 0.6ms
[2020-04-14T23:48:59.471-0700][gc,phases     ] GC(876)   Other: 0.5ms
[2020-04-14T23:48:59.471-0700][gc,heap       ] GC(876) Eden regions: 47->0(47)
[2020-04-14T23:48:59.471-0700][gc,heap       ] GC(876) Survivor regions: 4->4(7)
[2020-04-14T23:48:59.471-0700][gc,heap       ] GC(876) Old regions: 220->220
[2020-04-14T23:48:59.471-0700][gc,heap       ] GC(876) Humongous regions: 130->130
[2020-04-14T23:48:59.471-0700][gc,metaspace  ] GC(876) Metaspace: 28194K->28194K(1075200K)
[2020-04-14T23:48:59.471-0700][gc            ] GC(876) Pause Young (Normal) (G1 Evacuation Pause) 400M->353M(1024M) 30.929ms
[2020-04-14T23:48:59.471-0700][gc,cpu        ] GC(876) User=0.09s Sys=0.00s Real=0.03s
[2020-04-14T23:49:14.921-0700][gc,start      ] GC(877) Pause Young (Normal) (G1 Evacuation Pause)
[2020-04-14T23:49:14.921-0700][gc,task       ] GC(877) Using 4 workers of 4 for evacuation
[2020-04-14T23:49:14.951-0700][gc,mmu        ] GC(877) MMU target violated: 21.0ms (20.0ms/21.0ms)
[2020-04-14T23:49:14.951-0700][gc,phases     ] GC(877)   Pre Evacuate Collection Set: 0.0ms
[2020-04-14T23:49:14.951-0700][gc,phases     ] GC(877)   Evacuate Collection Set: 29.0ms
[2020-04-14T23:49:14.951-0700][gc,phases     ] GC(877)   Post Evacuate Collection Set: 0.6ms
[2020-04-14T23:49:14.951-0700][gc,phases     ] GC(877)   Other: 0.4ms
[2020-04-14T23:49:14.951-0700][gc,heap       ] GC(877) Eden regions: 47->0(47)
[2020-04-14T23:49:14.951-0700][gc,heap       ] GC(877) Survivor regions: 4->4(7)
[2020-04-14T23:49:14.951-0700][gc,heap       ] GC(877) Old regions: 220->220
[2020-04-14T23:49:14.951-0700][gc,heap       ] GC(877) Humongous regions: 130->130
[2020-04-14T23:49:14.951-0700][gc,metaspace  ] GC(877) Metaspace: 28194K->28194K(1075200K)
[2020-04-14T23:49:14.951-0700][gc            ] GC(877) Pause Young (Normal) (G1 Evacuation Pause) 400M->353M(1024M) 30.241ms
[2020-04-14T23:49:14.951-0700][gc,cpu        ] GC(877) User=0.10s Sys=0.00s Real=0.03s
[2020-04-14T23:50:27.834-0700][gc,start      ] GC(878) Pause Young (Normal) (G1 Evacuation Pause)
[2020-04-14T23:50:27.834-0700][gc,task       ] GC(878) Using 4 workers of 4 for evacuation
[2020-04-14T23:50:27.858-0700][gc,mmu        ] GC(878) MMU target violated: 21.0ms (20.0ms/21.0ms)
[2020-04-14T23:50:27.858-0700][gc,phases     ] GC(878)   Pre Evacuate Collection Set: 0.1ms
[2020-04-14T23:50:27.858-0700][gc,phases     ] GC(878)   Evacuate Collection Set: 23.0ms
[2020-04-14T23:50:27.858-0700][gc,phases     ] GC(878)   Post Evacuate Collection Set: 0.4ms
[2020-04-14T23:50:27.858-0700][gc,phases     ] GC(878)   Other: 0.5ms
[2020-04-14T23:50:27.858-0700][gc,heap       ] GC(878) Eden regions: 47->0(47)
[2020-04-14T23:50:27.858-0700][gc,heap       ] GC(878) Survivor regions: 4->4(7)
[2020-04-14T23:50:27.858-0700][gc,heap       ] GC(878) Old regions: 220->221
[2020-04-14T23:50:27.858-0700][gc,heap       ] GC(878) Humongous regions: 130->130
[2020-04-14T23:50:27.858-0700][gc,metaspace  ] GC(878) Metaspace: 28199K->28199K(1075200K)
[2020-04-14T23:50:27.858-0700][gc            ] GC(878) Pause Young (Normal) (G1 Evacuation Pause) 400M->353M(1024M) 23.930ms
[2020-04-14T23:50:27.858-0700][gc,cpu        ] GC(878) User=0.06s Sys=0.00s Real=0.03s
[2020-04-14T23:51:12.647-0700][gc,start      ] GC(879) Pause Young (Normal) (G1 Evacuation Pause)
[2020-04-14T23:51:12.647-0700][gc,task       ] GC(879) Using 4 workers of 4 for evacuation
[2020-04-14T23:51:12.678-0700][gc,mmu        ] GC(879) MMU target violated: 21.0ms (20.0ms/21.0ms)
[2020-04-14T23:51:12.678-0700][gc,phases     ] GC(879)   Pre Evacuate Collection Set: 0.0ms
[2020-04-14T23:51:12.678-0700][gc,phases     ] GC(879)   Evacuate Collection Set: 29.2ms
[2020-04-14T23:51:12.678-0700][gc,phases     ] GC(879)   Post Evacuate Collection Set: 0.8ms
[2020-04-14T23:51:12.678-0700][gc,phases     ] GC(879)   Other: 0.5ms
[2020-04-14T23:51:12.678-0700][gc,heap       ] GC(879) Eden regions: 47->0(46)
[2020-04-14T23:51:12.678-0700][gc,heap       ] GC(879) Survivor regions: 4->5(7)
[2020-04-14T23:51:12.678-0700][gc,heap       ] GC(879) Old regions: 221->221
[2020-04-14T23:51:12.678-0700][gc,heap       ] GC(879) Humongous regions: 130->130
[2020-04-14T23:51:12.678-0700][gc,metaspace  ] GC(879) Metaspace: 28206K->28206K(1075200K)
[2020-04-14T23:51:12.678-0700][gc            ] GC(879) Pause Young (Normal) (G1 Evacuation Pause) 400M->354M(1024M) 30.678ms
[2020-04-14T23:51:12.678-0700][gc,cpu        ] GC(879) User=0.10s Sys=0.00s Real=0.04s
[2020-04-14T23:51:27.616-0700][gc,start      ] GC(880) Pause Young (Normal) (G1 Evacuation Pause)
[2020-04-14T23:51:27.616-0700][gc,task       ] GC(880) Using 4 workers of 4 for evacuation
[2020-04-14T23:51:27.648-0700][gc,mmu        ] GC(880) MMU target violated: 21.0ms (20.0ms/21.0ms)
[2020-04-14T23:51:27.648-0700][gc,phases     ] GC(880)   Pre Evacuate Collection Set: 0.0ms
[2020-04-14T23:51:27.648-0700][gc,phases     ] GC(880)   Evacuate Collection Set: 30.5ms
[2020-04-14T23:51:27.648-0700][gc,phases     ] GC(880)   Post Evacuate Collection Set: 0.6ms
[2020-04-14T23:51:27.648-0700][gc,phases     ] GC(880)   Other: 0.5ms
[2020-04-14T23:51:27.648-0700][gc,heap       ] GC(880) Eden regions: 46->0(46)
[2020-04-14T23:51:27.648-0700][gc,heap       ] GC(880) Survivor regions: 5->5(7)
[2020-04-14T23:51:27.648-0700][gc,heap       ] GC(880) Old regions: 221->222
[2020-04-14T23:51:27.648-0700][gc,heap       ] GC(880) Humongous regions: 130->130
[2020-04-14T23:51:27.648-0700][gc,metaspace  ] GC(880) Metaspace: 28206K->28206K(1075200K)
[2020-04-14T23:51:27.648-0700][gc            ] GC(880) Pause Young (Normal) (G1 Evacuation Pause) 400M->355M(1024M) 31.686ms
[2020-04-14T23:51:27.648-0700][gc,cpu        ] GC(880) User=0.11s Sys=0.00s Real=0.03s
[2020-04-14T23:52:41.252-0700][gc,start      ] GC(881) Pause Young (Normal) (G1 Evacuation Pause)
[2020-04-14T23:52:41.252-0700][gc,task       ] GC(881) Using 4 workers of 4 for evacuation
[2020-04-14T23:52:41.261-0700][gc,phases     ] GC(881)   Pre Evacuate Collection Set: 0.0ms
[2020-04-14T23:52:41.261-0700][gc,phases     ] GC(881)   Evacuate Collection Set: 8.7ms
[2020-04-14T23:52:41.261-0700][gc,phases     ] GC(881)   Post Evacuate Collection Set: 0.3ms
[2020-04-14T23:52:41.261-0700][gc,phases     ] GC(881)   Other: 0.2ms
[2020-04-14T23:52:41.261-0700][gc,heap       ] GC(881) Eden regions: 46->0(46)
[2020-04-14T23:52:41.261-0700][gc,heap       ] GC(881) Survivor regions: 5->5(7)
[2020-04-14T23:52:41.261-0700][gc,heap       ] GC(881) Old regions: 222->222
[2020-04-14T23:52:41.261-0700][gc,heap       ] GC(881) Humongous regions: 130->130
[2020-04-14T23:52:41.261-0700][gc,metaspace  ] GC(881) Metaspace: 28225K->28225K(1075200K)
[2020-04-14T23:52:41.261-0700][gc            ] GC(881) Pause Young (Normal) (G1 Evacuation Pause) 401M->356M(1024M) 9.334ms
[2020-04-14T23:52:41.261-0700][gc,cpu        ] GC(881) User=0.04s Sys=0.00s Real=0.01s
[2020-04-14T23:52:56.166-0700][gc,start      ] GC(882) Pause Young (Normal) (G1 Evacuation Pause)
[2020-04-14T23:52:56.166-0700][gc,task       ] GC(882) Using 4 workers of 4 for evacuation
[2020-04-14T23:52:56.197-0700][gc,mmu        ] GC(882) MMU target violated: 21.0ms (20.0ms/21.0ms)
[2020-04-14T23:52:56.197-0700][gc,phases     ] GC(882)   Pre Evacuate Collection Set: 0.0ms
[2020-04-14T23:52:56.197-0700][gc,phases     ] GC(882)   Evacuate Collection Set: 30.0ms
[2020-04-14T23:52:56.197-0700][gc,phases     ] GC(882)   Post Evacuate Collection Set: 0.6ms
[2020-04-14T23:52:56.198-0700][gc,phases     ] GC(882)   Other: 0.5ms
[2020-04-14T23:52:56.198-0700][gc,heap       ] GC(882) Eden regions: 46->0(46)
[2020-04-14T23:52:56.198-0700][gc,heap       ] GC(882) Survivor regions: 5->5(7)
[2020-04-14T23:52:56.198-0700][gc,heap       ] GC(882) Old regions: 222->224
[2020-04-14T23:52:56.198-0700][gc,heap       ] GC(882) Humongous regions: 130->130
[2020-04-14T23:52:56.198-0700][gc,metaspace  ] GC(882) Metaspace: 28237K->28237K(1075200K)
[2020-04-14T23:52:56.198-0700][gc            ] GC(882) Pause Young (Normal) (G1 Evacuation Pause) 402M->357M(1024M) 31.197ms
[2020-04-14T23:52:56.198-0700][gc,cpu        ] GC(882) User=0.11s Sys=0.01s Real=0.04s
[2020-04-14T23:53:11.185-0700][gc,start      ] GC(883) Pause Young (Normal) (G1 Evacuation Pause)
[2020-04-14T23:53:11.186-0700][gc,task       ] GC(883) Using 4 workers of 4 for evacuation
[2020-04-14T23:53:11.211-0700][gc,mmu        ] GC(883) MMU target violated: 21.0ms (20.0ms/21.0ms)
[2020-04-14T23:53:11.211-0700][gc,phases     ] GC(883)   Pre Evacuate Collection Set: 0.1ms
[2020-04-14T23:53:11.211-0700][gc,phases     ] GC(883)   Evacuate Collection Set: 24.5ms
[2020-04-14T23:53:11.211-0700][gc,phases     ] GC(883)   Post Evacuate Collection Set: 0.7ms
[2020-04-14T23:53:11.211-0700][gc,phases     ] GC(883)   Other: 0.5ms
[2020-04-14T23:53:11.211-0700][gc,heap       ] GC(883) Eden regions: 46->0(47)
[2020-04-14T23:53:11.211-0700][gc,heap       ] GC(883) Survivor regions: 5->4(7)
[2020-04-14T23:53:11.211-0700][gc,heap       ] GC(883) Old regions: 224->225
[2020-04-14T23:53:11.211-0700][gc,heap       ] GC(883) Humongous regions: 130->130
[2020-04-14T23:53:11.211-0700][gc,metaspace  ] GC(883) Metaspace: 28237K->28237K(1075200K)
[2020-04-14T23:53:11.211-0700][gc            ] GC(883) Pause Young (Normal) (G1 Evacuation Pause) 403M->358M(1024M) 25.866ms
[2020-04-14T23:53:11.211-0700][gc,cpu        ] GC(883) User=0.09s Sys=0.00s Real=0.03s
[2020-04-14T23:53:26.084-0700][gc,start      ] GC(884) Pause Young (Normal) (G1 Evacuation Pause)
[2020-04-14T23:53:26.084-0700][gc,task       ] GC(884) Using 4 workers of 4 for evacuation
[2020-04-14T23:53:26.111-0700][gc,mmu        ] GC(884) MMU target violated: 21.0ms (20.0ms/21.0ms)
[2020-04-14T23:53:26.111-0700][gc,phases     ] GC(884)   Pre Evacuate Collection Set: 0.0ms
[2020-04-14T23:53:26.111-0700][gc,phases     ] GC(884)   Evacuate Collection Set: 26.0ms
[2020-04-14T23:53:26.111-0700][gc,phases     ] GC(884)   Post Evacuate Collection Set: 0.8ms
[2020-04-14T23:53:26.111-0700][gc,phases     ] GC(884)   Other: 0.5ms
[2020-04-14T23:53:26.111-0700][gc,heap       ] GC(884) Eden regions: 47->0(47)
[2020-04-14T23:53:26.111-0700][gc,heap       ] GC(884) Survivor regions: 4->4(7)
[2020-04-14T23:53:26.111-0700][gc,heap       ] GC(884) Old regions: 225->226
[2020-04-14T23:53:26.111-0700][gc,heap       ] GC(884) Humongous regions: 130->130
[2020-04-14T23:53:26.111-0700][gc,metaspace  ] GC(884) Metaspace: 28239K->28239K(1075200K)
[2020-04-14T23:53:26.111-0700][gc            ] GC(884) Pause Young (Normal) (G1 Evacuation Pause) 405M->358M(1024M) 27.638ms
[2020-04-14T23:53:26.111-0700][gc,cpu        ] GC(884) User=0.08s Sys=0.00s Real=0.03s
[2020-04-14T23:53:41.273-0700][gc,start      ] GC(885) Pause Young (Normal) (G1 Evacuation Pause)
[2020-04-14T23:53:41.273-0700][gc,task       ] GC(885) Using 4 workers of 4 for evacuation
[2020-04-14T23:53:41.305-0700][gc,mmu        ] GC(885) MMU target violated: 21.0ms (20.0ms/21.0ms)
[2020-04-14T23:53:41.305-0700][gc,phases     ] GC(885)   Pre Evacuate Collection Set: 0.0ms
[2020-04-14T23:53:41.305-0700][gc,phases     ] GC(885)   Evacuate Collection Set: 31.4ms
[2020-04-14T23:53:41.305-0700][gc,phases     ] GC(885)   Post Evacuate Collection Set: 0.7ms
[2020-04-14T23:53:41.306-0700][gc,phases     ] GC(885)   Other: 0.5ms
[2020-04-14T23:53:41.306-0700][gc,heap       ] GC(885) Eden regions: 47->0(45)
[2020-04-14T23:53:41.306-0700][gc,heap       ] GC(885) Survivor regions: 4->6(7)
[2020-04-14T23:53:41.306-0700][gc,heap       ] GC(885) Old regions: 226->226
[2020-04-14T23:53:41.306-0700][gc,heap       ] GC(885) Humongous regions: 130->130
[2020-04-14T23:53:41.306-0700][gc,metaspace  ] GC(885) Metaspace: 28239K->28239K(1075200K)
[2020-04-14T23:53:41.306-0700][gc            ] GC(885) Pause Young (Normal) (G1 Evacuation Pause) 405M->360M(1024M) 32.834ms
[2020-04-14T23:53:41.306-0700][gc,cpu        ] GC(885) User=0.10s Sys=0.00s Real=0.03s
[2020-04-14T23:53:56.089-0700][gc,start      ] GC(886) Pause Young (Normal) (G1 Evacuation Pause)
[2020-04-14T23:53:56.089-0700][gc,task       ] GC(886) Using 4 workers of 4 for evacuation
[2020-04-14T23:53:56.132-0700][gc,mmu        ] GC(886) MMU target violated: 21.0ms (20.0ms/21.0ms)
[2020-04-14T23:53:56.132-0700][gc,phases     ] GC(886)   Pre Evacuate Collection Set: 0.1ms
[2020-04-14T23:53:56.132-0700][gc,phases     ] GC(886)   Evacuate Collection Set: 42.0ms
[2020-04-14T23:53:56.133-0700][gc,phases     ] GC(886)   Post Evacuate Collection Set: 0.7ms
[2020-04-14T23:53:56.133-0700][gc,phases     ] GC(886)   Other: 0.7ms
[2020-04-14T23:53:56.133-0700][gc,heap       ] GC(886) Eden regions: 45->0(47)
[2020-04-14T23:53:56.133-0700][gc,heap       ] GC(886) Survivor regions: 6->4(7)
[2020-04-14T23:53:56.133-0700][gc,heap       ] GC(886) Old regions: 226->228
[2020-04-14T23:53:56.133-0700][gc,heap       ] GC(886) Humongous regions: 130->130
[2020-04-14T23:53:56.133-0700][gc,metaspace  ] GC(886) Metaspace: 28239K->28239K(1075200K)
[2020-04-14T23:53:56.133-0700][gc            ] GC(886) Pause Young (Normal) (G1 Evacuation Pause) 405M->361M(1024M) 43.724ms
[2020-04-14T23:53:56.133-0700][gc,cpu        ] GC(886) User=0.10s Sys=0.01s Real=0.05s
[2020-04-14T23:54:13.376-0700][gc,start      ] GC(887) Pause Young (Normal) (G1 Evacuation Pause)
[2020-04-14T23:54:13.376-0700][gc,task       ] GC(887) Using 4 workers of 4 for evacuation
[2020-04-14T23:54:13.409-0700][gc,mmu        ] GC(887) MMU target violated: 21.0ms (20.0ms/21.0ms)
[2020-04-14T23:54:13.409-0700][gc,phases     ] GC(887)   Pre Evacuate Collection Set: 0.1ms
[2020-04-14T23:54:13.409-0700][gc,phases     ] GC(887)   Evacuate Collection Set: 31.2ms
[2020-04-14T23:54:13.409-0700][gc,phases     ] GC(887)   Post Evacuate Collection Set: 0.6ms
[2020-04-14T23:54:13.409-0700][gc,phases     ] GC(887)   Other: 0.7ms
[2020-04-14T23:54:13.409-0700][gc,heap       ] GC(887) Eden regions: 47->0(47)
[2020-04-14T23:54:13.409-0700][gc,heap       ] GC(887) Survivor regions: 4->4(7)
[2020-04-14T23:54:13.409-0700][gc,heap       ] GC(887) Old regions: 228->228
[2020-04-14T23:54:13.409-0700][gc,heap       ] GC(887) Humongous regions: 130->130
[2020-04-14T23:54:13.409-0700][gc,metaspace  ] GC(887) Metaspace: 28239K->28239K(1075200K)
[2020-04-14T23:54:13.409-0700][gc            ] GC(887) Pause Young (Normal) (G1 Evacuation Pause) 408M->361M(1024M) 32.649ms
[2020-04-14T23:54:13.409-0700][gc,cpu        ] GC(887) User=0.09s Sys=0.00s Real=0.03s
[2020-04-14T23:54:29.759-0700][gc,start      ] GC(888) Pause Young (Normal) (G1 Evacuation Pause)
[2020-04-14T23:54:29.759-0700][gc,task       ] GC(888) Using 4 workers of 4 for evacuation
[2020-04-14T23:54:29.787-0700][gc,mmu        ] GC(888) MMU target violated: 21.0ms (20.0ms/21.0ms)
[2020-04-14T23:54:29.787-0700][gc,phases     ] GC(888)   Pre Evacuate Collection Set: 0.1ms
[2020-04-14T23:54:29.787-0700][gc,phases     ] GC(888)   Evacuate Collection Set: 26.8ms
[2020-04-14T23:54:29.787-0700][gc,phases     ] GC(888)   Post Evacuate Collection Set: 0.5ms
[2020-04-14T23:54:29.787-0700][gc,phases     ] GC(888)   Other: 0.6ms
[2020-04-14T23:54:29.787-0700][gc,heap       ] GC(888) Eden regions: 47->0(47)
[2020-04-14T23:54:29.787-0700][gc,heap       ] GC(888) Survivor regions: 4->4(7)
[2020-04-14T23:54:29.787-0700][gc,heap       ] GC(888) Old regions: 228->228
[2020-04-14T23:54:29.787-0700][gc,heap       ] GC(888) Humongous regions: 130->130
[2020-04-14T23:54:29.787-0700][gc,metaspace  ] GC(888) Metaspace: 28239K->28239K(1075200K)
[2020-04-14T23:54:29.787-0700][gc            ] GC(888) Pause Young (Normal) (G1 Evacuation Pause) 408M->361M(1024M) 28.059ms
[2020-04-14T23:54:29.787-0700][gc,cpu        ] GC(888) User=0.10s Sys=0.00s Real=0.02s
[2020-04-14T23:54:44.657-0700][gc,start      ] GC(889) Pause Young (Normal) (G1 Evacuation Pause)
[2020-04-14T23:54:44.657-0700][gc,task       ] GC(889) Using 4 workers of 4 for evacuation
[2020-04-14T23:54:44.681-0700][gc,mmu        ] GC(889) MMU target violated: 21.0ms (20.0ms/21.0ms)
[2020-04-14T23:54:44.681-0700][gc,phases     ] GC(889)   Pre Evacuate Collection Set: 0.0ms
[2020-04-14T23:54:44.681-0700][gc,phases     ] GC(889)   Evacuate Collection Set: 23.6ms
[2020-04-14T23:54:44.681-0700][gc,phases     ] GC(889)   Post Evacuate Collection Set: 0.5ms
[2020-04-14T23:54:44.681-0700][gc,phases     ] GC(889)   Other: 0.5ms
[2020-04-14T23:54:44.681-0700][gc,heap       ] GC(889) Eden regions: 47->0(47)
[2020-04-14T23:54:44.682-0700][gc,heap       ] GC(889) Survivor regions: 4->4(7)
[2020-04-14T23:54:44.682-0700][gc,heap       ] GC(889) Old regions: 228->229
[2020-04-14T23:54:44.682-0700][gc,heap       ] GC(889) Humongous regions: 130->130
[2020-04-14T23:54:44.682-0700][gc,metaspace  ] GC(889) Metaspace: 28239K->28239K(1075200K)
[2020-04-14T23:54:44.682-0700][gc            ] GC(889) Pause Young (Normal) (G1 Evacuation Pause) 408M->362M(1024M) 24.872ms
[2020-04-14T23:54:44.682-0700][gc,cpu        ] GC(889) User=0.09s Sys=0.00s Real=0.03s
[2020-04-14T23:54:59.767-0700][gc,start      ] GC(890) Pause Young (Concurrent Start) (G1 Evacuation Pause)
[2020-04-14T23:54:59.767-0700][gc,task       ] GC(890) Using 4 workers of 4 for evacuation
[2020-04-14T23:54:59.791-0700][gc,mmu        ] GC(890) MMU target violated: 21.0ms (20.0ms/21.0ms)
[2020-04-14T23:54:59.791-0700][gc,phases     ] GC(890)   Pre Evacuate Collection Set: 0.1ms
[2020-04-14T23:54:59.791-0700][gc,phases     ] GC(890)   Evacuate Collection Set: 22.1ms
[2020-04-14T23:54:59.791-0700][gc,phases     ] GC(890)   Post Evacuate Collection Set: 0.5ms
[2020-04-14T23:54:59.791-0700][gc,phases     ] GC(890)   Other: 0.7ms
[2020-04-14T23:54:59.791-0700][gc,heap       ] GC(890) Eden regions: 47->0(47)
[2020-04-14T23:54:59.791-0700][gc,heap       ] GC(890) Survivor regions: 4->4(7)
[2020-04-14T23:54:59.791-0700][gc,heap       ] GC(890) Old regions: 229->229
[2020-04-14T23:54:59.791-0700][gc,heap       ] GC(890) Humongous regions: 130->130
[2020-04-14T23:54:59.791-0700][gc,metaspace  ] GC(890) Metaspace: 28239K->28239K(1075200K)
[2020-04-14T23:54:59.791-0700][gc            ] GC(890) Pause Young (Concurrent Start) (G1 Evacuation Pause) 409M->362M(1024M) 23.496ms
[2020-04-14T23:54:59.791-0700][gc,cpu        ] GC(890) User=0.09s Sys=0.00s Real=0.03s
[2020-04-14T23:54:59.791-0700][gc            ] GC(891) Concurrent Cycle
[2020-04-14T23:54:59.791-0700][gc,marking    ] GC(891) Concurrent Clear Claimed Marks
[2020-04-14T23:54:59.791-0700][gc,marking    ] GC(891) Concurrent Clear Claimed Marks 0.051ms
[2020-04-14T23:54:59.791-0700][gc,marking    ] GC(891) Concurrent Scan Root Regions
[2020-04-14T23:54:59.804-0700][gc,marking    ] GC(891) Concurrent Scan Root Regions 12.761ms
[2020-04-14T23:54:59.804-0700][gc,marking    ] GC(891) Concurrent Mark (14032.711s)
[2020-04-14T23:54:59.804-0700][gc,marking    ] GC(891) Concurrent Mark From Roots
[2020-04-14T23:54:59.804-0700][gc,task       ] GC(891) Using 1 workers of 1 for marking
[2020-04-14T23:54:59.837-0700][gc,marking    ] GC(891) Concurrent Mark From Roots 33.221ms
[2020-04-14T23:54:59.837-0700][gc,marking    ] GC(891) Concurrent Preclean
[2020-04-14T23:54:59.837-0700][gc,marking    ] GC(891) Concurrent Preclean 0.134ms
[2020-04-14T23:54:59.837-0700][gc,marking    ] GC(891) Concurrent Mark (14032.711s, 14032.744s) 33.416ms
[2020-04-14T23:54:59.838-0700][gc,start      ] GC(891) Pause Remark
[2020-04-14T23:54:59.847-0700][gc,stringtable] GC(891) Cleaned string and symbol table, strings: 13614 processed, 9 removed, symbols: 59910 processed, 18 removed
[2020-04-14T23:54:59.847-0700][gc            ] GC(891) Pause Remark 363M->248M(1024M) 9.230ms
[2020-04-14T23:54:59.847-0700][gc,cpu        ] GC(891) User=0.03s Sys=0.00s Real=0.00s
[2020-04-14T23:54:59.847-0700][gc,marking    ] GC(891) Concurrent Rebuild Remembered Sets
[2020-04-14T23:54:59.859-0700][gc,marking    ] GC(891) Concurrent Rebuild Remembered Sets 11.711ms
[2020-04-14T23:54:59.859-0700][gc,start      ] GC(891) Pause Cleanup
[2020-04-14T23:54:59.859-0700][gc            ] GC(891) Pause Cleanup 248M->248M(1024M) 0.201ms
[2020-04-14T23:54:59.859-0700][gc,cpu        ] GC(891) User=0.00s Sys=0.00s Real=0.00s
[2020-04-14T23:54:59.859-0700][gc,marking    ] GC(891) Concurrent Cleanup for Next Mark
[2020-04-14T23:54:59.860-0700][gc,marking    ] GC(891) Concurrent Cleanup for Next Mark 1.244ms
[2020-04-14T23:54:59.860-0700][gc            ] GC(891) Concurrent Cycle 69.249ms
[2020-04-14T23:55:15.024-0700][gc,start      ] GC(892) Pause Young (Prepare Mixed) (G1 Evacuation Pause)
[2020-04-14T23:55:15.024-0700][gc,task       ] GC(892) Using 4 workers of 4 for evacuation
[2020-04-14T23:55:15.048-0700][gc,mmu        ] GC(892) MMU target violated: 21.0ms (20.0ms/21.0ms)
[2020-04-14T23:55:15.049-0700][gc,phases     ] GC(892)   Pre Evacuate Collection Set: 0.0ms
[2020-04-14T23:55:15.049-0700][gc,phases     ] GC(892)   Evacuate Collection Set: 23.2ms
[2020-04-14T23:55:15.049-0700][gc,phases     ] GC(892)   Post Evacuate Collection Set: 0.6ms
[2020-04-14T23:55:15.049-0700][gc,phases     ] GC(892)   Other: 0.5ms
[2020-04-14T23:55:15.049-0700][gc,heap       ] GC(892) Eden regions: 47->0(47)
[2020-04-14T23:55:15.049-0700][gc,heap       ] GC(892) Survivor regions: 4->4(7)
[2020-04-14T23:55:15.049-0700][gc,heap       ] GC(892) Old regions: 114->115
[2020-04-14T23:55:15.049-0700][gc,heap       ] GC(892) Humongous regions: 130->130
[2020-04-14T23:55:15.049-0700][gc,metaspace  ] GC(892) Metaspace: 28239K->28239K(1075200K)
[2020-04-14T23:55:15.049-0700][gc            ] GC(892) Pause Young (Prepare Mixed) (G1 Evacuation Pause) 294M->247M(1024M) 24.467ms
[2020-04-14T23:55:15.049-0700][gc,cpu        ] GC(892) User=0.09s Sys=0.00s Real=0.02s
[2020-04-14T23:55:30.272-0700][gc,start      ] GC(893) Pause Young (Mixed) (G1 Evacuation Pause)
[2020-04-14T23:55:30.272-0700][gc,task       ] GC(893) Using 4 workers of 4 for evacuation
[2020-04-14T23:55:30.297-0700][gc,mmu        ] GC(893) MMU target violated: 21.0ms (20.0ms/21.0ms)
[2020-04-14T23:55:30.297-0700][gc,phases     ] GC(893)   Pre Evacuate Collection Set: 0.1ms
[2020-04-14T23:55:30.297-0700][gc,phases     ] GC(893)   Evacuate Collection Set: 24.3ms
[2020-04-14T23:55:30.297-0700][gc,phases     ] GC(893)   Post Evacuate Collection Set: 0.6ms
[2020-04-14T23:55:30.297-0700][gc,phases     ] GC(893)   Other: 0.6ms
[2020-04-14T23:55:30.297-0700][gc,heap       ] GC(893) Eden regions: 47->0(46)
[2020-04-14T23:55:30.297-0700][gc,heap       ] GC(893) Survivor regions: 4->5(7)
[2020-04-14T23:55:30.297-0700][gc,heap       ] GC(893) Old regions: 115->101
[2020-04-14T23:55:30.297-0700][gc,heap       ] GC(893) Humongous regions: 130->130
[2020-04-14T23:55:30.297-0700][gc,metaspace  ] GC(893) Metaspace: 28239K->28239K(1075200K)
[2020-04-14T23:55:30.298-0700][gc            ] GC(893) Pause Young (Mixed) (G1 Evacuation Pause) 294M->234M(1024M) 25.686ms
[2020-04-14T23:55:30.298-0700][gc,cpu        ] GC(893) User=0.10s Sys=0.00s Real=0.03s
[2020-04-14T23:55:44.989-0700][gc,start      ] GC(894) Pause Young (Mixed) (G1 Evacuation Pause)
[2020-04-14T23:55:44.989-0700][gc,task       ] GC(894) Using 4 workers of 4 for evacuation
[2020-04-14T23:55:45.013-0700][gc,mmu        ] GC(894) MMU target violated: 21.0ms (20.0ms/21.0ms)
[2020-04-14T23:55:45.013-0700][gc,phases     ] GC(894)   Pre Evacuate Collection Set: 0.1ms
[2020-04-14T23:55:45.013-0700][gc,phases     ] GC(894)   Evacuate Collection Set: 23.2ms
[2020-04-14T23:55:45.013-0700][gc,phases     ] GC(894)   Post Evacuate Collection Set: 0.6ms
[2020-04-14T23:55:45.013-0700][gc,phases     ] GC(894)   Other: 0.5ms
[2020-04-14T23:55:45.013-0700][gc,heap       ] GC(894) Eden regions: 46->0(47)
[2020-04-14T23:55:45.013-0700][gc,heap       ] GC(894) Survivor regions: 5->4(7)
[2020-04-14T23:55:45.013-0700][gc,heap       ] GC(894) Old regions: 101->87
[2020-04-14T23:55:45.013-0700][gc,heap       ] GC(894) Humongous regions: 130->130
[2020-04-14T23:55:45.013-0700][gc,metaspace  ] GC(894) Metaspace: 28239K->28239K(1075200K)
[2020-04-14T23:55:45.013-0700][gc            ] GC(894) Pause Young (Mixed) (G1 Evacuation Pause) 280M->220M(1024M) 24.538ms
[2020-04-14T23:55:45.013-0700][gc,cpu        ] GC(894) User=0.09s Sys=0.00s Real=0.03s
[2020-04-14T23:56:00.014-0700][gc,start      ] GC(895) Pause Young (Mixed) (G1 Evacuation Pause)
[2020-04-14T23:56:00.014-0700][gc,task       ] GC(895) Using 4 workers of 4 for evacuation
[2020-04-14T23:56:00.038-0700][gc,mmu        ] GC(895) MMU target violated: 21.0ms (20.0ms/21.0ms)
[2020-04-14T23:56:00.038-0700][gc,phases     ] GC(895)   Pre Evacuate Collection Set: 0.1ms
[2020-04-14T23:56:00.038-0700][gc,phases     ] GC(895)   Evacuate Collection Set: 23.0ms
[2020-04-14T23:56:00.038-0700][gc,phases     ] GC(895)   Post Evacuate Collection Set: 0.5ms
[2020-04-14T23:56:00.038-0700][gc,phases     ] GC(895)   Other: 0.5ms
[2020-04-14T23:56:00.038-0700][gc,heap       ] GC(895) Eden regions: 47->0(47)
[2020-04-14T23:56:00.038-0700][gc,heap       ] GC(895) Survivor regions: 4->4(7)
[2020-04-14T23:56:00.038-0700][gc,heap       ] GC(895) Old regions: 87->73
[2020-04-14T23:56:00.038-0700][gc,heap       ] GC(895) Humongous regions: 130->130
[2020-04-14T23:56:00.038-0700][gc,metaspace  ] GC(895) Metaspace: 28239K->28239K(1075200K)
[2020-04-14T23:56:00.038-0700][gc            ] GC(895) Pause Young (Mixed) (G1 Evacuation Pause) 267M->206M(1024M) 24.168ms
[2020-04-14T23:56:00.038-0700][gc,cpu        ] GC(895) User=0.09s Sys=0.00s Real=0.03s
[2020-04-14T23:56:14.990-0700][gc,start      ] GC(896) Pause Young (Mixed) (G1 Evacuation Pause)
[2020-04-14T23:56:14.990-0700][gc,task       ] GC(896) Using 4 workers of 4 for evacuation
[2020-04-14T23:56:15.013-0700][gc,mmu        ] GC(896) MMU target violated: 21.0ms (20.0ms/21.0ms)
[2020-04-14T23:56:15.013-0700][gc,phases     ] GC(896)   Pre Evacuate Collection Set: 0.1ms
[2020-04-14T23:56:15.013-0700][gc,phases     ] GC(896)   Evacuate Collection Set: 22.1ms
[2020-04-14T23:56:15.013-0700][gc,phases     ] GC(896)   Post Evacuate Collection Set: 0.6ms
[2020-04-14T23:56:15.013-0700][gc,phases     ] GC(896)   Other: 0.5ms
[2020-04-14T23:56:15.013-0700][gc,heap       ] GC(896) Eden regions: 47->0(47)
[2020-04-14T23:56:15.013-0700][gc,heap       ] GC(896) Survivor regions: 4->4(7)
[2020-04-14T23:56:15.013-0700][gc,heap       ] GC(896) Old regions: 73->65
[2020-04-14T23:56:15.013-0700][gc,heap       ] GC(896) Humongous regions: 130->130
[2020-04-14T23:56:15.013-0700][gc,metaspace  ] GC(896) Metaspace: 28239K->28239K(1075200K)
[2020-04-14T23:56:15.013-0700][gc            ] GC(896) Pause Young (Mixed) (G1 Evacuation Pause) 253M->198M(1024M) 23.454ms
[2020-04-14T23:56:15.013-0700][gc,cpu        ] GC(896) User=0.08s Sys=0.00s Real=0.02s
[2020-04-14T23:56:30.208-0700][gc,start      ] GC(897) Pause Young (Normal) (G1 Evacuation Pause)
[2020-04-14T23:56:30.208-0700][gc,task       ] GC(897) Using 4 workers of 4 for evacuation
[2020-04-14T23:56:30.246-0700][gc,mmu        ] GC(897) MMU target violated: 21.0ms (20.0ms/21.0ms)
[2020-04-14T23:56:30.246-0700][gc,phases     ] GC(897)   Pre Evacuate Collection Set: 0.1ms
[2020-04-14T23:56:30.246-0700][gc,phases     ] GC(897)   Evacuate Collection Set: 37.3ms
[2020-04-14T23:56:30.246-0700][gc,phases     ] GC(897)   Post Evacuate Collection Set: 0.7ms
[2020-04-14T23:56:30.246-0700][gc,phases     ] GC(897)   Other: 0.6ms
[2020-04-14T23:56:30.246-0700][gc,heap       ] GC(897) Eden regions: 47->0(47)
[2020-04-14T23:56:30.246-0700][gc,heap       ] GC(897) Survivor regions: 4->4(7)
[2020-04-14T23:56:30.246-0700][gc,heap       ] GC(897) Old regions: 65->65
[2020-04-14T23:56:30.246-0700][gc,heap       ] GC(897) Humongous regions: 130->130
[2020-04-14T23:56:30.246-0700][gc,metaspace  ] GC(897) Metaspace: 28239K->28239K(1075200K)
[2020-04-14T23:56:30.247-0700][gc            ] GC(897) Pause Young (Normal) (G1 Evacuation Pause) 245M->198M(1024M) 38.810ms
[2020-04-14T23:56:30.247-0700][gc,cpu        ] GC(897) User=0.10s Sys=0.00s Real=0.04s
[2020-04-14T23:56:45.214-0700][gc,start      ] GC(898) Pause Young (Normal) (G1 Evacuation Pause)
[2020-04-14T23:56:45.214-0700][gc,task       ] GC(898) Using 4 workers of 4 for evacuation
[2020-04-14T23:56:45.250-0700][gc,mmu        ] GC(898) MMU target violated: 21.0ms (20.0ms/21.0ms)
[2020-04-14T23:56:45.250-0700][gc,phases     ] GC(898)   Pre Evacuate Collection Set: 0.1ms
[2020-04-14T23:56:45.250-0700][gc,phases     ] GC(898)   Evacuate Collection Set: 34.4ms
[2020-04-14T23:56:45.250-0700][gc,phases     ] GC(898)   Post Evacuate Collection Set: 0.7ms
[2020-04-14T23:56:45.250-0700][gc,phases     ] GC(898)   Other: 0.7ms
[2020-04-14T23:56:45.250-0700][gc,heap       ] GC(898) Eden regions: 47->0(47)
[2020-04-14T23:56:45.250-0700][gc,heap       ] GC(898) Survivor regions: 4->4(7)
[2020-04-14T23:56:45.250-0700][gc,heap       ] GC(898) Old regions: 65->66
[2020-04-14T23:56:45.250-0700][gc,heap       ] GC(898) Humongous regions: 130->130
[2020-04-14T23:56:45.250-0700][gc,metaspace  ] GC(898) Metaspace: 28239K->28239K(1075200K)
[2020-04-14T23:56:45.250-0700][gc            ] GC(898) Pause Young (Normal) (G1 Evacuation Pause) 245M->199M(1024M) 35.932ms
[2020-04-14T23:56:45.250-0700][gc,cpu        ] GC(898) User=0.11s Sys=0.00s Real=0.04s
[2020-04-14T23:57:00.400-0700][gc,start      ] GC(899) Pause Young (Normal) (G1 Evacuation Pause)
[2020-04-14T23:57:00.400-0700][gc,task       ] GC(899) Using 4 workers of 4 for evacuation
[2020-04-14T23:57:00.430-0700][gc,mmu        ] GC(899) MMU target violated: 21.0ms (20.0ms/21.0ms)
[2020-04-14T23:57:00.430-0700][gc,phases     ] GC(899)   Pre Evacuate Collection Set: 0.1ms
[2020-04-14T23:57:00.430-0700][gc,phases     ] GC(899)   Evacuate Collection Set: 29.0ms
[2020-04-14T23:57:00.430-0700][gc,phases     ] GC(899)   Post Evacuate Collection Set: 0.6ms
[2020-04-14T23:57:00.430-0700][gc,phases     ] GC(899)   Other: 0.6ms
[2020-04-14T23:57:00.430-0700][gc,heap       ] GC(899) Eden regions: 47->0(45)
[2020-04-14T23:57:00.430-0700][gc,heap       ] GC(899) Survivor regions: 4->6(7)
[2020-04-14T23:57:00.430-0700][gc,heap       ] GC(899) Old regions: 66->66
[2020-04-14T23:57:00.430-0700][gc,heap       ] GC(899) Humongous regions: 130->130
[2020-04-14T23:57:00.430-0700][gc,metaspace  ] GC(899) Metaspace: 28239K->28239K(1075200K)
[2020-04-14T23:57:00.430-0700][gc            ] GC(899) Pause Young (Normal) (G1 Evacuation Pause) 246M->200M(1024M) 30.305ms
[2020-04-14T23:57:00.430-0700][gc,cpu        ] GC(899) User=0.11s Sys=0.00s Real=0.03s
[2020-04-14T23:57:14.745-0700][gc,start      ] GC(900) Pause Young (Normal) (G1 Evacuation Pause)
[2020-04-14T23:57:14.745-0700][gc,task       ] GC(900) Using 4 workers of 4 for evacuation
[2020-04-14T23:57:14.776-0700][gc,mmu        ] GC(900) MMU target violated: 21.0ms (20.0ms/21.0ms)
[2020-04-14T23:57:14.776-0700][gc,phases     ] GC(900)   Pre Evacuate Collection Set: 0.1ms
[2020-04-14T23:57:14.776-0700][gc,phases     ] GC(900)   Evacuate Collection Set: 29.9ms
[2020-04-14T23:57:14.776-0700][gc,phases     ] GC(900)   Post Evacuate Collection Set: 0.7ms
[2020-04-14T23:57:14.776-0700][gc,phases     ] GC(900)   Other: 0.5ms
[2020-04-14T23:57:14.776-0700][gc,heap       ] GC(900) Eden regions: 45->0(47)
[2020-04-14T23:57:14.776-0700][gc,heap       ] GC(900) Survivor regions: 6->4(7)
[2020-04-14T23:57:14.776-0700][gc,heap       ] GC(900) Old regions: 66->68
[2020-04-14T23:57:14.776-0700][gc,heap       ] GC(900) Humongous regions: 130->130
[2020-04-14T23:57:14.776-0700][gc,metaspace  ] GC(900) Metaspace: 28239K->28239K(1075200K)
[2020-04-14T23:57:14.776-0700][gc            ] GC(900) Pause Young (Normal) (G1 Evacuation Pause) 245M->201M(1024M) 31.327ms
[2020-04-14T23:57:14.776-0700][gc,cpu        ] GC(900) User=0.12s Sys=0.00s Real=0.03s
[2020-04-14T23:57:29.721-0700][gc,start      ] GC(901) Pause Young (Normal) (G1 Evacuation Pause)
[2020-04-14T23:57:29.721-0700][gc,task       ] GC(901) Using 4 workers of 4 for evacuation
[2020-04-14T23:57:29.747-0700][gc,mmu        ] GC(901) MMU target violated: 21.0ms (20.0ms/21.0ms)
[2020-04-14T23:57:29.747-0700][gc,phases     ] GC(901)   Pre Evacuate Collection Set: 0.1ms
[2020-04-14T23:57:29.747-0700][gc,phases     ] GC(901)   Evacuate Collection Set: 24.7ms
[2020-04-14T23:57:29.747-0700][gc,phases     ] GC(901)   Post Evacuate Collection Set: 0.7ms
[2020-04-14T23:57:29.747-0700][gc,phases     ] GC(901)   Other: 0.6ms
[2020-04-14T23:57:29.747-0700][gc,heap       ] GC(901) Eden regions: 47->0(47)
[2020-04-14T23:57:29.747-0700][gc,heap       ] GC(901) Survivor regions: 4->4(7)
[2020-04-14T23:57:29.747-0700][gc,heap       ] GC(901) Old regions: 68->68
[2020-04-14T23:57:29.747-0700][gc,heap       ] GC(901) Humongous regions: 130->130
[2020-04-14T23:57:29.747-0700][gc,metaspace  ] GC(901) Metaspace: 28239K->28239K(1075200K)
[2020-04-14T23:57:29.748-0700][gc            ] GC(901) Pause Young (Normal) (G1 Evacuation Pause) 248M->201M(1024M) 26.194ms
