[2020-04-14T23:13:14.415-0700][gc,heap       ] GC(738) Old regions: 159->161
[2020-04-14T23:13:14.415-0700][gc,heap       ] GC(738) Humongous regions: 130->130
[2020-04-14T23:13:14.415-0700][gc,metaspace  ] GC(738) Metaspace: 28186K->28186K(1075200K)
[2020-04-14T23:13:14.415-0700][gc            ] GC(738) Pause Young (Normal) (G1 Evacuation Pause) 338M->293M(1024M) 30.357ms
[2020-04-14T23:13:14.415-0700][gc,cpu        ] GC(738) User=0.11s Sys=0.00s Real=0.03s
[2020-04-14T23:13:30.072-0700][gc,start      ] GC(739) Pause Young (Normal) (G1 Evacuation Pause)
[2020-04-14T23:13:30.072-0700][gc,task       ] GC(739) Using 4 workers of 4 for evacuation
[2020-04-14T23:13:30.097-0700][gc,mmu        ] GC(739) MMU target violated: 21.0ms (20.0ms/21.0ms)
[2020-04-14T23:13:30.097-0700][gc,phases     ] GC(739)   Pre Evacuate Collection Set: 0.1ms
[2020-04-14T23:13:30.097-0700][gc,phases     ] GC(739)   Evacuate Collection Set: 23.8ms
[2020-04-14T23:13:30.097-0700][gc,phases     ] GC(739)   Post Evacuate Collection Set: 0.6ms
[2020-04-14T23:13:30.097-0700][gc,phases     ] GC(739)   Other: 0.6ms
[2020-04-14T23:13:30.097-0700][gc,heap       ] GC(739) Eden regions: 47->0(46)
[2020-04-14T23:13:30.097-0700][gc,heap       ] GC(739) Survivor regions: 4->5(7)
[2020-04-14T23:13:30.097-0700][gc,heap       ] GC(739) Old regions: 161->161
[2020-04-14T23:13:30.097-0700][gc,heap       ] GC(739) Humongous regions: 130->130
[2020-04-14T23:13:30.097-0700][gc,metaspace  ] GC(739) Metaspace: 28186K->28186K(1075200K)
[2020-04-14T23:13:30.097-0700][gc            ] GC(739) Pause Young (Normal) (G1 Evacuation Pause) 340M->294M(1024M) 25.132ms
[2020-04-14T23:13:30.097-0700][gc,cpu        ] GC(739) User=0.10s Sys=0.00s Real=0.02s
[2020-04-14T23:13:45.384-0700][gc,start      ] GC(740) Pause Young (Normal) (G1 Evacuation Pause)
[2020-04-14T23:13:45.384-0700][gc,task       ] GC(740) Using 4 workers of 4 for evacuation
[2020-04-14T23:13:45.412-0700][gc,mmu        ] GC(740) MMU target violated: 21.0ms (20.0ms/21.0ms)
[2020-04-14T23:13:45.412-0700][gc,phases     ] GC(740)   Pre Evacuate Collection Set: 0.1ms
[2020-04-14T23:13:45.412-0700][gc,phases     ] GC(740)   Evacuate Collection Set: 26.8ms
[2020-04-14T23:13:45.412-0700][gc,phases     ] GC(740)   Post Evacuate Collection Set: 0.6ms
[2020-04-14T23:13:45.412-0700][gc,phases     ] GC(740)   Other: 0.7ms
[2020-04-14T23:13:45.412-0700][gc,heap       ] GC(740) Eden regions: 46->0(47)
[2020-04-14T23:13:45.412-0700][gc,heap       ] GC(740) Survivor regions: 5->4(7)
[2020-04-14T23:13:45.412-0700][gc,heap       ] GC(740) Old regions: 161->161
[2020-04-14T23:13:45.412-0700][gc,heap       ] GC(740) Humongous regions: 130->130
[2020-04-14T23:13:45.412-0700][gc,metaspace  ] GC(740) Metaspace: 28186K->28186K(1075200K)
[2020-04-14T23:13:45.413-0700][gc            ] GC(740) Pause Young (Normal) (G1 Evacuation Pause) 340M->294M(1024M) 28.265ms
[2020-04-14T23:13:45.413-0700][gc,cpu        ] GC(740) User=0.11s Sys=0.00s Real=0.03s
[2020-04-14T23:14:01.066-0700][gc,start      ] GC(741) Pause Young (Normal) (G1 Evacuation Pause)
[2020-04-14T23:14:01.066-0700][gc,task       ] GC(741) Using 4 workers of 4 for evacuation
[2020-04-14T23:14:01.098-0700][gc,mmu        ] GC(741) MMU target violated: 21.0ms (20.0ms/21.0ms)
[2020-04-14T23:14:01.098-0700][gc,phases     ] GC(741)   Pre Evacuate Collection Set: 0.0ms
[2020-04-14T23:14:01.098-0700][gc,phases     ] GC(741)   Evacuate Collection Set: 30.6ms
[2020-04-14T23:14:01.098-0700][gc,phases     ] GC(741)   Post Evacuate Collection Set: 0.5ms
[2020-04-14T23:14:01.098-0700][gc,phases     ] GC(741)   Other: 0.5ms
[2020-04-14T23:14:01.098-0700][gc,heap       ] GC(741) Eden regions: 47->0(47)
[2020-04-14T23:14:01.098-0700][gc,heap       ] GC(741) Survivor regions: 4->4(7)
[2020-04-14T23:14:01.098-0700][gc,heap       ] GC(741) Old regions: 161->162
[2020-04-14T23:14:01.098-0700][gc,heap       ] GC(741) Humongous regions: 130->130
[2020-04-14T23:14:01.098-0700][gc,metaspace  ] GC(741) Metaspace: 28186K->28186K(1075200K)
[2020-04-14T23:14:01.098-0700][gc            ] GC(741) Pause Young (Normal) (G1 Evacuation Pause) 341M->294M(1024M) 31.775ms
[2020-04-14T23:14:01.098-0700][gc,cpu        ] GC(741) User=0.10s Sys=0.00s Real=0.04s
[2020-04-14T23:14:16.733-0700][gc,start      ] GC(742) Pause Young (Normal) (G1 Evacuation Pause)
[2020-04-14T23:14:16.734-0700][gc,task       ] GC(742) Using 4 workers of 4 for evacuation
[2020-04-14T23:14:16.761-0700][gc,mmu        ] GC(742) MMU target violated: 21.0ms (20.0ms/21.0ms)
[2020-04-14T23:14:16.761-0700][gc,phases     ] GC(742)   Pre Evacuate Collection Set: 0.1ms
[2020-04-14T23:14:16.761-0700][gc,phases     ] GC(742)   Evacuate Collection Set: 26.3ms
[2020-04-14T23:14:16.761-0700][gc,phases     ] GC(742)   Post Evacuate Collection Set: 0.6ms
[2020-04-14T23:14:16.761-0700][gc,phases     ] GC(742)   Other: 0.5ms
[2020-04-14T23:14:16.761-0700][gc,heap       ] GC(742) Eden regions: 47->0(47)
[2020-04-14T23:14:16.761-0700][gc,heap       ] GC(742) Survivor regions: 4->4(7)
[2020-04-14T23:14:16.761-0700][gc,heap       ] GC(742) Old regions: 162->162
[2020-04-14T23:14:16.761-0700][gc,heap       ] GC(742) Humongous regions: 130->130
[2020-04-14T23:14:16.761-0700][gc,metaspace  ] GC(742) Metaspace: 28186K->28186K(1075200K)
[2020-04-14T23:14:16.761-0700][gc            ] GC(742) Pause Young (Normal) (G1 Evacuation Pause) 341M->295M(1024M) 27.556ms
[2020-04-14T23:14:16.761-0700][gc,cpu        ] GC(742) User=0.10s Sys=0.00s Real=0.03s
[2020-04-14T23:14:32.424-0700][gc,start      ] GC(743) Pause Young (Normal) (G1 Evacuation Pause)
[2020-04-14T23:14:32.424-0700][gc,task       ] GC(743) Using 4 workers of 4 for evacuation
[2020-04-14T23:14:32.449-0700][gc,mmu        ] GC(743) MMU target violated: 21.0ms (20.0ms/21.0ms)
[2020-04-14T23:14:32.449-0700][gc,phases     ] GC(743)   Pre Evacuate Collection Set: 0.1ms
[2020-04-14T23:14:32.449-0700][gc,phases     ] GC(743)   Evacuate Collection Set: 24.1ms
[2020-04-14T23:14:32.449-0700][gc,phases     ] GC(743)   Post Evacuate Collection Set: 0.5ms
[2020-04-14T23:14:32.449-0700][gc,phases     ] GC(743)   Other: 0.5ms
[2020-04-14T23:14:32.449-0700][gc,heap       ] GC(743) Eden regions: 47->0(47)
[2020-04-14T23:14:32.449-0700][gc,heap       ] GC(743) Survivor regions: 4->4(7)
[2020-04-14T23:14:32.449-0700][gc,heap       ] GC(743) Old regions: 162->163
[2020-04-14T23:14:32.449-0700][gc,heap       ] GC(743) Humongous regions: 130->130
[2020-04-14T23:14:32.449-0700][gc,metaspace  ] GC(743) Metaspace: 28186K->28186K(1075200K)
[2020-04-14T23:14:32.449-0700][gc            ] GC(743) Pause Young (Normal) (G1 Evacuation Pause) 342M->295M(1024M) 25.266ms
[2020-04-14T23:14:32.449-0700][gc,cpu        ] GC(743) User=0.09s Sys=0.00s Real=0.02s
[2020-04-14T23:14:47.951-0700][gc,start      ] GC(744) Pause Young (Normal) (G1 Evacuation Pause)
[2020-04-14T23:14:47.951-0700][gc,task       ] GC(744) Using 4 workers of 4 for evacuation
[2020-04-14T23:14:47.977-0700][gc,mmu        ] GC(744) MMU target violated: 21.0ms (20.0ms/21.0ms)
[2020-04-14T23:14:47.977-0700][gc,phases     ] GC(744)   Pre Evacuate Collection Set: 0.0ms
[2020-04-14T23:14:47.977-0700][gc,phases     ] GC(744)   Evacuate Collection Set: 25.0ms
[2020-04-14T23:14:47.977-0700][gc,phases     ] GC(744)   Post Evacuate Collection Set: 0.6ms
[2020-04-14T23:14:47.977-0700][gc,phases     ] GC(744)   Other: 0.5ms
[2020-04-14T23:14:47.977-0700][gc,heap       ] GC(744) Eden regions: 47->0(47)
[2020-04-14T23:14:47.977-0700][gc,heap       ] GC(744) Survivor regions: 4->4(7)
[2020-04-14T23:14:47.977-0700][gc,heap       ] GC(744) Old regions: 163->163
[2020-04-14T23:14:47.977-0700][gc,heap       ] GC(744) Humongous regions: 130->130
[2020-04-14T23:14:47.977-0700][gc,metaspace  ] GC(744) Metaspace: 28186K->28186K(1075200K)
[2020-04-14T23:14:47.977-0700][gc            ] GC(744) Pause Young (Normal) (G1 Evacuation Pause) 342M->296M(1024M) 26.349ms
[2020-04-14T23:14:47.977-0700][gc,cpu        ] GC(744) User=0.10s Sys=0.00s Real=0.02s
[2020-04-14T23:15:03.618-0700][gc,start      ] GC(745) Pause Young (Normal) (G1 Evacuation Pause)
[2020-04-14T23:15:03.618-0700][gc,task       ] GC(745) Using 4 workers of 4 for evacuation
[2020-04-14T23:15:03.644-0700][gc,mmu        ] GC(745) MMU target violated: 21.0ms (20.0ms/21.0ms)
[2020-04-14T23:15:03.644-0700][gc,phases     ] GC(745)   Pre Evacuate Collection Set: 0.0ms
[2020-04-14T23:15:03.644-0700][gc,phases     ] GC(745)   Evacuate Collection Set: 24.3ms
[2020-04-14T23:15:03.644-0700][gc,phases     ] GC(745)   Post Evacuate Collection Set: 0.5ms
[2020-04-14T23:15:03.644-0700][gc,phases     ] GC(745)   Other: 0.6ms
[2020-04-14T23:15:03.644-0700][gc,heap       ] GC(745) Eden regions: 47->0(46)
[2020-04-14T23:15:03.644-0700][gc,heap       ] GC(745) Survivor regions: 4->5(7)
[2020-04-14T23:15:03.644-0700][gc,heap       ] GC(745) Old regions: 163->163
[2020-04-14T23:15:03.644-0700][gc,heap       ] GC(745) Humongous regions: 130->130
[2020-04-14T23:15:03.644-0700][gc,metaspace  ] GC(745) Metaspace: 28186K->28186K(1075200K)
[2020-04-14T23:15:03.644-0700][gc            ] GC(745) Pause Young (Normal) (G1 Evacuation Pause) 343M->296M(1024M) 25.535ms
[2020-04-14T23:15:03.644-0700][gc,cpu        ] GC(745) User=0.10s Sys=0.00s Real=0.02s
[2020-04-14T23:15:19.300-0700][gc,start      ] GC(746) Pause Young (Normal) (G1 Evacuation Pause)
[2020-04-14T23:15:19.300-0700][gc,task       ] GC(746) Using 4 workers of 4 for evacuation
[2020-04-14T23:15:19.329-0700][gc,mmu        ] GC(746) MMU target violated: 21.0ms (20.0ms/21.0ms)
[2020-04-14T23:15:19.329-0700][gc,phases     ] GC(746)   Pre Evacuate Collection Set: 0.1ms
[2020-04-14T23:15:19.329-0700][gc,phases     ] GC(746)   Evacuate Collection Set: 27.8ms
[2020-04-14T23:15:19.329-0700][gc,phases     ] GC(746)   Post Evacuate Collection Set: 0.6ms
[2020-04-14T23:15:19.329-0700][gc,phases     ] GC(746)   Other: 0.6ms
[2020-04-14T23:15:19.329-0700][gc,heap       ] GC(746) Eden regions: 46->0(47)
[2020-04-14T23:15:19.329-0700][gc,heap       ] GC(746) Survivor regions: 5->4(7)
[2020-04-14T23:15:19.329-0700][gc,heap       ] GC(746) Old regions: 163->163
[2020-04-14T23:15:19.329-0700][gc,heap       ] GC(746) Humongous regions: 130->130
[2020-04-14T23:15:19.329-0700][gc,metaspace  ] GC(746) Metaspace: 28186K->28186K(1075200K)
[2020-04-14T23:15:19.329-0700][gc            ] GC(746) Pause Young (Normal) (G1 Evacuation Pause) 342M->296M(1024M) 29.220ms
[2020-04-14T23:15:19.329-0700][gc,cpu        ] GC(746) User=0.11s Sys=0.00s Real=0.02s
[2020-04-14T23:15:34.966-0700][gc,start      ] GC(747) Pause Young (Normal) (G1 Evacuation Pause)
[2020-04-14T23:15:34.966-0700][gc,task       ] GC(747) Using 4 workers of 4 for evacuation
[2020-04-14T23:15:34.993-0700][gc,mmu        ] GC(747) MMU target violated: 21.0ms (20.0ms/21.0ms)
[2020-04-14T23:15:34.993-0700][gc,phases     ] GC(747)   Pre Evacuate Collection Set: 0.1ms
[2020-04-14T23:15:34.993-0700][gc,phases     ] GC(747)   Evacuate Collection Set: 26.6ms
[2020-04-14T23:15:34.993-0700][gc,phases     ] GC(747)   Post Evacuate Collection Set: 0.6ms
[2020-04-14T23:15:34.993-0700][gc,phases     ] GC(747)   Other: 0.6ms
[2020-04-14T23:15:34.994-0700][gc,heap       ] GC(747) Eden regions: 47->0(47)
[2020-04-14T23:15:34.994-0700][gc,heap       ] GC(747) Survivor regions: 4->4(7)
[2020-04-14T23:15:34.994-0700][gc,heap       ] GC(747) Old regions: 163->164
[2020-04-14T23:15:34.994-0700][gc,heap       ] GC(747) Humongous regions: 130->130
[2020-04-14T23:15:34.994-0700][gc,metaspace  ] GC(747) Metaspace: 28186K->28186K(1075200K)
[2020-04-14T23:15:34.994-0700][gc            ] GC(747) Pause Young (Normal) (G1 Evacuation Pause) 343M->297M(1024M) 28.025ms
[2020-04-14T23:15:34.994-0700][gc,cpu        ] GC(747) User=0.10s Sys=0.00s Real=0.03s
[2020-04-14T23:15:50.550-0700][gc,start      ] GC(748) Pause Young (Normal) (G1 Evacuation Pause)
[2020-04-14T23:15:50.550-0700][gc,task       ] GC(748) Using 4 workers of 4 for evacuation
[2020-04-14T23:15:50.577-0700][gc,mmu        ] GC(748) MMU target violated: 21.0ms (20.0ms/21.0ms)
[2020-04-14T23:15:50.577-0700][gc,phases     ] GC(748)   Pre Evacuate Collection Set: 0.1ms
[2020-04-14T23:15:50.577-0700][gc,phases     ] GC(748)   Evacuate Collection Set: 26.0ms
[2020-04-14T23:15:50.577-0700][gc,phases     ] GC(748)   Post Evacuate Collection Set: 0.5ms
[2020-04-14T23:15:50.577-0700][gc,phases     ] GC(748)   Other: 0.5ms
[2020-04-14T23:15:50.577-0700][gc,heap       ] GC(748) Eden regions: 47->0(47)
[2020-04-14T23:15:50.577-0700][gc,heap       ] GC(748) Survivor regions: 4->4(7)
[2020-04-14T23:15:50.577-0700][gc,heap       ] GC(748) Old regions: 164->164
[2020-04-14T23:15:50.577-0700][gc,heap       ] GC(748) Humongous regions: 130->130
[2020-04-14T23:15:50.577-0700][gc,metaspace  ] GC(748) Metaspace: 28186K->28186K(1075200K)
[2020-04-14T23:15:50.577-0700][gc            ] GC(748) Pause Young (Normal) (G1 Evacuation Pause) 344M->297M(1024M) 27.279ms
[2020-04-14T23:15:50.577-0700][gc,cpu        ] GC(748) User=0.10s Sys=0.00s Real=0.02s
[2020-04-14T23:16:06.235-0700][gc,start      ] GC(749) Pause Young (Normal) (G1 Evacuation Pause)
[2020-04-14T23:16:06.235-0700][gc,task       ] GC(749) Using 4 workers of 4 for evacuation
[2020-04-14T23:16:06.262-0700][gc,mmu        ] GC(749) MMU target violated: 21.0ms (20.0ms/21.0ms)
[2020-04-14T23:16:06.262-0700][gc,phases     ] GC(749)   Pre Evacuate Collection Set: 0.1ms
[2020-04-14T23:16:06.262-0700][gc,phases     ] GC(749)   Evacuate Collection Set: 26.0ms
[2020-04-14T23:16:06.262-0700][gc,phases     ] GC(749)   Post Evacuate Collection Set: 0.5ms
[2020-04-14T23:16:06.262-0700][gc,phases     ] GC(749)   Other: 0.6ms
[2020-04-14T23:16:06.262-0700][gc,heap       ] GC(749) Eden regions: 47->0(47)
[2020-04-14T23:16:06.262-0700][gc,heap       ] GC(749) Survivor regions: 4->4(7)
[2020-04-14T23:16:06.262-0700][gc,heap       ] GC(749) Old regions: 164->165
[2020-04-14T23:16:06.262-0700][gc,heap       ] GC(749) Humongous regions: 130->130
[2020-04-14T23:16:06.262-0700][gc,metaspace  ] GC(749) Metaspace: 28186K->28186K(1075200K)
[2020-04-14T23:16:06.262-0700][gc            ] GC(749) Pause Young (Normal) (G1 Evacuation Pause) 344M->297M(1024M) 27.286ms
[2020-04-14T23:16:06.262-0700][gc,cpu        ] GC(749) User=0.10s Sys=0.00s Real=0.03s
[2020-04-14T23:16:21.869-0700][gc,start      ] GC(750) Pause Young (Normal) (G1 Evacuation Pause)
[2020-04-14T23:16:21.869-0700][gc,task       ] GC(750) Using 4 workers of 4 for evacuation
[2020-04-14T23:16:21.895-0700][gc,mmu        ] GC(750) MMU target violated: 21.0ms (20.0ms/21.0ms)
[2020-04-14T23:16:21.895-0700][gc,phases     ] GC(750)   Pre Evacuate Collection Set: 0.1ms
[2020-04-14T23:16:21.895-0700][gc,phases     ] GC(750)   Evacuate Collection Set: 24.7ms
[2020-04-14T23:16:21.895-0700][gc,phases     ] GC(750)   Post Evacuate Collection Set: 0.6ms
[2020-04-14T23:16:21.895-0700][gc,phases     ] GC(750)   Other: 0.6ms
[2020-04-14T23:16:21.895-0700][gc,heap       ] GC(750) Eden regions: 47->0(47)
[2020-04-14T23:16:21.895-0700][gc,heap       ] GC(750) Survivor regions: 4->4(7)
[2020-04-14T23:16:21.895-0700][gc,heap       ] GC(750) Old regions: 165->165
[2020-04-14T23:16:21.895-0700][gc,heap       ] GC(750) Humongous regions: 130->130
[2020-04-14T23:16:21.895-0700][gc,metaspace  ] GC(750) Metaspace: 28186K->28186K(1075200K)
[2020-04-14T23:16:21.895-0700][gc            ] GC(750) Pause Young (Normal) (G1 Evacuation Pause) 344M->298M(1024M) 25.978ms
[2020-04-14T23:16:21.895-0700][gc,cpu        ] GC(750) User=0.10s Sys=0.00s Real=0.03s
[2020-04-14T23:16:37.507-0700][gc,start      ] GC(751) Pause Young (Normal) (G1 Evacuation Pause)
[2020-04-14T23:16:37.507-0700][gc,task       ] GC(751) Using 4 workers of 4 for evacuation
[2020-04-14T23:16:37.534-0700][gc,mmu        ] GC(751) MMU target violated: 21.0ms (20.0ms/21.0ms)
[2020-04-14T23:16:37.534-0700][gc,phases     ] GC(751)   Pre Evacuate Collection Set: 0.1ms
[2020-04-14T23:16:37.534-0700][gc,phases     ] GC(751)   Evacuate Collection Set: 26.2ms
[2020-04-14T23:16:37.534-0700][gc,phases     ] GC(751)   Post Evacuate Collection Set: 0.7ms
[2020-04-14T23:16:37.534-0700][gc,phases     ] GC(751)   Other: 0.5ms
[2020-04-14T23:16:37.534-0700][gc,heap       ] GC(751) Eden regions: 47->0(47)
[2020-04-14T23:16:37.534-0700][gc,heap       ] GC(751) Survivor regions: 4->4(7)
[2020-04-14T23:16:37.534-0700][gc,heap       ] GC(751) Old regions: 165->166
[2020-04-14T23:16:37.534-0700][gc,heap       ] GC(751) Humongous regions: 130->130
[2020-04-14T23:16:37.534-0700][gc,metaspace  ] GC(751) Metaspace: 28188K->28188K(1075200K)
[2020-04-14T23:16:37.534-0700][gc            ] GC(751) Pause Young (Normal) (G1 Evacuation Pause) 345M->299M(1024M) 27.541ms
[2020-04-14T23:16:37.534-0700][gc,cpu        ] GC(751) User=0.10s Sys=0.00s Real=0.03s
[2020-04-14T23:16:53.043-0700][gc,start      ] GC(752) Pause Young (Normal) (G1 Evacuation Pause)
[2020-04-14T23:16:53.043-0700][gc,task       ] GC(752) Using 4 workers of 4 for evacuation
[2020-04-14T23:16:53.069-0700][gc,mmu        ] GC(752) MMU target violated: 21.0ms (20.0ms/21.0ms)
[2020-04-14T23:16:53.069-0700][gc,phases     ] GC(752)   Pre Evacuate Collection Set: 0.0ms
[2020-04-14T23:16:53.069-0700][gc,phases     ] GC(752)   Evacuate Collection Set: 25.4ms
[2020-04-14T23:16:53.069-0700][gc,phases     ] GC(752)   Post Evacuate Collection Set: 0.6ms
[2020-04-14T23:16:53.069-0700][gc,phases     ] GC(752)   Other: 0.5ms
[2020-04-14T23:16:53.069-0700][gc,heap       ] GC(752) Eden regions: 47->0(47)
[2020-04-14T23:16:53.069-0700][gc,heap       ] GC(752) Survivor regions: 4->4(7)
[2020-04-14T23:16:53.069-0700][gc,heap       ] GC(752) Old regions: 166->166
[2020-04-14T23:16:53.069-0700][gc,heap       ] GC(752) Humongous regions: 130->130
[2020-04-14T23:16:53.069-0700][gc,metaspace  ] GC(752) Metaspace: 28188K->28188K(1075200K)
[2020-04-14T23:16:53.069-0700][gc            ] GC(752) Pause Young (Normal) (G1 Evacuation Pause) 346M->299M(1024M) 26.653ms
[2020-04-14T23:16:53.069-0700][gc,cpu        ] GC(752) User=0.11s Sys=0.00s Real=0.02s
[2020-04-14T23:17:08.677-0700][gc,start      ] GC(753) Pause Young (Normal) (G1 Evacuation Pause)
[2020-04-14T23:17:08.678-0700][gc,task       ] GC(753) Using 4 workers of 4 for evacuation
[2020-04-14T23:17:08.707-0700][gc,mmu        ] GC(753) MMU target violated: 21.0ms (20.0ms/21.0ms)
[2020-04-14T23:17:08.707-0700][gc,phases     ] GC(753)   Pre Evacuate Collection Set: 0.1ms
[2020-04-14T23:17:08.707-0700][gc,phases     ] GC(753)   Evacuate Collection Set: 28.4ms
[2020-04-14T23:17:08.707-0700][gc,phases     ] GC(753)   Post Evacuate Collection Set: 0.5ms
[2020-04-14T23:17:08.707-0700][gc,phases     ] GC(753)   Other: 0.6ms
[2020-04-14T23:17:08.707-0700][gc,heap       ] GC(753) Eden regions: 47->0(46)
[2020-04-14T23:17:08.707-0700][gc,heap       ] GC(753) Survivor regions: 4->5(7)
[2020-04-14T23:17:08.707-0700][gc,heap       ] GC(753) Old regions: 166->166
[2020-04-14T23:17:08.707-0700][gc,heap       ] GC(753) Humongous regions: 130->130
[2020-04-14T23:17:08.707-0700][gc,metaspace  ] GC(753) Metaspace: 28188K->28188K(1075200K)
[2020-04-14T23:17:08.707-0700][gc            ] GC(753) Pause Young (Normal) (G1 Evacuation Pause) 346M->299M(1024M) 29.668ms
[2020-04-14T23:17:08.707-0700][gc,cpu        ] GC(753) User=0.11s Sys=0.00s Real=0.02s
[2020-04-14T23:17:23.986-0700][gc,start      ] GC(754) Pause Young (Normal) (G1 Evacuation Pause)
[2020-04-14T23:17:23.986-0700][gc,task       ] GC(754) Using 4 workers of 4 for evacuation
[2020-04-14T23:17:24.017-0700][gc,mmu        ] GC(754) MMU target violated: 21.0ms (20.0ms/21.0ms)
[2020-04-14T23:17:24.017-0700][gc,phases     ] GC(754)   Pre Evacuate Collection Set: 0.1ms
[2020-04-14T23:17:24.017-0700][gc,phases     ] GC(754)   Evacuate Collection Set: 30.0ms
[2020-04-14T23:17:24.017-0700][gc,phases     ] GC(754)   Post Evacuate Collection Set: 0.5ms
[2020-04-14T23:17:24.017-0700][gc,phases     ] GC(754)   Other: 0.6ms
[2020-04-14T23:17:24.017-0700][gc,heap       ] GC(754) Eden regions: 46->0(46)
[2020-04-14T23:17:24.017-0700][gc,heap       ] GC(754) Survivor regions: 5->5(7)
[2020-04-14T23:17:24.017-0700][gc,heap       ] GC(754) Old regions: 166->167
[2020-04-14T23:17:24.017-0700][gc,heap       ] GC(754) Humongous regions: 130->130
[2020-04-14T23:17:24.017-0700][gc,metaspace  ] GC(754) Metaspace: 28188K->28188K(1075200K)
[2020-04-14T23:17:24.017-0700][gc            ] GC(754) Pause Young (Normal) (G1 Evacuation Pause) 345M->301M(1024M) 31.262ms
[2020-04-14T23:17:24.017-0700][gc,cpu        ] GC(754) User=0.12s Sys=0.00s Real=0.03s
[2020-04-14T23:17:39.255-0700][gc,start      ] GC(755) Pause Young (Normal) (G1 Evacuation Pause)
[2020-04-14T23:17:39.255-0700][gc,task       ] GC(755) Using 4 workers of 4 for evacuation
[2020-04-14T23:17:39.285-0700][gc,mmu        ] GC(755) MMU target violated: 21.0ms (20.0ms/21.0ms)
[2020-04-14T23:17:39.285-0700][gc,phases     ] GC(755)   Pre Evacuate Collection Set: 0.1ms
[2020-04-14T23:17:39.285-0700][gc,phases     ] GC(755)   Evacuate Collection Set: 29.3ms
[2020-04-14T23:17:39.285-0700][gc,phases     ] GC(755)   Post Evacuate Collection Set: 0.5ms
[2020-04-14T23:17:39.285-0700][gc,phases     ] GC(755)   Other: 0.7ms
[2020-04-14T23:17:39.286-0700][gc,heap       ] GC(755) Eden regions: 46->0(47)
[2020-04-14T23:17:39.286-0700][gc,heap       ] GC(755) Survivor regions: 5->4(7)
[2020-04-14T23:17:39.286-0700][gc,heap       ] GC(755) Old regions: 167->168
[2020-04-14T23:17:39.286-0700][gc,heap       ] GC(755) Humongous regions: 130->130
[2020-04-14T23:17:39.286-0700][gc,metaspace  ] GC(755) Metaspace: 28188K->28188K(1075200K)
[2020-04-14T23:17:39.286-0700][gc            ] GC(755) Pause Young (Normal) (G1 Evacuation Pause) 347M->301M(1024M) 30.624ms
[2020-04-14T23:17:39.286-0700][gc,cpu        ] GC(755) User=0.11s Sys=0.00s Real=0.03s
[2020-04-14T23:17:54.904-0700][gc,start      ] GC(756) Pause Young (Normal) (G1 Evacuation Pause)
[2020-04-14T23:17:54.904-0700][gc,task       ] GC(756) Using 4 workers of 4 for evacuation
[2020-04-14T23:17:54.929-0700][gc,mmu        ] GC(756) MMU target violated: 21.0ms (20.0ms/21.0ms)
[2020-04-14T23:17:54.930-0700][gc,phases     ] GC(756)   Pre Evacuate Collection Set: 0.0ms
[2020-04-14T23:17:54.930-0700][gc,phases     ] GC(756)   Evacuate Collection Set: 24.5ms
[2020-04-14T23:17:54.930-0700][gc,phases     ] GC(756)   Post Evacuate Collection Set: 0.6ms
[2020-04-14T23:17:54.930-0700][gc,phases     ] GC(756)   Other: 0.5ms
[2020-04-14T23:17:54.930-0700][gc,heap       ] GC(756) Eden regions: 47->0(46)
[2020-04-14T23:17:54.930-0700][gc,heap       ] GC(756) Survivor regions: 4->5(7)
[2020-04-14T23:17:54.930-0700][gc,heap       ] GC(756) Old regions: 168->168
[2020-04-14T23:17:54.930-0700][gc,heap       ] GC(756) Humongous regions: 130->130
[2020-04-14T23:17:54.930-0700][gc,metaspace  ] GC(756) Metaspace: 28188K->28188K(1075200K)
[2020-04-14T23:17:54.930-0700][gc            ] GC(756) Pause Young (Normal) (G1 Evacuation Pause) 348M->301M(1024M) 25.882ms
[2020-04-14T23:17:54.930-0700][gc,cpu        ] GC(756) User=0.09s Sys=0.00s Real=0.03s
[2020-04-14T23:18:10.179-0700][gc,start      ] GC(757) Pause Young (Normal) (G1 Evacuation Pause)
[2020-04-14T23:18:10.179-0700][gc,task       ] GC(757) Using 4 workers of 4 for evacuation
[2020-04-14T23:18:10.223-0700][gc,mmu        ] GC(757) MMU target violated: 21.0ms (20.0ms/21.0ms)
[2020-04-14T23:18:10.223-0700][gc,phases     ] GC(757)   Pre Evacuate Collection Set: 0.0ms
[2020-04-14T23:18:10.223-0700][gc,phases     ] GC(757)   Evacuate Collection Set: 43.0ms
[2020-04-14T23:18:10.223-0700][gc,phases     ] GC(757)   Post Evacuate Collection Set: 0.7ms
[2020-04-14T23:18:10.223-0700][gc,phases     ] GC(757)   Other: 0.5ms
[2020-04-14T23:18:10.223-0700][gc,heap       ] GC(757) Eden regions: 46->0(47)
[2020-04-14T23:18:10.223-0700][gc,heap       ] GC(757) Survivor regions: 5->4(7)
[2020-04-14T23:18:10.223-0700][gc,heap       ] GC(757) Old regions: 168->169
[2020-04-14T23:18:10.223-0700][gc,heap       ] GC(757) Humongous regions: 130->130
[2020-04-14T23:18:10.223-0700][gc,metaspace  ] GC(757) Metaspace: 28188K->28188K(1075200K)
[2020-04-14T23:18:10.223-0700][gc            ] GC(757) Pause Young (Normal) (G1 Evacuation Pause) 347M->302M(1024M) 44.407ms
[2020-04-14T23:18:10.223-0700][gc,cpu        ] GC(757) User=0.15s Sys=0.00s Real=0.04s
[2020-04-14T23:18:25.824-0700][gc,start      ] GC(758) Pause Young (Normal) (G1 Evacuation Pause)
[2020-04-14T23:18:25.824-0700][gc,task       ] GC(758) Using 4 workers of 4 for evacuation
[2020-04-14T23:18:25.851-0700][gc,mmu        ] GC(758) MMU target violated: 21.0ms (20.0ms/21.0ms)
[2020-04-14T23:18:25.851-0700][gc,phases     ] GC(758)   Pre Evacuate Collection Set: 0.1ms
[2020-04-14T23:18:25.851-0700][gc,phases     ] GC(758)   Evacuate Collection Set: 25.6ms
[2020-04-14T23:18:25.851-0700][gc,phases     ] GC(758)   Post Evacuate Collection Set: 0.7ms
[2020-04-14T23:18:25.851-0700][gc,phases     ] GC(758)   Other: 0.6ms
[2020-04-14T23:18:25.851-0700][gc,heap       ] GC(758) Eden regions: 47->0(47)
[2020-04-14T23:18:25.851-0700][gc,heap       ] GC(758) Survivor regions: 4->4(7)
[2020-04-14T23:18:25.851-0700][gc,heap       ] GC(758) Old regions: 169->169
[2020-04-14T23:18:25.851-0700][gc,heap       ] GC(758) Humongous regions: 130->130
[2020-04-14T23:18:25.851-0700][gc,metaspace  ] GC(758) Metaspace: 28188K->28188K(1075200K)
[2020-04-14T23:18:25.851-0700][gc            ] GC(758) Pause Young (Normal) (G1 Evacuation Pause) 349M->302M(1024M) 27.051ms
[2020-04-14T23:18:25.851-0700][gc,cpu        ] GC(758) User=0.10s Sys=0.00s Real=0.03s
[2020-04-14T23:18:41.513-0700][gc,start      ] GC(759) Pause Young (Normal) (G1 Evacuation Pause)
[2020-04-14T23:18:41.513-0700][gc,task       ] GC(759) Using 4 workers of 4 for evacuation
[2020-04-14T23:18:41.541-0700][gc,mmu        ] GC(759) MMU target violated: 21.0ms (20.0ms/21.0ms)
[2020-04-14T23:18:41.541-0700][gc,phases     ] GC(759)   Pre Evacuate Collection Set: 0.0ms
[2020-04-14T23:18:41.541-0700][gc,phases     ] GC(759)   Evacuate Collection Set: 27.2ms
[2020-04-14T23:18:41.541-0700][gc,phases     ] GC(759)   Post Evacuate Collection Set: 0.5ms
[2020-04-14T23:18:41.541-0700][gc,phases     ] GC(759)   Other: 0.5ms
[2020-04-14T23:18:41.541-0700][gc,heap       ] GC(759) Eden regions: 47->0(47)
[2020-04-14T23:18:41.541-0700][gc,heap       ] GC(759) Survivor regions: 4->4(7)
[2020-04-14T23:18:41.541-0700][gc,heap       ] GC(759) Old regions: 169->169
[2020-04-14T23:18:41.541-0700][gc,heap       ] GC(759) Humongous regions: 130->130
[2020-04-14T23:18:41.541-0700][gc,metaspace  ] GC(759) Metaspace: 28188K->28188K(1075200K)
[2020-04-14T23:18:41.541-0700][gc            ] GC(759) Pause Young (Normal) (G1 Evacuation Pause) 349M->302M(1024M) 28.397ms
[2020-04-14T23:18:41.541-0700][gc,cpu        ] GC(759) User=0.11s Sys=0.00s Real=0.03s
[2020-04-14T23:18:57.159-0700][gc,start      ] GC(760) Pause Young (Normal) (G1 Evacuation Pause)
[2020-04-14T23:18:57.159-0700][gc,task       ] GC(760) Using 4 workers of 4 for evacuation
[2020-04-14T23:18:57.185-0700][gc,mmu        ] GC(760) MMU target violated: 21.0ms (20.0ms/21.0ms)
[2020-04-14T23:18:57.185-0700][gc,phases     ] GC(760)   Pre Evacuate Collection Set: 0.0ms
[2020-04-14T23:18:57.185-0700][gc,phases     ] GC(760)   Evacuate Collection Set: 24.5ms
[2020-04-14T23:18:57.185-0700][gc,phases     ] GC(760)   Post Evacuate Collection Set: 0.6ms
[2020-04-14T23:18:57.185-0700][gc,phases     ] GC(760)   Other: 0.5ms
[2020-04-14T23:18:57.185-0700][gc,heap       ] GC(760) Eden regions: 47->0(46)
[2020-04-14T23:18:57.185-0700][gc,heap       ] GC(760) Survivor regions: 4->5(7)
[2020-04-14T23:18:57.185-0700][gc,heap       ] GC(760) Old regions: 169->169
[2020-04-14T23:18:57.185-0700][gc,heap       ] GC(760) Humongous regions: 130->130
[2020-04-14T23:18:57.185-0700][gc,metaspace  ] GC(760) Metaspace: 28188K->28188K(1075200K)
[2020-04-14T23:18:57.185-0700][gc            ] GC(760) Pause Young (Normal) (G1 Evacuation Pause) 349M->303M(1024M) 25.891ms
[2020-04-14T23:18:57.185-0700][gc,cpu        ] GC(760) User=0.10s Sys=0.00s Real=0.02s
[2020-04-14T23:19:12.475-0700][gc,start      ] GC(761) Pause Young (Normal) (G1 Evacuation Pause)
[2020-04-14T23:19:12.476-0700][gc,task       ] GC(761) Using 4 workers of 4 for evacuation
[2020-04-14T23:19:12.505-0700][gc,mmu        ] GC(761) MMU target violated: 21.0ms (20.0ms/21.0ms)
[2020-04-14T23:19:12.505-0700][gc,phases     ] GC(761)   Pre Evacuate Collection Set: 0.0ms
[2020-04-14T23:19:12.505-0700][gc,phases     ] GC(761)   Evacuate Collection Set: 28.3ms
[2020-04-14T23:19:12.505-0700][gc,phases     ] GC(761)   Post Evacuate Collection Set: 0.5ms
[2020-04-14T23:19:12.505-0700][gc,phases     ] GC(761)   Other: 0.5ms
[2020-04-14T23:19:12.505-0700][gc,heap       ] GC(761) Eden regions: 46->0(47)
[2020-04-14T23:19:12.505-0700][gc,heap       ] GC(761) Survivor regions: 5->4(7)
[2020-04-14T23:19:12.505-0700][gc,heap       ] GC(761) Old regions: 169->170
[2020-04-14T23:19:12.505-0700][gc,heap       ] GC(761) Humongous regions: 130->130
[2020-04-14T23:19:12.505-0700][gc,metaspace  ] GC(761) Metaspace: 28188K->28188K(1075200K)
[2020-04-14T23:19:12.505-0700][gc            ] GC(761) Pause Young (Normal) (G1 Evacuation Pause) 349M->303M(1024M) 29.460ms
[2020-04-14T23:19:12.505-0700][gc,cpu        ] GC(761) User=0.11s Sys=0.00s Real=0.03s
[2020-04-14T23:19:28.163-0700][gc,start      ] GC(762) Pause Young (Normal) (G1 Evacuation Pause)
[2020-04-14T23:19:28.163-0700][gc,task       ] GC(762) Using 4 workers of 4 for evacuation
[2020-04-14T23:19:28.189-0700][gc,mmu        ] GC(762) MMU target violated: 21.0ms (20.0ms/21.0ms)
[2020-04-14T23:19:28.189-0700][gc,phases     ] GC(762)   Pre Evacuate Collection Set: 0.1ms
[2020-04-14T23:19:28.189-0700][gc,phases     ] GC(762)   Evacuate Collection Set: 25.0ms
[2020-04-14T23:19:28.189-0700][gc,phases     ] GC(762)   Post Evacuate Collection Set: 0.7ms
[2020-04-14T23:19:28.189-0700][gc,phases     ] GC(762)   Other: 0.5ms
[2020-04-14T23:19:28.189-0700][gc,heap       ] GC(762) Eden regions: 47->0(47)
[2020-04-14T23:19:28.189-0700][gc,heap       ] GC(762) Survivor regions: 4->4(7)
[2020-04-14T23:19:28.189-0700][gc,heap       ] GC(762) Old regions: 170->170
[2020-04-14T23:19:28.189-0700][gc,heap       ] GC(762) Humongous regions: 130->130
[2020-04-14T23:19:28.189-0700][gc,metaspace  ] GC(762) Metaspace: 28188K->28188K(1075200K)
[2020-04-14T23:19:28.189-0700][gc            ] GC(762) Pause Young (Normal) (G1 Evacuation Pause) 350M->303M(1024M) 26.466ms
[2020-04-14T23:19:28.189-0700][gc,cpu        ] GC(762) User=0.10s Sys=0.00s Real=0.02s
[2020-04-14T23:19:43.897-0700][gc,start      ] GC(763) Pause Young (Normal) (G1 Evacuation Pause)
[2020-04-14T23:19:43.897-0700][gc,task       ] GC(763) Using 4 workers of 4 for evacuation
[2020-04-14T23:19:43.924-0700][gc,mmu        ] GC(763) MMU target violated: 21.0ms (20.0ms/21.0ms)
[2020-04-14T23:19:43.924-0700][gc,phases     ] GC(763)   Pre Evacuate Collection Set: 0.1ms
[2020-04-14T23:19:43.924-0700][gc,phases     ] GC(763)   Evacuate Collection Set: 25.8ms
[2020-04-14T23:19:43.924-0700][gc,phases     ] GC(763)   Post Evacuate Collection Set: 0.5ms
[2020-04-14T23:19:43.924-0700][gc,phases     ] GC(763)   Other: 0.6ms
[2020-04-14T23:19:43.924-0700][gc,heap       ] GC(763) Eden regions: 47->0(47)
[2020-04-14T23:19:43.924-0700][gc,heap       ] GC(763) Survivor regions: 4->4(7)
[2020-04-14T23:19:43.924-0700][gc,heap       ] GC(763) Old regions: 170->171
[2020-04-14T23:19:43.924-0700][gc,heap       ] GC(763) Humongous regions: 130->130
[2020-04-14T23:19:43.924-0700][gc,metaspace  ] GC(763) Metaspace: 28188K->28188K(1075200K)
[2020-04-14T23:19:43.924-0700][gc            ] GC(763) Pause Young (Normal) (G1 Evacuation Pause) 350M->304M(1024M) 27.083ms
[2020-04-14T23:19:43.924-0700][gc,cpu        ] GC(763) User=0.11s Sys=0.00s Real=0.03s
[2020-04-14T23:19:59.656-0700][gc,start      ] GC(764) Pause Young (Normal) (G1 Evacuation Pause)
[2020-04-14T23:19:59.656-0700][gc,task       ] GC(764) Using 4 workers of 4 for evacuation
[2020-04-14T23:19:59.684-0700][gc,mmu        ] GC(764) MMU target violated: 21.0ms (20.0ms/21.0ms)
[2020-04-14T23:19:59.685-0700][gc,phases     ] GC(764)   Pre Evacuate Collection Set: 0.1ms
[2020-04-14T23:19:59.685-0700][gc,phases     ] GC(764)   Evacuate Collection Set: 27.3ms
[2020-04-14T23:19:59.685-0700][gc,phases     ] GC(764)   Post Evacuate Collection Set: 0.7ms
[2020-04-14T23:19:59.685-0700][gc,phases     ] GC(764)   Other: 0.6ms
[2020-04-14T23:19:59.685-0700][gc,heap       ] GC(764) Eden regions: 47->0(47)
[2020-04-14T23:19:59.685-0700][gc,heap       ] GC(764) Survivor regions: 4->4(7)
[2020-04-14T23:19:59.685-0700][gc,heap       ] GC(764) Old regions: 171->171
[2020-04-14T23:19:59.685-0700][gc,heap       ] GC(764) Humongous regions: 130->130
[2020-04-14T23:19:59.685-0700][gc,metaspace  ] GC(764) Metaspace: 28188K->28188K(1075200K)
[2020-04-14T23:19:59.685-0700][gc            ] GC(764) Pause Young (Normal) (G1 Evacuation Pause) 351M->304M(1024M) 28.827ms
[2020-04-14T23:19:59.685-0700][gc,cpu        ] GC(764) User=0.11s Sys=0.00s Real=0.03s
[2020-04-14T23:20:15.349-0700][gc,start      ] GC(765) Pause Young (Normal) (G1 Evacuation Pause)
[2020-04-14T23:20:15.349-0700][gc,task       ] GC(765) Using 4 workers of 4 for evacuation
[2020-04-14T23:20:15.376-0700][gc,mmu        ] GC(765) MMU target violated: 21.0ms (20.0ms/21.0ms)
[2020-04-14T23:20:15.376-0700][gc,phases     ] GC(765)   Pre Evacuate Collection Set: 0.1ms
[2020-04-14T23:20:15.376-0700][gc,phases     ] GC(765)   Evacuate Collection Set: 25.9ms
[2020-04-14T23:20:15.376-0700][gc,phases     ] GC(765)   Post Evacuate Collection Set: 0.7ms
[2020-04-14T23:20:15.376-0700][gc,phases     ] GC(765)   Other: 0.6ms
[2020-04-14T23:20:15.376-0700][gc,heap       ] GC(765) Eden regions: 47->0(47)
[2020-04-14T23:20:15.376-0700][gc,heap       ] GC(765) Survivor regions: 4->4(7)
[2020-04-14T23:20:15.376-0700][gc,heap       ] GC(765) Old regions: 171->172
[2020-04-14T23:20:15.376-0700][gc,heap       ] GC(765) Humongous regions: 130->130
[2020-04-14T23:20:15.376-0700][gc,metaspace  ] GC(765) Metaspace: 28188K->28188K(1075200K)
[2020-04-14T23:20:15.376-0700][gc            ] GC(765) Pause Young (Normal) (G1 Evacuation Pause) 351M->305M(1024M) 27.397ms
[2020-04-14T23:20:15.376-0700][gc,cpu        ] GC(765) User=0.10s Sys=0.00s Real=0.03s
[2020-04-14T23:20:31.795-0700][gc,start      ] GC(766) Pause Young (Normal) (G1 Evacuation Pause)
[2020-04-14T23:20:31.795-0700][gc,task       ] GC(766) Using 4 workers of 4 for evacuation
[2020-04-14T23:20:31.823-0700][gc,mmu        ] GC(766) MMU target violated: 21.0ms (20.0ms/21.0ms)
[2020-04-14T23:20:31.823-0700][gc,phases     ] GC(766)   Pre Evacuate Collection Set: 0.1ms
[2020-04-14T23:20:31.823-0700][gc,phases     ] GC(766)   Evacuate Collection Set: 26.7ms
[2020-04-14T23:20:31.823-0700][gc,phases     ] GC(766)   Post Evacuate Collection Set: 0.6ms
[2020-04-14T23:20:31.823-0700][gc,phases     ] GC(766)   Other: 0.7ms
[2020-04-14T23:20:31.823-0700][gc,heap       ] GC(766) Eden regions: 47->0(47)
[2020-04-14T23:20:31.823-0700][gc,heap       ] GC(766) Survivor regions: 4->4(7)
[2020-04-14T23:20:31.823-0700][gc,heap       ] GC(766) Old regions: 172->172
[2020-04-14T23:20:31.823-0700][gc,heap       ] GC(766) Humongous regions: 130->130
[2020-04-14T23:20:31.823-0700][gc,metaspace  ] GC(766) Metaspace: 28188K->28188K(1075200K)
[2020-04-14T23:20:31.823-0700][gc            ] GC(766) Pause Young (Normal) (G1 Evacuation Pause) 352M->305M(1024M) 28.246ms
[2020-04-14T23:20:31.823-0700][gc,cpu        ] GC(766) User=0.10s Sys=0.00s Real=0.03s
[2020-04-14T23:20:47.770-0700][gc,start      ] GC(767) Pause Young (Normal) (G1 Evacuation Pause)
[2020-04-14T23:20:47.770-0700][gc,task       ] GC(767) Using 4 workers of 4 for evacuation
[2020-04-14T23:20:47.797-0700][gc,mmu        ] GC(767) MMU target violated: 21.0ms (20.0ms/21.0ms)
[2020-04-14T23:20:47.797-0700][gc,phases     ] GC(767)   Pre Evacuate Collection Set: 0.0ms
[2020-04-14T23:20:47.797-0700][gc,phases     ] GC(767)   Evacuate Collection Set: 25.4ms
[2020-04-14T23:20:47.797-0700][gc,phases     ] GC(767)   Post Evacuate Collection Set: 0.6ms
[2020-04-14T23:20:47.797-0700][gc,phases     ] GC(767)   Other: 0.5ms
[2020-04-14T23:20:47.797-0700][gc,heap       ] GC(767) Eden regions: 47->0(47)
[2020-04-14T23:20:47.797-0700][gc,heap       ] GC(767) Survivor regions: 4->4(7)
[2020-04-14T23:20:47.797-0700][gc,heap       ] GC(767) Old regions: 172->173
[2020-04-14T23:20:47.797-0700][gc,heap       ] GC(767) Humongous regions: 130->130
[2020-04-14T23:20:47.797-0700][gc,metaspace  ] GC(767) Metaspace: 28188K->28188K(1075200K)
[2020-04-14T23:20:47.797-0700][gc            ] GC(767) Pause Young (Normal) (G1 Evacuation Pause) 352M->305M(1024M) 26.724ms
[2020-04-14T23:20:47.797-0700][gc,cpu        ] GC(767) User=0.10s Sys=0.00s Real=0.02s
[2020-04-14T23:21:03.561-0700][gc,start      ] GC(768) Pause Young (Normal) (G1 Evacuation Pause)
[2020-04-14T23:21:03.561-0700][gc,task       ] GC(768) Using 4 workers of 4 for evacuation
[2020-04-14T23:21:03.588-0700][gc,mmu        ] GC(768) MMU target violated: 21.0ms (20.0ms/21.0ms)
[2020-04-14T23:21:03.588-0700][gc,phases     ] GC(768)   Pre Evacuate Collection Set: 0.0ms
[2020-04-14T23:21:03.588-0700][gc,phases     ] GC(768)   Evacuate Collection Set: 26.7ms
[2020-04-14T23:21:03.588-0700][gc,phases     ] GC(768)   Post Evacuate Collection Set: 0.6ms
[2020-04-14T23:21:03.589-0700][gc,phases     ] GC(768)   Other: 0.6ms
[2020-04-14T23:21:03.589-0700][gc,heap       ] GC(768) Eden regions: 47->0(47)
[2020-04-14T23:21:03.589-0700][gc,heap       ] GC(768) Survivor regions: 4->4(7)
[2020-04-14T23:21:03.589-0700][gc,heap       ] GC(768) Old regions: 173->173
[2020-04-14T23:21:03.589-0700][gc,heap       ] GC(768) Humongous regions: 130->130
[2020-04-14T23:21:03.589-0700][gc,metaspace  ] GC(768) Metaspace: 28188K->28188K(1075200K)
[2020-04-14T23:21:03.589-0700][gc            ] GC(768) Pause Young (Normal) (G1 Evacuation Pause) 352M->306M(1024M) 28.046ms
[2020-04-14T23:21:03.589-0700][gc,cpu        ] GC(768) User=0.10s Sys=0.00s Real=0.02s
[2020-04-14T23:21:19.179-0700][gc,start      ] GC(769) Pause Young (Normal) (G1 Evacuation Pause)
[2020-04-14T23:21:19.179-0700][gc,task       ] GC(769) Using 4 workers of 4 for evacuation
[2020-04-14T23:21:19.206-0700][gc,mmu        ] GC(769) MMU target violated: 21.0ms (20.0ms/21.0ms)
[2020-04-14T23:21:19.207-0700][gc,phases     ] GC(769)   Pre Evacuate Collection Set: 0.1ms
[2020-04-14T23:21:19.207-0700][gc,phases     ] GC(769)   Evacuate Collection Set: 26.6ms
[2020-04-14T23:21:19.207-0700][gc,phases     ] GC(769)   Post Evacuate Collection Set: 0.6ms
[2020-04-14T23:21:19.207-0700][gc,phases     ] GC(769)   Other: 0.7ms
[2020-04-14T23:21:19.207-0700][gc,heap       ] GC(769) Eden regions: 47->0(46)
[2020-04-14T23:21:19.207-0700][gc,heap       ] GC(769) Survivor regions: 4->5(7)
[2020-04-14T23:21:19.207-0700][gc,heap       ] GC(769) Old regions: 173->173
[2020-04-14T23:21:19.207-0700][gc,heap       ] GC(769) Humongous regions: 130->130
[2020-04-14T23:21:19.207-0700][gc,metaspace  ] GC(769) Metaspace: 28188K->28188K(1075200K)
[2020-04-14T23:21:19.207-0700][gc            ] GC(769) Pause Young (Normal) (G1 Evacuation Pause) 353M->306M(1024M) 28.114ms
[2020-04-14T23:21:19.207-0700][gc,cpu        ] GC(769) User=0.10s Sys=0.00s Real=0.02s
[2020-04-14T23:21:34.511-0700][gc,start      ] GC(770) Pause Young (Normal) (G1 Evacuation Pause)
[2020-04-14T23:21:34.511-0700][gc,task       ] GC(770) Using 4 workers of 4 for evacuation
[2020-04-14T23:21:34.538-0700][gc,mmu        ] GC(770) MMU target violated: 21.0ms (20.0ms/21.0ms)
[2020-04-14T23:21:34.539-0700][gc,phases     ] GC(770)   Pre Evacuate Collection Set: 0.1ms
[2020-04-14T23:21:34.539-0700][gc,phases     ] GC(770)   Evacuate Collection Set: 26.4ms
[2020-04-14T23:21:34.539-0700][gc,phases     ] GC(770)   Post Evacuate Collection Set: 0.7ms
[2020-04-14T23:21:34.539-0700][gc,phases     ] GC(770)   Other: 0.5ms
[2020-04-14T23:21:34.539-0700][gc,heap       ] GC(770) Eden regions: 46->0(47)
[2020-04-14T23:21:34.539-0700][gc,heap       ] GC(770) Survivor regions: 5->4(7)
[2020-04-14T23:21:34.539-0700][gc,heap       ] GC(770) Old regions: 173->173
[2020-04-14T23:21:34.539-0700][gc,heap       ] GC(770) Humongous regions: 130->130
[2020-04-14T23:21:34.539-0700][gc,metaspace  ] GC(770) Metaspace: 28188K->28188K(1075200K)
[2020-04-14T23:21:34.539-0700][gc            ] GC(770) Pause Young (Normal) (G1 Evacuation Pause) 352M->306M(1024M) 27.732ms
[2020-04-14T23:21:34.539-0700][gc,cpu        ] GC(770) User=0.10s Sys=0.00s Real=0.03s
[2020-04-14T23:21:50.019-0700][gc,start      ] GC(771) Pause Young (Normal) (G1 Evacuation Pause)
[2020-04-14T23:21:50.019-0700][gc,task       ] GC(771) Using 4 workers of 4 for evacuation
[2020-04-14T23:21:50.047-0700][gc,mmu        ] GC(771) MMU target violated: 21.0ms (20.0ms/21.0ms)
[2020-04-14T23:21:50.047-0700][gc,phases     ] GC(771)   Pre Evacuate Collection Set: 0.0ms
[2020-04-14T23:21:50.047-0700][gc,phases     ] GC(771)   Evacuate Collection Set: 27.2ms
[2020-04-14T23:21:50.047-0700][gc,phases     ] GC(771)   Post Evacuate Collection Set: 0.7ms
[2020-04-14T23:21:50.047-0700][gc,phases     ] GC(771)   Other: 0.5ms
[2020-04-14T23:21:50.047-0700][gc,heap       ] GC(771) Eden regions: 47->0(46)
[2020-04-14T23:21:50.048-0700][gc,heap       ] GC(771) Survivor regions: 4->5(7)
[2020-04-14T23:21:50.048-0700][gc,heap       ] GC(771) Old regions: 173->174
[2020-04-14T23:21:50.048-0700][gc,heap       ] GC(771) Humongous regions: 130->130
[2020-04-14T23:21:50.048-0700][gc,metaspace  ] GC(771) Metaspace: 28190K->28190K(1075200K)
[2020-04-14T23:21:50.048-0700][gc            ] GC(771) Pause Young (Normal) (G1 Evacuation Pause) 353M->308M(1024M) 28.504ms
[2020-04-14T23:21:50.048-0700][gc,cpu        ] GC(771) User=0.11s Sys=0.00s Real=0.02s
[2020-04-14T23:22:05.343-0700][gc,start      ] GC(772) Pause Young (Normal) (G1 Evacuation Pause)
[2020-04-14T23:22:05.343-0700][gc,task       ] GC(772) Using 4 workers of 4 for evacuation
[2020-04-14T23:22:05.374-0700][gc,mmu        ] GC(772) MMU target violated: 21.0ms (20.0ms/21.0ms)
[2020-04-14T23:22:05.375-0700][gc,phases     ] GC(772)   Pre Evacuate Collection Set: 0.1ms
[2020-04-14T23:22:05.375-0700][gc,phases     ] GC(772)   Evacuate Collection Set: 30.6ms
[2020-04-14T23:22:05.375-0700][gc,phases     ] GC(772)   Post Evacuate Collection Set: 0.7ms
[2020-04-14T23:22:05.375-0700][gc,phases     ] GC(772)   Other: 0.6ms
[2020-04-14T23:22:05.375-0700][gc,heap       ] GC(772) Eden regions: 46->0(47)
[2020-04-14T23:22:05.375-0700][gc,heap       ] GC(772) Survivor regions: 5->4(7)
[2020-04-14T23:22:05.375-0700][gc,heap       ] GC(772) Old regions: 174->176
[2020-04-14T23:22:05.375-0700][gc,heap       ] GC(772) Humongous regions: 130->130
[2020-04-14T23:22:05.375-0700][gc,metaspace  ] GC(772) Metaspace: 28190K->28190K(1075200K)
[2020-04-14T23:22:05.375-0700][gc            ] GC(772) Pause Young (Normal) (G1 Evacuation Pause) 354M->308M(1024M) 32.095ms
[2020-04-14T23:22:05.375-0700][gc,cpu        ] GC(772) User=0.13s Sys=0.00s Real=0.03s
[2020-04-14T23:22:21.643-0700][gc,start      ] GC(773) Pause Young (Normal) (G1 Evacuation Pause)
[2020-04-14T23:22:21.643-0700][gc,task       ] GC(773) Using 4 workers of 4 for evacuation
[2020-04-14T23:22:21.669-0700][gc,mmu        ] GC(773) MMU target violated: 21.0ms (20.0ms/21.0ms)
[2020-04-14T23:22:21.669-0700][gc,phases     ] GC(773)   Pre Evacuate Collection Set: 0.1ms
[2020-04-14T23:22:21.669-0700][gc,phases     ] GC(773)   Evacuate Collection Set: 24.6ms
[2020-04-14T23:22:21.669-0700][gc,phases     ] GC(773)   Post Evacuate Collection Set: 0.5ms
[2020-04-14T23:22:21.669-0700][gc,phases     ] GC(773)   Other: 0.5ms
[2020-04-14T23:22:21.669-0700][gc,heap       ] GC(773) Eden regions: 47->0(47)
[2020-04-14T23:22:21.669-0700][gc,heap       ] GC(773) Survivor regions: 4->4(7)
[2020-04-14T23:22:21.669-0700][gc,heap       ] GC(773) Old regions: 176->176
[2020-04-14T23:22:21.669-0700][gc,heap       ] GC(773) Humongous regions: 130->130
[2020-04-14T23:22:21.669-0700][gc,metaspace  ] GC(773) Metaspace: 28190K->28190K(1075200K)
[2020-04-14T23:22:21.669-0700][gc            ] GC(773) Pause Young (Normal) (G1 Evacuation Pause) 355M->309M(1024M) 25.762ms
[2020-04-14T23:22:21.669-0700][gc,cpu        ] GC(773) User=0.10s Sys=0.00s Real=0.02s
[2020-04-14T23:22:37.264-0700][gc,start      ] GC(774) Pause Young (Normal) (G1 Evacuation Pause)
[2020-04-14T23:22:37.265-0700][gc,task       ] GC(774) Using 4 workers of 4 for evacuation
[2020-04-14T23:22:37.291-0700][gc,mmu        ] GC(774) MMU target violated: 21.0ms (20.0ms/21.0ms)
[2020-04-14T23:22:37.291-0700][gc,phases     ] GC(774)   Pre Evacuate Collection Set: 0.1ms
[2020-04-14T23:22:37.291-0700][gc,phases     ] GC(774)   Evacuate Collection Set: 25.7ms
[2020-04-14T23:22:37.291-0700][gc,phases     ] GC(774)   Post Evacuate Collection Set: 0.7ms
[2020-04-14T23:22:37.291-0700][gc,phases     ] GC(774)   Other: 0.5ms
[2020-04-14T23:22:37.292-0700][gc,heap       ] GC(774) Eden regions: 47->0(46)
[2020-04-14T23:22:37.292-0700][gc,heap       ] GC(774) Survivor regions: 4->5(7)
[2020-04-14T23:22:37.292-0700][gc,heap       ] GC(774) Old regions: 176->176
[2020-04-14T23:22:37.292-0700][gc,heap       ] GC(774) Humongous regions: 130->130
[2020-04-14T23:22:37.292-0700][gc,metaspace  ] GC(774) Metaspace: 28190K->28190K(1075200K)
[2020-04-14T23:22:37.292-0700][gc            ] GC(774) Pause Young (Normal) (G1 Evacuation Pause) 356M->309M(1024M) 27.137ms
[2020-04-14T23:22:37.292-0700][gc,cpu        ] GC(774) User=0.10s Sys=0.00s Real=0.03s
[2020-04-14T23:22:52.541-0700][gc,start      ] GC(775) Pause Young (Normal) (G1 Evacuation Pause)
[2020-04-14T23:22:52.541-0700][gc,task       ] GC(775) Using 4 workers of 4 for evacuation
[2020-04-14T23:22:52.569-0700][gc,mmu        ] GC(775) MMU target violated: 21.0ms (20.0ms/21.0ms)
[2020-04-14T23:22:52.569-0700][gc,phases     ] GC(775)   Pre Evacuate Collection Set: 0.1ms
[2020-04-14T23:22:52.569-0700][gc,phases     ] GC(775)   Evacuate Collection Set: 26.7ms
[2020-04-14T23:22:52.569-0700][gc,phases     ] GC(775)   Post Evacuate Collection Set: 0.6ms
[2020-04-14T23:22:52.569-0700][gc,phases     ] GC(775)   Other: 0.7ms
[2020-04-14T23:22:52.569-0700][gc,heap       ] GC(775) Eden regions: 46->0(47)
[2020-04-14T23:22:52.569-0700][gc,heap       ] GC(775) Survivor regions: 5->4(7)
[2020-04-14T23:22:52.569-0700][gc,heap       ] GC(775) Old regions: 176->176
[2020-04-14T23:22:52.569-0700][gc,heap       ] GC(775) Humongous regions: 130->130
[2020-04-14T23:22:52.569-0700][gc,metaspace  ] GC(775) Metaspace: 28190K->28190K(1075200K)
[2020-04-14T23:22:52.570-0700][gc            ] GC(775) Pause Young (Normal) (G1 Evacuation Pause) 355M->309M(1024M) 28.335ms
[2020-04-14T23:22:52.570-0700][gc,cpu        ] GC(775) User=0.11s Sys=0.00s Real=0.03s
[2020-04-14T23:23:08.244-0700][gc,start      ] GC(776) Pause Young (Normal) (G1 Evacuation Pause)
[2020-04-14T23:23:08.244-0700][gc,task       ] GC(776) Using 4 workers of 4 for evacuation
[2020-04-14T23:23:08.270-0700][gc,mmu        ] GC(776) MMU target violated: 21.0ms (20.0ms/21.0ms)
[2020-04-14T23:23:08.270-0700][gc,phases     ] GC(776)   Pre Evacuate Collection Set: 0.0ms
[2020-04-14T23:23:08.270-0700][gc,phases     ] GC(776)   Evacuate Collection Set: 25.0ms
[2020-04-14T23:23:08.270-0700][gc,phases     ] GC(776)   Post Evacuate Collection Set: 0.5ms
[2020-04-14T23:23:08.270-0700][gc,phases     ] GC(776)   Other: 0.6ms
[2020-04-14T23:23:08.270-0700][gc,heap       ] GC(776) Eden regions: 47->0(47)
[2020-04-14T23:23:08.270-0700][gc,heap       ] GC(776) Survivor regions: 4->4(7)
[2020-04-14T23:23:08.270-0700][gc,heap       ] GC(776) Old regions: 176->177
[2020-04-14T23:23:08.270-0700][gc,heap       ] GC(776) Humongous regions: 130->130
[2020-04-14T23:23:08.270-0700][gc,metaspace  ] GC(776) Metaspace: 28190K->28190K(1075200K)
[2020-04-14T23:23:08.270-0700][gc            ] GC(776) Pause Young (Normal) (G1 Evacuation Pause) 356M->310M(1024M) 26.262ms
[2020-04-14T23:23:08.270-0700][gc,cpu        ] GC(776) User=0.10s Sys=0.00s Real=0.03s
[2020-04-14T23:23:23.938-0700][gc,start      ] GC(777) Pause Young (Normal) (G1 Evacuation Pause)
[2020-04-14T23:23:23.938-0700][gc,task       ] GC(777) Using 4 workers of 4 for evacuation
[2020-04-14T23:23:23.966-0700][gc,mmu        ] GC(777) MMU target violated: 21.0ms (20.0ms/21.0ms)
[2020-04-14T23:23:23.966-0700][gc,phases     ] GC(777)   Pre Evacuate Collection Set: 0.1ms
[2020-04-14T23:23:23.966-0700][gc,phases     ] GC(777)   Evacuate Collection Set: 27.2ms
[2020-04-14T23:23:23.966-0700][gc,phases     ] GC(777)   Post Evacuate Collection Set: 0.7ms
[2020-04-14T23:23:23.967-0700][gc,phases     ] GC(777)   Other: 0.6ms
[2020-04-14T23:23:23.967-0700][gc,heap       ] GC(777) Eden regions: 47->0(47)
[2020-04-14T23:23:23.967-0700][gc,heap       ] GC(777) Survivor regions: 4->4(7)
[2020-04-14T23:23:23.967-0700][gc,heap       ] GC(777) Old regions: 177->177
[2020-04-14T23:23:23.967-0700][gc,heap       ] GC(777) Humongous regions: 130->130
[2020-04-14T23:23:23.967-0700][gc,metaspace  ] GC(777) Metaspace: 28190K->28190K(1075200K)
[2020-04-14T23:23:23.967-0700][gc            ] GC(777) Pause Young (Normal) (G1 Evacuation Pause) 357M->310M(1024M) 28.718ms
[2020-04-14T23:23:23.967-0700][gc,cpu        ] GC(777) User=0.11s Sys=0.00s Real=0.02s
[2020-04-14T23:23:39.537-0700][gc,start      ] GC(778) Pause Young (Normal) (G1 Evacuation Pause)
[2020-04-14T23:23:39.537-0700][gc,task       ] GC(778) Using 4 workers of 4 for evacuation
[2020-04-14T23:23:39.566-0700][gc,mmu        ] GC(778) MMU target violated: 21.0ms (20.0ms/21.0ms)
[2020-04-14T23:23:39.567-0700][gc,phases     ] GC(778)   Pre Evacuate Collection Set: 0.0ms
[2020-04-14T23:23:39.567-0700][gc,phases     ] GC(778)   Evacuate Collection Set: 28.3ms
[2020-04-14T23:23:39.567-0700][gc,phases     ] GC(778)   Post Evacuate Collection Set: 0.8ms
[2020-04-14T23:23:39.567-0700][gc,phases     ] GC(778)   Other: 0.6ms
[2020-04-14T23:23:39.567-0700][gc,heap       ] GC(778) Eden regions: 47->0(47)
[2020-04-14T23:23:39.567-0700][gc,heap       ] GC(778) Survivor regions: 4->4(7)
[2020-04-14T23:23:39.567-0700][gc,heap       ] GC(778) Old regions: 177->178
[2020-04-14T23:23:39.567-0700][gc,heap       ] GC(778) Humongous regions: 130->130
[2020-04-14T23:23:39.567-0700][gc,metaspace  ] GC(778) Metaspace: 28190K->28190K(1075200K)
[2020-04-14T23:23:39.567-0700][gc            ] GC(778) Pause Young (Normal) (G1 Evacuation Pause) 357M->311M(1024M) 29.910ms
[2020-04-14T23:23:39.567-0700][gc,cpu        ] GC(778) User=0.12s Sys=0.00s Real=0.03s
[2020-04-14T23:23:55.247-0700][gc,start      ] GC(779) Pause Young (Normal) (G1 Evacuation Pause)
[2020-04-14T23:23:55.247-0700][gc,task       ] GC(779) Using 4 workers of 4 for evacuation
[2020-04-14T23:23:55.275-0700][gc,mmu        ] GC(779) MMU target violated: 21.0ms (20.0ms/21.0ms)
[2020-04-14T23:23:55.275-0700][gc,phases     ] GC(779)   Pre Evacuate Collection Set: 0.0ms
[2020-04-14T23:23:55.275-0700][gc,phases     ] GC(779)   Evacuate Collection Set: 26.8ms
[2020-04-14T23:23:55.275-0700][gc,phases     ] GC(779)   Post Evacuate Collection Set: 0.5ms
[2020-04-14T23:23:55.275-0700][gc,phases     ] GC(779)   Other: 0.5ms
[2020-04-14T23:23:55.275-0700][gc,heap       ] GC(779) Eden regions: 47->0(47)
[2020-04-14T23:23:55.275-0700][gc,heap       ] GC(779) Survivor regions: 4->4(7)
[2020-04-14T23:23:55.275-0700][gc,heap       ] GC(779) Old regions: 178->178
[2020-04-14T23:23:55.275-0700][gc,heap       ] GC(779) Humongous regions: 130->130
[2020-04-14T23:23:55.275-0700][gc,metaspace  ] GC(779) Metaspace: 28190K->28190K(1075200K)
[2020-04-14T23:23:55.275-0700][gc            ] GC(779) Pause Young (Normal) (G1 Evacuation Pause) 358M->311M(1024M) 27.955ms
[2020-04-14T23:23:55.275-0700][gc,cpu        ] GC(779) User=0.11s Sys=0.00s Real=0.03s
[2020-04-14T23:24:10.885-0700][gc,start      ] GC(780) Pause Young (Normal) (G1 Evacuation Pause)
[2020-04-14T23:24:10.885-0700][gc,task       ] GC(780) Using 4 workers of 4 for evacuation
[2020-04-14T23:24:10.912-0700][gc,mmu        ] GC(780) MMU target violated: 21.0ms (20.0ms/21.0ms)
[2020-04-14T23:24:10.912-0700][gc,phases     ] GC(780)   Pre Evacuate Collection Set: 0.0ms
[2020-04-14T23:24:10.912-0700][gc,phases     ] GC(780)   Evacuate Collection Set: 26.3ms
[2020-04-14T23:24:10.912-0700][gc,phases     ] GC(780)   Post Evacuate Collection Set: 0.5ms
[2020-04-14T23:24:10.912-0700][gc,phases     ] GC(780)   Other: 0.6ms
[2020-04-14T23:24:10.913-0700][gc,heap       ] GC(780) Eden regions: 47->0(47)
[2020-04-14T23:24:10.913-0700][gc,heap       ] GC(780) Survivor regions: 4->4(7)
[2020-04-14T23:24:10.913-0700][gc,heap       ] GC(780) Old regions: 178->179
[2020-04-14T23:24:10.913-0700][gc,heap       ] GC(780) Humongous regions: 130->130
[2020-04-14T23:24:10.913-0700][gc,metaspace  ] GC(780) Metaspace: 28190K->28190K(1075200K)
[2020-04-14T23:24:10.913-0700][gc            ] GC(780) Pause Young (Normal) (G1 Evacuation Pause) 358M->311M(1024M) 27.547ms
[2020-04-14T23:24:10.913-0700][gc,cpu        ] GC(780) User=0.10s Sys=0.00s Real=0.03s
[2020-04-14T23:24:26.590-0700][gc,start      ] GC(781) Pause Young (Normal) (G1 Evacuation Pause)
[2020-04-14T23:24:26.590-0700][gc,task       ] GC(781) Using 4 workers of 4 for evacuation
[2020-04-14T23:24:26.617-0700][gc,mmu        ] GC(781) MMU target violated: 21.0ms (20.0ms/21.0ms)
[2020-04-14T23:24:26.617-0700][gc,phases     ] GC(781)   Pre Evacuate Collection Set: 0.1ms
[2020-04-14T23:24:26.617-0700][gc,phases     ] GC(781)   Evacuate Collection Set: 26.2ms
[2020-04-14T23:24:26.617-0700][gc,phases     ] GC(781)   Post Evacuate Collection Set: 0.6ms
[2020-04-14T23:24:26.617-0700][gc,phases     ] GC(781)   Other: 0.6ms
[2020-04-14T23:24:26.617-0700][gc,heap       ] GC(781) Eden regions: 47->0(47)
[2020-04-14T23:24:26.617-0700][gc,heap       ] GC(781) Survivor regions: 4->4(7)
[2020-04-14T23:24:26.617-0700][gc,heap       ] GC(781) Old regions: 179->179
[2020-04-14T23:24:26.617-0700][gc,heap       ] GC(781) Humongous regions: 130->130
[2020-04-14T23:24:26.618-0700][gc,metaspace  ] GC(781) Metaspace: 28190K->28190K(1075200K)
[2020-04-14T23:24:26.618-0700][gc            ] GC(781) Pause Young (Normal) (G1 Evacuation Pause) 358M->312M(1024M) 27.538ms
[2020-04-14T23:24:26.618-0700][gc,cpu        ] GC(781) User=0.10s Sys=0.00s Real=0.03s
[2020-04-14T23:24:42.195-0700][gc,start      ] GC(782) Pause Young (Normal) (G1 Evacuation Pause)
[2020-04-14T23:24:42.195-0700][gc,task       ] GC(782) Using 4 workers of 4 for evacuation
[2020-04-14T23:24:42.228-0700][gc,mmu        ] GC(782) MMU target violated: 21.0ms (20.0ms/21.0ms)
[2020-04-14T23:24:42.228-0700][gc,phases     ] GC(782)   Pre Evacuate Collection Set: 0.0ms
[2020-04-14T23:24:42.228-0700][gc,phases     ] GC(782)   Evacuate Collection Set: 32.1ms
[2020-04-14T23:24:42.228-0700][gc,phases     ] GC(782)   Post Evacuate Collection Set: 0.6ms
[2020-04-14T23:24:42.228-0700][gc,phases     ] GC(782)   Other: 0.6ms
[2020-04-14T23:24:42.228-0700][gc,heap       ] GC(782) Eden regions: 47->0(46)
[2020-04-14T23:24:42.228-0700][gc,heap       ] GC(782) Survivor regions: 4->5(7)
[2020-04-14T23:24:42.228-0700][gc,heap       ] GC(782) Old regions: 179->179
[2020-04-14T23:24:42.228-0700][gc,heap       ] GC(782) Humongous regions: 130->130
[2020-04-14T23:24:42.228-0700][gc,metaspace  ] GC(782) Metaspace: 28190K->28190K(1075200K)
[2020-04-14T23:24:42.228-0700][gc            ] GC(782) Pause Young (Normal) (G1 Evacuation Pause) 359M->312M(1024M) 33.457ms
[2020-04-14T23:24:42.228-0700][gc,cpu        ] GC(782) User=0.12s Sys=0.00s Real=0.03s
[2020-04-14T23:24:57.588-0700][gc,start      ] GC(783) Pause Young (Normal) (G1 Evacuation Pause)
[2020-04-14T23:24:57.588-0700][gc,task       ] GC(783) Using 4 workers of 4 for evacuation
[2020-04-14T23:24:57.617-0700][gc,mmu        ] GC(783) MMU target violated: 21.0ms (20.0ms/21.0ms)
[2020-04-14T23:24:57.617-0700][gc,phases     ] GC(783)   Pre Evacuate Collection Set: 0.1ms
[2020-04-14T23:24:57.617-0700][gc,phases     ] GC(783)   Evacuate Collection Set: 27.8ms
[2020-04-14T23:24:57.617-0700][gc,phases     ] GC(783)   Post Evacuate Collection Set: 0.7ms
[2020-04-14T23:24:57.617-0700][gc,phases     ] GC(783)   Other: 0.6ms
[2020-04-14T23:24:57.617-0700][gc,heap       ] GC(783) Eden regions: 46->0(47)
[2020-04-14T23:24:57.617-0700][gc,heap       ] GC(783) Survivor regions: 5->4(7)
[2020-04-14T23:24:57.617-0700][gc,heap       ] GC(783) Old regions: 179->180
[2020-04-14T23:24:57.617-0700][gc,heap       ] GC(783) Humongous regions: 130->130
[2020-04-14T23:24:57.617-0700][gc,metaspace  ] GC(783) Metaspace: 28190K->28190K(1075200K)
[2020-04-14T23:24:57.617-0700][gc            ] GC(783) Pause Young (Normal) (G1 Evacuation Pause) 358M->313M(1024M) 29.362ms
[2020-04-14T23:24:57.617-0700][gc,cpu        ] GC(783) User=0.11s Sys=0.00s Real=0.04s
[2020-04-14T23:25:13.248-0700][gc,start      ] GC(784) Pause Young (Normal) (G1 Evacuation Pause)
[2020-04-14T23:25:13.248-0700][gc,task       ] GC(784) Using 4 workers of 4 for evacuation
[2020-04-14T23:25:13.275-0700][gc,mmu        ] GC(784) MMU target violated: 21.0ms (20.0ms/21.0ms)
[2020-04-14T23:25:13.275-0700][gc,phases     ] GC(784)   Pre Evacuate Collection Set: 0.1ms
[2020-04-14T23:25:13.275-0700][gc,phases     ] GC(784)   Evacuate Collection Set: 26.4ms
[2020-04-14T23:25:13.275-0700][gc,phases     ] GC(784)   Post Evacuate Collection Set: 0.7ms
[2020-04-14T23:25:13.275-0700][gc,phases     ] GC(784)   Other: 0.6ms
[2020-04-14T23:25:13.275-0700][gc,heap       ] GC(784) Eden regions: 47->0(47)
[2020-04-14T23:25:13.275-0700][gc,heap       ] GC(784) Survivor regions: 4->4(7)
[2020-04-14T23:25:13.276-0700][gc,heap       ] GC(784) Old regions: 180->180
[2020-04-14T23:25:13.276-0700][gc,heap       ] GC(784) Humongous regions: 130->130
[2020-04-14T23:25:13.276-0700][gc,metaspace  ] GC(784) Metaspace: 28190K->28190K(1075200K)
[2020-04-14T23:25:13.276-0700][gc            ] GC(784) Pause Young (Normal) (G1 Evacuation Pause) 360M->313M(1024M) 27.943ms
[2020-04-14T23:25:13.276-0700][gc,cpu        ] GC(784) User=0.11s Sys=0.00s Real=0.03s
[2020-04-14T23:25:28.841-0700][gc,start      ] GC(785) Pause Young (Normal) (G1 Evacuation Pause)
[2020-04-14T23:25:28.841-0700][gc,task       ] GC(785) Using 4 workers of 4 for evacuation
[2020-04-14T23:25:28.867-0700][gc,mmu        ] GC(785) MMU target violated: 21.0ms (20.0ms/21.0ms)
[2020-04-14T23:25:28.867-0700][gc,phases     ] GC(785)   Pre Evacuate Collection Set: 0.1ms
[2020-04-14T23:25:28.867-0700][gc,phases     ] GC(785)   Evacuate Collection Set: 24.4ms
[2020-04-14T23:25:28.867-0700][gc,phases     ] GC(785)   Post Evacuate Collection Set: 0.6ms
[2020-04-14T23:25:28.867-0700][gc,phases     ] GC(785)   Other: 0.7ms
[2020-04-14T23:25:28.867-0700][gc,heap       ] GC(785) Eden regions: 47->0(47)
[2020-04-14T23:25:28.867-0700][gc,heap       ] GC(785) Survivor regions: 4->4(7)
[2020-04-14T23:25:28.867-0700][gc,heap       ] GC(785) Old regions: 180->180
[2020-04-14T23:25:28.867-0700][gc,heap       ] GC(785) Humongous regions: 130->130
[2020-04-14T23:25:28.867-0700][gc,metaspace  ] GC(785) Metaspace: 28190K->28190K(1075200K)
[2020-04-14T23:25:28.867-0700][gc            ] GC(785) Pause Young (Normal) (G1 Evacuation Pause) 360M->313M(1024M) 25.814ms
[2020-04-14T23:25:28.867-0700][gc,cpu        ] GC(785) User=0.10s Sys=0.01s Real=0.02s
[2020-04-14T23:25:44.469-0700][gc,start      ] GC(786) Pause Young (Normal) (G1 Evacuation Pause)
[2020-04-14T23:25:44.469-0700][gc,task       ] GC(786) Using 4 workers of 4 for evacuation
[2020-04-14T23:25:44.497-0700][gc,mmu        ] GC(786) MMU target violated: 21.0ms (20.0ms/21.0ms)
[2020-04-14T23:25:44.497-0700][gc,phases     ] GC(786)   Pre Evacuate Collection Set: 0.1ms
[2020-04-14T23:25:44.497-0700][gc,phases     ] GC(786)   Evacuate Collection Set: 26.6ms
[2020-04-14T23:25:44.497-0700][gc,phases     ] GC(786)   Post Evacuate Collection Set: 0.7ms
[2020-04-14T23:25:44.497-0700][gc,phases     ] GC(786)   Other: 0.6ms
[2020-04-14T23:25:44.497-0700][gc,heap       ] GC(786) Eden regions: 47->0(47)
[2020-04-14T23:25:44.497-0700][gc,heap       ] GC(786) Survivor regions: 4->4(7)
[2020-04-14T23:25:44.497-0700][gc,heap       ] GC(786) Old regions: 180->181
[2020-04-14T23:25:44.497-0700][gc,heap       ] GC(786) Humongous regions: 130->130
[2020-04-14T23:25:44.497-0700][gc,metaspace  ] GC(786) Metaspace: 28190K->28190K(1075200K)
[2020-04-14T23:25:44.497-0700][gc            ] GC(786) Pause Young (Normal) (G1 Evacuation Pause) 360M->314M(1024M) 28.188ms
[2020-04-14T23:25:44.497-0700][gc,cpu        ] GC(786) User=0.10s Sys=0.00s Real=0.03s
[2020-04-14T23:26:00.172-0700][gc,start      ] GC(787) Pause Young (Normal) (G1 Evacuation Pause)
[2020-04-14T23:26:00.172-0700][gc,task       ] GC(787) Using 4 workers of 4 for evacuation
[2020-04-14T23:26:00.201-0700][gc,mmu        ] GC(787) MMU target violated: 21.0ms (20.0ms/21.0ms)
[2020-04-14T23:26:00.201-0700][gc,phases     ] GC(787)   Pre Evacuate Collection Set: 0.1ms
[2020-04-14T23:26:00.201-0700][gc,phases     ] GC(787)   Evacuate Collection Set: 27.7ms
[2020-04-14T23:26:00.201-0700][gc,phases     ] GC(787)   Post Evacuate Collection Set: 0.5ms
[2020-04-14T23:26:00.201-0700][gc,phases     ] GC(787)   Other: 0.5ms
[2020-04-14T23:26:00.201-0700][gc,heap       ] GC(787) Eden regions: 47->0(47)
[2020-04-14T23:26:00.201-0700][gc,heap       ] GC(787) Survivor regions: 4->4(7)
[2020-04-14T23:26:00.201-0700][gc,heap       ] GC(787) Old regions: 181->181
[2020-04-14T23:26:00.201-0700][gc,heap       ] GC(787) Humongous regions: 130->130
[2020-04-14T23:26:00.201-0700][gc,metaspace  ] GC(787) Metaspace: 28190K->28190K(1075200K)
[2020-04-14T23:26:00.201-0700][gc            ] GC(787) Pause Young (Normal) (G1 Evacuation Pause) 361M->314M(1024M) 28.933ms
[2020-04-14T23:26:00.201-0700][gc,cpu        ] GC(787) User=0.11s Sys=0.00s Real=0.03s
[2020-04-14T23:26:15.867-0700][gc,start      ] GC(788) Pause Young (Normal) (G1 Evacuation Pause)
[2020-04-14T23:26:15.867-0700][gc,task       ] GC(788) Using 4 workers of 4 for evacuation
[2020-04-14T23:26:15.895-0700][gc,mmu        ] GC(788) MMU target violated: 21.0ms (20.0ms/21.0ms)
[2020-04-14T23:26:15.895-0700][gc,phases     ] GC(788)   Pre Evacuate Collection Set: 0.1ms
[2020-04-14T23:26:15.895-0700][gc,phases     ] GC(788)   Evacuate Collection Set: 26.4ms
[2020-04-14T23:26:15.895-0700][gc,phases     ] GC(788)   Post Evacuate Collection Set: 0.7ms
[2020-04-14T23:26:15.895-0700][gc,phases     ] GC(788)   Other: 0.6ms
[2020-04-14T23:26:15.895-0700][gc,heap       ] GC(788) Eden regions: 47->0(46)
[2020-04-14T23:26:15.895-0700][gc,heap       ] GC(788) Survivor regions: 4->5(7)
[2020-04-14T23:26:15.895-0700][gc,heap       ] GC(788) Old regions: 181->181
[2020-04-14T23:26:15.895-0700][gc,heap       ] GC(788) Humongous regions: 130->130
[2020-04-14T23:26:15.895-0700][gc,metaspace  ] GC(788) Metaspace: 28190K->28190K(1075200K)
[2020-04-14T23:26:15.895-0700][gc            ] GC(788) Pause Young (Normal) (G1 Evacuation Pause) 361M->315M(1024M) 27.827ms
[2020-04-14T23:26:15.895-0700][gc,cpu        ] GC(788) User=0.11s Sys=0.00s Real=0.03s
[2020-04-14T23:26:31.379-0700][gc,start      ] GC(789) Pause Young (Normal) (G1 Evacuation Pause)
[2020-04-14T23:26:31.379-0700][gc,task       ] GC(789) Using 4 workers of 4 for evacuation
[2020-04-14T23:26:31.409-0700][gc,mmu        ] GC(789) MMU target violated: 21.0ms (20.0ms/21.0ms)
[2020-04-14T23:26:31.409-0700][gc,phases     ] GC(789)   Pre Evacuate Collection Set: 0.1ms
[2020-04-14T23:26:31.409-0700][gc,phases     ] GC(789)   Evacuate Collection Set: 28.9ms
[2020-04-14T23:26:31.409-0700][gc,phases     ] GC(789)   Post Evacuate Collection Set: 0.6ms
[2020-04-14T23:26:31.409-0700][gc,phases     ] GC(789)   Other: 0.5ms
[2020-04-14T23:26:31.409-0700][gc,heap       ] GC(789) Eden regions: 46->0(47)
[2020-04-14T23:26:31.409-0700][gc,heap       ] GC(789) Survivor regions: 5->4(7)
[2020-04-14T23:26:31.410-0700][gc,heap       ] GC(789) Old regions: 181->182
[2020-04-14T23:26:31.410-0700][gc,heap       ] GC(789) Humongous regions: 130->130
[2020-04-14T23:26:31.410-0700][gc,metaspace  ] GC(789) Metaspace: 28190K->28190K(1075200K)
[2020-04-14T23:26:31.410-0700][gc            ] GC(789) Pause Young (Normal) (G1 Evacuation Pause) 361M->315M(1024M) 30.296ms
[2020-04-14T23:26:31.410-0700][gc,cpu        ] GC(789) User=0.12s Sys=0.00s Real=0.03s
[2020-04-14T23:26:46.989-0700][gc,start      ] GC(790) Pause Young (Normal) (G1 Evacuation Pause)
[2020-04-14T23:26:46.989-0700][gc,task       ] GC(790) Using 4 workers of 4 for evacuation
[2020-04-14T23:26:47.018-0700][gc,mmu        ] GC(790) MMU target violated: 21.0ms (20.0ms/21.0ms)
[2020-04-14T23:26:47.018-0700][gc,phases     ] GC(790)   Pre Evacuate Collection Set: 0.1ms
[2020-04-14T23:26:47.018-0700][gc,phases     ] GC(790)   Evacuate Collection Set: 27.7ms
[2020-04-14T23:26:47.018-0700][gc,phases     ] GC(790)   Post Evacuate Collection Set: 0.6ms
[2020-04-14T23:26:47.018-0700][gc,phases     ] GC(790)   Other: 0.6ms
[2020-04-14T23:26:47.018-0700][gc,heap       ] GC(790) Eden regions: 47->0(47)
[2020-04-14T23:26:47.018-0700][gc,heap       ] GC(790) Survivor regions: 4->4(7)
[2020-04-14T23:26:47.018-0700][gc,heap       ] GC(790) Old regions: 182->182
[2020-04-14T23:26:47.018-0700][gc,heap       ] GC(790) Humongous regions: 130->130
[2020-04-14T23:26:47.018-0700][gc,metaspace  ] GC(790) Metaspace: 28190K->28190K(1075200K)
[2020-04-14T23:26:47.018-0700][gc            ] GC(790) Pause Young (Normal) (G1 Evacuation Pause) 362M->315M(1024M) 29.093ms
[2020-04-14T23:26:47.018-0700][gc,cpu        ] GC(790) User=0.11s Sys=0.00s Real=0.04s
[2020-04-14T23:27:02.712-0700][gc,start      ] GC(791) Pause Young (Normal) (G1 Evacuation Pause)
[2020-04-14T23:27:02.712-0700][gc,task       ] GC(791) Using 4 workers of 4 for evacuation
[2020-04-14T23:27:02.744-0700][gc,mmu        ] GC(791) MMU target violated: 21.0ms (20.0ms/21.0ms)
[2020-04-14T23:27:02.744-0700][gc,phases     ] GC(791)   Pre Evacuate Collection Set: 0.0ms
[2020-04-14T23:27:02.744-0700][gc,phases     ] GC(791)   Evacuate Collection Set: 31.1ms
[2020-04-14T23:27:02.744-0700][gc,phases     ] GC(791)   Post Evacuate Collection Set: 0.7ms
[2020-04-14T23:27:02.744-0700][gc,phases     ] GC(791)   Other: 0.5ms
[2020-04-14T23:27:02.744-0700][gc,heap       ] GC(791) Eden regions: 47->0(46)
[2020-04-14T23:27:02.744-0700][gc,heap       ] GC(791) Survivor regions: 4->5(7)
[2020-04-14T23:27:02.744-0700][gc,heap       ] GC(791) Old regions: 182->183
[2020-04-14T23:27:02.744-0700][gc,heap       ] GC(791) Humongous regions: 130->130
[2020-04-14T23:27:02.744-0700][gc,metaspace  ] GC(791) Metaspace: 28190K->28190K(1075200K)
[2020-04-14T23:27:02.744-0700][gc            ] GC(791) Pause Young (Normal) (G1 Evacuation Pause) 362M->317M(1024M) 32.512ms
[2020-04-14T23:27:02.744-0700][gc,cpu        ] GC(791) User=0.12s Sys=0.00s Real=0.03s
[2020-04-14T23:27:18.096-0700][gc,start      ] GC(792) Pause Young (Normal) (G1 Evacuation Pause)
[2020-04-14T23:27:18.096-0700][gc,task       ] GC(792) Using 4 workers of 4 for evacuation
[2020-04-14T23:27:18.128-0700][gc,mmu        ] GC(792) MMU target violated: 21.0ms (20.0ms/21.0ms)
[2020-04-14T23:27:18.128-0700][gc,phases     ] GC(792)   Pre Evacuate Collection Set: 0.1ms
[2020-04-14T23:27:18.128-0700][gc,phases     ] GC(792)   Evacuate Collection Set: 30.7ms
[2020-04-14T23:27:18.128-0700][gc,phases     ] GC(792)   Post Evacuate Collection Set: 0.6ms
[2020-04-14T23:27:18.128-0700][gc,phases     ] GC(792)   Other: 0.5ms
[2020-04-14T23:27:18.128-0700][gc,heap       ] GC(792) Eden regions: 46->0(47)
[2020-04-14T23:27:18.128-0700][gc,heap       ] GC(792) Survivor regions: 5->4(7)
[2020-04-14T23:27:18.128-0700][gc,heap       ] GC(792) Old regions: 183->184
[2020-04-14T23:27:18.128-0700][gc,heap       ] GC(792) Humongous regions: 130->130
[2020-04-14T23:27:18.128-0700][gc,metaspace  ] GC(792) Metaspace: 28190K->28190K(1075200K)
[2020-04-14T23:27:18.128-0700][gc            ] GC(792) Pause Young (Normal) (G1 Evacuation Pause) 363M->317M(1024M) 31.966ms
[2020-04-14T23:27:18.128-0700][gc,cpu        ] GC(792) User=0.12s Sys=0.00s Real=0.03s
[2020-04-14T23:27:33.779-0700][gc,start      ] GC(793) Pause Young (Normal) (G1 Evacuation Pause)
[2020-04-14T23:27:33.780-0700][gc,task       ] GC(793) Using 4 workers of 4 for evacuation
[2020-04-14T23:27:33.806-0700][gc,mmu        ] GC(793) MMU target violated: 21.0ms (20.0ms/21.0ms)
[2020-04-14T23:27:33.806-0700][gc,phases     ] GC(793)   Pre Evacuate Collection Set: 0.1ms
[2020-04-14T23:27:33.806-0700][gc,phases     ] GC(793)   Evacuate Collection Set: 25.4ms
[2020-04-14T23:27:33.806-0700][gc,phases     ] GC(793)   Post Evacuate Collection Set: 0.7ms
[2020-04-14T23:27:33.806-0700][gc,phases     ] GC(793)   Other: 0.6ms
[2020-04-14T23:27:33.806-0700][gc,heap       ] GC(793) Eden regions: 47->0(47)
[2020-04-14T23:27:33.806-0700][gc,heap       ] GC(793) Survivor regions: 4->4(7)
[2020-04-14T23:27:33.806-0700][gc,heap       ] GC(793) Old regions: 184->185
[2020-04-14T23:27:33.806-0700][gc,heap       ] GC(793) Humongous regions: 130->130
[2020-04-14T23:27:33.806-0700][gc,metaspace  ] GC(793) Metaspace: 28190K->28190K(1075200K)
[2020-04-14T23:27:33.806-0700][gc            ] GC(793) Pause Young (Normal) (G1 Evacuation Pause) 364M->318M(1024M) 26.905ms
[2020-04-14T23:27:33.806-0700][gc,cpu        ] GC(793) User=0.10s Sys=0.00s Real=0.02s
[2020-04-14T23:27:49.377-0700][gc,start      ] GC(794) Pause Young (Normal) (G1 Evacuation Pause)
[2020-04-14T23:27:49.377-0700][gc,task       ] GC(794) Using 4 workers of 4 for evacuation
[2020-04-14T23:27:49.404-0700][gc,mmu        ] GC(794) MMU target violated: 21.0ms (20.0ms/21.0ms)
[2020-04-14T23:27:49.404-0700][gc,phases     ] GC(794)   Pre Evacuate Collection Set: 0.1ms
[2020-04-14T23:27:49.404-0700][gc,phases     ] GC(794)   Evacuate Collection Set: 26.1ms
[2020-04-14T23:27:49.404-0700][gc,phases     ] GC(794)   Post Evacuate Collection Set: 0.5ms
[2020-04-14T23:27:49.404-0700][gc,phases     ] GC(794)   Other: 0.6ms
[2020-04-14T23:27:49.404-0700][gc,heap       ] GC(794) Eden regions: 47->0(46)
[2020-04-14T23:27:49.404-0700][gc,heap       ] GC(794) Survivor regions: 4->5(7)
[2020-04-14T23:27:49.404-0700][gc,heap       ] GC(794) Old regions: 185->185
[2020-04-14T23:27:49.404-0700][gc,heap       ] GC(794) Humongous regions: 130->130
[2020-04-14T23:27:49.404-0700][gc,metaspace  ] GC(794) Metaspace: 28190K->28190K(1075200K)
[2020-04-14T23:27:49.404-0700][gc            ] GC(794) Pause Young (Normal) (G1 Evacuation Pause) 365M->318M(1024M) 27.450ms
[2020-04-14T23:27:49.404-0700][gc,cpu        ] GC(794) User=0.10s Sys=0.00s Real=0.03s
[2020-04-14T23:28:04.749-0700][gc,start      ] GC(795) Pause Young (Normal) (G1 Evacuation Pause)
[2020-04-14T23:28:04.749-0700][gc,task       ] GC(795) Using 4 workers of 4 for evacuation
[2020-04-14T23:28:04.777-0700][gc,mmu        ] GC(795) MMU target violated: 21.0ms (20.0ms/21.0ms)
[2020-04-14T23:28:04.778-0700][gc,phases     ] GC(795)   Pre Evacuate Collection Set: 0.1ms
[2020-04-14T23:28:04.778-0700][gc,phases     ] GC(795)   Evacuate Collection Set: 27.8ms
[2020-04-14T23:28:04.778-0700][gc,phases     ] GC(795)   Post Evacuate Collection Set: 0.6ms
[2020-04-14T23:28:04.778-0700][gc,phases     ] GC(795)   Other: 0.5ms
[2020-04-14T23:28:04.778-0700][gc,heap       ] GC(795) Eden regions: 46->0(47)
[2020-04-14T23:28:04.778-0700][gc,heap       ] GC(795) Survivor regions: 5->4(7)
[2020-04-14T23:28:04.778-0700][gc,heap       ] GC(795) Old regions: 185->185
[2020-04-14T23:28:04.778-0700][gc,heap       ] GC(795) Humongous regions: 130->130
[2020-04-14T23:28:04.778-0700][gc,metaspace  ] GC(795) Metaspace: 28190K->28190K(1075200K)
[2020-04-14T23:28:04.778-0700][gc            ] GC(795) Pause Young (Normal) (G1 Evacuation Pause) 364M->318M(1024M) 29.111ms
[2020-04-14T23:28:04.778-0700][gc,cpu        ] GC(795) User=0.12s Sys=0.00s Real=0.04s
[2020-04-14T23:28:20.436-0700][gc,start      ] GC(796) Pause Young (Normal) (G1 Evacuation Pause)
[2020-04-14T23:28:20.436-0700][gc,task       ] GC(796) Using 4 workers of 4 for evacuation
[2020-04-14T23:28:20.463-0700][gc,mmu        ] GC(796) MMU target violated: 21.0ms (20.0ms/21.0ms)
[2020-04-14T23:28:20.463-0700][gc,phases     ] GC(796)   Pre Evacuate Collection Set: 0.1ms
[2020-04-14T23:28:20.463-0700][gc,phases     ] GC(796)   Evacuate Collection Set: 26.3ms
[2020-04-14T23:28:20.463-0700][gc,phases     ] GC(796)   Post Evacuate Collection Set: 0.7ms
[2020-04-14T23:28:20.463-0700][gc,phases     ] GC(796)   Other: 0.6ms
[2020-04-14T23:28:20.463-0700][gc,heap       ] GC(796) Eden regions: 47->0(47)
[2020-04-14T23:28:20.463-0700][gc,heap       ] GC(796) Survivor regions: 4->4(7)
[2020-04-14T23:28:20.463-0700][gc,heap       ] GC(796) Old regions: 185->186
[2020-04-14T23:28:20.463-0700][gc,heap       ] GC(796) Humongous regions: 130->130
[2020-04-14T23:28:20.463-0700][gc,metaspace  ] GC(796) Metaspace: 28190K->28190K(1075200K)
[2020-04-14T23:28:20.463-0700][gc            ] GC(796) Pause Young (Normal) (G1 Evacuation Pause) 365M->319M(1024M) 27.813ms
[2020-04-14T23:28:20.463-0700][gc,cpu        ] GC(796) User=0.11s Sys=0.00s Real=0.03s
[2020-04-14T23:28:36.156-0700][gc,start      ] GC(797) Pause Young (Normal) (G1 Evacuation Pause)
[2020-04-14T23:28:36.157-0700][gc,task       ] GC(797) Using 4 workers of 4 for evacuation
[2020-04-14T23:28:36.184-0700][gc,mmu        ] GC(797) MMU target violated: 21.0ms (20.0ms/21.0ms)
[2020-04-14T23:28:36.184-0700][gc,phases     ] GC(797)   Pre Evacuate Collection Set: 0.0ms
[2020-04-14T23:28:36.184-0700][gc,phases     ] GC(797)   Evacuate Collection Set: 26.5ms
[2020-04-14T23:28:36.184-0700][gc,phases     ] GC(797)   Post Evacuate Collection Set: 0.5ms
[2020-04-14T23:28:36.184-0700][gc,phases     ] GC(797)   Other: 0.6ms
[2020-04-14T23:28:36.184-0700][gc,heap       ] GC(797) Eden regions: 47->0(47)
[2020-04-14T23:28:36.184-0700][gc,heap       ] GC(797) Survivor regions: 4->4(7)
[2020-04-14T23:28:36.184-0700][gc,heap       ] GC(797) Old regions: 186->186
[2020-04-14T23:28:36.184-0700][gc,heap       ] GC(797) Humongous regions: 130->130
[2020-04-14T23:28:36.184-0700][gc,metaspace  ] GC(797) Metaspace: 28190K->28190K(1075200K)
[2020-04-14T23:28:36.184-0700][gc            ] GC(797) Pause Young (Normal) (G1 Evacuation Pause) 366M->319M(1024M) 27.743ms
[2020-04-14T23:28:36.184-0700][gc,cpu        ] GC(797) User=0.10s Sys=0.00s Real=0.03s
[2020-04-14T23:28:51.762-0700][gc,start      ] GC(798) Pause Young (Normal) (G1 Evacuation Pause)
[2020-04-14T23:28:51.763-0700][gc,task       ] GC(798) Using 4 workers of 4 for evacuation
[2020-04-14T23:28:51.788-0700][gc,mmu        ] GC(798) MMU target violated: 21.0ms (20.0ms/21.0ms)
[2020-04-14T23:28:51.788-0700][gc,phases     ] GC(798)   Pre Evacuate Collection Set: 0.0ms
[2020-04-14T23:28:51.788-0700][gc,phases     ] GC(798)   Evacuate Collection Set: 24.9ms
[2020-04-14T23:28:51.788-0700][gc,phases     ] GC(798)   Post Evacuate Collection Set: 0.6ms
[2020-04-14T23:28:51.788-0700][gc,phases     ] GC(798)   Other: 0.5ms
[2020-04-14T23:28:51.788-0700][gc,heap       ] GC(798) Eden regions: 47->0(47)
[2020-04-14T23:28:51.788-0700][gc,heap       ] GC(798) Survivor regions: 4->4(7)
[2020-04-14T23:28:51.789-0700][gc,heap       ] GC(798) Old regions: 186->186
[2020-04-14T23:28:51.789-0700][gc,heap       ] GC(798) Humongous regions: 130->130
[2020-04-14T23:28:51.789-0700][gc,metaspace  ] GC(798) Metaspace: 28190K->28190K(1075200K)
[2020-04-14T23:28:51.789-0700][gc            ] GC(798) Pause Young (Normal) (G1 Evacuation Pause) 366M->319M(1024M) 26.149ms
[2020-04-14T23:28:51.789-0700][gc,cpu        ] GC(798) User=0.10s Sys=0.00s Real=0.02s
[2020-04-14T23:29:07.414-0700][gc,start      ] GC(799) Pause Young (Normal) (G1 Evacuation Pause)
[2020-04-14T23:29:07.414-0700][gc,task       ] GC(799) Using 4 workers of 4 for evacuation
[2020-04-14T23:29:07.441-0700][gc,mmu        ] GC(799) MMU target violated: 21.0ms (20.0ms/21.0ms)
[2020-04-14T23:29:07.441-0700][gc,phases     ] GC(799)   Pre Evacuate Collection Set: 0.1ms
[2020-04-14T23:29:07.441-0700][gc,phases     ] GC(799)   Evacuate Collection Set: 26.3ms
[2020-04-14T23:29:07.441-0700][gc,phases     ] GC(799)   Post Evacuate Collection Set: 0.5ms
[2020-04-14T23:29:07.441-0700][gc,phases     ] GC(799)   Other: 0.6ms
[2020-04-14T23:29:07.441-0700][gc,heap       ] GC(799) Eden regions: 47->0(47)
[2020-04-14T23:29:07.441-0700][gc,heap       ] GC(799) Survivor regions: 4->4(7)
[2020-04-14T23:29:07.441-0700][gc,heap       ] GC(799) Old regions: 186->187
[2020-04-14T23:29:07.441-0700][gc,heap       ] GC(799) Humongous regions: 130->130
[2020-04-14T23:29:07.441-0700][gc,metaspace  ] GC(799) Metaspace: 28190K->28190K(1075200K)
[2020-04-14T23:29:07.441-0700][gc            ] GC(799) Pause Young (Normal) (G1 Evacuation Pause) 366M->320M(1024M) 27.560ms
[2020-04-14T23:29:07.441-0700][gc,cpu        ] GC(799) User=0.10s Sys=0.00s Real=0.03s
[2020-04-14T23:29:23.096-0700][gc,start      ] GC(800) Pause Young (Normal) (G1 Evacuation Pause)
[2020-04-14T23:29:23.096-0700][gc,task       ] GC(800) Using 4 workers of 4 for evacuation
[2020-04-14T23:29:23.135-0700][gc,mmu        ] GC(800) MMU target violated: 21.0ms (20.0ms/21.0ms)
[2020-04-14T23:29:23.135-0700][gc,phases     ] GC(800)   Pre Evacuate Collection Set: 0.1ms
[2020-04-14T23:29:23.135-0700][gc,phases     ] GC(800)   Evacuate Collection Set: 37.6ms
[2020-04-14T23:29:23.135-0700][gc,phases     ] GC(800)   Post Evacuate Collection Set: 0.6ms
[2020-04-14T23:29:23.135-0700][gc,phases     ] GC(800)   Other: 0.7ms
[2020-04-14T23:29:23.135-0700][gc,heap       ] GC(800) Eden regions: 47->0(47)
[2020-04-14T23:29:23.135-0700][gc,heap       ] GC(800) Survivor regions: 4->4(7)
[2020-04-14T23:29:23.135-0700][gc,heap       ] GC(800) Old regions: 187->187
[2020-04-14T23:29:23.135-0700][gc,heap       ] GC(800) Humongous regions: 130->130
[2020-04-14T23:29:23.135-0700][gc,metaspace  ] GC(800) Metaspace: 28190K->28190K(1075200K)
[2020-04-14T23:29:23.135-0700][gc            ] GC(800) Pause Young (Normal) (G1 Evacuation Pause) 367M->320M(1024M) 39.100ms
[2020-04-14T23:29:23.135-0700][gc,cpu        ] GC(800) User=0.10s Sys=0.00s Real=0.04s
[2020-04-14T23:29:38.640-0700][gc,start      ] GC(801) Pause Young (Normal) (G1 Evacuation Pause)
[2020-04-14T23:29:38.640-0700][gc,task       ] GC(801) Using 4 workers of 4 for evacuation
[2020-04-14T23:29:38.652-0700][gc,phases     ] GC(801)   Pre Evacuate Collection Set: 0.0ms
[2020-04-14T23:29:38.652-0700][gc,phases     ] GC(801)   Evacuate Collection Set: 12.1ms
[2020-04-14T23:29:38.652-0700][gc,phases     ] GC(801)   Post Evacuate Collection Set: 0.4ms
[2020-04-14T23:29:38.652-0700][gc,phases     ] GC(801)   Other: 0.3ms
[2020-04-14T23:29:38.652-0700][gc,heap       ] GC(801) Eden regions: 47->0(47)
[2020-04-14T23:29:38.652-0700][gc,heap       ] GC(801) Survivor regions: 4->4(7)
[2020-04-14T23:29:38.652-0700][gc,heap       ] GC(801) Old regions: 187->188
[2020-04-14T23:29:38.652-0700][gc,heap       ] GC(801) Humongous regions: 130->130
[2020-04-14T23:29:38.652-0700][gc,metaspace  ] GC(801) Metaspace: 28190K->28190K(1075200K)
[2020-04-14T23:29:38.652-0700][gc            ] GC(801) Pause Young (Normal) (G1 Evacuation Pause) 367M->321M(1024M) 12.900ms
[2020-04-14T23:29:38.653-0700][gc,cpu        ] GC(801) User=0.04s Sys=0.00s Real=0.01s
[2020-04-14T23:29:54.154-0700][gc,start      ] GC(802) Pause Young (Normal) (G1 Evacuation Pause)
[2020-04-14T23:29:54.154-0700][gc,task       ] GC(802) Using 4 workers of 4 for evacuation
[2020-04-14T23:29:54.180-0700][gc,mmu        ] GC(802) MMU target violated: 21.0ms (20.0ms/21.0ms)
[2020-04-14T23:29:54.180-0700][gc,phases     ] GC(802)   Pre Evacuate Collection Set: 0.1ms
[2020-04-14T23:29:54.180-0700][gc,phases     ] GC(802)   Evacuate Collection Set: 24.9ms
[2020-04-14T23:29:54.180-0700][gc,phases     ] GC(802)   Post Evacuate Collection Set: 0.5ms
[2020-04-14T23:29:54.180-0700][gc,phases     ] GC(802)   Other: 0.5ms
[2020-04-14T23:29:54.180-0700][gc,heap       ] GC(802) Eden regions: 47->0(47)
[2020-04-14T23:29:54.180-0700][gc,heap       ] GC(802) Survivor regions: 4->4(7)
[2020-04-14T23:29:54.180-0700][gc,heap       ] GC(802) Old regions: 188->188
[2020-04-14T23:29:54.180-0700][gc,heap       ] GC(802) Humongous regions: 130->130
[2020-04-14T23:29:54.180-0700][gc,metaspace  ] GC(802) Metaspace: 28190K->28190K(1075200K)
[2020-04-14T23:29:54.180-0700][gc            ] GC(802) Pause Young (Normal) (G1 Evacuation Pause) 368M->321M(1024M) 26.119ms
[2020-04-14T23:29:54.180-0700][gc,cpu        ] GC(802) User=0.09s Sys=0.00s Real=0.03s
[2020-04-14T23:30:09.748-0700][gc,start      ] GC(803) Pause Young (Normal) (G1 Evacuation Pause)
[2020-04-14T23:30:09.748-0700][gc,task       ] GC(803) Using 4 workers of 4 for evacuation
[2020-04-14T23:30:09.774-0700][gc,mmu        ] GC(803) MMU target violated: 21.0ms (20.0ms/21.0ms)
[2020-04-14T23:30:09.774-0700][gc,phases     ] GC(803)   Pre Evacuate Collection Set: 0.0ms
[2020-04-14T23:30:09.774-0700][gc,phases     ] GC(803)   Evacuate Collection Set: 25.1ms
[2020-04-14T23:30:09.774-0700][gc,phases     ] GC(803)   Post Evacuate Collection Set: 0.6ms
[2020-04-14T23:30:09.774-0700][gc,phases     ] GC(803)   Other: 0.6ms
[2020-04-14T23:30:09.774-0700][gc,heap       ] GC(803) Eden regions: 47->0(47)
[2020-04-14T23:30:09.774-0700][gc,heap       ] GC(803) Survivor regions: 4->4(7)
[2020-04-14T23:30:09.774-0700][gc,heap       ] GC(803) Old regions: 188->188
[2020-04-14T23:30:09.774-0700][gc,heap       ] GC(803) Humongous regions: 130->130
[2020-04-14T23:30:09.774-0700][gc,metaspace  ] GC(803) Metaspace: 28190K->28190K(1075200K)
[2020-04-14T23:30:09.774-0700][gc            ] GC(803) Pause Young (Normal) (G1 Evacuation Pause) 368M->321M(1024M) 26.383ms
[2020-04-14T23:30:09.774-0700][gc,cpu        ] GC(803) User=0.10s Sys=0.00s Real=0.03s
[2020-04-14T23:30:25.362-0700][gc,start      ] GC(804) Pause Young (Normal) (G1 Evacuation Pause)
[2020-04-14T23:30:25.362-0700][gc,task       ] GC(804) Using 4 workers of 4 for evacuation
[2020-04-14T23:30:25.392-0700][gc,mmu        ] GC(804) MMU target violated: 21.0ms (20.0ms/21.0ms)
[2020-04-14T23:30:25.392-0700][gc,phases     ] GC(804)   Pre Evacuate Collection Set: 0.1ms
[2020-04-14T23:30:25.392-0700][gc,phases     ] GC(804)   Evacuate Collection Set: 28.5ms
[2020-04-14T23:30:25.392-0700][gc,phases     ] GC(804)   Post Evacuate Collection Set: 0.5ms
[2020-04-14T23:30:25.392-0700][gc,phases     ] GC(804)   Other: 0.6ms
[2020-04-14T23:30:25.392-0700][gc,heap       ] GC(804) Eden regions: 47->0(47)
[2020-04-14T23:30:25.392-0700][gc,heap       ] GC(804) Survivor regions: 4->4(7)
[2020-04-14T23:30:25.392-0700][gc,heap       ] GC(804) Old regions: 188->189
[2020-04-14T23:30:25.392-0700][gc,heap       ] GC(804) Humongous regions: 130->130
[2020-04-14T23:30:25.392-0700][gc,metaspace  ] GC(804) Metaspace: 28190K->28190K(1075200K)
[2020-04-14T23:30:25.392-0700][gc            ] GC(804) Pause Young (Normal) (G1 Evacuation Pause) 368M->322M(1024M) 29.811ms
[2020-04-14T23:30:25.392-0700][gc,cpu        ] GC(804) User=0.11s Sys=0.00s Real=0.03s
[2020-04-14T23:30:41.011-0700][gc,start      ] GC(805) Pause Young (Normal) (G1 Evacuation Pause)
[2020-04-14T23:30:41.011-0700][gc,task       ] GC(805) Using 4 workers of 4 for evacuation
[2020-04-14T23:30:41.042-0700][gc,mmu        ] GC(805) MMU target violated: 21.0ms (20.0ms/21.0ms)
[2020-04-14T23:30:41.042-0700][gc,phases     ] GC(805)   Pre Evacuate Collection Set: 0.1ms
[2020-04-14T23:30:41.042-0700][gc,phases     ] GC(805)   Evacuate Collection Set: 29.8ms
[2020-04-14T23:30:41.042-0700][gc,phases     ] GC(805)   Post Evacuate Collection Set: 0.5ms
[2020-04-14T23:30:41.042-0700][gc,phases     ] GC(805)   Other: 0.6ms
[2020-04-14T23:30:41.042-0700][gc,heap       ] GC(805) Eden regions: 47->0(47)
[2020-04-14T23:30:41.042-0700][gc,heap       ] GC(805) Survivor regions: 4->4(7)
[2020-04-14T23:30:41.042-0700][gc,heap       ] GC(805) Old regions: 189->189
[2020-04-14T23:30:41.042-0700][gc,heap       ] GC(805) Humongous regions: 130->130
[2020-04-14T23:30:41.042-0700][gc,metaspace  ] GC(805) Metaspace: 28190K->28190K(1075200K)
[2020-04-14T23:30:41.042-0700][gc            ] GC(805) Pause Young (Normal) (G1 Evacuation Pause) 369M->322M(1024M) 31.039ms
[2020-04-14T23:30:41.042-0700][gc,cpu        ] GC(805) User=0.12s Sys=0.00s Real=0.03s
[2020-04-14T23:30:56.749-0700][gc,start      ] GC(806) Pause Young (Normal) (G1 Evacuation Pause)
[2020-04-14T23:30:56.749-0700][gc,task       ] GC(806) Using 4 workers of 4 for evacuation
[2020-04-14T23:30:56.781-0700][gc,mmu        ] GC(806) MMU target violated: 21.0ms (20.0ms/21.0ms)
[2020-04-14T23:30:56.781-0700][gc,phases     ] GC(806)   Pre Evacuate Collection Set: 0.1ms
[2020-04-14T23:30:56.781-0700][gc,phases     ] GC(806)   Evacuate Collection Set: 30.8ms
[2020-04-14T23:30:56.781-0700][gc,phases     ] GC(806)   Post Evacuate Collection Set: 0.7ms
[2020-04-14T23:30:56.781-0700][gc,phases     ] GC(806)   Other: 0.8ms
[2020-04-14T23:30:56.781-0700][gc,heap       ] GC(806) Eden regions: 47->0(47)
[2020-04-14T23:30:56.781-0700][gc,heap       ] GC(806) Survivor regions: 4->4(7)
[2020-04-14T23:30:56.781-0700][gc,heap       ] GC(806) Old regions: 189->190
[2020-04-14T23:30:56.781-0700][gc,heap       ] GC(806) Humongous regions: 130->130
[2020-04-14T23:30:56.781-0700][gc,metaspace  ] GC(806) Metaspace: 28190K->28190K(1075200K)
[2020-04-14T23:30:56.781-0700][gc            ] GC(806) Pause Young (Normal) (G1 Evacuation Pause) 369M->322M(1024M) 32.485ms
[2020-04-14T23:30:56.781-0700][gc,cpu        ] GC(806) User=0.11s Sys=0.00s Real=0.04s
[2020-04-14T23:31:12.333-0700][gc,start      ] GC(807) Pause Young (Normal) (G1 Evacuation Pause)
[2020-04-14T23:31:12.333-0700][gc,task       ] GC(807) Using 4 workers of 4 for evacuation
[2020-04-14T23:31:12.361-0700][gc,mmu        ] GC(807) MMU target violated: 21.0ms (20.0ms/21.0ms)
[2020-04-14T23:31:12.361-0700][gc,phases     ] GC(807)   Pre Evacuate Collection Set: 0.1ms
[2020-04-14T23:31:12.362-0700][gc,phases     ] GC(807)   Evacuate Collection Set: 27.2ms
[2020-04-14T23:31:12.362-0700][gc,phases     ] GC(807)   Post Evacuate Collection Set: 0.7ms
[2020-04-14T23:31:12.362-0700][gc,phases     ] GC(807)   Other: 0.6ms
[2020-04-14T23:31:12.362-0700][gc,heap       ] GC(807) Eden regions: 47->0(47)
[2020-04-14T23:31:12.362-0700][gc,heap       ] GC(807) Survivor regions: 4->4(7)
[2020-04-14T23:31:12.362-0700][gc,heap       ] GC(807) Old regions: 190->190
[2020-04-14T23:31:12.362-0700][gc,heap       ] GC(807) Humongous regions: 130->130
[2020-04-14T23:31:12.362-0700][gc,metaspace  ] GC(807) Metaspace: 28190K->28190K(1075200K)
[2020-04-14T23:31:12.362-0700][gc            ] GC(807) Pause Young (Normal) (G1 Evacuation Pause) 369M->323M(1024M) 28.712ms
[2020-04-14T23:31:12.362-0700][gc,cpu        ] GC(807) User=0.11s Sys=0.00s Real=0.03s
[2020-04-14T23:31:27.881-0700][gc,start      ] GC(808) Pause Young (Normal) (G1 Evacuation Pause)
[2020-04-14T23:31:27.881-0700][gc,task       ] GC(808) Using 4 workers of 4 for evacuation
[2020-04-14T23:31:27.908-0700][gc,mmu        ] GC(808) MMU target violated: 21.0ms (20.0ms/21.0ms)
[2020-04-14T23:31:27.908-0700][gc,phases     ] GC(808)   Pre Evacuate Collection Set: 0.1ms
[2020-04-14T23:31:27.908-0700][gc,phases     ] GC(808)   Evacuate Collection Set: 26.2ms
[2020-04-14T23:31:27.908-0700][gc,phases     ] GC(808)   Post Evacuate Collection Set: 0.5ms
[2020-04-14T23:31:27.908-0700][gc,phases     ] GC(808)   Other: 0.5ms
[2020-04-14T23:31:27.908-0700][gc,heap       ] GC(808) Eden regions: 47->0(47)
[2020-04-14T23:31:27.908-0700][gc,heap       ] GC(808) Survivor regions: 4->4(7)
[2020-04-14T23:31:27.908-0700][gc,heap       ] GC(808) Old regions: 190->190
[2020-04-14T23:31:27.908-0700][gc,heap       ] GC(808) Humongous regions: 130->130
[2020-04-14T23:31:27.908-0700][gc,metaspace  ] GC(808) Metaspace: 28190K->28190K(1075200K)
[2020-04-14T23:31:27.908-0700][gc            ] GC(808) Pause Young (Normal) (G1 Evacuation Pause) 370M->323M(1024M) 27.327ms
[2020-04-14T23:31:27.908-0700][gc,cpu        ] GC(808) User=0.10s Sys=0.00s Real=0.02s
[2020-04-14T23:31:43.415-0700][gc,start      ] GC(809) Pause Young (Normal) (G1 Evacuation Pause)
[2020-04-14T23:31:43.415-0700][gc,task       ] GC(809) Using 4 workers of 4 for evacuation
[2020-04-14T23:31:43.444-0700][gc,mmu        ] GC(809) MMU target violated: 21.0ms (20.0ms/21.0ms)
[2020-04-14T23:31:43.444-0700][gc,phases     ] GC(809)   Pre Evacuate Collection Set: 0.1ms
[2020-04-14T23:31:43.444-0700][gc,phases     ] GC(809)   Evacuate Collection Set: 27.4ms
[2020-04-14T23:31:43.444-0700][gc,phases     ] GC(809)   Post Evacuate Collection Set: 0.7ms
[2020-04-14T23:31:43.444-0700][gc,phases     ] GC(809)   Other: 0.5ms
[2020-04-14T23:31:43.444-0700][gc,heap       ] GC(809) Eden regions: 47->0(47)
[2020-04-14T23:31:43.444-0700][gc,heap       ] GC(809) Survivor regions: 4->4(7)
[2020-04-14T23:31:43.444-0700][gc,heap       ] GC(809) Old regions: 190->191
[2020-04-14T23:31:43.444-0700][gc,heap       ] GC(809) Humongous regions: 130->130
[2020-04-14T23:31:43.444-0700][gc,metaspace  ] GC(809) Metaspace: 28190K->28190K(1075200K)
[2020-04-14T23:31:43.444-0700][gc            ] GC(809) Pause Young (Normal) (G1 Evacuation Pause) 370M->324M(1024M) 28.855ms
[2020-04-14T23:31:43.444-0700][gc,cpu        ] GC(809) User=0.11s Sys=0.00s Real=0.03s
[2020-04-14T23:31:59.132-0700][gc,start      ] GC(810) Pause Young (Normal) (G1 Evacuation Pause)
[2020-04-14T23:31:59.132-0700][gc,task       ] GC(810) Using 4 workers of 4 for evacuation
[2020-04-14T23:31:59.160-0700][gc,mmu        ] GC(810) MMU target violated: 21.0ms (20.0ms/21.0ms)
[2020-04-14T23:31:59.160-0700][gc,phases     ] GC(810)   Pre Evacuate Collection Set: 0.0ms
[2020-04-14T23:31:59.160-0700][gc,phases     ] GC(810)   Evacuate Collection Set: 26.7ms
[2020-04-14T23:31:59.160-0700][gc,phases     ] GC(810)   Post Evacuate Collection Set: 0.7ms
[2020-04-14T23:31:59.160-0700][gc,phases     ] GC(810)   Other: 0.6ms
[2020-04-14T23:31:59.160-0700][gc,heap       ] GC(810) Eden regions: 47->0(47)
[2020-04-14T23:31:59.160-0700][gc,heap       ] GC(810) Survivor regions: 4->4(7)
[2020-04-14T23:31:59.160-0700][gc,heap       ] GC(810) Old regions: 191->191
[2020-04-14T23:31:59.160-0700][gc,heap       ] GC(810) Humongous regions: 130->130
[2020-04-14T23:31:59.160-0700][gc,metaspace  ] GC(810) Metaspace: 28190K->28190K(1075200K)
[2020-04-14T23:31:59.160-0700][gc            ] GC(810) Pause Young (Normal) (G1 Evacuation Pause) 371M->324M(1024M) 28.147ms
[2020-04-14T23:31:59.160-0700][gc,cpu        ] GC(810) User=0.11s Sys=0.00s Real=0.03s
[2020-04-14T23:32:14.744-0700][gc,start      ] GC(811) Pause Young (Normal) (G1 Evacuation Pause)
[2020-04-14T23:32:14.744-0700][gc,task       ] GC(811) Using 4 workers of 4 for evacuation
[2020-04-14T23:32:14.776-0700][gc,mmu        ] GC(811) MMU target violated: 21.0ms (20.0ms/21.0ms)
[2020-04-14T23:32:14.776-0700][gc,phases     ] GC(811)   Pre Evacuate Collection Set: 0.1ms
[2020-04-14T23:32:14.776-0700][gc,phases     ] GC(811)   Evacuate Collection Set: 31.3ms
[2020-04-14T23:32:14.776-0700][gc,phases     ] GC(811)   Post Evacuate Collection Set: 0.7ms
[2020-04-14T23:32:14.776-0700][gc,phases     ] GC(811)   Other: 0.6ms
[2020-04-14T23:32:14.776-0700][gc,heap       ] GC(811) Eden regions: 47->0(46)
[2020-04-14T23:32:14.776-0700][gc,heap       ] GC(811) Survivor regions: 4->5(7)
[2020-04-14T23:32:14.776-0700][gc,heap       ] GC(811) Old regions: 191->191
[2020-04-14T23:32:14.776-0700][gc,heap       ] GC(811) Humongous regions: 130->130
[2020-04-14T23:32:14.776-0700][gc,metaspace  ] GC(811) Metaspace: 28190K->28190K(1075200K)
[2020-04-14T23:32:14.776-0700][gc            ] GC(811) Pause Young (Normal) (G1 Evacuation Pause) 371M->324M(1024M) 32.847ms
[2020-04-14T23:32:14.776-0700][gc,cpu        ] GC(811) User=0.12s Sys=0.00s Real=0.03s
[2020-04-14T23:32:30.052-0700][gc,start      ] GC(812) Pause Young (Normal) (G1 Evacuation Pause)
[2020-04-14T23:32:30.052-0700][gc,task       ] GC(812) Using 4 workers of 4 for evacuation
[2020-04-14T23:32:30.083-0700][gc,mmu        ] GC(812) MMU target violated: 21.0ms (20.0ms/21.0ms)
[2020-04-14T23:32:30.084-0700][gc,phases     ] GC(812)   Pre Evacuate Collection Set: 0.1ms
[2020-04-14T23:32:30.084-0700][gc,phases     ] GC(812)   Evacuate Collection Set: 30.4ms
[2020-04-14T23:32:30.084-0700][gc,phases     ] GC(812)   Post Evacuate Collection Set: 0.6ms
[2020-04-14T23:32:30.084-0700][gc,phases     ] GC(812)   Other: 0.5ms
[2020-04-14T23:32:30.084-0700][gc,heap       ] GC(812) Eden regions: 46->0(46)
[2020-04-14T23:32:30.084-0700][gc,heap       ] GC(812) Survivor regions: 5->5(7)
[2020-04-14T23:32:30.084-0700][gc,heap       ] GC(812) Old regions: 191->192
[2020-04-14T23:32:30.084-0700][gc,heap       ] GC(812) Humongous regions: 130->130
[2020-04-14T23:32:30.084-0700][gc,metaspace  ] GC(812) Metaspace: 28190K->28190K(1075200K)
[2020-04-14T23:32:30.084-0700][gc            ] GC(812) Pause Young (Normal) (G1 Evacuation Pause) 370M->326M(1024M) 31.666ms
[2020-04-14T23:32:30.084-0700][gc,cpu        ] GC(812) User=0.12s Sys=0.00s Real=0.03s
[2020-04-14T23:32:45.198-0700][gc,start      ] GC(813) Pause Young (Normal) (G1 Evacuation Pause)
[2020-04-14T23:32:45.199-0700][gc,task       ] GC(813) Using 4 workers of 4 for evacuation
[2020-04-14T23:32:45.230-0700][gc,mmu        ] GC(813) MMU target violated: 21.0ms (20.0ms/21.0ms)
[2020-04-14T23:32:45.230-0700][gc,phases     ] GC(813)   Pre Evacuate Collection Set: 0.1ms
[2020-04-14T23:32:45.230-0700][gc,phases     ] GC(813)   Evacuate Collection Set: 30.7ms
[2020-04-14T23:32:45.230-0700][gc,phases     ] GC(813)   Post Evacuate Collection Set: 0.6ms
[2020-04-14T23:32:45.230-0700][gc,phases     ] GC(813)   Other: 0.6ms
[2020-04-14T23:32:45.230-0700][gc,heap       ] GC(813) Eden regions: 46->0(47)
[2020-04-14T23:32:45.230-0700][gc,heap       ] GC(813) Survivor regions: 5->4(7)
[2020-04-14T23:32:45.230-0700][gc,heap       ] GC(813) Old regions: 192->193
[2020-04-14T23:32:45.230-0700][gc,heap       ] GC(813) Humongous regions: 130->130
[2020-04-14T23:32:45.230-0700][gc,metaspace  ] GC(813) Metaspace: 28190K->28190K(1075200K)
[2020-04-14T23:32:45.230-0700][gc            ] GC(813) Pause Young (Normal) (G1 Evacuation Pause) 372M->326M(1024M) 32.046ms
[2020-04-14T23:32:45.230-0700][gc,cpu        ] GC(813) User=0.12s Sys=0.00s Real=0.03s
[2020-04-14T23:33:00.751-0700][gc,start      ] GC(814) Pause Young (Normal) (G1 Evacuation Pause)
[2020-04-14T23:33:00.751-0700][gc,task       ] GC(814) Using 4 workers of 4 for evacuation
[2020-04-14T23:33:00.763-0700][gc,phases     ] GC(814)   Pre Evacuate Collection Set: 0.0ms
[2020-04-14T23:33:00.763-0700][gc,phases     ] GC(814)   Evacuate Collection Set: 12.2ms
[2020-04-14T23:33:00.763-0700][gc,phases     ] GC(814)   Post Evacuate Collection Set: 0.3ms
[2020-04-14T23:33:00.763-0700][gc,phases     ] GC(814)   Other: 0.2ms
[2020-04-14T23:33:00.763-0700][gc,heap       ] GC(814) Eden regions: 47->0(47)
[2020-04-14T23:33:00.763-0700][gc,heap       ] GC(814) Survivor regions: 4->4(7)
[2020-04-14T23:33:00.764-0700][gc,heap       ] GC(814) Old regions: 193->193
[2020-04-14T23:33:00.764-0700][gc,heap       ] GC(814) Humongous regions: 130->130
[2020-04-14T23:33:00.764-0700][gc,metaspace  ] GC(814) Metaspace: 28190K->28190K(1075200K)
[2020-04-14T23:33:00.764-0700][gc            ] GC(814) Pause Young (Normal) (G1 Evacuation Pause) 373M->326M(1024M) 12.866ms
[2020-04-14T23:33:00.764-0700][gc,cpu        ] GC(814) User=0.03s Sys=0.00s Real=0.01s
[2020-04-14T23:33:16.208-0700][gc,start      ] GC(815) Pause Young (Normal) (G1 Evacuation Pause)
[2020-04-14T23:33:16.208-0700][gc,task       ] GC(815) Using 4 workers of 4 for evacuation
[2020-04-14T23:33:16.270-0700][gc,mmu        ] GC(815) MMU target violated: 21.0ms (20.0ms/21.0ms)
[2020-04-14T23:33:16.270-0700][gc,phases     ] GC(815)   Pre Evacuate Collection Set: 0.1ms
[2020-04-14T23:33:16.270-0700][gc,phases     ] GC(815)   Evacuate Collection Set: 58.8ms
[2020-04-14T23:33:16.270-0700][gc,phases     ] GC(815)   Post Evacuate Collection Set: 3.2ms
[2020-04-14T23:33:16.270-0700][gc,phases     ] GC(815)   Other: 0.7ms
[2020-04-14T23:33:16.270-0700][gc,heap       ] GC(815) Eden regions: 47->0(47)
[2020-04-14T23:33:16.270-0700][gc,heap       ] GC(815) Survivor regions: 4->4(7)
[2020-04-14T23:33:16.270-0700][gc,heap       ] GC(815) Old regions: 193->194
[2020-04-14T23:33:16.271-0700][gc,heap       ] GC(815) Humongous regions: 130->130
[2020-04-14T23:33:16.271-0700][gc,metaspace  ] GC(815) Metaspace: 28190K->28190K(1075200K)
[2020-04-14T23:33:16.271-0700][gc            ] GC(815) Pause Young (Normal) (G1 Evacuation Pause) 373M->327M(1024M) 62.796ms
[2020-04-14T23:33:16.271-0700][gc,cpu        ] GC(815) User=0.10s Sys=0.00s Real=0.07s
[2020-04-14T23:33:31.802-0700][gc,start      ] GC(816) Pause Young (Normal) (G1 Evacuation Pause)
[2020-04-14T23:33:31.802-0700][gc,task       ] GC(816) Using 4 workers of 4 for evacuation
[2020-04-14T23:33:31.842-0700][gc,mmu        ] GC(816) MMU target violated: 21.0ms (20.0ms/21.0ms)
[2020-04-14T23:33:31.842-0700][gc,phases     ] GC(816)   Pre Evacuate Collection Set: 0.1ms
[2020-04-14T23:33:31.842-0700][gc,phases     ] GC(816)   Evacuate Collection Set: 38.4ms
[2020-04-14T23:33:31.842-0700][gc,phases     ] GC(816)   Post Evacuate Collection Set: 0.6ms
[2020-04-14T23:33:31.842-0700][gc,phases     ] GC(816)   Other: 0.6ms
[2020-04-14T23:33:31.842-0700][gc,heap       ] GC(816) Eden regions: 47->0(47)
[2020-04-14T23:33:31.842-0700][gc,heap       ] GC(816) Survivor regions: 4->4(7)
[2020-04-14T23:33:31.842-0700][gc,heap       ] GC(816) Old regions: 194->194
[2020-04-14T23:33:31.842-0700][gc,heap       ] GC(816) Humongous regions: 130->130
[2020-04-14T23:33:31.842-0700][gc,metaspace  ] GC(816) Metaspace: 28190K->28190K(1075200K)
[2020-04-14T23:33:31.842-0700][gc            ] GC(816) Pause Young (Normal) (G1 Evacuation Pause) 374M->327M(1024M) 39.876ms
[2020-04-14T23:33:31.842-0700][gc,cpu        ] GC(816) User=0.11s Sys=0.00s Real=0.04s
[2020-04-14T23:33:47.318-0700][gc,start      ] GC(817) Pause Young (Normal) (G1 Evacuation Pause)
[2020-04-14T23:33:47.318-0700][gc,task       ] GC(817) Using 4 workers of 4 for evacuation
[2020-04-14T23:33:47.355-0700][gc,mmu        ] GC(817) MMU target violated: 21.0ms (20.0ms/21.0ms)
[2020-04-14T23:33:47.355-0700][gc,phases     ] GC(817)   Pre Evacuate Collection Set: 0.1ms
[2020-04-14T23:33:47.355-0700][gc,phases     ] GC(817)   Evacuate Collection Set: 35.7ms
[2020-04-14T23:33:47.355-0700][gc,phases     ] GC(817)   Post Evacuate Collection Set: 0.7ms
[2020-04-14T23:33:47.355-0700][gc,phases     ] GC(817)   Other: 0.6ms
[2020-04-14T23:33:47.355-0700][gc,heap       ] GC(817) Eden regions: 47->0(47)
[2020-04-14T23:33:47.355-0700][gc,heap       ] GC(817) Survivor regions: 4->4(7)
[2020-04-14T23:33:47.355-0700][gc,heap       ] GC(817) Old regions: 194->195
[2020-04-14T23:33:47.355-0700][gc,heap       ] GC(817) Humongous regions: 130->130
[2020-04-14T23:33:47.356-0700][gc,metaspace  ] GC(817) Metaspace: 28191K->28191K(1075200K)
[2020-04-14T23:33:47.356-0700][gc            ] GC(817) Pause Young (Normal) (G1 Evacuation Pause) 374M->328M(1024M) 37.177ms
[2020-04-14T23:33:47.356-0700][gc,cpu        ] GC(817) User=0.07s Sys=0.01s Real=0.03s
[2020-04-14T23:34:02.865-0700][gc,start      ] GC(818) Pause Young (Normal) (G1 Evacuation Pause)
[2020-04-14T23:34:02.865-0700][gc,task       ] GC(818) Using 4 workers of 4 for evacuation
[2020-04-14T23:34:02.898-0700][gc,mmu        ] GC(818) MMU target violated: 21.0ms (20.0ms/21.0ms)
[2020-04-14T23:34:02.898-0700][gc,phases     ] GC(818)   Pre Evacuate Collection Set: 0.1ms
[2020-04-14T23:34:02.898-0700][gc,phases     ] GC(818)   Evacuate Collection Set: 31.5ms
[2020-04-14T23:34:02.898-0700][gc,phases     ] GC(818)   Post Evacuate Collection Set: 0.6ms
[2020-04-14T23:34:02.898-0700][gc,phases     ] GC(818)   Other: 0.6ms
[2020-04-14T23:34:02.898-0700][gc,heap       ] GC(818) Eden regions: 47->0(47)
[2020-04-14T23:34:02.898-0700][gc,heap       ] GC(818) Survivor regions: 4->4(7)
[2020-04-14T23:34:02.898-0700][gc,heap       ] GC(818) Old regions: 195->195
[2020-04-14T23:34:02.898-0700][gc,heap       ] GC(818) Humongous regions: 130->130
[2020-04-14T23:34:02.898-0700][gc,metaspace  ] GC(818) Metaspace: 28191K->28191K(1075200K)
[2020-04-14T23:34:02.898-0700][gc            ] GC(818) Pause Young (Normal) (G1 Evacuation Pause) 375M->328M(1024M) 32.864ms
[2020-04-14T23:34:02.898-0700][gc,cpu        ] GC(818) User=0.11s Sys=0.00s Real=0.04s
[2020-04-14T23:34:18.400-0700][gc,start      ] GC(819) Pause Young (Normal) (G1 Evacuation Pause)
[2020-04-14T23:34:18.400-0700][gc,task       ] GC(819) Using 4 workers of 4 for evacuation
[2020-04-14T23:34:18.430-0700][gc,mmu        ] GC(819) MMU target violated: 21.0ms (20.0ms/21.0ms)
[2020-04-14T23:34:18.430-0700][gc,phases     ] GC(819)   Pre Evacuate Collection Set: 0.0ms
[2020-04-14T23:34:18.430-0700][gc,phases     ] GC(819)   Evacuate Collection Set: 28.6ms
[2020-04-14T23:34:18.430-0700][gc,phases     ] GC(819)   Post Evacuate Collection Set: 0.6ms
[2020-04-14T23:34:18.430-0700][gc,phases     ] GC(819)   Other: 0.5ms
[2020-04-14T23:34:18.430-0700][gc,heap       ] GC(819) Eden regions: 47->0(46)
[2020-04-14T23:34:18.430-0700][gc,heap       ] GC(819) Survivor regions: 4->5(7)
[2020-04-14T23:34:18.430-0700][gc,heap       ] GC(819) Old regions: 195->195
[2020-04-14T23:34:18.430-0700][gc,heap       ] GC(819) Humongous regions: 130->130
[2020-04-14T23:34:18.430-0700][gc,metaspace  ] GC(819) Metaspace: 28192K->28192K(1075200K)
[2020-04-14T23:34:18.430-0700][gc            ] GC(819) Pause Young (Normal) (G1 Evacuation Pause) 375M->328M(1024M) 29.926ms
[2020-04-14T23:34:18.430-0700][gc,cpu        ] GC(819) User=0.10s Sys=0.00s Real=0.03s
[2020-04-14T23:34:33.652-0700][gc,start      ] GC(820) Pause Young (Normal) (G1 Evacuation Pause)
[2020-04-14T23:34:33.652-0700][gc,task       ] GC(820) Using 4 workers of 4 for evacuation
[2020-04-14T23:34:33.668-0700][gc,phases     ] GC(820)   Pre Evacuate Collection Set: 0.0ms
[2020-04-14T23:34:33.668-0700][gc,phases     ] GC(820)   Evacuate Collection Set: 15.7ms
[2020-04-14T23:34:33.668-0700][gc,phases     ] GC(820)   Post Evacuate Collection Set: 0.4ms
[2020-04-14T23:34:33.668-0700][gc,phases     ] GC(820)   Other: 0.3ms
