[2020-04-15T00:18:45.640-0700][gc,mmu        ] GC(985) MMU target violated: 21.0ms (20.0ms/21.0ms)
[2020-04-15T00:18:45.640-0700][gc,phases     ] GC(985)   Pre Evacuate Collection Set: 0.1ms
[2020-04-15T00:18:45.640-0700][gc,phases     ] GC(985)   Evacuate Collection Set: 29.5ms
[2020-04-15T00:18:45.640-0700][gc,phases     ] GC(985)   Post Evacuate Collection Set: 0.6ms
[2020-04-15T00:18:45.640-0700][gc,phases     ] GC(985)   Other: 1.2ms
[2020-04-15T00:18:45.640-0700][gc,heap       ] GC(985) Eden regions: 46->0(46)
[2020-04-15T00:18:45.640-0700][gc,heap       ] GC(985) Survivor regions: 5->5(7)
[2020-04-15T00:18:45.640-0700][gc,heap       ] GC(985) Old regions: 98->98
[2020-04-15T00:18:45.640-0700][gc,heap       ] GC(985) Humongous regions: 130->130
[2020-04-15T00:18:45.640-0700][gc,metaspace  ] GC(985) Metaspace: 28255K->28255K(1075200K)
[2020-04-15T00:18:45.640-0700][gc            ] GC(985) Pause Young (Normal) (G1 Evacuation Pause) 277M->232M(1024M) 31.387ms
[2020-04-15T00:18:45.640-0700][gc,cpu        ] GC(985) User=0.11s Sys=0.00s Real=0.04s
[2020-04-15T00:19:00.323-0700][gc,start      ] GC(986) Pause Young (Normal) (G1 Evacuation Pause)
[2020-04-15T00:19:00.323-0700][gc,task       ] GC(986) Using 4 workers of 4 for evacuation
[2020-04-15T00:19:00.334-0700][gc,phases     ] GC(986)   Pre Evacuate Collection Set: 0.0ms
[2020-04-15T00:19:00.334-0700][gc,phases     ] GC(986)   Evacuate Collection Set: 10.7ms
[2020-04-15T00:19:00.334-0700][gc,phases     ] GC(986)   Post Evacuate Collection Set: 0.3ms
[2020-04-15T00:19:00.334-0700][gc,phases     ] GC(986)   Other: 0.2ms
[2020-04-15T00:19:00.334-0700][gc,heap       ] GC(986) Eden regions: 46->0(47)
[2020-04-15T00:19:00.334-0700][gc,heap       ] GC(986) Survivor regions: 5->4(7)
[2020-04-15T00:19:00.334-0700][gc,heap       ] GC(986) Old regions: 98->100
[2020-04-15T00:19:00.334-0700][gc,heap       ] GC(986) Humongous regions: 130->130
[2020-04-15T00:19:00.334-0700][gc,metaspace  ] GC(986) Metaspace: 28255K->28255K(1075200K)
[2020-04-15T00:19:00.334-0700][gc            ] GC(986) Pause Young (Normal) (G1 Evacuation Pause) 278M->233M(1024M) 11.309ms
[2020-04-15T00:19:00.334-0700][gc,cpu        ] GC(986) User=0.05s Sys=0.00s Real=0.01s
[2020-04-15T00:19:15.354-0700][gc,start      ] GC(987) Pause Young (Normal) (G1 Evacuation Pause)
[2020-04-15T00:19:15.354-0700][gc,task       ] GC(987) Using 4 workers of 4 for evacuation
[2020-04-15T00:19:15.382-0700][gc,mmu        ] GC(987) MMU target violated: 21.0ms (20.0ms/21.0ms)
[2020-04-15T00:19:15.382-0700][gc,phases     ] GC(987)   Pre Evacuate Collection Set: 0.1ms
[2020-04-15T00:19:15.382-0700][gc,phases     ] GC(987)   Evacuate Collection Set: 27.1ms
[2020-04-15T00:19:15.382-0700][gc,phases     ] GC(987)   Post Evacuate Collection Set: 0.7ms
[2020-04-15T00:19:15.382-0700][gc,phases     ] GC(987)   Other: 0.6ms
[2020-04-15T00:19:15.382-0700][gc,heap       ] GC(987) Eden regions: 47->0(47)
[2020-04-15T00:19:15.382-0700][gc,heap       ] GC(987) Survivor regions: 4->4(7)
[2020-04-15T00:19:15.382-0700][gc,heap       ] GC(987) Old regions: 100->100
[2020-04-15T00:19:15.382-0700][gc,heap       ] GC(987) Humongous regions: 130->130
[2020-04-15T00:19:15.382-0700][gc,metaspace  ] GC(987) Metaspace: 28255K->28255K(1075200K)
[2020-04-15T00:19:15.382-0700][gc            ] GC(987) Pause Young (Normal) (G1 Evacuation Pause) 280M->233M(1024M) 28.608ms
[2020-04-15T00:19:15.382-0700][gc,cpu        ] GC(987) User=0.11s Sys=0.00s Real=0.03s
[2020-04-15T00:19:30.439-0700][gc,start      ] GC(988) Pause Young (Normal) (G1 Evacuation Pause)
[2020-04-15T00:19:30.439-0700][gc,task       ] GC(988) Using 4 workers of 4 for evacuation
[2020-04-15T00:19:30.468-0700][gc,mmu        ] GC(988) MMU target violated: 21.0ms (20.0ms/21.0ms)
[2020-04-15T00:19:30.469-0700][gc,phases     ] GC(988)   Pre Evacuate Collection Set: 0.1ms
[2020-04-15T00:19:30.469-0700][gc,phases     ] GC(988)   Evacuate Collection Set: 28.3ms
[2020-04-15T00:19:30.469-0700][gc,phases     ] GC(988)   Post Evacuate Collection Set: 0.7ms
[2020-04-15T00:19:30.469-0700][gc,phases     ] GC(988)   Other: 0.6ms
[2020-04-15T00:19:30.469-0700][gc,heap       ] GC(988) Eden regions: 47->0(47)
[2020-04-15T00:19:30.469-0700][gc,heap       ] GC(988) Survivor regions: 4->4(7)
[2020-04-15T00:19:30.469-0700][gc,heap       ] GC(988) Old regions: 100->100
[2020-04-15T00:19:30.469-0700][gc,heap       ] GC(988) Humongous regions: 130->130
[2020-04-15T00:19:30.469-0700][gc,metaspace  ] GC(988) Metaspace: 28255K->28255K(1075200K)
[2020-04-15T00:19:30.469-0700][gc            ] GC(988) Pause Young (Normal) (G1 Evacuation Pause) 280M->234M(1024M) 29.847ms
[2020-04-15T00:19:30.469-0700][gc,cpu        ] GC(988) User=0.12s Sys=0.00s Real=0.02s
[2020-04-15T00:19:45.446-0700][gc,start      ] GC(989) Pause Young (Normal) (G1 Evacuation Pause)
[2020-04-15T00:19:45.446-0700][gc,task       ] GC(989) Using 4 workers of 4 for evacuation
[2020-04-15T00:19:45.475-0700][gc,mmu        ] GC(989) MMU target violated: 21.0ms (20.0ms/21.0ms)
[2020-04-15T00:19:45.475-0700][gc,phases     ] GC(989)   Pre Evacuate Collection Set: 0.1ms
[2020-04-15T00:19:45.475-0700][gc,phases     ] GC(989)   Evacuate Collection Set: 27.7ms
[2020-04-15T00:19:45.475-0700][gc,phases     ] GC(989)   Post Evacuate Collection Set: 0.6ms
[2020-04-15T00:19:45.475-0700][gc,phases     ] GC(989)   Other: 0.6ms
[2020-04-15T00:19:45.475-0700][gc,heap       ] GC(989) Eden regions: 47->0(47)
[2020-04-15T00:19:45.475-0700][gc,heap       ] GC(989) Survivor regions: 4->4(7)
[2020-04-15T00:19:45.475-0700][gc,heap       ] GC(989) Old regions: 100->101
[2020-04-15T00:19:45.475-0700][gc,heap       ] GC(989) Humongous regions: 130->130
[2020-04-15T00:19:45.475-0700][gc,metaspace  ] GC(989) Metaspace: 28255K->28255K(1075200K)
[2020-04-15T00:19:45.475-0700][gc            ] GC(989) Pause Young (Normal) (G1 Evacuation Pause) 281M->234M(1024M) 28.964ms
[2020-04-15T00:19:45.475-0700][gc,cpu        ] GC(989) User=0.10s Sys=0.00s Real=0.03s
[2020-04-15T00:20:00.490-0700][gc,start      ] GC(990) Pause Young (Normal) (G1 Evacuation Pause)
[2020-04-15T00:20:00.490-0700][gc,task       ] GC(990) Using 4 workers of 4 for evacuation
[2020-04-15T00:20:00.518-0700][gc,mmu        ] GC(990) MMU target violated: 21.0ms (20.0ms/21.0ms)
[2020-04-15T00:20:00.518-0700][gc,phases     ] GC(990)   Pre Evacuate Collection Set: 0.1ms
[2020-04-15T00:20:00.518-0700][gc,phases     ] GC(990)   Evacuate Collection Set: 27.5ms
[2020-04-15T00:20:00.518-0700][gc,phases     ] GC(990)   Post Evacuate Collection Set: 0.6ms
[2020-04-15T00:20:00.519-0700][gc,phases     ] GC(990)   Other: 0.6ms
[2020-04-15T00:20:00.519-0700][gc,heap       ] GC(990) Eden regions: 47->0(47)
[2020-04-15T00:20:00.519-0700][gc,heap       ] GC(990) Survivor regions: 4->4(7)
[2020-04-15T00:20:00.519-0700][gc,heap       ] GC(990) Old regions: 101->101
[2020-04-15T00:20:00.519-0700][gc,heap       ] GC(990) Humongous regions: 130->130
[2020-04-15T00:20:00.519-0700][gc,metaspace  ] GC(990) Metaspace: 28255K->28255K(1075200K)
[2020-04-15T00:20:00.519-0700][gc            ] GC(990) Pause Young (Normal) (G1 Evacuation Pause) 281M->234M(1024M) 28.905ms
[2020-04-15T00:20:00.519-0700][gc,cpu        ] GC(990) User=0.11s Sys=0.00s Real=0.03s
[2020-04-15T00:20:15.517-0700][gc,start      ] GC(991) Pause Young (Normal) (G1 Evacuation Pause)
[2020-04-15T00:20:15.517-0700][gc,task       ] GC(991) Using 4 workers of 4 for evacuation
[2020-04-15T00:20:15.546-0700][gc,mmu        ] GC(991) MMU target violated: 21.0ms (20.0ms/21.0ms)
[2020-04-15T00:20:15.546-0700][gc,phases     ] GC(991)   Pre Evacuate Collection Set: 0.1ms
[2020-04-15T00:20:15.546-0700][gc,phases     ] GC(991)   Evacuate Collection Set: 28.2ms
[2020-04-15T00:20:15.546-0700][gc,phases     ] GC(991)   Post Evacuate Collection Set: 0.8ms
[2020-04-15T00:20:15.546-0700][gc,phases     ] GC(991)   Other: 0.6ms
[2020-04-15T00:20:15.546-0700][gc,heap       ] GC(991) Eden regions: 47->0(46)
[2020-04-15T00:20:15.546-0700][gc,heap       ] GC(991) Survivor regions: 4->5(7)
[2020-04-15T00:20:15.546-0700][gc,heap       ] GC(991) Old regions: 101->101
[2020-04-15T00:20:15.546-0700][gc,heap       ] GC(991) Humongous regions: 130->130
[2020-04-15T00:20:15.546-0700][gc,metaspace  ] GC(991) Metaspace: 28255K->28255K(1075200K)
[2020-04-15T00:20:15.547-0700][gc            ] GC(991) Pause Young (Normal) (G1 Evacuation Pause) 281M->235M(1024M) 29.793ms
[2020-04-15T00:20:15.547-0700][gc,cpu        ] GC(991) User=0.11s Sys=0.00s Real=0.03s
[2020-04-15T00:20:30.211-0700][gc,start      ] GC(992) Pause Young (Normal) (G1 Evacuation Pause)
[2020-04-15T00:20:30.211-0700][gc,task       ] GC(992) Using 4 workers of 4 for evacuation
[2020-04-15T00:20:30.246-0700][gc,mmu        ] GC(992) MMU target violated: 21.0ms (20.0ms/21.0ms)
[2020-04-15T00:20:30.246-0700][gc,phases     ] GC(992)   Pre Evacuate Collection Set: 0.1ms
[2020-04-15T00:20:30.246-0700][gc,phases     ] GC(992)   Evacuate Collection Set: 34.0ms
[2020-04-15T00:20:30.246-0700][gc,phases     ] GC(992)   Post Evacuate Collection Set: 0.7ms
[2020-04-15T00:20:30.246-0700][gc,phases     ] GC(992)   Other: 0.8ms
[2020-04-15T00:20:30.246-0700][gc,heap       ] GC(992) Eden regions: 46->0(47)
[2020-04-15T00:20:30.246-0700][gc,heap       ] GC(992) Survivor regions: 5->4(7)
[2020-04-15T00:20:30.246-0700][gc,heap       ] GC(992) Old regions: 101->102
[2020-04-15T00:20:30.246-0700][gc,heap       ] GC(992) Humongous regions: 130->130
[2020-04-15T00:20:30.247-0700][gc,metaspace  ] GC(992) Metaspace: 28255K->28255K(1075200K)
[2020-04-15T00:20:30.247-0700][gc            ] GC(992) Pause Young (Normal) (G1 Evacuation Pause) 281M->235M(1024M) 35.673ms
[2020-04-15T00:20:30.247-0700][gc,cpu        ] GC(992) User=0.11s Sys=0.00s Real=0.03s
[2020-04-15T00:20:45.153-0700][gc,start      ] GC(993) Pause Young (Normal) (G1 Evacuation Pause)
[2020-04-15T00:20:45.153-0700][gc,task       ] GC(993) Using 4 workers of 4 for evacuation
[2020-04-15T00:20:45.181-0700][gc,mmu        ] GC(993) MMU target violated: 21.0ms (20.0ms/21.0ms)
[2020-04-15T00:20:45.181-0700][gc,phases     ] GC(993)   Pre Evacuate Collection Set: 0.1ms
[2020-04-15T00:20:45.181-0700][gc,phases     ] GC(993)   Evacuate Collection Set: 26.4ms
[2020-04-15T00:20:45.181-0700][gc,phases     ] GC(993)   Post Evacuate Collection Set: 0.5ms
[2020-04-15T00:20:45.181-0700][gc,phases     ] GC(993)   Other: 0.6ms
[2020-04-15T00:20:45.181-0700][gc,heap       ] GC(993) Eden regions: 47->0(47)
[2020-04-15T00:20:45.181-0700][gc,heap       ] GC(993) Survivor regions: 4->4(7)
[2020-04-15T00:20:45.181-0700][gc,heap       ] GC(993) Old regions: 102->102
[2020-04-15T00:20:45.181-0700][gc,heap       ] GC(993) Humongous regions: 130->130
[2020-04-15T00:20:45.181-0700][gc,metaspace  ] GC(993) Metaspace: 28255K->28255K(1075200K)
[2020-04-15T00:20:45.181-0700][gc            ] GC(993) Pause Young (Normal) (G1 Evacuation Pause) 282M->235M(1024M) 27.715ms
[2020-04-15T00:20:45.181-0700][gc,cpu        ] GC(993) User=0.10s Sys=0.00s Real=0.03s
[2020-04-15T00:21:00.139-0700][gc,start      ] GC(994) Pause Young (Normal) (G1 Evacuation Pause)
[2020-04-15T00:21:00.139-0700][gc,task       ] GC(994) Using 4 workers of 4 for evacuation
[2020-04-15T00:21:00.161-0700][gc,mmu        ] GC(994) MMU target violated: 21.0ms (20.0ms/21.0ms)
[2020-04-15T00:21:00.161-0700][gc,phases     ] GC(994)   Pre Evacuate Collection Set: 0.0ms
[2020-04-15T00:21:00.161-0700][gc,phases     ] GC(994)   Evacuate Collection Set: 21.4ms
[2020-04-15T00:21:00.161-0700][gc,phases     ] GC(994)   Post Evacuate Collection Set: 0.3ms
[2020-04-15T00:21:00.161-0700][gc,phases     ] GC(994)   Other: 0.4ms
[2020-04-15T00:21:00.161-0700][gc,heap       ] GC(994) Eden regions: 47->0(47)
[2020-04-15T00:21:00.161-0700][gc,heap       ] GC(994) Survivor regions: 4->4(7)
[2020-04-15T00:21:00.161-0700][gc,heap       ] GC(994) Old regions: 102->103
[2020-04-15T00:21:00.161-0700][gc,heap       ] GC(994) Humongous regions: 130->130
[2020-04-15T00:21:00.161-0700][gc,metaspace  ] GC(994) Metaspace: 28255K->28255K(1075200K)
[2020-04-15T00:21:00.161-0700][gc            ] GC(994) Pause Young (Normal) (G1 Evacuation Pause) 282M->235M(1024M) 22.184ms
[2020-04-15T00:21:00.161-0700][gc,cpu        ] GC(994) User=0.08s Sys=0.00s Real=0.02s
[2020-04-15T00:21:14.920-0700][gc,start      ] GC(995) Pause Young (Normal) (G1 Evacuation Pause)
[2020-04-15T00:21:14.920-0700][gc,task       ] GC(995) Using 4 workers of 4 for evacuation
[2020-04-15T00:21:14.932-0700][gc,phases     ] GC(995)   Pre Evacuate Collection Set: 0.0ms
[2020-04-15T00:21:14.932-0700][gc,phases     ] GC(995)   Evacuate Collection Set: 11.6ms
[2020-04-15T00:21:14.932-0700][gc,phases     ] GC(995)   Post Evacuate Collection Set: 0.2ms
[2020-04-15T00:21:14.932-0700][gc,phases     ] GC(995)   Other: 0.2ms
[2020-04-15T00:21:14.932-0700][gc,heap       ] GC(995) Eden regions: 47->0(47)
[2020-04-15T00:21:14.932-0700][gc,heap       ] GC(995) Survivor regions: 4->4(7)
[2020-04-15T00:21:14.932-0700][gc,heap       ] GC(995) Old regions: 103->103
[2020-04-15T00:21:14.932-0700][gc,heap       ] GC(995) Humongous regions: 130->130
[2020-04-15T00:21:14.932-0700][gc,metaspace  ] GC(995) Metaspace: 28256K->28256K(1075200K)
[2020-04-15T00:21:14.932-0700][gc            ] GC(995) Pause Young (Normal) (G1 Evacuation Pause) 282M->236M(1024M) 12.099ms
[2020-04-15T00:21:14.932-0700][gc,cpu        ] GC(995) User=0.03s Sys=0.00s Real=0.01s
[2020-04-15T00:21:29.536-0700][gc,start      ] GC(996) Pause Young (Normal) (G1 Evacuation Pause)
[2020-04-15T00:21:29.536-0700][gc,task       ] GC(996) Using 4 workers of 4 for evacuation
[2020-04-15T00:21:29.547-0700][gc,phases     ] GC(996)   Pre Evacuate Collection Set: 0.0ms
[2020-04-15T00:21:29.547-0700][gc,phases     ] GC(996)   Evacuate Collection Set: 11.0ms
[2020-04-15T00:21:29.547-0700][gc,phases     ] GC(996)   Post Evacuate Collection Set: 0.3ms
[2020-04-15T00:21:29.547-0700][gc,phases     ] GC(996)   Other: 0.2ms
[2020-04-15T00:21:29.547-0700][gc,heap       ] GC(996) Eden regions: 47->0(47)
[2020-04-15T00:21:29.547-0700][gc,heap       ] GC(996) Survivor regions: 4->4(7)
[2020-04-15T00:21:29.547-0700][gc,heap       ] GC(996) Old regions: 103->103
[2020-04-15T00:21:29.547-0700][gc,heap       ] GC(996) Humongous regions: 130->130
[2020-04-15T00:21:29.547-0700][gc,metaspace  ] GC(996) Metaspace: 28256K->28256K(1075200K)
[2020-04-15T00:21:29.547-0700][gc            ] GC(996) Pause Young (Normal) (G1 Evacuation Pause) 283M->236M(1024M) 11.576ms
[2020-04-15T00:21:29.547-0700][gc,cpu        ] GC(996) User=0.03s Sys=0.00s Real=0.01s
[2020-04-15T00:21:44.148-0700][gc,start      ] GC(997) Pause Young (Normal) (G1 Evacuation Pause)
[2020-04-15T00:21:44.148-0700][gc,task       ] GC(997) Using 4 workers of 4 for evacuation
[2020-04-15T00:21:44.159-0700][gc,phases     ] GC(997)   Pre Evacuate Collection Set: 0.0ms
[2020-04-15T00:21:44.159-0700][gc,phases     ] GC(997)   Evacuate Collection Set: 10.6ms
[2020-04-15T00:21:44.159-0700][gc,phases     ] GC(997)   Post Evacuate Collection Set: 0.2ms
[2020-04-15T00:21:44.159-0700][gc,phases     ] GC(997)   Other: 0.2ms
[2020-04-15T00:21:44.159-0700][gc,heap       ] GC(997) Eden regions: 47->0(47)
[2020-04-15T00:21:44.159-0700][gc,heap       ] GC(997) Survivor regions: 4->4(7)
[2020-04-15T00:21:44.159-0700][gc,heap       ] GC(997) Old regions: 103->103
[2020-04-15T00:21:44.159-0700][gc,heap       ] GC(997) Humongous regions: 130->130
[2020-04-15T00:21:44.159-0700][gc,metaspace  ] GC(997) Metaspace: 28256K->28256K(1075200K)
[2020-04-15T00:21:44.159-0700][gc            ] GC(997) Pause Young (Normal) (G1 Evacuation Pause) 283M->236M(1024M) 11.075ms
[2020-04-15T00:21:44.159-0700][gc,cpu        ] GC(997) User=0.03s Sys=0.00s Real=0.02s
[2020-04-15T00:21:58.895-0700][gc,start      ] GC(998) Pause Young (Normal) (G1 Evacuation Pause)
[2020-04-15T00:21:58.895-0700][gc,task       ] GC(998) Using 4 workers of 4 for evacuation
[2020-04-15T00:21:58.908-0700][gc,phases     ] GC(998)   Pre Evacuate Collection Set: 0.0ms
[2020-04-15T00:21:58.908-0700][gc,phases     ] GC(998)   Evacuate Collection Set: 12.3ms
[2020-04-15T00:21:58.908-0700][gc,phases     ] GC(998)   Post Evacuate Collection Set: 0.2ms
[2020-04-15T00:21:58.908-0700][gc,phases     ] GC(998)   Other: 0.2ms
[2020-04-15T00:21:58.908-0700][gc,heap       ] GC(998) Eden regions: 47->0(48)
[2020-04-15T00:21:58.908-0700][gc,heap       ] GC(998) Survivor regions: 4->5(7)
[2020-04-15T00:21:58.908-0700][gc,heap       ] GC(998) Old regions: 103->104
[2020-04-15T00:21:58.908-0700][gc,heap       ] GC(998) Humongous regions: 130->130
[2020-04-15T00:21:58.908-0700][gc,metaspace  ] GC(998) Metaspace: 28256K->28256K(1075200K)
[2020-04-15T00:21:58.908-0700][gc            ] GC(998) Pause Young (Normal) (G1 Evacuation Pause) 283M->238M(1024M) 12.902ms
[2020-04-15T00:21:58.908-0700][gc,cpu        ] GC(998) User=0.04s Sys=0.00s Real=0.01s
[2020-04-15T00:22:13.944-0700][gc,start      ] GC(999) Pause Young (Normal) (G1 Evacuation Pause)
[2020-04-15T00:22:13.944-0700][gc,task       ] GC(999) Using 4 workers of 4 for evacuation
[2020-04-15T00:22:13.961-0700][gc,phases     ] GC(999)   Pre Evacuate Collection Set: 0.0ms
[2020-04-15T00:22:13.961-0700][gc,phases     ] GC(999)   Evacuate Collection Set: 16.7ms
[2020-04-15T00:22:13.961-0700][gc,phases     ] GC(999)   Post Evacuate Collection Set: 0.3ms
[2020-04-15T00:22:13.961-0700][gc,phases     ] GC(999)   Other: 0.2ms
[2020-04-15T00:22:13.961-0700][gc,heap       ] GC(999) Eden regions: 48->0(49)
[2020-04-15T00:22:13.961-0700][gc,heap       ] GC(999) Survivor regions: 5->4(7)
[2020-04-15T00:22:13.961-0700][gc,heap       ] GC(999) Old regions: 104->105
[2020-04-15T00:22:13.961-0700][gc,heap       ] GC(999) Humongous regions: 130->130
[2020-04-15T00:22:13.961-0700][gc,metaspace  ] GC(999) Metaspace: 28256K->28256K(1075200K)
[2020-04-15T00:22:13.961-0700][gc            ] GC(999) Pause Young (Normal) (G1 Evacuation Pause) 286M->238M(1024M) 17.287ms
[2020-04-15T00:22:13.961-0700][gc,cpu        ] GC(999) User=0.04s Sys=0.00s Real=0.02s
[2020-04-15T00:22:29.390-0700][gc,start      ] GC(1000) Pause Young (Normal) (G1 Evacuation Pause)
[2020-04-15T00:22:29.390-0700][gc,task       ] GC(1000) Using 4 workers of 4 for evacuation
[2020-04-15T00:22:29.418-0700][gc,mmu        ] GC(1000) MMU target violated: 21.0ms (20.0ms/21.0ms)
[2020-04-15T00:22:29.418-0700][gc,phases     ] GC(1000)   Pre Evacuate Collection Set: 0.1ms
[2020-04-15T00:22:29.418-0700][gc,phases     ] GC(1000)   Evacuate Collection Set: 27.4ms
[2020-04-15T00:22:29.418-0700][gc,phases     ] GC(1000)   Post Evacuate Collection Set: 0.6ms
[2020-04-15T00:22:29.418-0700][gc,phases     ] GC(1000)   Other: 0.5ms
[2020-04-15T00:22:29.418-0700][gc,heap       ] GC(1000) Eden regions: 49->0(48)
[2020-04-15T00:22:29.418-0700][gc,heap       ] GC(1000) Survivor regions: 4->3(7)
[2020-04-15T00:22:29.418-0700][gc,heap       ] GC(1000) Old regions: 105->106
[2020-04-15T00:22:29.418-0700][gc,heap       ] GC(1000) Humongous regions: 130->130
[2020-04-15T00:22:29.418-0700][gc,metaspace  ] GC(1000) Metaspace: 28256K->28256K(1075200K)
[2020-04-15T00:22:29.418-0700][gc            ] GC(1000) Pause Young (Normal) (G1 Evacuation Pause) 287M->238M(1024M) 28.704ms
[2020-04-15T00:22:29.418-0700][gc,cpu        ] GC(1000) User=0.09s Sys=0.00s Real=0.03s
[2020-04-15T00:22:44.479-0700][gc,start      ] GC(1001) Pause Young (Normal) (G1 Evacuation Pause)
[2020-04-15T00:22:44.479-0700][gc,task       ] GC(1001) Using 4 workers of 4 for evacuation
[2020-04-15T00:22:44.507-0700][gc,mmu        ] GC(1001) MMU target violated: 21.0ms (20.0ms/21.0ms)
[2020-04-15T00:22:44.507-0700][gc,phases     ] GC(1001)   Pre Evacuate Collection Set: 0.0ms
[2020-04-15T00:22:44.507-0700][gc,phases     ] GC(1001)   Evacuate Collection Set: 26.9ms
[2020-04-15T00:22:44.507-0700][gc,phases     ] GC(1001)   Post Evacuate Collection Set: 0.7ms
[2020-04-15T00:22:44.507-0700][gc,phases     ] GC(1001)   Other: 0.6ms
[2020-04-15T00:22:44.507-0700][gc,heap       ] GC(1001) Eden regions: 48->0(47)
[2020-04-15T00:22:44.507-0700][gc,heap       ] GC(1001) Survivor regions: 3->4(7)
[2020-04-15T00:22:44.507-0700][gc,heap       ] GC(1001) Old regions: 106->106
[2020-04-15T00:22:44.507-0700][gc,heap       ] GC(1001) Humongous regions: 130->130
[2020-04-15T00:22:44.507-0700][gc,metaspace  ] GC(1001) Metaspace: 28256K->28256K(1075200K)
[2020-04-15T00:22:44.507-0700][gc            ] GC(1001) Pause Young (Normal) (G1 Evacuation Pause) 286M->238M(1024M) 28.426ms
[2020-04-15T00:22:44.507-0700][gc,cpu        ] GC(1001) User=0.09s Sys=0.00s Real=0.02s
[2020-04-15T00:22:59.397-0700][gc,start      ] GC(1002) Pause Young (Normal) (G1 Evacuation Pause)
[2020-04-15T00:22:59.397-0700][gc,task       ] GC(1002) Using 4 workers of 4 for evacuation
[2020-04-15T00:22:59.424-0700][gc,mmu        ] GC(1002) MMU target violated: 21.0ms (20.0ms/21.0ms)
[2020-04-15T00:22:59.424-0700][gc,phases     ] GC(1002)   Pre Evacuate Collection Set: 0.0ms
[2020-04-15T00:22:59.424-0700][gc,phases     ] GC(1002)   Evacuate Collection Set: 25.7ms
[2020-04-15T00:22:59.424-0700][gc,phases     ] GC(1002)   Post Evacuate Collection Set: 0.6ms
[2020-04-15T00:22:59.424-0700][gc,phases     ] GC(1002)   Other: 0.5ms
[2020-04-15T00:22:59.424-0700][gc,heap       ] GC(1002) Eden regions: 47->0(47)
[2020-04-15T00:22:59.424-0700][gc,heap       ] GC(1002) Survivor regions: 4->4(7)
[2020-04-15T00:22:59.424-0700][gc,heap       ] GC(1002) Old regions: 106->106
[2020-04-15T00:22:59.424-0700][gc,heap       ] GC(1002) Humongous regions: 130->130
[2020-04-15T00:22:59.424-0700][gc,metaspace  ] GC(1002) Metaspace: 28256K->28256K(1075200K)
[2020-04-15T00:22:59.424-0700][gc            ] GC(1002) Pause Young (Normal) (G1 Evacuation Pause) 285M->239M(1024M) 27.030ms
[2020-04-15T00:22:59.424-0700][gc,cpu        ] GC(1002) User=0.09s Sys=0.00s Real=0.03s
[2020-04-15T00:23:14.536-0700][gc,start      ] GC(1003) Pause Young (Normal) (G1 Evacuation Pause)
[2020-04-15T00:23:14.537-0700][gc,task       ] GC(1003) Using 4 workers of 4 for evacuation
[2020-04-15T00:23:14.572-0700][gc,mmu        ] GC(1003) MMU target violated: 21.0ms (20.0ms/21.0ms)
[2020-04-15T00:23:14.572-0700][gc,phases     ] GC(1003)   Pre Evacuate Collection Set: 0.1ms
[2020-04-15T00:23:14.572-0700][gc,phases     ] GC(1003)   Evacuate Collection Set: 34.5ms
[2020-04-15T00:23:14.572-0700][gc,phases     ] GC(1003)   Post Evacuate Collection Set: 0.7ms
[2020-04-15T00:23:14.572-0700][gc,phases     ] GC(1003)   Other: 0.5ms
[2020-04-15T00:23:14.572-0700][gc,heap       ] GC(1003) Eden regions: 47->0(46)
[2020-04-15T00:23:14.572-0700][gc,heap       ] GC(1003) Survivor regions: 4->5(7)
[2020-04-15T00:23:14.572-0700][gc,heap       ] GC(1003) Old regions: 106->106
[2020-04-15T00:23:14.572-0700][gc,heap       ] GC(1003) Humongous regions: 130->130
[2020-04-15T00:23:14.572-0700][gc,metaspace  ] GC(1003) Metaspace: 28256K->28256K(1075200K)
[2020-04-15T00:23:14.572-0700][gc            ] GC(1003) Pause Young (Normal) (G1 Evacuation Pause) 286M->240M(1024M) 35.908ms
[2020-04-15T00:23:14.572-0700][gc,cpu        ] GC(1003) User=0.11s Sys=0.00s Real=0.04s
[2020-04-15T00:23:29.229-0700][gc,start      ] GC(1004) Pause Young (Normal) (G1 Evacuation Pause)
[2020-04-15T00:23:29.229-0700][gc,task       ] GC(1004) Using 4 workers of 4 for evacuation
[2020-04-15T00:23:29.242-0700][gc,phases     ] GC(1004)   Pre Evacuate Collection Set: 0.0ms
[2020-04-15T00:23:29.242-0700][gc,phases     ] GC(1004)   Evacuate Collection Set: 12.7ms
[2020-04-15T00:23:29.242-0700][gc,phases     ] GC(1004)   Post Evacuate Collection Set: 0.2ms
[2020-04-15T00:23:29.242-0700][gc,phases     ] GC(1004)   Other: 0.1ms
[2020-04-15T00:23:29.242-0700][gc,heap       ] GC(1004) Eden regions: 46->0(47)
[2020-04-15T00:23:29.242-0700][gc,heap       ] GC(1004) Survivor regions: 5->4(7)
[2020-04-15T00:23:29.242-0700][gc,heap       ] GC(1004) Old regions: 106->108
[2020-04-15T00:23:29.242-0700][gc,heap       ] GC(1004) Humongous regions: 130->130
[2020-04-15T00:23:29.242-0700][gc,metaspace  ] GC(1004) Metaspace: 28256K->28256K(1075200K)
[2020-04-15T00:23:29.242-0700][gc            ] GC(1004) Pause Young (Normal) (G1 Evacuation Pause) 286M->240M(1024M) 13.221ms
[2020-04-15T00:23:29.242-0700][gc,cpu        ] GC(1004) User=0.03s Sys=0.00s Real=0.02s
[2020-04-15T00:23:44.031-0700][gc,start      ] GC(1005) Pause Young (Normal) (G1 Evacuation Pause)
[2020-04-15T00:23:44.031-0700][gc,task       ] GC(1005) Using 4 workers of 4 for evacuation
[2020-04-15T00:23:44.057-0700][gc,mmu        ] GC(1005) MMU target violated: 21.0ms (20.0ms/21.0ms)
[2020-04-15T00:23:44.058-0700][gc,phases     ] GC(1005)   Pre Evacuate Collection Set: 0.0ms
[2020-04-15T00:23:44.058-0700][gc,phases     ] GC(1005)   Evacuate Collection Set: 25.3ms
[2020-04-15T00:23:44.058-0700][gc,phases     ] GC(1005)   Post Evacuate Collection Set: 0.6ms
[2020-04-15T00:23:44.058-0700][gc,phases     ] GC(1005)   Other: 0.5ms
[2020-04-15T00:23:44.058-0700][gc,heap       ] GC(1005) Eden regions: 47->0(47)
[2020-04-15T00:23:44.058-0700][gc,heap       ] GC(1005) Survivor regions: 4->4(7)
[2020-04-15T00:23:44.058-0700][gc,heap       ] GC(1005) Old regions: 108->108
[2020-04-15T00:23:44.058-0700][gc,heap       ] GC(1005) Humongous regions: 130->130
[2020-04-15T00:23:44.058-0700][gc,metaspace  ] GC(1005) Metaspace: 28256K->28256K(1075200K)
[2020-04-15T00:23:44.058-0700][gc            ] GC(1005) Pause Young (Normal) (G1 Evacuation Pause) 287M->240M(1024M) 26.546ms
[2020-04-15T00:23:44.058-0700][gc,cpu        ] GC(1005) User=0.09s Sys=0.00s Real=0.03s
[2020-04-15T00:23:59.463-0700][gc,start      ] GC(1006) Pause Young (Normal) (G1 Evacuation Pause)
[2020-04-15T00:23:59.464-0700][gc,task       ] GC(1006) Using 4 workers of 4 for evacuation
[2020-04-15T00:23:59.490-0700][gc,mmu        ] GC(1006) MMU target violated: 21.0ms (20.0ms/21.0ms)
[2020-04-15T00:23:59.490-0700][gc,phases     ] GC(1006)   Pre Evacuate Collection Set: 0.1ms
[2020-04-15T00:23:59.490-0700][gc,phases     ] GC(1006)   Evacuate Collection Set: 25.7ms
[2020-04-15T00:23:59.490-0700][gc,phases     ] GC(1006)   Post Evacuate Collection Set: 0.6ms
[2020-04-15T00:23:59.490-0700][gc,phases     ] GC(1006)   Other: 0.6ms
[2020-04-15T00:23:59.490-0700][gc,heap       ] GC(1006) Eden regions: 47->0(47)
[2020-04-15T00:23:59.490-0700][gc,heap       ] GC(1006) Survivor regions: 4->4(7)
[2020-04-15T00:23:59.490-0700][gc,heap       ] GC(1006) Old regions: 108->108
[2020-04-15T00:23:59.490-0700][gc,heap       ] GC(1006) Humongous regions: 130->130
[2020-04-15T00:23:59.490-0700][gc,metaspace  ] GC(1006) Metaspace: 28256K->28256K(1075200K)
[2020-04-15T00:23:59.491-0700][gc            ] GC(1006) Pause Young (Normal) (G1 Evacuation Pause) 287M->241M(1024M) 27.040ms
[2020-04-15T00:23:59.491-0700][gc,cpu        ] GC(1006) User=0.10s Sys=0.00s Real=0.03s
[2020-04-15T00:24:14.559-0700][gc,start      ] GC(1007) Pause Young (Normal) (G1 Evacuation Pause)
[2020-04-15T00:24:14.559-0700][gc,task       ] GC(1007) Using 4 workers of 4 for evacuation
[2020-04-15T00:24:14.587-0700][gc,mmu        ] GC(1007) MMU target violated: 21.0ms (20.0ms/21.0ms)
[2020-04-15T00:24:14.587-0700][gc,phases     ] GC(1007)   Pre Evacuate Collection Set: 0.1ms
[2020-04-15T00:24:14.587-0700][gc,phases     ] GC(1007)   Evacuate Collection Set: 27.4ms
[2020-04-15T00:24:14.587-0700][gc,phases     ] GC(1007)   Post Evacuate Collection Set: 0.7ms
[2020-04-15T00:24:14.587-0700][gc,phases     ] GC(1007)   Other: 0.5ms
[2020-04-15T00:24:14.587-0700][gc,heap       ] GC(1007) Eden regions: 47->0(47)
[2020-04-15T00:24:14.587-0700][gc,heap       ] GC(1007) Survivor regions: 4->4(7)
[2020-04-15T00:24:14.588-0700][gc,heap       ] GC(1007) Old regions: 108->108
[2020-04-15T00:24:14.588-0700][gc,heap       ] GC(1007) Humongous regions: 130->130
[2020-04-15T00:24:14.588-0700][gc,metaspace  ] GC(1007) Metaspace: 28256K->28256K(1075200K)
[2020-04-15T00:24:14.588-0700][gc            ] GC(1007) Pause Young (Normal) (G1 Evacuation Pause) 288M->241M(1024M) 28.799ms
[2020-04-15T00:24:14.588-0700][gc,cpu        ] GC(1007) User=0.10s Sys=0.00s Real=0.02s
[2020-04-15T00:24:30.588-0700][gc,start      ] GC(1008) Pause Young (Normal) (G1 Evacuation Pause)
[2020-04-15T00:24:30.588-0700][gc,task       ] GC(1008) Using 4 workers of 4 for evacuation
[2020-04-15T00:24:30.630-0700][gc,mmu        ] GC(1008) MMU target violated: 21.0ms (20.0ms/21.0ms)
[2020-04-15T00:24:30.631-0700][gc,phases     ] GC(1008)   Pre Evacuate Collection Set: 0.1ms
[2020-04-15T00:24:30.631-0700][gc,phases     ] GC(1008)   Evacuate Collection Set: 41.1ms
[2020-04-15T00:24:30.631-0700][gc,phases     ] GC(1008)   Post Evacuate Collection Set: 0.6ms
[2020-04-15T00:24:30.631-0700][gc,phases     ] GC(1008)   Other: 0.5ms
[2020-04-15T00:24:30.631-0700][gc,heap       ] GC(1008) Eden regions: 47->0(46)
[2020-04-15T00:24:30.631-0700][gc,heap       ] GC(1008) Survivor regions: 4->5(7)
[2020-04-15T00:24:30.631-0700][gc,heap       ] GC(1008) Old regions: 108->108
[2020-04-15T00:24:30.631-0700][gc,heap       ] GC(1008) Humongous regions: 130->130
[2020-04-15T00:24:30.631-0700][gc,metaspace  ] GC(1008) Metaspace: 28256K->28256K(1075200K)
[2020-04-15T00:24:30.631-0700][gc            ] GC(1008) Pause Young (Normal) (G1 Evacuation Pause) 288M->242M(1024M) 42.421ms
[2020-04-15T00:24:30.631-0700][gc,cpu        ] GC(1008) User=0.13s Sys=0.00s Real=0.05s
[2020-04-15T00:24:46.426-0700][gc,start      ] GC(1009) Pause Young (Normal) (G1 Evacuation Pause)
[2020-04-15T00:24:46.426-0700][gc,task       ] GC(1009) Using 4 workers of 4 for evacuation
[2020-04-15T00:24:46.451-0700][gc,mmu        ] GC(1009) MMU target violated: 21.0ms (20.0ms/21.0ms)
[2020-04-15T00:24:46.451-0700][gc,phases     ] GC(1009)   Pre Evacuate Collection Set: 0.1ms
[2020-04-15T00:24:46.451-0700][gc,phases     ] GC(1009)   Evacuate Collection Set: 23.6ms
[2020-04-15T00:24:46.451-0700][gc,phases     ] GC(1009)   Post Evacuate Collection Set: 0.4ms
[2020-04-15T00:24:46.451-0700][gc,phases     ] GC(1009)   Other: 0.6ms
[2020-04-15T00:24:46.451-0700][gc,heap       ] GC(1009) Eden regions: 46->0(47)
[2020-04-15T00:24:46.451-0700][gc,heap       ] GC(1009) Survivor regions: 5->4(7)
[2020-04-15T00:24:46.451-0700][gc,heap       ] GC(1009) Old regions: 108->109
[2020-04-15T00:24:46.451-0700][gc,heap       ] GC(1009) Humongous regions: 130->130
[2020-04-15T00:24:46.451-0700][gc,metaspace  ] GC(1009) Metaspace: 28256K->28256K(1075200K)
[2020-04-15T00:24:46.451-0700][gc            ] GC(1009) Pause Young (Normal) (G1 Evacuation Pause) 288M->242M(1024M) 24.709ms
[2020-04-15T00:24:46.451-0700][gc,cpu        ] GC(1009) User=0.06s Sys=0.00s Real=0.03s
[2020-04-15T00:25:01.431-0700][gc,start      ] GC(1010) Pause Young (Normal) (G1 Evacuation Pause)
[2020-04-15T00:25:01.431-0700][gc,task       ] GC(1010) Using 4 workers of 4 for evacuation
[2020-04-15T00:25:01.439-0700][gc,phases     ] GC(1010)   Pre Evacuate Collection Set: 0.0ms
[2020-04-15T00:25:01.439-0700][gc,phases     ] GC(1010)   Evacuate Collection Set: 7.5ms
[2020-04-15T00:25:01.439-0700][gc,phases     ] GC(1010)   Post Evacuate Collection Set: 0.2ms
[2020-04-15T00:25:01.439-0700][gc,phases     ] GC(1010)   Other: 0.2ms
[2020-04-15T00:25:01.439-0700][gc,heap       ] GC(1010) Eden regions: 47->0(47)
[2020-04-15T00:25:01.439-0700][gc,heap       ] GC(1010) Survivor regions: 4->4(7)
[2020-04-15T00:25:01.439-0700][gc,heap       ] GC(1010) Old regions: 109->109
[2020-04-15T00:25:01.439-0700][gc,heap       ] GC(1010) Humongous regions: 130->130
[2020-04-15T00:25:01.439-0700][gc,metaspace  ] GC(1010) Metaspace: 28256K->28256K(1075200K)
[2020-04-15T00:25:01.439-0700][gc            ] GC(1010) Pause Young (Normal) (G1 Evacuation Pause) 289M->242M(1024M) 8.096ms
[2020-04-15T00:25:01.439-0700][gc,cpu        ] GC(1010) User=0.03s Sys=0.00s Real=0.01s
[2020-04-15T00:25:16.270-0700][gc,start      ] GC(1011) Pause Young (Normal) (G1 Evacuation Pause)
[2020-04-15T00:25:16.270-0700][gc,task       ] GC(1011) Using 4 workers of 4 for evacuation
[2020-04-15T00:25:16.309-0700][gc,mmu        ] GC(1011) MMU target violated: 21.0ms (20.0ms/21.0ms)
[2020-04-15T00:25:16.309-0700][gc,phases     ] GC(1011)   Pre Evacuate Collection Set: 0.0ms
[2020-04-15T00:25:16.309-0700][gc,phases     ] GC(1011)   Evacuate Collection Set: 38.5ms
[2020-04-15T00:25:16.309-0700][gc,phases     ] GC(1011)   Post Evacuate Collection Set: 0.7ms
[2020-04-15T00:25:16.310-0700][gc,phases     ] GC(1011)   Other: 0.6ms
[2020-04-15T00:25:16.310-0700][gc,heap       ] GC(1011) Eden regions: 47->0(47)
[2020-04-15T00:25:16.310-0700][gc,heap       ] GC(1011) Survivor regions: 4->4(7)
[2020-04-15T00:25:16.310-0700][gc,heap       ] GC(1011) Old regions: 109->110
[2020-04-15T00:25:16.310-0700][gc,heap       ] GC(1011) Humongous regions: 130->130
[2020-04-15T00:25:16.310-0700][gc,metaspace  ] GC(1011) Metaspace: 28256K->28256K(1075200K)
[2020-04-15T00:25:16.310-0700][gc            ] GC(1011) Pause Young (Normal) (G1 Evacuation Pause) 289M->243M(1024M) 39.928ms
[2020-04-15T00:25:16.310-0700][gc,cpu        ] GC(1011) User=0.11s Sys=0.00s Real=0.04s
[2020-04-15T00:25:31.238-0700][gc,start      ] GC(1012) Pause Young (Normal) (G1 Evacuation Pause)
[2020-04-15T00:25:31.239-0700][gc,task       ] GC(1012) Using 4 workers of 4 for evacuation
[2020-04-15T00:25:31.266-0700][gc,mmu        ] GC(1012) MMU target violated: 21.0ms (20.0ms/21.0ms)
[2020-04-15T00:25:31.267-0700][gc,phases     ] GC(1012)   Pre Evacuate Collection Set: 0.0ms
[2020-04-15T00:25:31.267-0700][gc,phases     ] GC(1012)   Evacuate Collection Set: 27.1ms
[2020-04-15T00:25:31.267-0700][gc,phases     ] GC(1012)   Post Evacuate Collection Set: 0.5ms
[2020-04-15T00:25:31.267-0700][gc,phases     ] GC(1012)   Other: 0.5ms
[2020-04-15T00:25:31.267-0700][gc,heap       ] GC(1012) Eden regions: 47->0(47)
[2020-04-15T00:25:31.267-0700][gc,heap       ] GC(1012) Survivor regions: 4->4(7)
[2020-04-15T00:25:31.267-0700][gc,heap       ] GC(1012) Old regions: 110->110
[2020-04-15T00:25:31.267-0700][gc,heap       ] GC(1012) Humongous regions: 130->130
[2020-04-15T00:25:31.267-0700][gc,metaspace  ] GC(1012) Metaspace: 28256K->28256K(1075200K)
[2020-04-15T00:25:31.267-0700][gc            ] GC(1012) Pause Young (Normal) (G1 Evacuation Pause) 290M->243M(1024M) 28.288ms
[2020-04-15T00:25:31.267-0700][gc,cpu        ] GC(1012) User=0.10s Sys=0.00s Real=0.02s
[2020-04-15T00:25:46.101-0700][gc,start      ] GC(1013) Pause Young (Normal) (G1 Evacuation Pause)
[2020-04-15T00:25:46.102-0700][gc,task       ] GC(1013) Using 4 workers of 4 for evacuation
[2020-04-15T00:25:46.130-0700][gc,mmu        ] GC(1013) MMU target violated: 21.0ms (20.0ms/21.0ms)
[2020-04-15T00:25:46.131-0700][gc,phases     ] GC(1013)   Pre Evacuate Collection Set: 0.0ms
[2020-04-15T00:25:46.131-0700][gc,phases     ] GC(1013)   Evacuate Collection Set: 27.9ms
[2020-04-15T00:25:46.131-0700][gc,phases     ] GC(1013)   Post Evacuate Collection Set: 0.7ms
[2020-04-15T00:25:46.131-0700][gc,phases     ] GC(1013)   Other: 0.5ms
[2020-04-15T00:25:46.131-0700][gc,heap       ] GC(1013) Eden regions: 47->0(47)
[2020-04-15T00:25:46.131-0700][gc,heap       ] GC(1013) Survivor regions: 4->4(7)
[2020-04-15T00:25:46.131-0700][gc,heap       ] GC(1013) Old regions: 110->110
[2020-04-15T00:25:46.131-0700][gc,heap       ] GC(1013) Humongous regions: 130->130
[2020-04-15T00:25:46.131-0700][gc,metaspace  ] GC(1013) Metaspace: 28256K->28256K(1075200K)
[2020-04-15T00:25:46.131-0700][gc            ] GC(1013) Pause Young (Normal) (G1 Evacuation Pause) 290M->243M(1024M) 29.294ms
[2020-04-15T00:25:46.131-0700][gc,cpu        ] GC(1013) User=0.10s Sys=0.00s Real=0.03s
[2020-04-15T00:26:02.147-0700][gc,start      ] GC(1014) Pause Young (Normal) (G1 Evacuation Pause)
[2020-04-15T00:26:02.147-0700][gc,task       ] GC(1014) Using 4 workers of 4 for evacuation
[2020-04-15T00:26:02.174-0700][gc,mmu        ] GC(1014) MMU target violated: 21.0ms (20.0ms/21.0ms)
[2020-04-15T00:26:02.174-0700][gc,phases     ] GC(1014)   Pre Evacuate Collection Set: 0.0ms
[2020-04-15T00:26:02.174-0700][gc,phases     ] GC(1014)   Evacuate Collection Set: 25.9ms
[2020-04-15T00:26:02.174-0700][gc,phases     ] GC(1014)   Post Evacuate Collection Set: 0.6ms
[2020-04-15T00:26:02.174-0700][gc,phases     ] GC(1014)   Other: 0.5ms
[2020-04-15T00:26:02.174-0700][gc,heap       ] GC(1014) Eden regions: 47->0(47)
[2020-04-15T00:26:02.174-0700][gc,heap       ] GC(1014) Survivor regions: 4->4(7)
[2020-04-15T00:26:02.174-0700][gc,heap       ] GC(1014) Old regions: 110->111
[2020-04-15T00:26:02.174-0700][gc,heap       ] GC(1014) Humongous regions: 130->130
[2020-04-15T00:26:02.174-0700][gc,metaspace  ] GC(1014) Metaspace: 28256K->28256K(1075200K)
[2020-04-15T00:26:02.174-0700][gc            ] GC(1014) Pause Young (Normal) (G1 Evacuation Pause) 290M->244M(1024M) 27.192ms
[2020-04-15T00:26:02.174-0700][gc,cpu        ] GC(1014) User=0.10s Sys=0.00s Real=0.03s
[2020-04-15T00:26:17.066-0700][gc,start      ] GC(1015) Pause Young (Normal) (G1 Evacuation Pause)
[2020-04-15T00:26:17.066-0700][gc,task       ] GC(1015) Using 4 workers of 4 for evacuation
[2020-04-15T00:26:17.103-0700][gc,mmu        ] GC(1015) MMU target violated: 21.0ms (20.0ms/21.0ms)
[2020-04-15T00:26:17.103-0700][gc,phases     ] GC(1015)   Pre Evacuate Collection Set: 0.1ms
[2020-04-15T00:26:17.103-0700][gc,phases     ] GC(1015)   Evacuate Collection Set: 36.5ms
[2020-04-15T00:26:17.103-0700][gc,phases     ] GC(1015)   Post Evacuate Collection Set: 0.4ms
[2020-04-15T00:26:17.104-0700][gc,phases     ] GC(1015)   Other: 0.5ms
[2020-04-15T00:26:17.104-0700][gc,heap       ] GC(1015) Eden regions: 47->0(47)
[2020-04-15T00:26:17.104-0700][gc,heap       ] GC(1015) Survivor regions: 4->4(7)
[2020-04-15T00:26:17.104-0700][gc,heap       ] GC(1015) Old regions: 111->111
[2020-04-15T00:26:17.104-0700][gc,heap       ] GC(1015) Humongous regions: 130->130
[2020-04-15T00:26:17.104-0700][gc,metaspace  ] GC(1015) Metaspace: 28256K->28256K(1075200K)
[2020-04-15T00:26:17.104-0700][gc            ] GC(1015) Pause Young (Normal) (G1 Evacuation Pause) 291M->244M(1024M) 37.583ms
[2020-04-15T00:26:17.104-0700][gc,cpu        ] GC(1015) User=0.07s Sys=0.00s Real=0.04s
[2020-04-15T00:26:32.037-0700][gc,start      ] GC(1016) Pause Young (Normal) (G1 Evacuation Pause)
[2020-04-15T00:26:32.037-0700][gc,task       ] GC(1016) Using 4 workers of 4 for evacuation
[2020-04-15T00:26:32.067-0700][gc,mmu        ] GC(1016) MMU target violated: 21.0ms (20.0ms/21.0ms)
[2020-04-15T00:26:32.068-0700][gc,phases     ] GC(1016)   Pre Evacuate Collection Set: 0.1ms
[2020-04-15T00:26:32.068-0700][gc,phases     ] GC(1016)   Evacuate Collection Set: 29.8ms
[2020-04-15T00:26:32.068-0700][gc,phases     ] GC(1016)   Post Evacuate Collection Set: 0.5ms
[2020-04-15T00:26:32.068-0700][gc,phases     ] GC(1016)   Other: 0.6ms
[2020-04-15T00:26:32.068-0700][gc,heap       ] GC(1016) Eden regions: 47->0(46)
[2020-04-15T00:26:32.068-0700][gc,heap       ] GC(1016) Survivor regions: 4->5(7)
[2020-04-15T00:26:32.068-0700][gc,heap       ] GC(1016) Old regions: 111->111
[2020-04-15T00:26:32.068-0700][gc,heap       ] GC(1016) Humongous regions: 130->130
[2020-04-15T00:26:32.068-0700][gc,metaspace  ] GC(1016) Metaspace: 28256K->28256K(1075200K)
[2020-04-15T00:26:32.068-0700][gc            ] GC(1016) Pause Young (Normal) (G1 Evacuation Pause) 291M->245M(1024M) 31.019ms
[2020-04-15T00:26:32.068-0700][gc,cpu        ] GC(1016) User=0.10s Sys=0.00s Real=0.03s
[2020-04-15T00:26:46.587-0700][gc,start      ] GC(1017) Pause Young (Normal) (G1 Evacuation Pause)
[2020-04-15T00:26:46.587-0700][gc,task       ] GC(1017) Using 4 workers of 4 for evacuation
[2020-04-15T00:26:46.617-0700][gc,mmu        ] GC(1017) MMU target violated: 21.0ms (20.0ms/21.0ms)
[2020-04-15T00:26:46.617-0700][gc,phases     ] GC(1017)   Pre Evacuate Collection Set: 0.0ms
[2020-04-15T00:26:46.617-0700][gc,phases     ] GC(1017)   Evacuate Collection Set: 29.6ms
[2020-04-15T00:26:46.617-0700][gc,phases     ] GC(1017)   Post Evacuate Collection Set: 0.5ms
[2020-04-15T00:26:46.617-0700][gc,phases     ] GC(1017)   Other: 0.5ms
[2020-04-15T00:26:46.617-0700][gc,heap       ] GC(1017) Eden regions: 46->0(47)
[2020-04-15T00:26:46.617-0700][gc,heap       ] GC(1017) Survivor regions: 5->4(7)
[2020-04-15T00:26:46.617-0700][gc,heap       ] GC(1017) Old regions: 111->113
[2020-04-15T00:26:46.617-0700][gc,heap       ] GC(1017) Humongous regions: 130->130
[2020-04-15T00:26:46.617-0700][gc,metaspace  ] GC(1017) Metaspace: 28256K->28256K(1075200K)
[2020-04-15T00:26:46.618-0700][gc            ] GC(1017) Pause Young (Normal) (G1 Evacuation Pause) 291M->246M(1024M) 30.780ms
[2020-04-15T00:26:46.618-0700][gc,cpu        ] GC(1017) User=0.11s Sys=0.00s Real=0.04s
[2020-04-15T00:27:01.510-0700][gc,start      ] GC(1018) Pause Young (Normal) (G1 Evacuation Pause)
[2020-04-15T00:27:01.510-0700][gc,task       ] GC(1018) Using 4 workers of 4 for evacuation
[2020-04-15T00:27:01.545-0700][gc,mmu        ] GC(1018) MMU target violated: 21.0ms (20.0ms/21.0ms)
[2020-04-15T00:27:01.545-0700][gc,phases     ] GC(1018)   Pre Evacuate Collection Set: 0.1ms
[2020-04-15T00:27:01.545-0700][gc,phases     ] GC(1018)   Evacuate Collection Set: 33.9ms
[2020-04-15T00:27:01.545-0700][gc,phases     ] GC(1018)   Post Evacuate Collection Set: 0.7ms
[2020-04-15T00:27:01.545-0700][gc,phases     ] GC(1018)   Other: 0.6ms
[2020-04-15T00:27:01.545-0700][gc,heap       ] GC(1018) Eden regions: 47->0(47)
[2020-04-15T00:27:01.545-0700][gc,heap       ] GC(1018) Survivor regions: 4->4(7)
[2020-04-15T00:27:01.545-0700][gc,heap       ] GC(1018) Old regions: 113->113
[2020-04-15T00:27:01.545-0700][gc,heap       ] GC(1018) Humongous regions: 130->130
[2020-04-15T00:27:01.545-0700][gc,metaspace  ] GC(1018) Metaspace: 28256K->28256K(1075200K)
[2020-04-15T00:27:01.545-0700][gc            ] GC(1018) Pause Young (Normal) (G1 Evacuation Pause) 293M->246M(1024M) 35.443ms
[2020-04-15T00:27:01.545-0700][gc,cpu        ] GC(1018) User=0.09s Sys=0.00s Real=0.03s
[2020-04-15T00:27:17.631-0700][gc,start      ] GC(1019) Pause Young (Normal) (G1 Evacuation Pause)
[2020-04-15T00:27:17.631-0700][gc,task       ] GC(1019) Using 4 workers of 4 for evacuation
[2020-04-15T00:27:17.659-0700][gc,mmu        ] GC(1019) MMU target violated: 21.0ms (20.0ms/21.0ms)
[2020-04-15T00:27:17.659-0700][gc,phases     ] GC(1019)   Pre Evacuate Collection Set: 0.1ms
[2020-04-15T00:27:17.659-0700][gc,phases     ] GC(1019)   Evacuate Collection Set: 26.1ms
[2020-04-15T00:27:17.659-0700][gc,phases     ] GC(1019)   Post Evacuate Collection Set: 0.7ms
[2020-04-15T00:27:17.659-0700][gc,phases     ] GC(1019)   Other: 0.6ms
[2020-04-15T00:27:17.659-0700][gc,heap       ] GC(1019) Eden regions: 47->0(47)
[2020-04-15T00:27:17.659-0700][gc,heap       ] GC(1019) Survivor regions: 4->4(7)
[2020-04-15T00:27:17.659-0700][gc,heap       ] GC(1019) Old regions: 113->113
[2020-04-15T00:27:17.659-0700][gc,heap       ] GC(1019) Humongous regions: 130->130
[2020-04-15T00:27:17.659-0700][gc,metaspace  ] GC(1019) Metaspace: 28277K->28277K(1075200K)
[2020-04-15T00:27:17.659-0700][gc            ] GC(1019) Pause Young (Normal) (G1 Evacuation Pause) 293M->246M(1024M) 27.625ms
[2020-04-15T00:27:17.659-0700][gc,cpu        ] GC(1019) User=0.10s Sys=0.00s Real=0.03s
[2020-04-15T00:27:32.549-0700][gc,start      ] GC(1020) Pause Young (Normal) (G1 Evacuation Pause)
[2020-04-15T00:27:32.549-0700][gc,task       ] GC(1020) Using 4 workers of 4 for evacuation
[2020-04-15T00:27:32.567-0700][gc,phases     ] GC(1020)   Pre Evacuate Collection Set: 0.1ms
[2020-04-15T00:27:32.567-0700][gc,phases     ] GC(1020)   Evacuate Collection Set: 16.6ms
[2020-04-15T00:27:32.567-0700][gc,phases     ] GC(1020)   Post Evacuate Collection Set: 0.3ms
[2020-04-15T00:27:32.567-0700][gc,phases     ] GC(1020)   Other: 0.5ms
[2020-04-15T00:27:32.567-0700][gc,heap       ] GC(1020) Eden regions: 47->0(47)
[2020-04-15T00:27:32.567-0700][gc,heap       ] GC(1020) Survivor regions: 4->4(7)
[2020-04-15T00:27:32.567-0700][gc,heap       ] GC(1020) Old regions: 113->114
[2020-04-15T00:27:32.567-0700][gc,heap       ] GC(1020) Humongous regions: 130->130
[2020-04-15T00:27:32.567-0700][gc,metaspace  ] GC(1020) Metaspace: 28277K->28277K(1075200K)
[2020-04-15T00:27:32.567-0700][gc            ] GC(1020) Pause Young (Normal) (G1 Evacuation Pause) 293M->247M(1024M) 17.544ms
[2020-04-15T00:27:32.567-0700][gc,cpu        ] GC(1020) User=0.05s Sys=0.00s Real=0.02s
[2020-04-15T00:27:47.437-0700][gc,start      ] GC(1021) Pause Young (Normal) (G1 Evacuation Pause)
[2020-04-15T00:27:47.437-0700][gc,task       ] GC(1021) Using 4 workers of 4 for evacuation
[2020-04-15T00:27:47.469-0700][gc,mmu        ] GC(1021) MMU target violated: 21.0ms (20.0ms/21.0ms)
[2020-04-15T00:27:47.469-0700][gc,phases     ] GC(1021)   Pre Evacuate Collection Set: 0.1ms
[2020-04-15T00:27:47.469-0700][gc,phases     ] GC(1021)   Evacuate Collection Set: 31.2ms
[2020-04-15T00:27:47.469-0700][gc,phases     ] GC(1021)   Post Evacuate Collection Set: 0.8ms
[2020-04-15T00:27:47.469-0700][gc,phases     ] GC(1021)   Other: 0.7ms
[2020-04-15T00:27:47.469-0700][gc,heap       ] GC(1021) Eden regions: 47->0(47)
[2020-04-15T00:27:47.470-0700][gc,heap       ] GC(1021) Survivor regions: 4->4(7)
[2020-04-15T00:27:47.470-0700][gc,heap       ] GC(1021) Old regions: 114->114
[2020-04-15T00:27:47.470-0700][gc,heap       ] GC(1021) Humongous regions: 130->130
[2020-04-15T00:27:47.470-0700][gc,metaspace  ] GC(1021) Metaspace: 28277K->28277K(1075200K)
[2020-04-15T00:27:47.470-0700][gc            ] GC(1021) Pause Young (Normal) (G1 Evacuation Pause) 294M->247M(1024M) 33.007ms
[2020-04-15T00:27:47.470-0700][gc,cpu        ] GC(1021) User=0.09s Sys=0.00s Real=0.04s
[2020-04-15T00:28:02.290-0700][gc,start      ] GC(1022) Pause Young (Normal) (G1 Evacuation Pause)
[2020-04-15T00:28:02.290-0700][gc,task       ] GC(1022) Using 4 workers of 4 for evacuation
[2020-04-15T00:28:02.319-0700][gc,mmu        ] GC(1022) MMU target violated: 21.0ms (20.0ms/21.0ms)
[2020-04-15T00:28:02.319-0700][gc,phases     ] GC(1022)   Pre Evacuate Collection Set: 0.0ms
[2020-04-15T00:28:02.319-0700][gc,phases     ] GC(1022)   Evacuate Collection Set: 28.2ms
[2020-04-15T00:28:02.319-0700][gc,phases     ] GC(1022)   Post Evacuate Collection Set: 0.6ms
[2020-04-15T00:28:02.319-0700][gc,phases     ] GC(1022)   Other: 0.5ms
[2020-04-15T00:28:02.320-0700][gc,heap       ] GC(1022) Eden regions: 47->0(47)
[2020-04-15T00:28:02.320-0700][gc,heap       ] GC(1022) Survivor regions: 4->4(7)
[2020-04-15T00:28:02.320-0700][gc,heap       ] GC(1022) Old regions: 114->114
[2020-04-15T00:28:02.320-0700][gc,heap       ] GC(1022) Humongous regions: 130->130
[2020-04-15T00:28:02.320-0700][gc,metaspace  ] GC(1022) Metaspace: 28277K->28277K(1075200K)
[2020-04-15T00:28:02.320-0700][gc            ] GC(1022) Pause Young (Normal) (G1 Evacuation Pause) 294M->247M(1024M) 29.424ms
[2020-04-15T00:28:02.320-0700][gc,cpu        ] GC(1022) User=0.09s Sys=0.00s Real=0.03s
[2020-04-15T00:28:18.750-0700][gc,start      ] GC(1023) Pause Young (Normal) (G1 Evacuation Pause)
[2020-04-15T00:28:18.750-0700][gc,task       ] GC(1023) Using 4 workers of 4 for evacuation
[2020-04-15T00:28:18.777-0700][gc,mmu        ] GC(1023) MMU target violated: 21.0ms (20.0ms/21.0ms)
[2020-04-15T00:28:18.777-0700][gc,phases     ] GC(1023)   Pre Evacuate Collection Set: 0.0ms
[2020-04-15T00:28:18.777-0700][gc,phases     ] GC(1023)   Evacuate Collection Set: 26.2ms
[2020-04-15T00:28:18.777-0700][gc,phases     ] GC(1023)   Post Evacuate Collection Set: 0.4ms
[2020-04-15T00:28:18.777-0700][gc,phases     ] GC(1023)   Other: 0.4ms
[2020-04-15T00:28:18.777-0700][gc,heap       ] GC(1023) Eden regions: 47->0(47)
[2020-04-15T00:28:18.777-0700][gc,heap       ] GC(1023) Survivor regions: 4->4(7)
[2020-04-15T00:28:18.777-0700][gc,heap       ] GC(1023) Old regions: 114->115
[2020-04-15T00:28:18.777-0700][gc,heap       ] GC(1023) Humongous regions: 130->130
[2020-04-15T00:28:18.777-0700][gc,metaspace  ] GC(1023) Metaspace: 28277K->28277K(1075200K)
[2020-04-15T00:28:18.777-0700][gc            ] GC(1023) Pause Young (Normal) (G1 Evacuation Pause) 294M->248M(1024M) 27.090ms
[2020-04-15T00:28:18.777-0700][gc,cpu        ] GC(1023) User=0.09s Sys=0.00s Real=0.03s
[2020-04-15T00:28:33.699-0700][gc,start      ] GC(1024) Pause Young (Normal) (G1 Evacuation Pause)
[2020-04-15T00:28:33.699-0700][gc,task       ] GC(1024) Using 4 workers of 4 for evacuation
[2020-04-15T00:28:33.726-0700][gc,mmu        ] GC(1024) MMU target violated: 21.0ms (20.0ms/21.0ms)
[2020-04-15T00:28:33.726-0700][gc,phases     ] GC(1024)   Pre Evacuate Collection Set: 0.0ms
[2020-04-15T00:28:33.726-0700][gc,phases     ] GC(1024)   Evacuate Collection Set: 25.7ms
[2020-04-15T00:28:33.726-0700][gc,phases     ] GC(1024)   Post Evacuate Collection Set: 0.7ms
[2020-04-15T00:28:33.726-0700][gc,phases     ] GC(1024)   Other: 0.6ms
[2020-04-15T00:28:33.726-0700][gc,heap       ] GC(1024) Eden regions: 47->0(47)
[2020-04-15T00:28:33.726-0700][gc,heap       ] GC(1024) Survivor regions: 4->4(7)
[2020-04-15T00:28:33.726-0700][gc,heap       ] GC(1024) Old regions: 115->115
[2020-04-15T00:28:33.726-0700][gc,heap       ] GC(1024) Humongous regions: 130->130
[2020-04-15T00:28:33.726-0700][gc,metaspace  ] GC(1024) Metaspace: 28277K->28277K(1075200K)
[2020-04-15T00:28:33.726-0700][gc            ] GC(1024) Pause Young (Normal) (G1 Evacuation Pause) 295M->248M(1024M) 27.198ms
[2020-04-15T00:28:33.727-0700][gc,cpu        ] GC(1024) User=0.10s Sys=0.00s Real=0.02s
[2020-04-15T00:28:48.507-0700][gc,start      ] GC(1025) Pause Young (Normal) (G1 Evacuation Pause)
[2020-04-15T00:28:48.507-0700][gc,task       ] GC(1025) Using 4 workers of 4 for evacuation
[2020-04-15T00:28:48.528-0700][gc,mmu        ] GC(1025) MMU target violated: 20.6ms (20.0ms/21.0ms)
[2020-04-15T00:28:48.528-0700][gc,phases     ] GC(1025)   Pre Evacuate Collection Set: 0.0ms
[2020-04-15T00:28:48.528-0700][gc,phases     ] GC(1025)   Evacuate Collection Set: 20.1ms
[2020-04-15T00:28:48.528-0700][gc,phases     ] GC(1025)   Post Evacuate Collection Set: 0.3ms
[2020-04-15T00:28:48.528-0700][gc,phases     ] GC(1025)   Other: 0.4ms
[2020-04-15T00:28:48.528-0700][gc,heap       ] GC(1025) Eden regions: 47->0(47)
[2020-04-15T00:28:48.528-0700][gc,heap       ] GC(1025) Survivor regions: 4->4(7)
[2020-04-15T00:28:48.528-0700][gc,heap       ] GC(1025) Old regions: 115->116
[2020-04-15T00:28:48.528-0700][gc,heap       ] GC(1025) Humongous regions: 130->130
[2020-04-15T00:28:48.528-0700][gc,metaspace  ] GC(1025) Metaspace: 28277K->28277K(1075200K)
[2020-04-15T00:28:48.528-0700][gc            ] GC(1025) Pause Young (Normal) (G1 Evacuation Pause) 295M->248M(1024M) 20.880ms
[2020-04-15T00:28:48.528-0700][gc,cpu        ] GC(1025) User=0.07s Sys=0.00s Real=0.02s
[2020-04-15T00:29:04.089-0700][gc,start      ] GC(1026) Pause Young (Normal) (G1 Evacuation Pause)
[2020-04-15T00:29:04.089-0700][gc,task       ] GC(1026) Using 4 workers of 4 for evacuation
[2020-04-15T00:29:04.117-0700][gc,mmu        ] GC(1026) MMU target violated: 21.0ms (20.0ms/21.0ms)
[2020-04-15T00:29:04.118-0700][gc,phases     ] GC(1026)   Pre Evacuate Collection Set: 0.0ms
[2020-04-15T00:29:04.118-0700][gc,phases     ] GC(1026)   Evacuate Collection Set: 27.9ms
[2020-04-15T00:29:04.118-0700][gc,phases     ] GC(1026)   Post Evacuate Collection Set: 0.5ms
[2020-04-15T00:29:04.118-0700][gc,phases     ] GC(1026)   Other: 0.5ms
[2020-04-15T00:29:04.118-0700][gc,heap       ] GC(1026) Eden regions: 47->0(47)
[2020-04-15T00:29:04.118-0700][gc,heap       ] GC(1026) Survivor regions: 4->4(7)
[2020-04-15T00:29:04.118-0700][gc,heap       ] GC(1026) Old regions: 116->116
[2020-04-15T00:29:04.118-0700][gc,heap       ] GC(1026) Humongous regions: 130->130
[2020-04-15T00:29:04.118-0700][gc,metaspace  ] GC(1026) Metaspace: 28277K->28277K(1075200K)
[2020-04-15T00:29:04.118-0700][gc            ] GC(1026) Pause Young (Normal) (G1 Evacuation Pause) 295M->249M(1024M) 29.060ms
[2020-04-15T00:29:04.118-0700][gc,cpu        ] GC(1026) User=0.11s Sys=0.00s Real=0.04s
[2020-04-15T00:29:19.047-0700][gc,start      ] GC(1027) Pause Young (Normal) (G1 Evacuation Pause)
[2020-04-15T00:29:19.047-0700][gc,task       ] GC(1027) Using 4 workers of 4 for evacuation
[2020-04-15T00:29:19.075-0700][gc,mmu        ] GC(1027) MMU target violated: 21.0ms (20.0ms/21.0ms)
[2020-04-15T00:29:19.075-0700][gc,phases     ] GC(1027)   Pre Evacuate Collection Set: 0.0ms
[2020-04-15T00:29:19.075-0700][gc,phases     ] GC(1027)   Evacuate Collection Set: 27.1ms
[2020-04-15T00:29:19.075-0700][gc,phases     ] GC(1027)   Post Evacuate Collection Set: 0.4ms
[2020-04-15T00:29:19.075-0700][gc,phases     ] GC(1027)   Other: 0.5ms
[2020-04-15T00:29:19.075-0700][gc,heap       ] GC(1027) Eden regions: 47->0(46)
[2020-04-15T00:29:19.075-0700][gc,heap       ] GC(1027) Survivor regions: 4->5(7)
[2020-04-15T00:29:19.075-0700][gc,heap       ] GC(1027) Old regions: 116->116
[2020-04-15T00:29:19.075-0700][gc,heap       ] GC(1027) Humongous regions: 130->130
[2020-04-15T00:29:19.075-0700][gc,metaspace  ] GC(1027) Metaspace: 28277K->28277K(1075200K)
[2020-04-15T00:29:19.075-0700][gc            ] GC(1027) Pause Young (Normal) (G1 Evacuation Pause) 296M->249M(1024M) 28.389ms
[2020-04-15T00:29:19.075-0700][gc,cpu        ] GC(1027) User=0.09s Sys=0.00s Real=0.03s
[2020-04-15T00:29:33.588-0700][gc,start      ] GC(1028) Pause Young (Normal) (G1 Evacuation Pause)
[2020-04-15T00:29:33.588-0700][gc,task       ] GC(1028) Using 4 workers of 4 for evacuation
[2020-04-15T00:29:33.616-0700][gc,mmu        ] GC(1028) MMU target violated: 21.0ms (20.0ms/21.0ms)
[2020-04-15T00:29:33.616-0700][gc,phases     ] GC(1028)   Pre Evacuate Collection Set: 0.0ms
[2020-04-15T00:29:33.616-0700][gc,phases     ] GC(1028)   Evacuate Collection Set: 26.9ms
[2020-04-15T00:29:33.616-0700][gc,phases     ] GC(1028)   Post Evacuate Collection Set: 0.4ms
[2020-04-15T00:29:33.616-0700][gc,phases     ] GC(1028)   Other: 0.5ms
[2020-04-15T00:29:33.616-0700][gc,heap       ] GC(1028) Eden regions: 46->0(45)
[2020-04-15T00:29:33.616-0700][gc,heap       ] GC(1028) Survivor regions: 5->6(7)
[2020-04-15T00:29:33.616-0700][gc,heap       ] GC(1028) Old regions: 116->116
[2020-04-15T00:29:33.616-0700][gc,heap       ] GC(1028) Humongous regions: 130->130
[2020-04-15T00:29:33.616-0700][gc,metaspace  ] GC(1028) Metaspace: 28277K->28277K(1075200K)
[2020-04-15T00:29:33.616-0700][gc            ] GC(1028) Pause Young (Normal) (G1 Evacuation Pause) 295M->251M(1024M) 27.944ms
[2020-04-15T00:29:33.616-0700][gc,cpu        ] GC(1028) User=0.10s Sys=0.00s Real=0.03s
[2020-04-15T00:29:47.670-0700][gc,start      ] GC(1029) Pause Young (Normal) (G1 Evacuation Pause)
[2020-04-15T00:29:47.670-0700][gc,task       ] GC(1029) Using 4 workers of 4 for evacuation
[2020-04-15T00:29:47.697-0700][gc,mmu        ] GC(1029) MMU target violated: 21.0ms (20.0ms/21.0ms)
[2020-04-15T00:29:47.697-0700][gc,phases     ] GC(1029)   Pre Evacuate Collection Set: 0.1ms
[2020-04-15T00:29:47.697-0700][gc,phases     ] GC(1029)   Evacuate Collection Set: 26.2ms
[2020-04-15T00:29:47.697-0700][gc,phases     ] GC(1029)   Post Evacuate Collection Set: 0.4ms
[2020-04-15T00:29:47.697-0700][gc,phases     ] GC(1029)   Other: 0.5ms
[2020-04-15T00:29:47.697-0700][gc,heap       ] GC(1029) Eden regions: 45->0(47)
[2020-04-15T00:29:47.697-0700][gc,heap       ] GC(1029) Survivor regions: 6->4(7)
[2020-04-15T00:29:47.697-0700][gc,heap       ] GC(1029) Old regions: 116->118
[2020-04-15T00:29:47.697-0700][gc,heap       ] GC(1029) Humongous regions: 130->130
[2020-04-15T00:29:47.697-0700][gc,metaspace  ] GC(1029) Metaspace: 28277K->28277K(1075200K)
[2020-04-15T00:29:47.697-0700][gc            ] GC(1029) Pause Young (Normal) (G1 Evacuation Pause) 296M->251M(1024M) 27.337ms
[2020-04-15T00:29:47.697-0700][gc,cpu        ] GC(1029) User=0.10s Sys=0.00s Real=0.02s
[2020-04-15T00:30:02.945-0700][gc,start      ] GC(1030) Pause Young (Normal) (G1 Evacuation Pause)
[2020-04-15T00:30:02.945-0700][gc,task       ] GC(1030) Using 4 workers of 4 for evacuation
[2020-04-15T00:30:02.971-0700][gc,mmu        ] GC(1030) MMU target violated: 21.0ms (20.0ms/21.0ms)
[2020-04-15T00:30:02.971-0700][gc,phases     ] GC(1030)   Pre Evacuate Collection Set: 0.1ms
[2020-04-15T00:30:02.971-0700][gc,phases     ] GC(1030)   Evacuate Collection Set: 24.9ms
[2020-04-15T00:30:02.971-0700][gc,phases     ] GC(1030)   Post Evacuate Collection Set: 0.4ms
[2020-04-15T00:30:02.971-0700][gc,phases     ] GC(1030)   Other: 0.5ms
[2020-04-15T00:30:02.971-0700][gc,heap       ] GC(1030) Eden regions: 47->0(47)
[2020-04-15T00:30:02.971-0700][gc,heap       ] GC(1030) Survivor regions: 4->4(7)
[2020-04-15T00:30:02.971-0700][gc,heap       ] GC(1030) Old regions: 118->118
[2020-04-15T00:30:02.971-0700][gc,heap       ] GC(1030) Humongous regions: 130->130
[2020-04-15T00:30:02.971-0700][gc,metaspace  ] GC(1030) Metaspace: 28277K->28277K(1075200K)
[2020-04-15T00:30:02.971-0700][gc            ] GC(1030) Pause Young (Normal) (G1 Evacuation Pause) 298M->251M(1024M) 26.116ms
[2020-04-15T00:30:02.971-0700][gc,cpu        ] GC(1030) User=0.09s Sys=0.00s Real=0.03s
[2020-04-15T00:30:18.115-0700][gc,start      ] GC(1031) Pause Young (Normal) (G1 Evacuation Pause)
[2020-04-15T00:30:18.115-0700][gc,task       ] GC(1031) Using 4 workers of 4 for evacuation
[2020-04-15T00:30:18.142-0700][gc,mmu        ] GC(1031) MMU target violated: 21.0ms (20.0ms/21.0ms)
[2020-04-15T00:30:18.142-0700][gc,phases     ] GC(1031)   Pre Evacuate Collection Set: 0.0ms
[2020-04-15T00:30:18.142-0700][gc,phases     ] GC(1031)   Evacuate Collection Set: 26.1ms
[2020-04-15T00:30:18.142-0700][gc,phases     ] GC(1031)   Post Evacuate Collection Set: 0.6ms
[2020-04-15T00:30:18.142-0700][gc,phases     ] GC(1031)   Other: 0.5ms
[2020-04-15T00:30:18.142-0700][gc,heap       ] GC(1031) Eden regions: 47->0(47)
[2020-04-15T00:30:18.142-0700][gc,heap       ] GC(1031) Survivor regions: 4->4(7)
[2020-04-15T00:30:18.142-0700][gc,heap       ] GC(1031) Old regions: 118->119
[2020-04-15T00:30:18.142-0700][gc,heap       ] GC(1031) Humongous regions: 130->130
[2020-04-15T00:30:18.142-0700][gc,metaspace  ] GC(1031) Metaspace: 28277K->28277K(1075200K)
[2020-04-15T00:30:18.142-0700][gc            ] GC(1031) Pause Young (Normal) (G1 Evacuation Pause) 298M->251M(1024M) 27.325ms
[2020-04-15T00:30:18.142-0700][gc,cpu        ] GC(1031) User=0.09s Sys=0.00s Real=0.03s
[2020-04-15T00:30:34.536-0700][gc,start      ] GC(1032) Pause Young (Normal) (G1 Evacuation Pause)
[2020-04-15T00:30:34.536-0700][gc,task       ] GC(1032) Using 4 workers of 4 for evacuation
[2020-04-15T00:30:34.562-0700][gc,mmu        ] GC(1032) MMU target violated: 21.0ms (20.0ms/21.0ms)
[2020-04-15T00:30:34.562-0700][gc,phases     ] GC(1032)   Pre Evacuate Collection Set: 0.1ms
[2020-04-15T00:30:34.563-0700][gc,phases     ] GC(1032)   Evacuate Collection Set: 25.5ms
[2020-04-15T00:30:34.563-0700][gc,phases     ] GC(1032)   Post Evacuate Collection Set: 0.5ms
[2020-04-15T00:30:34.563-0700][gc,phases     ] GC(1032)   Other: 0.6ms
[2020-04-15T00:30:34.563-0700][gc,heap       ] GC(1032) Eden regions: 47->0(47)
[2020-04-15T00:30:34.563-0700][gc,heap       ] GC(1032) Survivor regions: 4->4(7)
[2020-04-15T00:30:34.563-0700][gc,heap       ] GC(1032) Old regions: 119->119
[2020-04-15T00:30:34.563-0700][gc,heap       ] GC(1032) Humongous regions: 130->130
[2020-04-15T00:30:34.563-0700][gc,metaspace  ] GC(1032) Metaspace: 28277K->28277K(1075200K)
[2020-04-15T00:30:34.563-0700][gc            ] GC(1032) Pause Young (Normal) (G1 Evacuation Pause) 298M->252M(1024M) 26.703ms
[2020-04-15T00:30:34.563-0700][gc,cpu        ] GC(1032) User=0.09s Sys=0.00s Real=0.03s
[2020-04-15T00:30:50.796-0700][gc,start      ] GC(1033) Pause Young (Normal) (G1 Evacuation Pause)
[2020-04-15T00:30:50.796-0700][gc,task       ] GC(1033) Using 4 workers of 4 for evacuation
[2020-04-15T00:30:50.821-0700][gc,mmu        ] GC(1033) MMU target violated: 21.0ms (20.0ms/21.0ms)
[2020-04-15T00:30:50.821-0700][gc,phases     ] GC(1033)   Pre Evacuate Collection Set: 0.1ms
[2020-04-15T00:30:50.821-0700][gc,phases     ] GC(1033)   Evacuate Collection Set: 24.3ms
[2020-04-15T00:30:50.821-0700][gc,phases     ] GC(1033)   Post Evacuate Collection Set: 0.5ms
[2020-04-15T00:30:50.822-0700][gc,phases     ] GC(1033)   Other: 0.5ms
[2020-04-15T00:30:50.822-0700][gc,heap       ] GC(1033) Eden regions: 47->0(47)
[2020-04-15T00:30:50.822-0700][gc,heap       ] GC(1033) Survivor regions: 4->4(7)
[2020-04-15T00:30:50.822-0700][gc,heap       ] GC(1033) Old regions: 119->119
[2020-04-15T00:30:50.822-0700][gc,heap       ] GC(1033) Humongous regions: 130->130
[2020-04-15T00:30:50.822-0700][gc,metaspace  ] GC(1033) Metaspace: 28277K->28277K(1075200K)
[2020-04-15T00:30:50.822-0700][gc            ] GC(1033) Pause Young (Normal) (G1 Evacuation Pause) 299M->252M(1024M) 25.487ms
[2020-04-15T00:30:50.822-0700][gc,cpu        ] GC(1033) User=0.09s Sys=0.00s Real=0.03s
[2020-04-15T00:31:07.159-0700][gc,start      ] GC(1034) Pause Young (Normal) (G1 Evacuation Pause)
[2020-04-15T00:31:07.159-0700][gc,task       ] GC(1034) Using 4 workers of 4 for evacuation
[2020-04-15T00:31:07.190-0700][gc,mmu        ] GC(1034) MMU target violated: 21.0ms (20.0ms/21.0ms)
[2020-04-15T00:31:07.190-0700][gc,phases     ] GC(1034)   Pre Evacuate Collection Set: 0.1ms
[2020-04-15T00:31:07.190-0700][gc,phases     ] GC(1034)   Evacuate Collection Set: 29.2ms
[2020-04-15T00:31:07.190-0700][gc,phases     ] GC(1034)   Post Evacuate Collection Set: 0.6ms
[2020-04-15T00:31:07.190-0700][gc,phases     ] GC(1034)   Other: 0.5ms
[2020-04-15T00:31:07.190-0700][gc,heap       ] GC(1034) Eden regions: 47->0(47)
[2020-04-15T00:31:07.190-0700][gc,heap       ] GC(1034) Survivor regions: 4->4(7)
[2020-04-15T00:31:07.190-0700][gc,heap       ] GC(1034) Old regions: 119->119
[2020-04-15T00:31:07.190-0700][gc,heap       ] GC(1034) Humongous regions: 130->130
[2020-04-15T00:31:07.190-0700][gc,metaspace  ] GC(1034) Metaspace: 28277K->28277K(1075200K)
[2020-04-15T00:31:07.190-0700][gc            ] GC(1034) Pause Young (Normal) (G1 Evacuation Pause) 299M->252M(1024M) 30.487ms
[2020-04-15T00:31:07.190-0700][gc,cpu        ] GC(1034) User=0.11s Sys=0.00s Real=0.03s
[2020-04-15T00:31:23.561-0700][gc,start      ] GC(1035) Pause Young (Normal) (G1 Evacuation Pause)
[2020-04-15T00:31:23.561-0700][gc,task       ] GC(1035) Using 4 workers of 4 for evacuation
[2020-04-15T00:31:23.591-0700][gc,mmu        ] GC(1035) MMU target violated: 21.0ms (20.0ms/21.0ms)
[2020-04-15T00:31:23.591-0700][gc,phases     ] GC(1035)   Pre Evacuate Collection Set: 0.0ms
[2020-04-15T00:31:23.591-0700][gc,phases     ] GC(1035)   Evacuate Collection Set: 28.5ms
[2020-04-15T00:31:23.591-0700][gc,phases     ] GC(1035)   Post Evacuate Collection Set: 0.8ms
[2020-04-15T00:31:23.591-0700][gc,phases     ] GC(1035)   Other: 0.6ms
[2020-04-15T00:31:23.591-0700][gc,heap       ] GC(1035) Eden regions: 47->0(47)
[2020-04-15T00:31:23.591-0700][gc,heap       ] GC(1035) Survivor regions: 4->4(7)
[2020-04-15T00:31:23.591-0700][gc,heap       ] GC(1035) Old regions: 119->120
[2020-04-15T00:31:23.591-0700][gc,heap       ] GC(1035) Humongous regions: 130->130
[2020-04-15T00:31:23.591-0700][gc,metaspace  ] GC(1035) Metaspace: 28277K->28277K(1075200K)
[2020-04-15T00:31:23.591-0700][gc            ] GC(1035) Pause Young (Normal) (G1 Evacuation Pause) 299M->253M(1024M) 30.050ms
[2020-04-15T00:31:23.591-0700][gc,cpu        ] GC(1035) User=0.10s Sys=0.00s Real=0.03s
[2020-04-15T00:31:39.806-0700][gc,start      ] GC(1036) Pause Young (Normal) (G1 Evacuation Pause)
[2020-04-15T00:31:39.806-0700][gc,task       ] GC(1036) Using 4 workers of 4 for evacuation
[2020-04-15T00:31:39.833-0700][gc,mmu        ] GC(1036) MMU target violated: 21.0ms (20.0ms/21.0ms)
[2020-04-15T00:31:39.833-0700][gc,phases     ] GC(1036)   Pre Evacuate Collection Set: 0.0ms
[2020-04-15T00:31:39.833-0700][gc,phases     ] GC(1036)   Evacuate Collection Set: 26.2ms
[2020-04-15T00:31:39.833-0700][gc,phases     ] GC(1036)   Post Evacuate Collection Set: 0.6ms
[2020-04-15T00:31:39.833-0700][gc,phases     ] GC(1036)   Other: 0.5ms
[2020-04-15T00:31:39.833-0700][gc,heap       ] GC(1036) Eden regions: 47->0(47)
[2020-04-15T00:31:39.833-0700][gc,heap       ] GC(1036) Survivor regions: 4->4(7)
[2020-04-15T00:31:39.833-0700][gc,heap       ] GC(1036) Old regions: 120->120
[2020-04-15T00:31:39.833-0700][gc,heap       ] GC(1036) Humongous regions: 130->130
[2020-04-15T00:31:39.833-0700][gc,metaspace  ] GC(1036) Metaspace: 28277K->28277K(1075200K)
[2020-04-15T00:31:39.833-0700][gc            ] GC(1036) Pause Young (Normal) (G1 Evacuation Pause) 300M->253M(1024M) 27.452ms
[2020-04-15T00:31:39.833-0700][gc,cpu        ] GC(1036) User=0.10s Sys=0.00s Real=0.03s
[2020-04-15T00:31:54.751-0700][gc,start      ] GC(1037) Pause Young (Normal) (G1 Evacuation Pause)
[2020-04-15T00:31:54.751-0700][gc,task       ] GC(1037) Using 4 workers of 4 for evacuation
[2020-04-15T00:31:54.779-0700][gc,mmu        ] GC(1037) MMU target violated: 21.0ms (20.0ms/21.0ms)
[2020-04-15T00:31:54.779-0700][gc,phases     ] GC(1037)   Pre Evacuate Collection Set: 0.1ms
[2020-04-15T00:31:54.779-0700][gc,phases     ] GC(1037)   Evacuate Collection Set: 26.6ms
[2020-04-15T00:31:54.779-0700][gc,phases     ] GC(1037)   Post Evacuate Collection Set: 0.5ms
[2020-04-15T00:31:54.779-0700][gc,phases     ] GC(1037)   Other: 0.5ms
[2020-04-15T00:31:54.779-0700][gc,heap       ] GC(1037) Eden regions: 47->0(47)
[2020-04-15T00:31:54.779-0700][gc,heap       ] GC(1037) Survivor regions: 4->4(7)
[2020-04-15T00:31:54.779-0700][gc,heap       ] GC(1037) Old regions: 120->121
[2020-04-15T00:31:54.779-0700][gc,heap       ] GC(1037) Humongous regions: 130->130
[2020-04-15T00:31:54.779-0700][gc,metaspace  ] GC(1037) Metaspace: 28277K->28277K(1075200K)
[2020-04-15T00:31:54.779-0700][gc            ] GC(1037) Pause Young (Normal) (G1 Evacuation Pause) 300M->253M(1024M) 27.761ms
[2020-04-15T00:31:54.779-0700][gc,cpu        ] GC(1037) User=0.10s Sys=0.00s Real=0.03s
[2020-04-15T00:32:10.001-0700][gc,start      ] GC(1038) Pause Young (Normal) (G1 Evacuation Pause)
[2020-04-15T00:32:10.001-0700][gc,task       ] GC(1038) Using 4 workers of 4 for evacuation
[2020-04-15T00:32:10.025-0700][gc,mmu        ] GC(1038) MMU target violated: 21.0ms (20.0ms/21.0ms)
[2020-04-15T00:32:10.026-0700][gc,phases     ] GC(1038)   Pre Evacuate Collection Set: 0.0ms
[2020-04-15T00:32:10.026-0700][gc,phases     ] GC(1038)   Evacuate Collection Set: 23.5ms
[2020-04-15T00:32:10.026-0700][gc,phases     ] GC(1038)   Post Evacuate Collection Set: 0.5ms
[2020-04-15T00:32:10.026-0700][gc,phases     ] GC(1038)   Other: 0.5ms
[2020-04-15T00:32:10.026-0700][gc,heap       ] GC(1038) Eden regions: 47->0(47)
[2020-04-15T00:32:10.026-0700][gc,heap       ] GC(1038) Survivor regions: 4->4(7)
[2020-04-15T00:32:10.026-0700][gc,heap       ] GC(1038) Old regions: 121->121
[2020-04-15T00:32:10.026-0700][gc,heap       ] GC(1038) Humongous regions: 130->130
[2020-04-15T00:32:10.026-0700][gc,metaspace  ] GC(1038) Metaspace: 28277K->28277K(1075200K)
[2020-04-15T00:32:10.026-0700][gc            ] GC(1038) Pause Young (Normal) (G1 Evacuation Pause) 300M->254M(1024M) 24.637ms
[2020-04-15T00:32:10.026-0700][gc,cpu        ] GC(1038) User=0.09s Sys=0.00s Real=0.02s
[2020-04-15T00:32:24.959-0700][gc,start      ] GC(1039) Pause Young (Normal) (G1 Evacuation Pause)
[2020-04-15T00:32:24.959-0700][gc,task       ] GC(1039) Using 4 workers of 4 for evacuation
[2020-04-15T00:32:24.983-0700][gc,mmu        ] GC(1039) MMU target violated: 21.0ms (20.0ms/21.0ms)
[2020-04-15T00:32:24.983-0700][gc,phases     ] GC(1039)   Pre Evacuate Collection Set: 0.0ms
[2020-04-15T00:32:24.983-0700][gc,phases     ] GC(1039)   Evacuate Collection Set: 23.5ms
[2020-04-15T00:32:24.983-0700][gc,phases     ] GC(1039)   Post Evacuate Collection Set: 0.5ms
[2020-04-15T00:32:24.983-0700][gc,phases     ] GC(1039)   Other: 0.5ms
[2020-04-15T00:32:24.983-0700][gc,heap       ] GC(1039) Eden regions: 47->0(46)
[2020-04-15T00:32:24.983-0700][gc,heap       ] GC(1039) Survivor regions: 4->5(7)
[2020-04-15T00:32:24.983-0700][gc,heap       ] GC(1039) Old regions: 121->121
[2020-04-15T00:32:24.983-0700][gc,heap       ] GC(1039) Humongous regions: 130->130
[2020-04-15T00:32:24.983-0700][gc,metaspace  ] GC(1039) Metaspace: 28277K->28277K(1075200K)
[2020-04-15T00:32:24.983-0700][gc            ] GC(1039) Pause Young (Normal) (G1 Evacuation Pause) 301M->254M(1024M) 24.620ms
[2020-04-15T00:32:24.983-0700][gc,cpu        ] GC(1039) User=0.09s Sys=0.00s Real=0.02s
[2020-04-15T00:32:39.524-0700][gc,start      ] GC(1040) Pause Young (Normal) (G1 Evacuation Pause)
[2020-04-15T00:32:39.524-0700][gc,task       ] GC(1040) Using 4 workers of 4 for evacuation
[2020-04-15T00:32:39.558-0700][gc,mmu        ] GC(1040) MMU target violated: 21.0ms (20.0ms/21.0ms)
[2020-04-15T00:32:39.558-0700][gc,phases     ] GC(1040)   Pre Evacuate Collection Set: 0.1ms
[2020-04-15T00:32:39.558-0700][gc,phases     ] GC(1040)   Evacuate Collection Set: 33.3ms
[2020-04-15T00:32:39.558-0700][gc,phases     ] GC(1040)   Post Evacuate Collection Set: 0.6ms
[2020-04-15T00:32:39.558-0700][gc,phases     ] GC(1040)   Other: 0.6ms
[2020-04-15T00:32:39.558-0700][gc,heap       ] GC(1040) Eden regions: 46->0(46)
[2020-04-15T00:32:39.558-0700][gc,heap       ] GC(1040) Survivor regions: 5->5(7)
[2020-04-15T00:32:39.558-0700][gc,heap       ] GC(1040) Old regions: 121->122
[2020-04-15T00:32:39.558-0700][gc,heap       ] GC(1040) Humongous regions: 130->130
[2020-04-15T00:32:39.558-0700][gc,metaspace  ] GC(1040) Metaspace: 28277K->28277K(1075200K)
[2020-04-15T00:32:39.558-0700][gc            ] GC(1040) Pause Young (Normal) (G1 Evacuation Pause) 300M->256M(1024M) 34.609ms
[2020-04-15T00:32:39.558-0700][gc,cpu        ] GC(1040) User=0.12s Sys=0.00s Real=0.04s
[2020-04-15T00:32:54.205-0700][gc,start      ] GC(1041) Pause Young (Normal) (G1 Evacuation Pause)
[2020-04-15T00:32:54.205-0700][gc,task       ] GC(1041) Using 4 workers of 4 for evacuation
[2020-04-15T00:32:54.239-0700][gc,mmu        ] GC(1041) MMU target violated: 21.0ms (20.0ms/21.0ms)
[2020-04-15T00:32:54.239-0700][gc,phases     ] GC(1041)   Pre Evacuate Collection Set: 0.1ms
[2020-04-15T00:32:54.239-0700][gc,phases     ] GC(1041)   Evacuate Collection Set: 32.3ms
[2020-04-15T00:32:54.239-0700][gc,phases     ] GC(1041)   Post Evacuate Collection Set: 0.7ms
[2020-04-15T00:32:54.239-0700][gc,phases     ] GC(1041)   Other: 0.8ms
[2020-04-15T00:32:54.239-0700][gc,heap       ] GC(1041) Eden regions: 46->0(47)
[2020-04-15T00:32:54.239-0700][gc,heap       ] GC(1041) Survivor regions: 5->4(7)
[2020-04-15T00:32:54.239-0700][gc,heap       ] GC(1041) Old regions: 122->123
[2020-04-15T00:32:54.239-0700][gc,heap       ] GC(1041) Humongous regions: 130->130
[2020-04-15T00:32:54.239-0700][gc,metaspace  ] GC(1041) Metaspace: 28277K->28277K(1075200K)
[2020-04-15T00:32:54.239-0700][gc            ] GC(1041) Pause Young (Normal) (G1 Evacuation Pause) 302M->256M(1024M) 34.021ms
[2020-04-15T00:32:54.239-0700][gc,cpu        ] GC(1041) User=0.12s Sys=0.00s Real=0.04s
[2020-04-15T00:33:09.517-0700][gc,start      ] GC(1042) Pause Young (Normal) (G1 Evacuation Pause)
[2020-04-15T00:33:09.517-0700][gc,task       ] GC(1042) Using 4 workers of 4 for evacuation
[2020-04-15T00:33:09.547-0700][gc,mmu        ] GC(1042) MMU target violated: 21.0ms (20.0ms/21.0ms)
[2020-04-15T00:33:09.547-0700][gc,phases     ] GC(1042)   Pre Evacuate Collection Set: 0.1ms
[2020-04-15T00:33:09.547-0700][gc,phases     ] GC(1042)   Evacuate Collection Set: 28.3ms
[2020-04-15T00:33:09.547-0700][gc,phases     ] GC(1042)   Post Evacuate Collection Set: 0.6ms
[2020-04-15T00:33:09.547-0700][gc,phases     ] GC(1042)   Other: 0.7ms
[2020-04-15T00:33:09.547-0700][gc,heap       ] GC(1042) Eden regions: 47->0(47)
[2020-04-15T00:33:09.547-0700][gc,heap       ] GC(1042) Survivor regions: 4->4(7)
[2020-04-15T00:33:09.547-0700][gc,heap       ] GC(1042) Old regions: 123->123
[2020-04-15T00:33:09.547-0700][gc,heap       ] GC(1042) Humongous regions: 130->130
[2020-04-15T00:33:09.547-0700][gc,metaspace  ] GC(1042) Metaspace: 28277K->28277K(1075200K)
[2020-04-15T00:33:09.547-0700][gc            ] GC(1042) Pause Young (Normal) (G1 Evacuation Pause) 303M->256M(1024M) 29.840ms
[2020-04-15T00:33:09.547-0700][gc,cpu        ] GC(1042) User=0.09s Sys=0.00s Real=0.03s
[2020-04-15T00:33:24.530-0700][gc,start      ] GC(1043) Pause Young (Normal) (G1 Evacuation Pause)
[2020-04-15T00:33:24.530-0700][gc,task       ] GC(1043) Using 4 workers of 4 for evacuation
[2020-04-15T00:33:24.559-0700][gc,mmu        ] GC(1043) MMU target violated: 21.0ms (20.0ms/21.0ms)
[2020-04-15T00:33:24.559-0700][gc,phases     ] GC(1043)   Pre Evacuate Collection Set: 0.1ms
[2020-04-15T00:33:24.559-0700][gc,phases     ] GC(1043)   Evacuate Collection Set: 28.5ms
[2020-04-15T00:33:24.559-0700][gc,phases     ] GC(1043)   Post Evacuate Collection Set: 0.6ms
[2020-04-15T00:33:24.559-0700][gc,phases     ] GC(1043)   Other: 0.6ms
[2020-04-15T00:33:24.559-0700][gc,heap       ] GC(1043) Eden regions: 47->0(47)
[2020-04-15T00:33:24.559-0700][gc,heap       ] GC(1043) Survivor regions: 4->4(7)
[2020-04-15T00:33:24.559-0700][gc,heap       ] GC(1043) Old regions: 123->124
[2020-04-15T00:33:24.559-0700][gc,heap       ] GC(1043) Humongous regions: 130->130
[2020-04-15T00:33:24.559-0700][gc,metaspace  ] GC(1043) Metaspace: 28277K->28277K(1075200K)
[2020-04-15T00:33:24.559-0700][gc            ] GC(1043) Pause Young (Normal) (G1 Evacuation Pause) 303M->257M(1024M) 29.904ms
[2020-04-15T00:33:24.559-0700][gc,cpu        ] GC(1043) User=0.10s Sys=0.00s Real=0.03s
[2020-04-15T00:33:39.418-0700][gc,start      ] GC(1044) Pause Young (Normal) (G1 Evacuation Pause)
[2020-04-15T00:33:39.418-0700][gc,task       ] GC(1044) Using 4 workers of 4 for evacuation
[2020-04-15T00:33:39.445-0700][gc,mmu        ] GC(1044) MMU target violated: 21.0ms (20.0ms/21.0ms)
[2020-04-15T00:33:39.445-0700][gc,phases     ] GC(1044)   Pre Evacuate Collection Set: 0.1ms
[2020-04-15T00:33:39.445-0700][gc,phases     ] GC(1044)   Evacuate Collection Set: 26.3ms
[2020-04-15T00:33:39.445-0700][gc,phases     ] GC(1044)   Post Evacuate Collection Set: 0.4ms
[2020-04-15T00:33:39.445-0700][gc,phases     ] GC(1044)   Other: 0.6ms
[2020-04-15T00:33:39.446-0700][gc,heap       ] GC(1044) Eden regions: 47->0(47)
[2020-04-15T00:33:39.446-0700][gc,heap       ] GC(1044) Survivor regions: 4->4(7)
[2020-04-15T00:33:39.446-0700][gc,heap       ] GC(1044) Old regions: 124->124
[2020-04-15T00:33:39.446-0700][gc,heap       ] GC(1044) Humongous regions: 130->130
[2020-04-15T00:33:39.446-0700][gc,metaspace  ] GC(1044) Metaspace: 28277K->28277K(1075200K)
[2020-04-15T00:33:39.446-0700][gc            ] GC(1044) Pause Young (Normal) (G1 Evacuation Pause) 304M->257M(1024M) 27.549ms
[2020-04-15T00:33:39.446-0700][gc,cpu        ] GC(1044) User=0.09s Sys=0.00s Real=0.02s
[2020-04-15T00:33:54.350-0700][gc,start      ] GC(1045) Pause Young (Normal) (G1 Evacuation Pause)
[2020-04-15T00:33:54.350-0700][gc,task       ] GC(1045) Using 4 workers of 4 for evacuation
[2020-04-15T00:33:54.378-0700][gc,mmu        ] GC(1045) MMU target violated: 21.0ms (20.0ms/21.0ms)
[2020-04-15T00:33:54.378-0700][gc,phases     ] GC(1045)   Pre Evacuate Collection Set: 0.0ms
[2020-04-15T00:33:54.378-0700][gc,phases     ] GC(1045)   Evacuate Collection Set: 26.8ms
[2020-04-15T00:33:54.378-0700][gc,phases     ] GC(1045)   Post Evacuate Collection Set: 0.5ms
[2020-04-15T00:33:54.378-0700][gc,phases     ] GC(1045)   Other: 0.5ms
[2020-04-15T00:33:54.378-0700][gc,heap       ] GC(1045) Eden regions: 47->0(47)
[2020-04-15T00:33:54.378-0700][gc,heap       ] GC(1045) Survivor regions: 4->4(7)
[2020-04-15T00:33:54.378-0700][gc,heap       ] GC(1045) Old regions: 124->124
[2020-04-15T00:33:54.378-0700][gc,heap       ] GC(1045) Humongous regions: 130->130
[2020-04-15T00:33:54.378-0700][gc,metaspace  ] GC(1045) Metaspace: 28277K->28277K(1075200K)
[2020-04-15T00:33:54.378-0700][gc            ] GC(1045) Pause Young (Normal) (G1 Evacuation Pause) 304M->257M(1024M) 27.949ms
[2020-04-15T00:33:54.378-0700][gc,cpu        ] GC(1045) User=0.10s Sys=0.00s Real=0.03s
[2020-04-15T00:34:09.242-0700][gc,start      ] GC(1046) Pause Young (Normal) (G1 Evacuation Pause)
[2020-04-15T00:34:09.242-0700][gc,task       ] GC(1046) Using 4 workers of 4 for evacuation
[2020-04-15T00:34:09.269-0700][gc,mmu        ] GC(1046) MMU target violated: 21.0ms (20.0ms/21.0ms)
[2020-04-15T00:34:09.270-0700][gc,phases     ] GC(1046)   Pre Evacuate Collection Set: 0.0ms
[2020-04-15T00:34:09.270-0700][gc,phases     ] GC(1046)   Evacuate Collection Set: 26.5ms
[2020-04-15T00:34:09.270-0700][gc,phases     ] GC(1046)   Post Evacuate Collection Set: 0.5ms
[2020-04-15T00:34:09.270-0700][gc,phases     ] GC(1046)   Other: 0.5ms
[2020-04-15T00:34:09.270-0700][gc,heap       ] GC(1046) Eden regions: 47->0(47)
[2020-04-15T00:34:09.270-0700][gc,heap       ] GC(1046) Survivor regions: 4->4(7)
[2020-04-15T00:34:09.270-0700][gc,heap       ] GC(1046) Old regions: 124->125
[2020-04-15T00:34:09.270-0700][gc,heap       ] GC(1046) Humongous regions: 130->130
[2020-04-15T00:34:09.270-0700][gc,metaspace  ] GC(1046) Metaspace: 28277K->28277K(1075200K)
[2020-04-15T00:34:09.270-0700][gc            ] GC(1046) Pause Young (Normal) (G1 Evacuation Pause) 304M->258M(1024M) 27.727ms
[2020-04-15T00:34:09.270-0700][gc,cpu        ] GC(1046) User=0.09s Sys=0.00s Real=0.03s
[2020-04-15T00:34:24.130-0700][gc,start      ] GC(1047) Pause Young (Normal) (G1 Evacuation Pause)
[2020-04-15T00:34:24.130-0700][gc,task       ] GC(1047) Using 4 workers of 4 for evacuation
[2020-04-15T00:34:24.154-0700][gc,mmu        ] GC(1047) MMU target violated: 21.0ms (20.0ms/21.0ms)
[2020-04-15T00:34:24.154-0700][gc,phases     ] GC(1047)   Pre Evacuate Collection Set: 0.0ms
[2020-04-15T00:34:24.154-0700][gc,phases     ] GC(1047)   Evacuate Collection Set: 23.4ms
[2020-04-15T00:34:24.154-0700][gc,phases     ] GC(1047)   Post Evacuate Collection Set: 0.6ms
[2020-04-15T00:34:24.154-0700][gc,phases     ] GC(1047)   Other: 0.5ms
[2020-04-15T00:34:24.154-0700][gc,heap       ] GC(1047) Eden regions: 47->0(46)
[2020-04-15T00:34:24.154-0700][gc,heap       ] GC(1047) Survivor regions: 4->5(7)
[2020-04-15T00:34:24.154-0700][gc,heap       ] GC(1047) Old regions: 125->125
[2020-04-15T00:34:24.154-0700][gc,heap       ] GC(1047) Humongous regions: 130->130
[2020-04-15T00:34:24.154-0700][gc,metaspace  ] GC(1047) Metaspace: 28277K->28277K(1075200K)
[2020-04-15T00:34:24.154-0700][gc            ] GC(1047) Pause Young (Normal) (G1 Evacuation Pause) 305M->258M(1024M) 24.686ms
[2020-04-15T00:34:24.154-0700][gc,cpu        ] GC(1047) User=0.09s Sys=0.01s Real=0.02s
[2020-04-15T00:34:38.672-0700][gc,start      ] GC(1048) Pause Young (Normal) (G1 Evacuation Pause)
[2020-04-15T00:34:38.672-0700][gc,task       ] GC(1048) Using 4 workers of 4 for evacuation
[2020-04-15T00:34:38.692-0700][gc,phases     ] GC(1048)   Pre Evacuate Collection Set: 0.1ms
[2020-04-15T00:34:38.692-0700][gc,phases     ] GC(1048)   Evacuate Collection Set: 19.1ms
[2020-04-15T00:34:38.692-0700][gc,phases     ] GC(1048)   Post Evacuate Collection Set: 0.3ms
[2020-04-15T00:34:38.692-0700][gc,phases     ] GC(1048)   Other: 0.4ms
[2020-04-15T00:34:38.692-0700][gc,heap       ] GC(1048) Eden regions: 46->0(47)
[2020-04-15T00:34:38.692-0700][gc,heap       ] GC(1048) Survivor regions: 5->4(7)
[2020-04-15T00:34:38.692-0700][gc,heap       ] GC(1048) Old regions: 125->125
[2020-04-15T00:34:38.692-0700][gc,heap       ] GC(1048) Humongous regions: 130->130
[2020-04-15T00:34:38.692-0700][gc,metaspace  ] GC(1048) Metaspace: 28277K->28277K(1075200K)
[2020-04-15T00:34:38.692-0700][gc            ] GC(1048) Pause Young (Normal) (G1 Evacuation Pause) 304M->258M(1024M) 20.033ms
[2020-04-15T00:34:38.692-0700][gc,cpu        ] GC(1048) User=0.08s Sys=0.00s Real=0.02s
[2020-04-15T00:34:53.635-0700][gc,start      ] GC(1049) Pause Young (Normal) (G1 Evacuation Pause)
[2020-04-15T00:34:53.635-0700][gc,task       ] GC(1049) Using 4 workers of 4 for evacuation
[2020-04-15T00:34:53.663-0700][gc,mmu        ] GC(1049) MMU target violated: 21.0ms (20.0ms/21.0ms)
[2020-04-15T00:34:53.663-0700][gc,phases     ] GC(1049)   Pre Evacuate Collection Set: 0.1ms
[2020-04-15T00:34:53.663-0700][gc,phases     ] GC(1049)   Evacuate Collection Set: 27.2ms
[2020-04-15T00:34:53.663-0700][gc,phases     ] GC(1049)   Post Evacuate Collection Set: 0.7ms
[2020-04-15T00:34:53.663-0700][gc,phases     ] GC(1049)   Other: 0.6ms
[2020-04-15T00:34:53.663-0700][gc,heap       ] GC(1049) Eden regions: 47->0(47)
[2020-04-15T00:34:53.663-0700][gc,heap       ] GC(1049) Survivor regions: 4->4(7)
[2020-04-15T00:34:53.663-0700][gc,heap       ] GC(1049) Old regions: 125->126
[2020-04-15T00:34:53.663-0700][gc,heap       ] GC(1049) Humongous regions: 130->130
[2020-04-15T00:34:53.663-0700][gc,metaspace  ] GC(1049) Metaspace: 28277K->28277K(1075200K)
[2020-04-15T00:34:53.663-0700][gc            ] GC(1049) Pause Young (Normal) (G1 Evacuation Pause) 305M->258M(1024M) 28.756ms
[2020-04-15T00:34:53.663-0700][gc,cpu        ] GC(1049) User=0.10s Sys=0.00s Real=0.03s
[2020-04-15T00:35:08.627-0700][gc,start      ] GC(1050) Pause Young (Normal) (G1 Evacuation Pause)
[2020-04-15T00:35:08.627-0700][gc,task       ] GC(1050) Using 4 workers of 4 for evacuation
[2020-04-15T00:35:08.653-0700][gc,mmu        ] GC(1050) MMU target violated: 21.0ms (20.0ms/21.0ms)
[2020-04-15T00:35:08.653-0700][gc,phases     ] GC(1050)   Pre Evacuate Collection Set: 0.0ms
[2020-04-15T00:35:08.653-0700][gc,phases     ] GC(1050)   Evacuate Collection Set: 25.0ms
[2020-04-15T00:35:08.653-0700][gc,phases     ] GC(1050)   Post Evacuate Collection Set: 0.7ms
[2020-04-15T00:35:08.653-0700][gc,phases     ] GC(1050)   Other: 0.5ms
[2020-04-15T00:35:08.653-0700][gc,heap       ] GC(1050) Eden regions: 47->0(47)
[2020-04-15T00:35:08.653-0700][gc,heap       ] GC(1050) Survivor regions: 4->4(7)
[2020-04-15T00:35:08.653-0700][gc,heap       ] GC(1050) Old regions: 126->126
[2020-04-15T00:35:08.653-0700][gc,heap       ] GC(1050) Humongous regions: 130->130
[2020-04-15T00:35:08.653-0700][gc,metaspace  ] GC(1050) Metaspace: 28277K->28277K(1075200K)
[2020-04-15T00:35:08.653-0700][gc            ] GC(1050) Pause Young (Normal) (G1 Evacuation Pause) 305M->259M(1024M) 26.399ms
[2020-04-15T00:35:08.653-0700][gc,cpu        ] GC(1050) User=0.09s Sys=0.00s Real=0.03s
[2020-04-15T00:35:23.542-0700][gc,start      ] GC(1051) Pause Young (Normal) (G1 Evacuation Pause)
[2020-04-15T00:35:23.542-0700][gc,task       ] GC(1051) Using 4 workers of 4 for evacuation
[2020-04-15T00:35:23.574-0700][gc,mmu        ] GC(1051) MMU target violated: 21.0ms (20.0ms/21.0ms)
[2020-04-15T00:35:23.574-0700][gc,phases     ] GC(1051)   Pre Evacuate Collection Set: 0.1ms
[2020-04-15T00:35:23.574-0700][gc,phases     ] GC(1051)   Evacuate Collection Set: 31.1ms
[2020-04-15T00:35:23.574-0700][gc,phases     ] GC(1051)   Post Evacuate Collection Set: 0.5ms
[2020-04-15T00:35:23.574-0700][gc,phases     ] GC(1051)   Other: 0.6ms
[2020-04-15T00:35:23.574-0700][gc,heap       ] GC(1051) Eden regions: 47->0(47)
[2020-04-15T00:35:23.574-0700][gc,heap       ] GC(1051) Survivor regions: 4->4(7)
[2020-04-15T00:35:23.574-0700][gc,heap       ] GC(1051) Old regions: 126->126
[2020-04-15T00:35:23.574-0700][gc,heap       ] GC(1051) Humongous regions: 130->130
[2020-04-15T00:35:23.574-0700][gc,metaspace  ] GC(1051) Metaspace: 28277K->28277K(1075200K)
[2020-04-15T00:35:23.574-0700][gc            ] GC(1051) Pause Young (Normal) (G1 Evacuation Pause) 306M->259M(1024M) 32.431ms
[2020-04-15T00:35:23.574-0700][gc,cpu        ] GC(1051) User=0.09s Sys=0.01s Real=0.03s
[2020-04-15T00:35:38.491-0700][gc,start      ] GC(1052) Pause Young (Normal) (G1 Evacuation Pause)
[2020-04-15T00:35:38.491-0700][gc,task       ] GC(1052) Using 4 workers of 4 for evacuation
[2020-04-15T00:35:38.521-0700][gc,mmu        ] GC(1052) MMU target violated: 21.0ms (20.0ms/21.0ms)
[2020-04-15T00:35:38.521-0700][gc,phases     ] GC(1052)   Pre Evacuate Collection Set: 0.1ms
[2020-04-15T00:35:38.521-0700][gc,phases     ] GC(1052)   Evacuate Collection Set: 28.5ms
[2020-04-15T00:35:38.521-0700][gc,phases     ] GC(1052)   Post Evacuate Collection Set: 0.6ms
[2020-04-15T00:35:38.521-0700][gc,phases     ] GC(1052)   Other: 0.5ms
[2020-04-15T00:35:38.521-0700][gc,heap       ] GC(1052) Eden regions: 47->0(47)
[2020-04-15T00:35:38.521-0700][gc,heap       ] GC(1052) Survivor regions: 4->4(7)
[2020-04-15T00:35:38.521-0700][gc,heap       ] GC(1052) Old regions: 126->127
[2020-04-15T00:35:38.521-0700][gc,heap       ] GC(1052) Humongous regions: 130->130
[2020-04-15T00:35:38.521-0700][gc,metaspace  ] GC(1052) Metaspace: 28277K->28277K(1075200K)
[2020-04-15T00:35:38.521-0700][gc            ] GC(1052) Pause Young (Normal) (G1 Evacuation Pause) 306M->260M(1024M) 29.825ms
[2020-04-15T00:35:38.521-0700][gc,cpu        ] GC(1052) User=0.11s Sys=0.00s Real=0.03s
[2020-04-15T00:35:53.341-0700][gc,start      ] GC(1053) Pause Young (Normal) (G1 Evacuation Pause)
[2020-04-15T00:35:53.341-0700][gc,task       ] GC(1053) Using 4 workers of 4 for evacuation
[2020-04-15T00:35:53.375-0700][gc,mmu        ] GC(1053) MMU target violated: 21.0ms (20.0ms/21.0ms)
[2020-04-15T00:35:53.375-0700][gc,phases     ] GC(1053)   Pre Evacuate Collection Set: 0.0ms
[2020-04-15T00:35:53.375-0700][gc,phases     ] GC(1053)   Evacuate Collection Set: 32.6ms
[2020-04-15T00:35:53.375-0700][gc,phases     ] GC(1053)   Post Evacuate Collection Set: 0.6ms
[2020-04-15T00:35:53.375-0700][gc,phases     ] GC(1053)   Other: 0.6ms
[2020-04-15T00:35:53.375-0700][gc,heap       ] GC(1053) Eden regions: 47->0(46)
[2020-04-15T00:35:53.375-0700][gc,heap       ] GC(1053) Survivor regions: 4->5(7)
[2020-04-15T00:35:53.375-0700][gc,heap       ] GC(1053) Old regions: 127->127
[2020-04-15T00:35:53.375-0700][gc,heap       ] GC(1053) Humongous regions: 130->130
[2020-04-15T00:35:53.375-0700][gc,metaspace  ] GC(1053) Metaspace: 28277K->28277K(1075200K)
[2020-04-15T00:35:53.375-0700][gc            ] GC(1053) Pause Young (Normal) (G1 Evacuation Pause) 307M->261M(1024M) 34.034ms
[2020-04-15T00:35:53.375-0700][gc,cpu        ] GC(1053) User=0.12s Sys=0.00s Real=0.03s
[2020-04-15T00:36:07.926-0700][gc,start      ] GC(1054) Pause Young (Normal) (G1 Evacuation Pause)
[2020-04-15T00:36:07.926-0700][gc,task       ] GC(1054) Using 4 workers of 4 for evacuation
[2020-04-15T00:36:07.956-0700][gc,mmu        ] GC(1054) MMU target violated: 21.0ms (20.0ms/21.0ms)
[2020-04-15T00:36:07.956-0700][gc,phases     ] GC(1054)   Pre Evacuate Collection Set: 0.0ms
[2020-04-15T00:36:07.956-0700][gc,phases     ] GC(1054)   Evacuate Collection Set: 28.2ms
[2020-04-15T00:36:07.956-0700][gc,phases     ] GC(1054)   Post Evacuate Collection Set: 0.8ms
[2020-04-15T00:36:07.956-0700][gc,phases     ] GC(1054)   Other: 0.6ms
[2020-04-15T00:36:07.956-0700][gc,heap       ] GC(1054) Eden regions: 46->0(47)
[2020-04-15T00:36:07.956-0700][gc,heap       ] GC(1054) Survivor regions: 5->4(7)
[2020-04-15T00:36:07.956-0700][gc,heap       ] GC(1054) Old regions: 127->129
[2020-04-15T00:36:07.956-0700][gc,heap       ] GC(1054) Humongous regions: 130->130
[2020-04-15T00:36:07.956-0700][gc,metaspace  ] GC(1054) Metaspace: 28277K->28277K(1075200K)
[2020-04-15T00:36:07.956-0700][gc            ] GC(1054) Pause Young (Normal) (G1 Evacuation Pause) 307M->262M(1024M) 29.779ms
[2020-04-15T00:36:07.956-0700][gc,cpu        ] GC(1054) User=0.11s Sys=0.00s Real=0.03s
[2020-04-15T00:36:22.942-0700][gc,start      ] GC(1055) Pause Young (Normal) (G1 Evacuation Pause)
[2020-04-15T00:36:22.942-0700][gc,task       ] GC(1055) Using 4 workers of 4 for evacuation
[2020-04-15T00:36:22.969-0700][gc,mmu        ] GC(1055) MMU target violated: 21.0ms (20.0ms/21.0ms)
[2020-04-15T00:36:22.969-0700][gc,phases     ] GC(1055)   Pre Evacuate Collection Set: 0.1ms
[2020-04-15T00:36:22.969-0700][gc,phases     ] GC(1055)   Evacuate Collection Set: 26.6ms
[2020-04-15T00:36:22.969-0700][gc,phases     ] GC(1055)   Post Evacuate Collection Set: 0.5ms
[2020-04-15T00:36:22.969-0700][gc,phases     ] GC(1055)   Other: 0.6ms
[2020-04-15T00:36:22.969-0700][gc,heap       ] GC(1055) Eden regions: 47->0(47)
[2020-04-15T00:36:22.969-0700][gc,heap       ] GC(1055) Survivor regions: 4->4(7)
[2020-04-15T00:36:22.969-0700][gc,heap       ] GC(1055) Old regions: 129->129
[2020-04-15T00:36:22.969-0700][gc,heap       ] GC(1055) Humongous regions: 130->130
[2020-04-15T00:36:22.969-0700][gc,metaspace  ] GC(1055) Metaspace: 28277K->28277K(1075200K)
[2020-04-15T00:36:22.970-0700][gc            ] GC(1055) Pause Young (Normal) (G1 Evacuation Pause) 309M->262M(1024M) 27.927ms
[2020-04-15T00:36:22.970-0700][gc,cpu        ] GC(1055) User=0.10s Sys=0.00s Real=0.03s
[2020-04-15T00:36:37.929-0700][gc,start      ] GC(1056) Pause Young (Normal) (G1 Evacuation Pause)
[2020-04-15T00:36:37.929-0700][gc,task       ] GC(1056) Using 4 workers of 4 for evacuation
[2020-04-15T00:36:37.959-0700][gc,mmu        ] GC(1056) MMU target violated: 21.0ms (20.0ms/21.0ms)
[2020-04-15T00:36:37.959-0700][gc,phases     ] GC(1056)   Pre Evacuate Collection Set: 0.1ms
[2020-04-15T00:36:37.959-0700][gc,phases     ] GC(1056)   Evacuate Collection Set: 28.2ms
[2020-04-15T00:36:37.959-0700][gc,phases     ] GC(1056)   Post Evacuate Collection Set: 0.7ms
[2020-04-15T00:36:37.959-0700][gc,phases     ] GC(1056)   Other: 0.7ms
[2020-04-15T00:36:37.959-0700][gc,heap       ] GC(1056) Eden regions: 47->0(47)
[2020-04-15T00:36:37.959-0700][gc,heap       ] GC(1056) Survivor regions: 4->4(7)
[2020-04-15T00:36:37.959-0700][gc,heap       ] GC(1056) Old regions: 129->129
[2020-04-15T00:36:37.959-0700][gc,heap       ] GC(1056) Humongous regions: 130->130
[2020-04-15T00:36:37.959-0700][gc,metaspace  ] GC(1056) Metaspace: 28277K->28277K(1075200K)
[2020-04-15T00:36:37.959-0700][gc            ] GC(1056) Pause Young (Normal) (G1 Evacuation Pause) 309M->262M(1024M) 29.776ms
[2020-04-15T00:36:37.959-0700][gc,cpu        ] GC(1056) User=0.10s Sys=0.00s Real=0.04s
[2020-04-15T00:36:52.794-0700][gc,start      ] GC(1057) Pause Young (Normal) (G1 Evacuation Pause)
[2020-04-15T00:36:52.794-0700][gc,task       ] GC(1057) Using 4 workers of 4 for evacuation
[2020-04-15T00:36:52.822-0700][gc,mmu        ] GC(1057) MMU target violated: 21.0ms (20.0ms/21.0ms)
[2020-04-15T00:36:52.822-0700][gc,phases     ] GC(1057)   Pre Evacuate Collection Set: 0.1ms
[2020-04-15T00:36:52.822-0700][gc,phases     ] GC(1057)   Evacuate Collection Set: 26.6ms
[2020-04-15T00:36:52.822-0700][gc,phases     ] GC(1057)   Post Evacuate Collection Set: 0.6ms
[2020-04-15T00:36:52.822-0700][gc,phases     ] GC(1057)   Other: 0.6ms
[2020-04-15T00:36:52.822-0700][gc,heap       ] GC(1057) Eden regions: 47->0(47)
[2020-04-15T00:36:52.822-0700][gc,heap       ] GC(1057) Survivor regions: 4->4(7)
[2020-04-15T00:36:52.822-0700][gc,heap       ] GC(1057) Old regions: 129->129
[2020-04-15T00:36:52.822-0700][gc,heap       ] GC(1057) Humongous regions: 130->130
[2020-04-15T00:36:52.822-0700][gc,metaspace  ] GC(1057) Metaspace: 28277K->28277K(1075200K)
[2020-04-15T00:36:52.822-0700][gc            ] GC(1057) Pause Young (Normal) (G1 Evacuation Pause) 309M->262M(1024M) 27.839ms
[2020-04-15T00:36:52.822-0700][gc,cpu        ] GC(1057) User=0.11s Sys=0.00s Real=0.03s
[2020-04-15T00:37:07.800-0700][gc,start      ] GC(1058) Pause Young (Normal) (G1 Evacuation Pause)
[2020-04-15T00:37:07.800-0700][gc,task       ] GC(1058) Using 4 workers of 4 for evacuation
[2020-04-15T00:37:07.828-0700][gc,mmu        ] GC(1058) MMU target violated: 21.0ms (20.0ms/21.0ms)
[2020-04-15T00:37:07.828-0700][gc,phases     ] GC(1058)   Pre Evacuate Collection Set: 0.1ms
[2020-04-15T00:37:07.828-0700][gc,phases     ] GC(1058)   Evacuate Collection Set: 27.2ms
[2020-04-15T00:37:07.828-0700][gc,phases     ] GC(1058)   Post Evacuate Collection Set: 0.5ms
[2020-04-15T00:37:07.828-0700][gc,phases     ] GC(1058)   Other: 0.6ms
[2020-04-15T00:37:07.828-0700][gc,heap       ] GC(1058) Eden regions: 47->0(47)
[2020-04-15T00:37:07.828-0700][gc,heap       ] GC(1058) Survivor regions: 4->4(7)
[2020-04-15T00:37:07.828-0700][gc,heap       ] GC(1058) Old regions: 129->130
[2020-04-15T00:37:07.828-0700][gc,heap       ] GC(1058) Humongous regions: 130->130
[2020-04-15T00:37:07.828-0700][gc,metaspace  ] GC(1058) Metaspace: 28277K->28277K(1075200K)
[2020-04-15T00:37:07.828-0700][gc            ] GC(1058) Pause Young (Normal) (G1 Evacuation Pause) 309M->263M(1024M) 28.439ms
[2020-04-15T00:37:07.828-0700][gc,cpu        ] GC(1058) User=0.11s Sys=0.00s Real=0.02s
[2020-04-15T00:37:22.806-0700][gc,start      ] GC(1059) Pause Young (Normal) (G1 Evacuation Pause)
[2020-04-15T00:37:22.807-0700][gc,task       ] GC(1059) Using 4 workers of 4 for evacuation
[2020-04-15T00:37:22.832-0700][gc,mmu        ] GC(1059) MMU target violated: 21.0ms (20.0ms/21.0ms)
[2020-04-15T00:37:22.833-0700][gc,phases     ] GC(1059)   Pre Evacuate Collection Set: 0.1ms
[2020-04-15T00:37:22.833-0700][gc,phases     ] GC(1059)   Evacuate Collection Set: 25.0ms
[2020-04-15T00:37:22.833-0700][gc,phases     ] GC(1059)   Post Evacuate Collection Set: 0.6ms
[2020-04-15T00:37:22.833-0700][gc,phases     ] GC(1059)   Other: 0.5ms
[2020-04-15T00:37:22.833-0700][gc,heap       ] GC(1059) Eden regions: 47->0(46)
[2020-04-15T00:37:22.833-0700][gc,heap       ] GC(1059) Survivor regions: 4->5(7)
[2020-04-15T00:37:22.833-0700][gc,heap       ] GC(1059) Old regions: 130->130
[2020-04-15T00:37:22.833-0700][gc,heap       ] GC(1059) Humongous regions: 130->130
[2020-04-15T00:37:22.833-0700][gc,metaspace  ] GC(1059) Metaspace: 28277K->28277K(1075200K)
[2020-04-15T00:37:22.833-0700][gc            ] GC(1059) Pause Young (Normal) (G1 Evacuation Pause) 310M->263M(1024M) 26.332ms
[2020-04-15T00:37:22.833-0700][gc,cpu        ] GC(1059) User=0.10s Sys=0.00s Real=0.03s
[2020-04-15T00:37:37.445-0700][gc,start      ] GC(1060) Pause Young (Normal) (G1 Evacuation Pause)
[2020-04-15T00:37:37.445-0700][gc,task       ] GC(1060) Using 4 workers of 4 for evacuation
[2020-04-15T00:37:37.474-0700][gc,mmu        ] GC(1060) MMU target violated: 21.0ms (20.0ms/21.0ms)
[2020-04-15T00:37:37.475-0700][gc,phases     ] GC(1060)   Pre Evacuate Collection Set: 0.1ms
[2020-04-15T00:37:37.475-0700][gc,phases     ] GC(1060)   Evacuate Collection Set: 28.0ms
[2020-04-15T00:37:37.475-0700][gc,phases     ] GC(1060)   Post Evacuate Collection Set: 0.7ms
[2020-04-15T00:37:37.475-0700][gc,phases     ] GC(1060)   Other: 0.6ms
[2020-04-15T00:37:37.475-0700][gc,heap       ] GC(1060) Eden regions: 46->0(47)
[2020-04-15T00:37:37.475-0700][gc,heap       ] GC(1060) Survivor regions: 5->4(7)
[2020-04-15T00:37:37.475-0700][gc,heap       ] GC(1060) Old regions: 130->130
[2020-04-15T00:37:37.475-0700][gc,heap       ] GC(1060) Humongous regions: 130->130
[2020-04-15T00:37:37.475-0700][gc,metaspace  ] GC(1060) Metaspace: 28277K->28277K(1075200K)
[2020-04-15T00:37:37.475-0700][gc            ] GC(1060) Pause Young (Normal) (G1 Evacuation Pause) 309M->263M(1024M) 29.551ms
[2020-04-15T00:37:37.475-0700][gc,cpu        ] GC(1060) User=0.10s Sys=0.00s Real=0.03s
[2020-04-15T00:37:52.329-0700][gc,start      ] GC(1061) Pause Young (Normal) (G1 Evacuation Pause)
[2020-04-15T00:37:52.329-0700][gc,task       ] GC(1061) Using 4 workers of 4 for evacuation
[2020-04-15T00:37:52.357-0700][gc,mmu        ] GC(1061) MMU target violated: 21.0ms (20.0ms/21.0ms)
[2020-04-15T00:37:52.358-0700][gc,phases     ] GC(1061)   Pre Evacuate Collection Set: 0.0ms
[2020-04-15T00:37:52.358-0700][gc,phases     ] GC(1061)   Evacuate Collection Set: 27.5ms
[2020-04-15T00:37:52.358-0700][gc,phases     ] GC(1061)   Post Evacuate Collection Set: 0.6ms
[2020-04-15T00:37:52.358-0700][gc,phases     ] GC(1061)   Other: 0.5ms
[2020-04-15T00:37:52.358-0700][gc,heap       ] GC(1061) Eden regions: 47->0(47)
[2020-04-15T00:37:52.358-0700][gc,heap       ] GC(1061) Survivor regions: 4->4(7)
[2020-04-15T00:37:52.358-0700][gc,heap       ] GC(1061) Old regions: 130->131
[2020-04-15T00:37:52.358-0700][gc,heap       ] GC(1061) Humongous regions: 130->130
[2020-04-15T00:37:52.358-0700][gc,metaspace  ] GC(1061) Metaspace: 28277K->28277K(1075200K)
[2020-04-15T00:37:52.358-0700][gc            ] GC(1061) Pause Young (Normal) (G1 Evacuation Pause) 310M->264M(1024M) 28.807ms
[2020-04-15T00:37:52.358-0700][gc,cpu        ] GC(1061) User=0.10s Sys=0.00s Real=0.04s
[2020-04-15T00:38:07.337-0700][gc,start      ] GC(1062) Pause Young (Normal) (G1 Evacuation Pause)
[2020-04-15T00:38:07.337-0700][gc,task       ] GC(1062) Using 4 workers of 4 for evacuation
[2020-04-15T00:38:07.364-0700][gc,mmu        ] GC(1062) MMU target violated: 21.0ms (20.0ms/21.0ms)
[2020-04-15T00:38:07.364-0700][gc,phases     ] GC(1062)   Pre Evacuate Collection Set: 0.1ms
[2020-04-15T00:38:07.364-0700][gc,phases     ] GC(1062)   Evacuate Collection Set: 26.8ms
[2020-04-15T00:38:07.364-0700][gc,phases     ] GC(1062)   Post Evacuate Collection Set: 0.6ms
[2020-04-15T00:38:07.364-0700][gc,phases     ] GC(1062)   Other: 0.5ms
[2020-04-15T00:38:07.365-0700][gc,heap       ] GC(1062) Eden regions: 47->0(47)
[2020-04-15T00:38:07.365-0700][gc,heap       ] GC(1062) Survivor regions: 4->4(7)
[2020-04-15T00:38:07.365-0700][gc,heap       ] GC(1062) Old regions: 131->131
[2020-04-15T00:38:07.365-0700][gc,heap       ] GC(1062) Humongous regions: 130->130
[2020-04-15T00:38:07.365-0700][gc,metaspace  ] GC(1062) Metaspace: 28277K->28277K(1075200K)
[2020-04-15T00:38:07.365-0700][gc            ] GC(1062) Pause Young (Normal) (G1 Evacuation Pause) 311M->264M(1024M) 28.114ms
[2020-04-15T00:38:07.365-0700][gc,cpu        ] GC(1062) User=0.10s Sys=0.00s Real=0.03s
[2020-04-15T00:38:22.306-0700][gc,start      ] GC(1063) Pause Young (Normal) (G1 Evacuation Pause)
[2020-04-15T00:38:22.307-0700][gc,task       ] GC(1063) Using 4 workers of 4 for evacuation
[2020-04-15T00:38:22.336-0700][gc,mmu        ] GC(1063) MMU target violated: 21.0ms (20.0ms/21.0ms)
[2020-04-15T00:38:22.336-0700][gc,phases     ] GC(1063)   Pre Evacuate Collection Set: 0.1ms
[2020-04-15T00:38:22.336-0700][gc,phases     ] GC(1063)   Evacuate Collection Set: 28.1ms
[2020-04-15T00:38:22.336-0700][gc,phases     ] GC(1063)   Post Evacuate Collection Set: 0.6ms
[2020-04-15T00:38:22.336-0700][gc,phases     ] GC(1063)   Other: 0.5ms
[2020-04-15T00:38:22.336-0700][gc,heap       ] GC(1063) Eden regions: 47->0(46)
[2020-04-15T00:38:22.336-0700][gc,heap       ] GC(1063) Survivor regions: 4->5(7)
[2020-04-15T00:38:22.336-0700][gc,heap       ] GC(1063) Old regions: 131->131
[2020-04-15T00:38:22.336-0700][gc,heap       ] GC(1063) Humongous regions: 130->130
[2020-04-15T00:38:22.336-0700][gc,metaspace  ] GC(1063) Metaspace: 28277K->28277K(1075200K)
[2020-04-15T00:38:22.336-0700][gc            ] GC(1063) Pause Young (Normal) (G1 Evacuation Pause) 311M->264M(1024M) 29.456ms
[2020-04-15T00:38:22.336-0700][gc,cpu        ] GC(1063) User=0.10s Sys=0.00s Real=0.03s
[2020-04-15T00:38:36.873-0700][gc,start      ] GC(1064) Pause Young (Normal) (G1 Evacuation Pause)
[2020-04-15T00:38:36.873-0700][gc,task       ] GC(1064) Using 4 workers of 4 for evacuation
[2020-04-15T00:38:36.901-0700][gc,mmu        ] GC(1064) MMU target violated: 21.0ms (20.0ms/21.0ms)
[2020-04-15T00:38:36.901-0700][gc,phases     ] GC(1064)   Pre Evacuate Collection Set: 0.0ms
[2020-04-15T00:38:36.901-0700][gc,phases     ] GC(1064)   Evacuate Collection Set: 26.5ms
[2020-04-15T00:38:36.901-0700][gc,phases     ] GC(1064)   Post Evacuate Collection Set: 0.7ms
[2020-04-15T00:38:36.901-0700][gc,phases     ] GC(1064)   Other: 0.6ms
[2020-04-15T00:38:36.901-0700][gc,heap       ] GC(1064) Eden regions: 46->0(47)
[2020-04-15T00:38:36.901-0700][gc,heap       ] GC(1064) Survivor regions: 5->4(7)
[2020-04-15T00:38:36.901-0700][gc,heap       ] GC(1064) Old regions: 131->132
[2020-04-15T00:38:36.901-0700][gc,heap       ] GC(1064) Humongous regions: 130->130
[2020-04-15T00:38:36.901-0700][gc,metaspace  ] GC(1064) Metaspace: 28277K->28277K(1075200K)
[2020-04-15T00:38:36.901-0700][gc            ] GC(1064) Pause Young (Normal) (G1 Evacuation Pause) 310M->265M(1024M) 27.946ms
[2020-04-15T00:38:36.901-0700][gc,cpu        ] GC(1064) User=0.11s Sys=0.00s Real=0.03s
[2020-04-15T00:38:51.827-0700][gc,start      ] GC(1065) Pause Young (Normal) (G1 Evacuation Pause)
[2020-04-15T00:38:51.827-0700][gc,task       ] GC(1065) Using 4 workers of 4 for evacuation
[2020-04-15T00:38:51.855-0700][gc,mmu        ] GC(1065) MMU target violated: 21.0ms (20.0ms/21.0ms)
[2020-04-15T00:38:51.855-0700][gc,phases     ] GC(1065)   Pre Evacuate Collection Set: 0.0ms
[2020-04-15T00:38:51.855-0700][gc,phases     ] GC(1065)   Evacuate Collection Set: 27.0ms
[2020-04-15T00:38:51.855-0700][gc,phases     ] GC(1065)   Post Evacuate Collection Set: 0.6ms
[2020-04-15T00:38:51.855-0700][gc,phases     ] GC(1065)   Other: 0.5ms
[2020-04-15T00:38:51.855-0700][gc,heap       ] GC(1065) Eden regions: 47->0(47)
[2020-04-15T00:38:51.855-0700][gc,heap       ] GC(1065) Survivor regions: 4->4(7)
[2020-04-15T00:38:51.855-0700][gc,heap       ] GC(1065) Old regions: 132->132
[2020-04-15T00:38:51.855-0700][gc,heap       ] GC(1065) Humongous regions: 130->130
[2020-04-15T00:38:51.855-0700][gc,metaspace  ] GC(1065) Metaspace: 28277K->28277K(1075200K)
[2020-04-15T00:38:51.855-0700][gc            ] GC(1065) Pause Young (Normal) (G1 Evacuation Pause) 312M->265M(1024M) 28.227ms
[2020-04-15T00:38:51.855-0700][gc,cpu        ] GC(1065) User=0.10s Sys=0.00s Real=0.03s
[2020-04-15T00:39:06.800-0700][gc,start      ] GC(1066) Pause Young (Normal) (G1 Evacuation Pause)
[2020-04-15T00:39:06.800-0700][gc,task       ] GC(1066) Using 4 workers of 4 for evacuation
[2020-04-15T00:39:06.831-0700][gc,mmu        ] GC(1066) MMU target violated: 21.0ms (20.0ms/21.0ms)
[2020-04-15T00:39:06.831-0700][gc,phases     ] GC(1066)   Pre Evacuate Collection Set: 0.1ms
[2020-04-15T00:39:06.831-0700][gc,phases     ] GC(1066)   Evacuate Collection Set: 29.8ms
[2020-04-15T00:39:06.831-0700][gc,phases     ] GC(1066)   Post Evacuate Collection Set: 0.5ms
[2020-04-15T00:39:06.831-0700][gc,phases     ] GC(1066)   Other: 0.6ms
[2020-04-15T00:39:06.831-0700][gc,heap       ] GC(1066) Eden regions: 47->0(46)
[2020-04-15T00:39:06.831-0700][gc,heap       ] GC(1066) Survivor regions: 4->5(7)
[2020-04-15T00:39:06.831-0700][gc,heap       ] GC(1066) Old regions: 132->132
[2020-04-15T00:39:06.831-0700][gc,heap       ] GC(1066) Humongous regions: 130->130
[2020-04-15T00:39:06.831-0700][gc,metaspace  ] GC(1066) Metaspace: 28277K->28277K(1075200K)
