[2020-04-15T01:18:53.492-0700][gc,heap       ] GC(1229) Humongous regions: 130->130
[2020-04-15T01:18:53.492-0700][gc,metaspace  ] GC(1229) Metaspace: 28288K->28288K(1075200K)
[2020-04-15T01:18:53.492-0700][gc            ] GC(1229) Pause Young (Normal) (G1 Evacuation Pause) 380M->333M(1024M) 63.826ms
[2020-04-15T01:18:53.492-0700][gc,cpu        ] GC(1229) User=0.12s Sys=0.00s Real=0.07s
[2020-04-15T01:19:07.840-0700][gc,start      ] GC(1230) Pause Young (Normal) (G1 Evacuation Pause)
[2020-04-15T01:19:07.840-0700][gc,task       ] GC(1230) Using 4 workers of 4 for evacuation
[2020-04-15T01:19:07.866-0700][gc,mmu        ] GC(1230) MMU target violated: 21.0ms (20.0ms/21.0ms)
[2020-04-15T01:19:07.866-0700][gc,phases     ] GC(1230)   Pre Evacuate Collection Set: 0.1ms
[2020-04-15T01:19:07.866-0700][gc,phases     ] GC(1230)   Evacuate Collection Set: 24.8ms
[2020-04-15T01:19:07.866-0700][gc,phases     ] GC(1230)   Post Evacuate Collection Set: 0.6ms
[2020-04-15T01:19:07.866-0700][gc,phases     ] GC(1230)   Other: 0.6ms
[2020-04-15T01:19:07.866-0700][gc,heap       ] GC(1230) Eden regions: 47->0(47)
[2020-04-15T01:19:07.866-0700][gc,heap       ] GC(1230) Survivor regions: 4->4(7)
[2020-04-15T01:19:07.866-0700][gc,heap       ] GC(1230) Old regions: 200->201
[2020-04-15T01:19:07.866-0700][gc,heap       ] GC(1230) Humongous regions: 130->130
[2020-04-15T01:19:07.866-0700][gc,metaspace  ] GC(1230) Metaspace: 28288K->28288K(1075200K)
[2020-04-15T01:19:07.866-0700][gc            ] GC(1230) Pause Young (Normal) (G1 Evacuation Pause) 380M->333M(1024M) 26.250ms
[2020-04-15T01:19:07.866-0700][gc,cpu        ] GC(1230) User=0.09s Sys=0.00s Real=0.02s
[2020-04-15T01:19:22.194-0700][gc,start      ] GC(1231) Pause Young (Normal) (G1 Evacuation Pause)
[2020-04-15T01:19:22.194-0700][gc,task       ] GC(1231) Using 4 workers of 4 for evacuation
[2020-04-15T01:19:22.222-0700][gc,mmu        ] GC(1231) MMU target violated: 21.0ms (20.0ms/21.0ms)
[2020-04-15T01:19:22.222-0700][gc,phases     ] GC(1231)   Pre Evacuate Collection Set: 0.0ms
[2020-04-15T01:19:22.222-0700][gc,phases     ] GC(1231)   Evacuate Collection Set: 26.4ms
[2020-04-15T01:19:22.222-0700][gc,phases     ] GC(1231)   Post Evacuate Collection Set: 0.6ms
[2020-04-15T01:19:22.222-0700][gc,phases     ] GC(1231)   Other: 0.5ms
[2020-04-15T01:19:22.222-0700][gc,heap       ] GC(1231) Eden regions: 47->0(46)
[2020-04-15T01:19:22.222-0700][gc,heap       ] GC(1231) Survivor regions: 4->5(7)
[2020-04-15T01:19:22.222-0700][gc,heap       ] GC(1231) Old regions: 201->201
[2020-04-15T01:19:22.222-0700][gc,heap       ] GC(1231) Humongous regions: 130->130
[2020-04-15T01:19:22.222-0700][gc,metaspace  ] GC(1231) Metaspace: 28288K->28288K(1075200K)
[2020-04-15T01:19:22.222-0700][gc            ] GC(1231) Pause Young (Normal) (G1 Evacuation Pause) 380M->334M(1024M) 27.638ms
[2020-04-15T01:19:22.222-0700][gc,cpu        ] GC(1231) User=0.09s Sys=0.00s Real=0.03s
[2020-04-15T01:19:36.748-0700][gc,start      ] GC(1232) Pause Young (Normal) (G1 Evacuation Pause)
[2020-04-15T01:19:36.748-0700][gc,task       ] GC(1232) Using 4 workers of 4 for evacuation
[2020-04-15T01:19:36.795-0700][gc,mmu        ] GC(1232) MMU target violated: 21.0ms (20.0ms/21.0ms)
[2020-04-15T01:19:36.795-0700][gc,phases     ] GC(1232)   Pre Evacuate Collection Set: 0.1ms
[2020-04-15T01:19:36.795-0700][gc,phases     ] GC(1232)   Evacuate Collection Set: 46.3ms
[2020-04-15T01:19:36.795-0700][gc,phases     ] GC(1232)   Post Evacuate Collection Set: 0.5ms
[2020-04-15T01:19:36.795-0700][gc,phases     ] GC(1232)   Other: 0.7ms
[2020-04-15T01:19:36.795-0700][gc,heap       ] GC(1232) Eden regions: 46->0(47)
[2020-04-15T01:19:36.795-0700][gc,heap       ] GC(1232) Survivor regions: 5->4(7)
[2020-04-15T01:19:36.795-0700][gc,heap       ] GC(1232) Old regions: 201->201
[2020-04-15T01:19:36.795-0700][gc,heap       ] GC(1232) Humongous regions: 130->130
[2020-04-15T01:19:36.795-0700][gc,metaspace  ] GC(1232) Metaspace: 28288K->28288K(1075200K)
[2020-04-15T01:19:36.795-0700][gc            ] GC(1232) Pause Young (Normal) (G1 Evacuation Pause) 380M->334M(1024M) 47.691ms
[2020-04-15T01:19:36.795-0700][gc,cpu        ] GC(1232) User=0.11s Sys=0.01s Real=0.05s
[2020-04-15T01:19:51.124-0700][gc,start      ] GC(1233) Pause Young (Normal) (G1 Evacuation Pause)
[2020-04-15T01:19:51.124-0700][gc,task       ] GC(1233) Using 4 workers of 4 for evacuation
[2020-04-15T01:19:51.162-0700][gc,mmu        ] GC(1233) MMU target violated: 21.0ms (20.0ms/21.0ms)
[2020-04-15T01:19:51.162-0700][gc,phases     ] GC(1233)   Pre Evacuate Collection Set: 0.1ms
[2020-04-15T01:19:51.162-0700][gc,phases     ] GC(1233)   Evacuate Collection Set: 36.9ms
[2020-04-15T01:19:51.162-0700][gc,phases     ] GC(1233)   Post Evacuate Collection Set: 0.5ms
[2020-04-15T01:19:51.162-0700][gc,phases     ] GC(1233)   Other: 0.6ms
[2020-04-15T01:19:51.162-0700][gc,heap       ] GC(1233) Eden regions: 47->0(47)
[2020-04-15T01:19:51.162-0700][gc,heap       ] GC(1233) Survivor regions: 4->4(7)
[2020-04-15T01:19:51.162-0700][gc,heap       ] GC(1233) Old regions: 201->202
[2020-04-15T01:19:51.162-0700][gc,heap       ] GC(1233) Humongous regions: 130->130
[2020-04-15T01:19:51.162-0700][gc,metaspace  ] GC(1233) Metaspace: 28288K->28288K(1075200K)
[2020-04-15T01:19:51.162-0700][gc            ] GC(1233) Pause Young (Normal) (G1 Evacuation Pause) 381M->335M(1024M) 38.178ms
[2020-04-15T01:19:51.162-0700][gc,cpu        ] GC(1233) User=0.09s Sys=0.01s Real=0.04s
[2020-04-15T01:20:05.511-0700][gc,start      ] GC(1234) Pause Young (Normal) (G1 Evacuation Pause)
[2020-04-15T01:20:05.512-0700][gc,task       ] GC(1234) Using 4 workers of 4 for evacuation
[2020-04-15T01:20:05.554-0700][gc,mmu        ] GC(1234) MMU target violated: 21.0ms (20.0ms/21.0ms)
[2020-04-15T01:20:05.554-0700][gc,phases     ] GC(1234)   Pre Evacuate Collection Set: 0.0ms
[2020-04-15T01:20:05.554-0700][gc,phases     ] GC(1234)   Evacuate Collection Set: 41.1ms
[2020-04-15T01:20:05.554-0700][gc,phases     ] GC(1234)   Post Evacuate Collection Set: 1.4ms
[2020-04-15T01:20:05.554-0700][gc,phases     ] GC(1234)   Other: 0.5ms
[2020-04-15T01:20:05.555-0700][gc,heap       ] GC(1234) Eden regions: 47->0(46)
[2020-04-15T01:20:05.555-0700][gc,heap       ] GC(1234) Survivor regions: 4->5(7)
[2020-04-15T01:20:05.555-0700][gc,heap       ] GC(1234) Old regions: 202->202
[2020-04-15T01:20:05.555-0700][gc,heap       ] GC(1234) Humongous regions: 130->130
[2020-04-15T01:20:05.555-0700][gc,metaspace  ] GC(1234) Metaspace: 28288K->28288K(1075200K)
[2020-04-15T01:20:05.555-0700][gc            ] GC(1234) Pause Young (Normal) (G1 Evacuation Pause) 382M->335M(1024M) 43.161ms
[2020-04-15T01:20:05.555-0700][gc,cpu        ] GC(1234) User=0.10s Sys=0.00s Real=0.04s
[2020-04-15T01:20:19.607-0700][gc,start      ] GC(1235) Pause Young (Normal) (G1 Evacuation Pause)
[2020-04-15T01:20:19.607-0700][gc,task       ] GC(1235) Using 4 workers of 4 for evacuation
[2020-04-15T01:20:19.646-0700][gc,mmu        ] GC(1235) MMU target violated: 21.0ms (20.0ms/21.0ms)
[2020-04-15T01:20:19.646-0700][gc,phases     ] GC(1235)   Pre Evacuate Collection Set: 0.0ms
[2020-04-15T01:20:19.646-0700][gc,phases     ] GC(1235)   Evacuate Collection Set: 37.2ms
[2020-04-15T01:20:19.646-0700][gc,phases     ] GC(1235)   Post Evacuate Collection Set: 1.5ms
[2020-04-15T01:20:19.646-0700][gc,phases     ] GC(1235)   Other: 0.5ms
[2020-04-15T01:20:19.646-0700][gc,heap       ] GC(1235) Eden regions: 46->0(47)
[2020-04-15T01:20:19.646-0700][gc,heap       ] GC(1235) Survivor regions: 5->4(7)
[2020-04-15T01:20:19.646-0700][gc,heap       ] GC(1235) Old regions: 202->202
[2020-04-15T01:20:19.646-0700][gc,heap       ] GC(1235) Humongous regions: 130->130
[2020-04-15T01:20:19.646-0700][gc,metaspace  ] GC(1235) Metaspace: 28288K->28288K(1075200K)
[2020-04-15T01:20:19.646-0700][gc            ] GC(1235) Pause Young (Normal) (G1 Evacuation Pause) 381M->335M(1024M) 39.465ms
[2020-04-15T01:20:19.647-0700][gc,cpu        ] GC(1235) User=0.09s Sys=0.00s Real=0.04s
[2020-04-15T01:20:34.008-0700][gc,start      ] GC(1236) Pause Young (Normal) (G1 Evacuation Pause)
[2020-04-15T01:20:34.008-0700][gc,task       ] GC(1236) Using 4 workers of 4 for evacuation
[2020-04-15T01:20:34.032-0700][gc,mmu        ] GC(1236) MMU target violated: 21.0ms (20.0ms/21.0ms)
[2020-04-15T01:20:34.032-0700][gc,phases     ] GC(1236)   Pre Evacuate Collection Set: 0.0ms
[2020-04-15T01:20:34.033-0700][gc,phases     ] GC(1236)   Evacuate Collection Set: 23.7ms
[2020-04-15T01:20:34.033-0700][gc,phases     ] GC(1236)   Post Evacuate Collection Set: 0.4ms
[2020-04-15T01:20:34.033-0700][gc,phases     ] GC(1236)   Other: 0.5ms
[2020-04-15T01:20:34.033-0700][gc,heap       ] GC(1236) Eden regions: 47->0(47)
[2020-04-15T01:20:34.033-0700][gc,heap       ] GC(1236) Survivor regions: 4->4(7)
[2020-04-15T01:20:34.033-0700][gc,heap       ] GC(1236) Old regions: 202->202
[2020-04-15T01:20:34.033-0700][gc,heap       ] GC(1236) Humongous regions: 130->130
[2020-04-15T01:20:34.033-0700][gc,metaspace  ] GC(1236) Metaspace: 28288K->28288K(1075200K)
[2020-04-15T01:20:34.033-0700][gc            ] GC(1236) Pause Young (Normal) (G1 Evacuation Pause) 382M->335M(1024M) 24.801ms
[2020-04-15T01:20:34.033-0700][gc,cpu        ] GC(1236) User=0.09s Sys=0.00s Real=0.03s
[2020-04-15T01:20:48.346-0700][gc,start      ] GC(1237) Pause Young (Normal) (G1 Evacuation Pause)
[2020-04-15T01:20:48.346-0700][gc,task       ] GC(1237) Using 4 workers of 4 for evacuation
[2020-04-15T01:20:48.375-0700][gc,mmu        ] GC(1237) MMU target violated: 21.0ms (20.0ms/21.0ms)
[2020-04-15T01:20:48.375-0700][gc,phases     ] GC(1237)   Pre Evacuate Collection Set: 0.0ms
[2020-04-15T01:20:48.375-0700][gc,phases     ] GC(1237)   Evacuate Collection Set: 27.6ms
[2020-04-15T01:20:48.375-0700][gc,phases     ] GC(1237)   Post Evacuate Collection Set: 0.7ms
[2020-04-15T01:20:48.375-0700][gc,phases     ] GC(1237)   Other: 0.4ms
[2020-04-15T01:20:48.375-0700][gc,heap       ] GC(1237) Eden regions: 47->0(46)
[2020-04-15T01:20:48.375-0700][gc,heap       ] GC(1237) Survivor regions: 4->5(7)
[2020-04-15T01:20:48.375-0700][gc,heap       ] GC(1237) Old regions: 202->203
[2020-04-15T01:20:48.375-0700][gc,heap       ] GC(1237) Humongous regions: 130->130
[2020-04-15T01:20:48.375-0700][gc,metaspace  ] GC(1237) Metaspace: 28288K->28288K(1075200K)
[2020-04-15T01:20:48.375-0700][gc            ] GC(1237) Pause Young (Normal) (G1 Evacuation Pause) 382M->337M(1024M) 28.845ms
[2020-04-15T01:20:48.375-0700][gc,cpu        ] GC(1237) User=0.10s Sys=0.00s Real=0.03s
[2020-04-15T01:21:02.355-0700][gc,start      ] GC(1238) Pause Young (Normal) (G1 Evacuation Pause)
[2020-04-15T01:21:02.355-0700][gc,task       ] GC(1238) Using 4 workers of 4 for evacuation
[2020-04-15T01:21:02.367-0700][gc,phases     ] GC(1238)   Pre Evacuate Collection Set: 0.0ms
[2020-04-15T01:21:02.367-0700][gc,phases     ] GC(1238)   Evacuate Collection Set: 11.9ms
[2020-04-15T01:21:02.367-0700][gc,phases     ] GC(1238)   Post Evacuate Collection Set: 0.3ms
[2020-04-15T01:21:02.367-0700][gc,phases     ] GC(1238)   Other: 0.2ms
[2020-04-15T01:21:02.367-0700][gc,heap       ] GC(1238) Eden regions: 46->0(47)
[2020-04-15T01:21:02.367-0700][gc,heap       ] GC(1238) Survivor regions: 5->4(7)
[2020-04-15T01:21:02.367-0700][gc,heap       ] GC(1238) Old regions: 203->204
[2020-04-15T01:21:02.367-0700][gc,heap       ] GC(1238) Humongous regions: 130->130
[2020-04-15T01:21:02.367-0700][gc,metaspace  ] GC(1238) Metaspace: 28288K->28288K(1075200K)
[2020-04-15T01:21:02.367-0700][gc            ] GC(1238) Pause Young (Normal) (G1 Evacuation Pause) 383M->337M(1024M) 12.574ms
[2020-04-15T01:21:02.367-0700][gc,cpu        ] GC(1238) User=0.03s Sys=0.00s Real=0.01s
[2020-04-15T01:21:16.588-0700][gc,start      ] GC(1239) Pause Young (Normal) (G1 Evacuation Pause)
[2020-04-15T01:21:16.588-0700][gc,task       ] GC(1239) Using 4 workers of 4 for evacuation
[2020-04-15T01:21:16.597-0700][gc,phases     ] GC(1239)   Pre Evacuate Collection Set: 0.0ms
[2020-04-15T01:21:16.598-0700][gc,phases     ] GC(1239)   Evacuate Collection Set: 8.9ms
[2020-04-15T01:21:16.598-0700][gc,phases     ] GC(1239)   Post Evacuate Collection Set: 0.2ms
[2020-04-15T01:21:16.598-0700][gc,phases     ] GC(1239)   Other: 0.2ms
[2020-04-15T01:21:16.598-0700][gc,heap       ] GC(1239) Eden regions: 47->0(47)
[2020-04-15T01:21:16.598-0700][gc,heap       ] GC(1239) Survivor regions: 4->4(7)
[2020-04-15T01:21:16.598-0700][gc,heap       ] GC(1239) Old regions: 204->204
[2020-04-15T01:21:16.598-0700][gc,heap       ] GC(1239) Humongous regions: 130->130
[2020-04-15T01:21:16.598-0700][gc,metaspace  ] GC(1239) Metaspace: 28288K->28288K(1075200K)
[2020-04-15T01:21:16.598-0700][gc            ] GC(1239) Pause Young (Normal) (G1 Evacuation Pause) 384M->337M(1024M) 9.344ms
[2020-04-15T01:21:16.598-0700][gc,cpu        ] GC(1239) User=0.03s Sys=0.00s Real=0.02s
[2020-04-15T01:21:30.787-0700][gc,start      ] GC(1240) Pause Young (Normal) (G1 Evacuation Pause)
[2020-04-15T01:21:30.787-0700][gc,task       ] GC(1240) Using 4 workers of 4 for evacuation
[2020-04-15T01:21:30.801-0700][gc,phases     ] GC(1240)   Pre Evacuate Collection Set: 0.0ms
[2020-04-15T01:21:30.801-0700][gc,phases     ] GC(1240)   Evacuate Collection Set: 14.1ms
[2020-04-15T01:21:30.801-0700][gc,phases     ] GC(1240)   Post Evacuate Collection Set: 0.3ms
[2020-04-15T01:21:30.801-0700][gc,phases     ] GC(1240)   Other: 0.2ms
[2020-04-15T01:21:30.801-0700][gc,heap       ] GC(1240) Eden regions: 47->0(47)
[2020-04-15T01:21:30.801-0700][gc,heap       ] GC(1240) Survivor regions: 4->4(7)
[2020-04-15T01:21:30.802-0700][gc,heap       ] GC(1240) Old regions: 204->205
[2020-04-15T01:21:30.802-0700][gc,heap       ] GC(1240) Humongous regions: 130->130
[2020-04-15T01:21:30.802-0700][gc,metaspace  ] GC(1240) Metaspace: 28288K->28288K(1075200K)
[2020-04-15T01:21:30.802-0700][gc            ] GC(1240) Pause Young (Normal) (G1 Evacuation Pause) 384M->338M(1024M) 14.768ms
[2020-04-15T01:21:30.802-0700][gc,cpu        ] GC(1240) User=0.03s Sys=0.01s Real=0.02s
[2020-04-15T01:21:44.854-0700][gc,start      ] GC(1241) Pause Young (Normal) (G1 Evacuation Pause)
[2020-04-15T01:21:44.854-0700][gc,task       ] GC(1241) Using 4 workers of 4 for evacuation
[2020-04-15T01:21:44.862-0700][gc,phases     ] GC(1241)   Pre Evacuate Collection Set: 0.0ms
[2020-04-15T01:21:44.862-0700][gc,phases     ] GC(1241)   Evacuate Collection Set: 7.9ms
[2020-04-15T01:21:44.862-0700][gc,phases     ] GC(1241)   Post Evacuate Collection Set: 0.3ms
[2020-04-15T01:21:44.862-0700][gc,phases     ] GC(1241)   Other: 0.2ms
[2020-04-15T01:21:44.862-0700][gc,heap       ] GC(1241) Eden regions: 47->0(48)
[2020-04-15T01:21:44.862-0700][gc,heap       ] GC(1241) Survivor regions: 4->4(7)
[2020-04-15T01:21:44.862-0700][gc,heap       ] GC(1241) Old regions: 205->205
[2020-04-15T01:21:44.862-0700][gc,heap       ] GC(1241) Humongous regions: 130->130
[2020-04-15T01:21:44.862-0700][gc,metaspace  ] GC(1241) Metaspace: 28288K->28288K(1075200K)
[2020-04-15T01:21:44.862-0700][gc            ] GC(1241) Pause Young (Normal) (G1 Evacuation Pause) 385M->338M(1024M) 8.607ms
[2020-04-15T01:21:44.862-0700][gc,cpu        ] GC(1241) User=0.03s Sys=0.00s Real=0.01s
[2020-04-15T01:21:59.918-0700][gc,start      ] GC(1242) Pause Young (Normal) (G1 Evacuation Pause)
[2020-04-15T01:21:59.918-0700][gc,task       ] GC(1242) Using 4 workers of 4 for evacuation
[2020-04-15T01:21:59.931-0700][gc,phases     ] GC(1242)   Pre Evacuate Collection Set: 0.0ms
[2020-04-15T01:21:59.931-0700][gc,phases     ] GC(1242)   Evacuate Collection Set: 11.9ms
[2020-04-15T01:21:59.931-0700][gc,phases     ] GC(1242)   Post Evacuate Collection Set: 0.5ms
[2020-04-15T01:21:59.931-0700][gc,phases     ] GC(1242)   Other: 0.3ms
[2020-04-15T01:21:59.931-0700][gc,heap       ] GC(1242) Eden regions: 48->0(50)
[2020-04-15T01:21:59.931-0700][gc,heap       ] GC(1242) Survivor regions: 4->5(7)
[2020-04-15T01:21:59.931-0700][gc,heap       ] GC(1242) Old regions: 205->205
[2020-04-15T01:21:59.931-0700][gc,heap       ] GC(1242) Humongous regions: 130->130
[2020-04-15T01:21:59.931-0700][gc,metaspace  ] GC(1242) Metaspace: 28288K->28288K(1075200K)
[2020-04-15T01:21:59.931-0700][gc            ] GC(1242) Pause Young (Normal) (G1 Evacuation Pause) 386M->339M(1024M) 12.787ms
[2020-04-15T01:21:59.931-0700][gc,cpu        ] GC(1242) User=0.03s Sys=0.00s Real=0.01s
[2020-04-15T01:22:15.309-0700][gc,start      ] GC(1243) Pause Young (Normal) (G1 Evacuation Pause)
[2020-04-15T01:22:15.309-0700][gc,task       ] GC(1243) Using 4 workers of 4 for evacuation
[2020-04-15T01:22:15.321-0700][gc,phases     ] GC(1243)   Pre Evacuate Collection Set: 0.0ms
[2020-04-15T01:22:15.321-0700][gc,phases     ] GC(1243)   Evacuate Collection Set: 10.7ms
[2020-04-15T01:22:15.321-0700][gc,phases     ] GC(1243)   Post Evacuate Collection Set: 0.8ms
[2020-04-15T01:22:15.321-0700][gc,phases     ] GC(1243)   Other: 0.2ms
[2020-04-15T01:22:15.321-0700][gc,heap       ] GC(1243) Eden regions: 50->0(53)
[2020-04-15T01:22:15.321-0700][gc,heap       ] GC(1243) Survivor regions: 5->5(7)
[2020-04-15T01:22:15.321-0700][gc,heap       ] GC(1243) Old regions: 205->206
[2020-04-15T01:22:15.321-0700][gc,heap       ] GC(1243) Humongous regions: 130->130
[2020-04-15T01:22:15.321-0700][gc,metaspace  ] GC(1243) Metaspace: 28288K->28288K(1075200K)
[2020-04-15T01:22:15.321-0700][gc            ] GC(1243) Pause Young (Normal) (G1 Evacuation Pause) 389M->339M(1024M) 11.867ms
[2020-04-15T01:22:15.321-0700][gc,cpu        ] GC(1243) User=0.04s Sys=0.00s Real=0.02s
[2020-04-15T01:22:31.290-0700][gc,start      ] GC(1244) Pause Young (Normal) (G1 Evacuation Pause)
[2020-04-15T01:22:31.290-0700][gc,task       ] GC(1244) Using 4 workers of 4 for evacuation
[2020-04-15T01:22:31.303-0700][gc,phases     ] GC(1244)   Pre Evacuate Collection Set: 0.0ms
[2020-04-15T01:22:31.303-0700][gc,phases     ] GC(1244)   Evacuate Collection Set: 10.1ms
[2020-04-15T01:22:31.303-0700][gc,phases     ] GC(1244)   Post Evacuate Collection Set: 2.6ms
[2020-04-15T01:22:31.303-0700][gc,phases     ] GC(1244)   Other: 0.2ms
[2020-04-15T01:22:31.303-0700][gc,heap       ] GC(1244) Eden regions: 53->0(54)
[2020-04-15T01:22:31.303-0700][gc,heap       ] GC(1244) Survivor regions: 5->4(8)
[2020-04-15T01:22:31.303-0700][gc,heap       ] GC(1244) Old regions: 206->206
[2020-04-15T01:22:31.303-0700][gc,heap       ] GC(1244) Humongous regions: 130->130
[2020-04-15T01:22:31.303-0700][gc,metaspace  ] GC(1244) Metaspace: 28288K->28288K(1075200K)
[2020-04-15T01:22:31.304-0700][gc            ] GC(1244) Pause Young (Normal) (G1 Evacuation Pause) 392M->339M(1024M) 13.058ms
[2020-04-15T01:22:31.304-0700][gc,cpu        ] GC(1244) User=0.03s Sys=0.00s Real=0.01s
[2020-04-15T01:22:48.131-0700][gc,start      ] GC(1245) Pause Young (Normal) (G1 Evacuation Pause)
[2020-04-15T01:22:48.131-0700][gc,task       ] GC(1245) Using 4 workers of 4 for evacuation
[2020-04-15T01:22:48.149-0700][gc,phases     ] GC(1245)   Pre Evacuate Collection Set: 0.0ms
[2020-04-15T01:22:48.149-0700][gc,phases     ] GC(1245)   Evacuate Collection Set: 17.9ms
[2020-04-15T01:22:48.149-0700][gc,phases     ] GC(1245)   Post Evacuate Collection Set: 0.4ms
[2020-04-15T01:22:48.150-0700][gc,phases     ] GC(1245)   Other: 0.2ms
[2020-04-15T01:22:48.150-0700][gc,heap       ] GC(1245) Eden regions: 54->0(55)
[2020-04-15T01:22:48.150-0700][gc,heap       ] GC(1245) Survivor regions: 4->5(8)
[2020-04-15T01:22:48.150-0700][gc,heap       ] GC(1245) Old regions: 206->206
[2020-04-15T01:22:48.150-0700][gc,heap       ] GC(1245) Humongous regions: 130->130
[2020-04-15T01:22:48.150-0700][gc,metaspace  ] GC(1245) Metaspace: 28288K->28288K(1075200K)
[2020-04-15T01:22:48.150-0700][gc            ] GC(1245) Pause Young (Normal) (G1 Evacuation Pause) 393M->340M(1024M) 18.625ms
[2020-04-15T01:22:48.150-0700][gc,cpu        ] GC(1245) User=0.05s Sys=0.00s Real=0.02s
[2020-04-15T01:23:05.035-0700][gc,start      ] GC(1246) Pause Young (Normal) (G1 Evacuation Pause)
[2020-04-15T01:23:05.035-0700][gc,task       ] GC(1246) Using 4 workers of 4 for evacuation
[2020-04-15T01:23:05.050-0700][gc,phases     ] GC(1246)   Pre Evacuate Collection Set: 0.0ms
[2020-04-15T01:23:05.050-0700][gc,phases     ] GC(1246)   Evacuate Collection Set: 14.5ms
[2020-04-15T01:23:05.050-0700][gc,phases     ] GC(1246)   Post Evacuate Collection Set: 0.3ms
[2020-04-15T01:23:05.050-0700][gc,phases     ] GC(1246)   Other: 0.3ms
[2020-04-15T01:23:05.050-0700][gc,heap       ] GC(1246) Eden regions: 55->0(56)
[2020-04-15T01:23:05.050-0700][gc,heap       ] GC(1246) Survivor regions: 5->4(8)
[2020-04-15T01:23:05.050-0700][gc,heap       ] GC(1246) Old regions: 206->207
[2020-04-15T01:23:05.050-0700][gc,heap       ] GC(1246) Humongous regions: 130->130
[2020-04-15T01:23:05.050-0700][gc,metaspace  ] GC(1246) Metaspace: 28288K->28288K(1075200K)
[2020-04-15T01:23:05.050-0700][gc            ] GC(1246) Pause Young (Normal) (G1 Evacuation Pause) 395M->340M(1024M) 15.314ms
[2020-04-15T01:23:05.050-0700][gc,cpu        ] GC(1246) User=0.04s Sys=0.00s Real=0.02s
[2020-04-15T01:23:22.344-0700][gc,start      ] GC(1247) Pause Young (Normal) (G1 Evacuation Pause)
[2020-04-15T01:23:22.344-0700][gc,task       ] GC(1247) Using 4 workers of 4 for evacuation
[2020-04-15T01:23:22.354-0700][gc,phases     ] GC(1247)   Pre Evacuate Collection Set: 0.0ms
[2020-04-15T01:23:22.354-0700][gc,phases     ] GC(1247)   Evacuate Collection Set: 9.3ms
[2020-04-15T01:23:22.354-0700][gc,phases     ] GC(1247)   Post Evacuate Collection Set: 0.3ms
[2020-04-15T01:23:22.354-0700][gc,phases     ] GC(1247)   Other: 0.2ms
[2020-04-15T01:23:22.354-0700][gc,heap       ] GC(1247) Eden regions: 56->0(60)
[2020-04-15T01:23:22.354-0700][gc,heap       ] GC(1247) Survivor regions: 4->5(8)
[2020-04-15T01:23:22.354-0700][gc,heap       ] GC(1247) Old regions: 207->207
[2020-04-15T01:23:22.354-0700][gc,heap       ] GC(1247) Humongous regions: 130->130
[2020-04-15T01:23:22.354-0700][gc,metaspace  ] GC(1247) Metaspace: 28288K->28288K(1075200K)
[2020-04-15T01:23:22.354-0700][gc            ] GC(1247) Pause Young (Normal) (G1 Evacuation Pause) 396M->340M(1024M) 9.800ms
[2020-04-15T01:23:22.354-0700][gc,cpu        ] GC(1247) User=0.03s Sys=0.00s Real=0.01s
[2020-04-15T01:23:41.163-0700][gc,start      ] GC(1248) Pause Young (Normal) (G1 Evacuation Pause)
[2020-04-15T01:23:41.163-0700][gc,task       ] GC(1248) Using 4 workers of 4 for evacuation
[2020-04-15T01:23:41.196-0700][gc,mmu        ] GC(1248) MMU target violated: 21.0ms (20.0ms/21.0ms)
[2020-04-15T01:23:41.196-0700][gc,phases     ] GC(1248)   Pre Evacuate Collection Set: 0.0ms
[2020-04-15T01:23:41.196-0700][gc,phases     ] GC(1248)   Evacuate Collection Set: 32.0ms
[2020-04-15T01:23:41.196-0700][gc,phases     ] GC(1248)   Post Evacuate Collection Set: 0.5ms
[2020-04-15T01:23:41.196-0700][gc,phases     ] GC(1248)   Other: 0.4ms
[2020-04-15T01:23:41.196-0700][gc,heap       ] GC(1248) Eden regions: 60->0(54)
[2020-04-15T01:23:41.196-0700][gc,heap       ] GC(1248) Survivor regions: 5->5(9)
[2020-04-15T01:23:41.196-0700][gc,heap       ] GC(1248) Old regions: 207->207
[2020-04-15T01:23:41.196-0700][gc,heap       ] GC(1248) Humongous regions: 130->130
[2020-04-15T01:23:41.196-0700][gc,metaspace  ] GC(1248) Metaspace: 28288K->28288K(1075200K)
[2020-04-15T01:23:41.196-0700][gc            ] GC(1248) Pause Young (Normal) (G1 Evacuation Pause) 400M->341M(1024M) 33.004ms
[2020-04-15T01:23:41.196-0700][gc,cpu        ] GC(1248) User=0.04s Sys=0.00s Real=0.03s
[2020-04-15T01:23:58.259-0700][gc,start      ] GC(1249) Pause Young (Normal) (G1 Evacuation Pause)
[2020-04-15T01:23:58.259-0700][gc,task       ] GC(1249) Using 4 workers of 4 for evacuation
[2020-04-15T01:23:58.280-0700][gc,mmu        ] GC(1249) MMU target violated: 21.0ms (20.0ms/21.0ms)
[2020-04-15T01:23:58.280-0700][gc,phases     ] GC(1249)   Pre Evacuate Collection Set: 0.0ms
[2020-04-15T01:23:58.280-0700][gc,phases     ] GC(1249)   Evacuate Collection Set: 20.7ms
[2020-04-15T01:23:58.280-0700][gc,phases     ] GC(1249)   Post Evacuate Collection Set: 0.3ms
[2020-04-15T01:23:58.280-0700][gc,phases     ] GC(1249)   Other: 0.3ms
[2020-04-15T01:23:58.281-0700][gc,heap       ] GC(1249) Eden regions: 54->0(55)
[2020-04-15T01:23:58.281-0700][gc,heap       ] GC(1249) Survivor regions: 5->6(8)
[2020-04-15T01:23:58.281-0700][gc,heap       ] GC(1249) Old regions: 207->208
[2020-04-15T01:23:58.281-0700][gc,heap       ] GC(1249) Humongous regions: 130->130
[2020-04-15T01:23:58.281-0700][gc,metaspace  ] GC(1249) Metaspace: 28288K->28288K(1075200K)
[2020-04-15T01:23:58.281-0700][gc            ] GC(1249) Pause Young (Normal) (G1 Evacuation Pause) 395M->342M(1024M) 21.426ms
[2020-04-15T01:23:58.281-0700][gc,cpu        ] GC(1249) User=0.03s Sys=0.00s Real=0.02s
[2020-04-15T01:24:15.390-0700][gc,start      ] GC(1250) Pause Young (Normal) (G1 Evacuation Pause)
[2020-04-15T01:24:15.390-0700][gc,task       ] GC(1250) Using 4 workers of 4 for evacuation
[2020-04-15T01:24:15.408-0700][gc,phases     ] GC(1250)   Pre Evacuate Collection Set: 0.0ms
[2020-04-15T01:24:15.408-0700][gc,phases     ] GC(1250)   Evacuate Collection Set: 18.3ms
[2020-04-15T01:24:15.408-0700][gc,phases     ] GC(1250)   Post Evacuate Collection Set: 0.3ms
[2020-04-15T01:24:15.408-0700][gc,phases     ] GC(1250)   Other: 0.2ms
[2020-04-15T01:24:15.408-0700][gc,heap       ] GC(1250) Eden regions: 55->0(55)
[2020-04-15T01:24:15.408-0700][gc,heap       ] GC(1250) Survivor regions: 6->5(8)
[2020-04-15T01:24:15.408-0700][gc,heap       ] GC(1250) Old regions: 208->209
[2020-04-15T01:24:15.408-0700][gc,heap       ] GC(1250) Humongous regions: 130->130
[2020-04-15T01:24:15.408-0700][gc,metaspace  ] GC(1250) Metaspace: 28288K->28288K(1075200K)
[2020-04-15T01:24:15.408-0700][gc            ] GC(1250) Pause Young (Normal) (G1 Evacuation Pause) 397M->342M(1024M) 18.924ms
[2020-04-15T01:24:15.409-0700][gc,cpu        ] GC(1250) User=0.04s Sys=0.00s Real=0.01s
[2020-04-15T01:24:32.008-0700][gc,start      ] GC(1251) Pause Young (Normal) (G1 Evacuation Pause)
[2020-04-15T01:24:32.008-0700][gc,task       ] GC(1251) Using 4 workers of 4 for evacuation
[2020-04-15T01:24:32.021-0700][gc,phases     ] GC(1251)   Pre Evacuate Collection Set: 0.0ms
[2020-04-15T01:24:32.021-0700][gc,phases     ] GC(1251)   Evacuate Collection Set: 11.7ms
[2020-04-15T01:24:32.021-0700][gc,phases     ] GC(1251)   Post Evacuate Collection Set: 1.0ms
[2020-04-15T01:24:32.021-0700][gc,phases     ] GC(1251)   Other: 0.3ms
[2020-04-15T01:24:32.021-0700][gc,heap       ] GC(1251) Eden regions: 55->0(57)
[2020-04-15T01:24:32.021-0700][gc,heap       ] GC(1251) Survivor regions: 5->4(8)
[2020-04-15T01:24:32.021-0700][gc,heap       ] GC(1251) Old regions: 209->209
[2020-04-15T01:24:32.021-0700][gc,heap       ] GC(1251) Humongous regions: 130->130
[2020-04-15T01:24:32.021-0700][gc,metaspace  ] GC(1251) Metaspace: 28288K->28288K(1075200K)
[2020-04-15T01:24:32.021-0700][gc            ] GC(1251) Pause Young (Normal) (G1 Evacuation Pause) 397M->342M(1024M) 13.176ms
[2020-04-15T01:24:32.021-0700][gc,cpu        ] GC(1251) User=0.03s Sys=0.00s Real=0.02s
[2020-04-15T01:24:49.157-0700][gc,start      ] GC(1252) Pause Young (Normal) (G1 Evacuation Pause)
[2020-04-15T01:24:49.157-0700][gc,task       ] GC(1252) Using 4 workers of 4 for evacuation
[2020-04-15T01:24:49.171-0700][gc,phases     ] GC(1252)   Pre Evacuate Collection Set: 0.0ms
[2020-04-15T01:24:49.171-0700][gc,phases     ] GC(1252)   Evacuate Collection Set: 13.7ms
[2020-04-15T01:24:49.171-0700][gc,phases     ] GC(1252)   Post Evacuate Collection Set: 0.2ms
[2020-04-15T01:24:49.171-0700][gc,phases     ] GC(1252)   Other: 0.2ms
[2020-04-15T01:24:49.171-0700][gc,heap       ] GC(1252) Eden regions: 57->0(58)
[2020-04-15T01:24:49.171-0700][gc,heap       ] GC(1252) Survivor regions: 4->6(8)
[2020-04-15T01:24:49.171-0700][gc,heap       ] GC(1252) Old regions: 209->209
[2020-04-15T01:24:49.171-0700][gc,heap       ] GC(1252) Humongous regions: 130->130
[2020-04-15T01:24:49.171-0700][gc,metaspace  ] GC(1252) Metaspace: 28288K->28288K(1075200K)
[2020-04-15T01:24:49.171-0700][gc            ] GC(1252) Pause Young (Normal) (G1 Evacuation Pause) 399M->343M(1024M) 14.279ms
[2020-04-15T01:24:49.171-0700][gc,cpu        ] GC(1252) User=0.04s Sys=0.00s Real=0.02s
[2020-04-15T01:25:06.932-0700][gc,start      ] GC(1253) Pause Young (Normal) (G1 Evacuation Pause)
[2020-04-15T01:25:06.932-0700][gc,task       ] GC(1253) Using 4 workers of 4 for evacuation
[2020-04-15T01:25:06.945-0700][gc,phases     ] GC(1253)   Pre Evacuate Collection Set: 0.0ms
[2020-04-15T01:25:06.945-0700][gc,phases     ] GC(1253)   Evacuate Collection Set: 13.1ms
[2020-04-15T01:25:06.945-0700][gc,phases     ] GC(1253)   Post Evacuate Collection Set: 0.3ms
[2020-04-15T01:25:06.945-0700][gc,phases     ] GC(1253)   Other: 0.3ms
[2020-04-15T01:25:06.945-0700][gc,heap       ] GC(1253) Eden regions: 58->0(61)
[2020-04-15T01:25:06.945-0700][gc,heap       ] GC(1253) Survivor regions: 6->5(8)
[2020-04-15T01:25:06.945-0700][gc,heap       ] GC(1253) Old regions: 209->210
[2020-04-15T01:25:06.945-0700][gc,heap       ] GC(1253) Humongous regions: 130->130
[2020-04-15T01:25:06.945-0700][gc,metaspace  ] GC(1253) Metaspace: 28288K->28288K(1075200K)
[2020-04-15T01:25:06.945-0700][gc            ] GC(1253) Pause Young (Normal) (G1 Evacuation Pause) 401M->344M(1024M) 13.881ms
[2020-04-15T01:25:06.945-0700][gc,cpu        ] GC(1253) User=0.04s Sys=0.00s Real=0.01s
[2020-04-15T01:25:26.046-0700][gc,start      ] GC(1254) Pause Young (Normal) (G1 Evacuation Pause)
[2020-04-15T01:25:26.046-0700][gc,task       ] GC(1254) Using 4 workers of 4 for evacuation
[2020-04-15T01:25:26.059-0700][gc,phases     ] GC(1254)   Pre Evacuate Collection Set: 0.0ms
[2020-04-15T01:25:26.059-0700][gc,phases     ] GC(1254)   Evacuate Collection Set: 12.3ms
[2020-04-15T01:25:26.059-0700][gc,phases     ] GC(1254)   Post Evacuate Collection Set: 0.2ms
[2020-04-15T01:25:26.059-0700][gc,phases     ] GC(1254)   Other: 0.2ms
[2020-04-15T01:25:26.059-0700][gc,heap       ] GC(1254) Eden regions: 61->0(63)
[2020-04-15T01:25:26.059-0700][gc,heap       ] GC(1254) Survivor regions: 5->5(9)
[2020-04-15T01:25:26.059-0700][gc,heap       ] GC(1254) Old regions: 210->210
[2020-04-15T01:25:26.059-0700][gc,heap       ] GC(1254) Humongous regions: 130->130
[2020-04-15T01:25:26.059-0700][gc,metaspace  ] GC(1254) Metaspace: 28288K->28288K(1075200K)
[2020-04-15T01:25:26.059-0700][gc            ] GC(1254) Pause Young (Normal) (G1 Evacuation Pause) 405M->344M(1024M) 12.857ms
[2020-04-15T01:25:26.059-0700][gc,cpu        ] GC(1254) User=0.03s Sys=0.00s Real=0.02s
[2020-04-15T01:25:45.222-0700][gc,start      ] GC(1255) Pause Young (Normal) (G1 Evacuation Pause)
[2020-04-15T01:25:45.222-0700][gc,task       ] GC(1255) Using 4 workers of 4 for evacuation
[2020-04-15T01:25:45.249-0700][gc,mmu        ] GC(1255) MMU target violated: 21.0ms (20.0ms/21.0ms)
[2020-04-15T01:25:45.249-0700][gc,phases     ] GC(1255)   Pre Evacuate Collection Set: 0.0ms
[2020-04-15T01:25:45.249-0700][gc,phases     ] GC(1255)   Evacuate Collection Set: 26.0ms
[2020-04-15T01:25:45.249-0700][gc,phases     ] GC(1255)   Post Evacuate Collection Set: 0.4ms
[2020-04-15T01:25:45.249-0700][gc,phases     ] GC(1255)   Other: 0.3ms
[2020-04-15T01:25:45.249-0700][gc,heap       ] GC(1255) Eden regions: 63->0(62)
[2020-04-15T01:25:45.249-0700][gc,heap       ] GC(1255) Survivor regions: 5->5(9)
[2020-04-15T01:25:45.249-0700][gc,heap       ] GC(1255) Old regions: 210->211
[2020-04-15T01:25:45.249-0700][gc,heap       ] GC(1255) Humongous regions: 130->130
[2020-04-15T01:25:45.249-0700][gc,metaspace  ] GC(1255) Metaspace: 28288K->28288K(1075200K)
[2020-04-15T01:25:45.249-0700][gc            ] GC(1255) Pause Young (Normal) (G1 Evacuation Pause) 407M->344M(1024M) 26.865ms
[2020-04-15T01:25:45.249-0700][gc,cpu        ] GC(1255) User=0.04s Sys=0.00s Real=0.02s
[2020-04-15T01:26:06.639-0700][gc,start      ] GC(1256) Pause Young (Normal) (G1 Evacuation Pause)
[2020-04-15T01:26:06.639-0700][gc,task       ] GC(1256) Using 4 workers of 4 for evacuation
[2020-04-15T01:26:06.653-0700][gc,phases     ] GC(1256)   Pre Evacuate Collection Set: 0.0ms
[2020-04-15T01:26:06.653-0700][gc,phases     ] GC(1256)   Evacuate Collection Set: 13.2ms
[2020-04-15T01:26:06.653-0700][gc,phases     ] GC(1256)   Post Evacuate Collection Set: 1.0ms
[2020-04-15T01:26:06.653-0700][gc,phases     ] GC(1256)   Other: 0.3ms
[2020-04-15T01:26:06.653-0700][gc,heap       ] GC(1256) Eden regions: 62->0(64)
[2020-04-15T01:26:06.653-0700][gc,heap       ] GC(1256) Survivor regions: 5->6(9)
[2020-04-15T01:26:06.653-0700][gc,heap       ] GC(1256) Old regions: 211->211
[2020-04-15T01:26:06.653-0700][gc,heap       ] GC(1256) Humongous regions: 130->130
[2020-04-15T01:26:06.653-0700][gc,metaspace  ] GC(1256) Metaspace: 28288K->28288K(1075200K)
[2020-04-15T01:26:06.653-0700][gc            ] GC(1256) Pause Young (Normal) (G1 Evacuation Pause) 406M->345M(1024M) 14.597ms
[2020-04-15T01:26:06.653-0700][gc,cpu        ] GC(1256) User=0.04s Sys=0.00s Real=0.01s
[2020-04-15T01:26:26.003-0700][gc,start      ] GC(1257) Pause Young (Normal) (G1 Evacuation Pause)
[2020-04-15T01:26:26.003-0700][gc,task       ] GC(1257) Using 4 workers of 4 for evacuation
[2020-04-15T01:26:26.017-0700][gc,phases     ] GC(1257)   Pre Evacuate Collection Set: 0.0ms
[2020-04-15T01:26:26.017-0700][gc,phases     ] GC(1257)   Evacuate Collection Set: 13.1ms
[2020-04-15T01:26:26.017-0700][gc,phases     ] GC(1257)   Post Evacuate Collection Set: 0.3ms
[2020-04-15T01:26:26.017-0700][gc,phases     ] GC(1257)   Other: 0.2ms
[2020-04-15T01:26:26.017-0700][gc,heap       ] GC(1257) Eden regions: 64->0(66)
[2020-04-15T01:26:26.017-0700][gc,heap       ] GC(1257) Survivor regions: 6->6(9)
[2020-04-15T01:26:26.017-0700][gc,heap       ] GC(1257) Old regions: 211->211
[2020-04-15T01:26:26.017-0700][gc,heap       ] GC(1257) Humongous regions: 130->130
[2020-04-15T01:26:26.017-0700][gc,metaspace  ] GC(1257) Metaspace: 28288K->28288K(1075200K)
[2020-04-15T01:26:26.017-0700][gc            ] GC(1257) Pause Young (Normal) (G1 Evacuation Pause) 409M->346M(1024M) 13.814ms
[2020-04-15T01:26:26.017-0700][gc,cpu        ] GC(1257) User=0.05s Sys=0.00s Real=0.01s
[2020-04-15T01:26:48.036-0700][gc,start      ] GC(1258) Pause Young (Normal) (G1 Evacuation Pause)
[2020-04-15T01:26:48.036-0700][gc,task       ] GC(1258) Using 4 workers of 4 for evacuation
[2020-04-15T01:26:48.054-0700][gc,phases     ] GC(1258)   Pre Evacuate Collection Set: 0.0ms
[2020-04-15T01:26:48.054-0700][gc,phases     ] GC(1258)   Evacuate Collection Set: 17.4ms
[2020-04-15T01:26:48.054-0700][gc,phases     ] GC(1258)   Post Evacuate Collection Set: 0.3ms
[2020-04-15T01:26:48.054-0700][gc,phases     ] GC(1258)   Other: 0.3ms
[2020-04-15T01:26:48.054-0700][gc,heap       ] GC(1258) Eden regions: 66->0(70)
[2020-04-15T01:26:48.054-0700][gc,heap       ] GC(1258) Survivor regions: 6->6(9)
[2020-04-15T01:26:48.054-0700][gc,heap       ] GC(1258) Old regions: 211->212
[2020-04-15T01:26:48.054-0700][gc,heap       ] GC(1258) Humongous regions: 130->130
[2020-04-15T01:26:48.054-0700][gc,metaspace  ] GC(1258) Metaspace: 28288K->28288K(1075200K)
[2020-04-15T01:26:48.054-0700][gc            ] GC(1258) Pause Young (Normal) (G1 Evacuation Pause) 412M->346M(1024M) 18.179ms
[2020-04-15T01:26:48.054-0700][gc,cpu        ] GC(1258) User=0.04s Sys=0.00s Real=0.02s
[2020-04-15T01:27:08.800-0700][gc,start      ] GC(1259) Pause Young (Normal) (G1 Evacuation Pause)
[2020-04-15T01:27:08.800-0700][gc,task       ] GC(1259) Using 4 workers of 4 for evacuation
[2020-04-15T01:27:08.814-0700][gc,phases     ] GC(1259)   Pre Evacuate Collection Set: 0.0ms
[2020-04-15T01:27:08.814-0700][gc,phases     ] GC(1259)   Evacuate Collection Set: 13.3ms
[2020-04-15T01:27:08.814-0700][gc,phases     ] GC(1259)   Post Evacuate Collection Set: 1.1ms
[2020-04-15T01:27:08.815-0700][gc,phases     ] GC(1259)   Other: 0.2ms
[2020-04-15T01:27:08.815-0700][gc,heap       ] GC(1259) Eden regions: 64->0(72)
[2020-04-15T01:27:08.815-0700][gc,heap       ] GC(1259) Survivor regions: 6->6(9)
[2020-04-15T01:27:08.815-0700][gc,heap       ] GC(1259) Old regions: 212->212
[2020-04-15T01:27:08.815-0700][gc,heap       ] GC(1259) Humongous regions: 130->130
[2020-04-15T01:27:08.815-0700][gc,metaspace  ] GC(1259) Metaspace: 28288K->28288K(1075200K)
[2020-04-15T01:27:08.815-0700][gc            ] GC(1259) Pause Young (Normal) (G1 Evacuation Pause) 410M->347M(1024M) 14.735ms
[2020-04-15T01:27:08.815-0700][gc,cpu        ] GC(1259) User=0.04s Sys=0.00s Real=0.01s
[2020-04-15T01:27:30.643-0700][gc,start      ] GC(1260) Pause Young (Normal) (G1 Evacuation Pause)
[2020-04-15T01:27:30.643-0700][gc,task       ] GC(1260) Using 4 workers of 4 for evacuation
[2020-04-15T01:27:30.662-0700][gc,phases     ] GC(1260)   Pre Evacuate Collection Set: 0.0ms
[2020-04-15T01:27:30.662-0700][gc,phases     ] GC(1260)   Evacuate Collection Set: 18.1ms
[2020-04-15T01:27:30.662-0700][gc,phases     ] GC(1260)   Post Evacuate Collection Set: 0.3ms
[2020-04-15T01:27:30.662-0700][gc,phases     ] GC(1260)   Other: 0.3ms
[2020-04-15T01:27:30.662-0700][gc,heap       ] GC(1260) Eden regions: 72->0(74)
[2020-04-15T01:27:30.662-0700][gc,heap       ] GC(1260) Survivor regions: 6->7(10)
[2020-04-15T01:27:30.662-0700][gc,heap       ] GC(1260) Old regions: 212->213
[2020-04-15T01:27:30.662-0700][gc,heap       ] GC(1260) Humongous regions: 130->130
[2020-04-15T01:27:30.662-0700][gc,metaspace  ] GC(1260) Metaspace: 28288K->28288K(1075200K)
[2020-04-15T01:27:30.662-0700][gc            ] GC(1260) Pause Young (Normal) (G1 Evacuation Pause) 419M->348M(1024M) 18.718ms
[2020-04-15T01:27:30.662-0700][gc,cpu        ] GC(1260) User=0.04s Sys=0.01s Real=0.02s
[2020-04-15T01:27:53.306-0700][gc,start      ] GC(1261) Pause Young (Normal) (G1 Evacuation Pause)
[2020-04-15T01:27:53.306-0700][gc,task       ] GC(1261) Using 4 workers of 4 for evacuation
[2020-04-15T01:27:53.320-0700][gc,phases     ] GC(1261)   Pre Evacuate Collection Set: 0.0ms
[2020-04-15T01:27:53.320-0700][gc,phases     ] GC(1261)   Evacuate Collection Set: 13.4ms
[2020-04-15T01:27:53.320-0700][gc,phases     ] GC(1261)   Post Evacuate Collection Set: 0.3ms
[2020-04-15T01:27:53.320-0700][gc,phases     ] GC(1261)   Other: 0.2ms
[2020-04-15T01:27:53.320-0700][gc,heap       ] GC(1261) Eden regions: 74->0(76)
[2020-04-15T01:27:53.320-0700][gc,heap       ] GC(1261) Survivor regions: 7->7(11)
[2020-04-15T01:27:53.320-0700][gc,heap       ] GC(1261) Old regions: 213->213
[2020-04-15T01:27:53.320-0700][gc,heap       ] GC(1261) Humongous regions: 130->130
[2020-04-15T01:27:53.320-0700][gc,metaspace  ] GC(1261) Metaspace: 28288K->28288K(1075200K)
[2020-04-15T01:27:53.320-0700][gc            ] GC(1261) Pause Young (Normal) (G1 Evacuation Pause) 422M->349M(1024M) 13.971ms
[2020-04-15T01:27:53.320-0700][gc,cpu        ] GC(1261) User=0.04s Sys=0.00s Real=0.02s
[2020-04-15T01:28:16.454-0700][gc,start      ] GC(1262) Pause Young (Normal) (G1 Evacuation Pause)
[2020-04-15T01:28:16.454-0700][gc,task       ] GC(1262) Using 4 workers of 4 for evacuation
[2020-04-15T01:28:16.467-0700][gc,phases     ] GC(1262)   Pre Evacuate Collection Set: 0.0ms
[2020-04-15T01:28:16.467-0700][gc,phases     ] GC(1262)   Evacuate Collection Set: 12.3ms
[2020-04-15T01:28:16.467-0700][gc,phases     ] GC(1262)   Post Evacuate Collection Set: 0.5ms
[2020-04-15T01:28:16.467-0700][gc,phases     ] GC(1262)   Other: 0.2ms
[2020-04-15T01:28:16.467-0700][gc,heap       ] GC(1262) Eden regions: 76->0(82)
[2020-04-15T01:28:16.467-0700][gc,heap       ] GC(1262) Survivor regions: 7->6(11)
[2020-04-15T01:28:16.467-0700][gc,heap       ] GC(1262) Old regions: 213->214
[2020-04-15T01:28:16.468-0700][gc,heap       ] GC(1262) Humongous regions: 130->130
[2020-04-15T01:28:16.468-0700][gc,metaspace  ] GC(1262) Metaspace: 28288K->28288K(1075200K)
[2020-04-15T01:28:16.468-0700][gc            ] GC(1262) Pause Young (Normal) (G1 Evacuation Pause) 425M->349M(1024M) 13.087ms
[2020-04-15T01:28:16.468-0700][gc,cpu        ] GC(1262) User=0.04s Sys=0.00s Real=0.01s
[2020-04-15T01:28:40.851-0700][gc,start      ] GC(1263) Pause Young (Normal) (G1 Evacuation Pause)
[2020-04-15T01:28:40.851-0700][gc,task       ] GC(1263) Using 4 workers of 4 for evacuation
[2020-04-15T01:28:40.865-0700][gc,phases     ] GC(1263)   Pre Evacuate Collection Set: 0.0ms
[2020-04-15T01:28:40.865-0700][gc,phases     ] GC(1263)   Evacuate Collection Set: 14.1ms
[2020-04-15T01:28:40.865-0700][gc,phases     ] GC(1263)   Post Evacuate Collection Set: 0.3ms
[2020-04-15T01:28:40.865-0700][gc,phases     ] GC(1263)   Other: 0.3ms
[2020-04-15T01:28:40.865-0700][gc,heap       ] GC(1263) Eden regions: 76->0(88)
[2020-04-15T01:28:40.865-0700][gc,heap       ] GC(1263) Survivor regions: 6->7(11)
[2020-04-15T01:28:40.865-0700][gc,heap       ] GC(1263) Old regions: 214->214
[2020-04-15T01:28:40.865-0700][gc,heap       ] GC(1263) Humongous regions: 130->130
[2020-04-15T01:28:40.865-0700][gc,metaspace  ] GC(1263) Metaspace: 28288K->28288K(1075200K)
[2020-04-15T01:28:40.866-0700][gc            ] GC(1263) Pause Young (Normal) (G1 Evacuation Pause) 425M->350M(1024M) 14.781ms
[2020-04-15T01:28:40.866-0700][gc,cpu        ] GC(1263) User=0.04s Sys=0.00s Real=0.01s
[2020-04-15T01:29:08.448-0700][gc,start      ] GC(1264) Pause Young (Normal) (G1 Evacuation Pause)
[2020-04-15T01:29:08.448-0700][gc,task       ] GC(1264) Using 4 workers of 4 for evacuation
[2020-04-15T01:29:08.467-0700][gc,phases     ] GC(1264)   Pre Evacuate Collection Set: 0.0ms
[2020-04-15T01:29:08.467-0700][gc,phases     ] GC(1264)   Evacuate Collection Set: 17.8ms
[2020-04-15T01:29:08.467-0700][gc,phases     ] GC(1264)   Post Evacuate Collection Set: 1.1ms
[2020-04-15T01:29:08.467-0700][gc,phases     ] GC(1264)   Other: 0.2ms
[2020-04-15T01:29:08.467-0700][gc,heap       ] GC(1264) Eden regions: 88->0(88)
[2020-04-15T01:29:08.467-0700][gc,heap       ] GC(1264) Survivor regions: 7->7(12)
[2020-04-15T01:29:08.467-0700][gc,heap       ] GC(1264) Old regions: 214->214
[2020-04-15T01:29:08.467-0700][gc,heap       ] GC(1264) Humongous regions: 130->130
[2020-04-15T01:29:08.467-0700][gc,metaspace  ] GC(1264) Metaspace: 28288K->28288K(1075200K)
[2020-04-15T01:29:08.467-0700][gc            ] GC(1264) Pause Young (Normal) (G1 Evacuation Pause) 438M->350M(1024M) 19.329ms
[2020-04-15T01:29:08.467-0700][gc,cpu        ] GC(1264) User=0.05s Sys=0.00s Real=0.02s
[2020-04-15T01:29:35.492-0700][gc,start      ] GC(1265) Pause Young (Normal) (G1 Evacuation Pause)
[2020-04-15T01:29:35.492-0700][gc,task       ] GC(1265) Using 4 workers of 4 for evacuation
[2020-04-15T01:29:35.509-0700][gc,phases     ] GC(1265)   Pre Evacuate Collection Set: 0.0ms
[2020-04-15T01:29:35.509-0700][gc,phases     ] GC(1265)   Evacuate Collection Set: 16.8ms
[2020-04-15T01:29:35.509-0700][gc,phases     ] GC(1265)   Post Evacuate Collection Set: 0.4ms
[2020-04-15T01:29:35.509-0700][gc,phases     ] GC(1265)   Other: 0.2ms
[2020-04-15T01:29:35.509-0700][gc,heap       ] GC(1265) Eden regions: 88->0(91)
[2020-04-15T01:29:35.509-0700][gc,heap       ] GC(1265) Survivor regions: 7->8(12)
[2020-04-15T01:29:35.509-0700][gc,heap       ] GC(1265) Old regions: 214->215
[2020-04-15T01:29:35.509-0700][gc,heap       ] GC(1265) Humongous regions: 130->130
[2020-04-15T01:29:35.509-0700][gc,metaspace  ] GC(1265) Metaspace: 28288K->28288K(1075200K)
[2020-04-15T01:29:35.509-0700][gc            ] GC(1265) Pause Young (Normal) (G1 Evacuation Pause) 438M->351M(1024M) 17.443ms
[2020-04-15T01:29:35.509-0700][gc,cpu        ] GC(1265) User=0.05s Sys=0.00s Real=0.01s
[2020-04-15T01:30:03.073-0700][gc,start      ] GC(1266) Pause Young (Normal) (G1 Evacuation Pause)
[2020-04-15T01:30:03.073-0700][gc,task       ] GC(1266) Using 4 workers of 4 for evacuation
[2020-04-15T01:30:03.093-0700][gc,phases     ] GC(1266)   Pre Evacuate Collection Set: 0.0ms
[2020-04-15T01:30:03.093-0700][gc,phases     ] GC(1266)   Evacuate Collection Set: 19.4ms
[2020-04-15T01:30:03.093-0700][gc,phases     ] GC(1266)   Post Evacuate Collection Set: 0.4ms
[2020-04-15T01:30:03.093-0700][gc,phases     ] GC(1266)   Other: 0.2ms
[2020-04-15T01:30:03.093-0700][gc,heap       ] GC(1266) Eden regions: 91->0(92)
[2020-04-15T01:30:03.093-0700][gc,heap       ] GC(1266) Survivor regions: 8->8(13)
[2020-04-15T01:30:03.093-0700][gc,heap       ] GC(1266) Old regions: 215->215
[2020-04-15T01:30:03.093-0700][gc,heap       ] GC(1266) Humongous regions: 130->130
[2020-04-15T01:30:03.093-0700][gc,metaspace  ] GC(1266) Metaspace: 28288K->28288K(1075200K)
[2020-04-15T01:30:03.093-0700][gc            ] GC(1266) Pause Young (Normal) (G1 Evacuation Pause) 442M->351M(1024M) 20.149ms
[2020-04-15T01:30:03.093-0700][gc,cpu        ] GC(1266) User=0.06s Sys=0.00s Real=0.02s
[2020-04-15T01:30:31.342-0700][gc,start      ] GC(1267) Pause Young (Normal) (G1 Evacuation Pause)
[2020-04-15T01:30:31.342-0700][gc,task       ] GC(1267) Using 4 workers of 4 for evacuation
[2020-04-15T01:30:31.363-0700][gc,mmu        ] GC(1267) MMU target violated: 20.8ms (20.0ms/21.0ms)
[2020-04-15T01:30:31.363-0700][gc,phases     ] GC(1267)   Pre Evacuate Collection Set: 0.0ms
[2020-04-15T01:30:31.363-0700][gc,phases     ] GC(1267)   Evacuate Collection Set: 20.4ms
[2020-04-15T01:30:31.363-0700][gc,phases     ] GC(1267)   Post Evacuate Collection Set: 0.3ms
[2020-04-15T01:30:31.363-0700][gc,phases     ] GC(1267)   Other: 0.3ms
[2020-04-15T01:30:31.363-0700][gc,heap       ] GC(1267) Eden regions: 92->0(91)
[2020-04-15T01:30:31.363-0700][gc,heap       ] GC(1267) Survivor regions: 8->8(13)
[2020-04-15T01:30:31.363-0700][gc,heap       ] GC(1267) Old regions: 215->216
[2020-04-15T01:30:31.363-0700][gc,heap       ] GC(1267) Humongous regions: 130->130
[2020-04-15T01:30:31.363-0700][gc,metaspace  ] GC(1267) Metaspace: 28288K->28288K(1075200K)
[2020-04-15T01:30:31.363-0700][gc            ] GC(1267) Pause Young (Normal) (G1 Evacuation Pause) 443M->352M(1024M) 21.088ms
[2020-04-15T01:30:31.363-0700][gc,cpu        ] GC(1267) User=0.05s Sys=0.00s Real=0.02s
[2020-04-15T01:30:54.150-0700][gc,start      ] GC(1268) Pause Young (Normal) (G1 Evacuation Pause)
[2020-04-15T01:30:54.150-0700][gc,task       ] GC(1268) Using 4 workers of 4 for evacuation
[2020-04-15T01:30:54.176-0700][gc,mmu        ] GC(1268) MMU target violated: 21.0ms (20.0ms/21.0ms)
[2020-04-15T01:30:54.177-0700][gc,phases     ] GC(1268)   Pre Evacuate Collection Set: 0.0ms
[2020-04-15T01:30:54.177-0700][gc,phases     ] GC(1268)   Evacuate Collection Set: 26.0ms
[2020-04-15T01:30:54.177-0700][gc,phases     ] GC(1268)   Post Evacuate Collection Set: 0.3ms
[2020-04-15T01:30:54.177-0700][gc,phases     ] GC(1268)   Other: 0.2ms
[2020-04-15T01:30:54.177-0700][gc,heap       ] GC(1268) Eden regions: 75->0(88)
[2020-04-15T01:30:54.177-0700][gc,heap       ] GC(1268) Survivor regions: 8->8(11)
[2020-04-15T01:30:54.177-0700][gc,heap       ] GC(1268) Old regions: 216->217
[2020-04-15T01:30:54.177-0700][gc,heap       ] GC(1268) Humongous regions: 130->130
[2020-04-15T01:30:54.177-0700][gc,metaspace  ] GC(1268) Metaspace: 28288K->28288K(1075200K)
[2020-04-15T01:30:54.177-0700][gc            ] GC(1268) Pause Young (Normal) (G1 Evacuation Pause) 427M->353M(1024M) 26.562ms
[2020-04-15T01:30:54.177-0700][gc,cpu        ] GC(1268) User=0.05s Sys=0.00s Real=0.02s
[2020-04-15T01:31:21.309-0700][gc,start      ] GC(1269) Pause Young (Normal) (G1 Evacuation Pause)
[2020-04-15T01:31:21.309-0700][gc,task       ] GC(1269) Using 4 workers of 4 for evacuation
[2020-04-15T01:31:21.331-0700][gc,mmu        ] GC(1269) MMU target violated: 21.0ms (20.0ms/21.0ms)
[2020-04-15T01:31:21.332-0700][gc,phases     ] GC(1269)   Pre Evacuate Collection Set: 0.0ms
[2020-04-15T01:31:21.332-0700][gc,phases     ] GC(1269)   Evacuate Collection Set: 21.5ms
[2020-04-15T01:31:21.332-0700][gc,phases     ] GC(1269)   Post Evacuate Collection Set: 0.2ms
[2020-04-15T01:31:21.332-0700][gc,phases     ] GC(1269)   Other: 0.3ms
[2020-04-15T01:31:21.332-0700][gc,heap       ] GC(1269) Eden regions: 88->0(79)
[2020-04-15T01:31:21.332-0700][gc,heap       ] GC(1269) Survivor regions: 8->8(12)
[2020-04-15T01:31:21.332-0700][gc,heap       ] GC(1269) Old regions: 217->218
[2020-04-15T01:31:21.332-0700][gc,heap       ] GC(1269) Humongous regions: 130->130
[2020-04-15T01:31:21.332-0700][gc,metaspace  ] GC(1269) Metaspace: 28288K->28288K(1075200K)
[2020-04-15T01:31:21.332-0700][gc            ] GC(1269) Pause Young (Normal) (G1 Evacuation Pause) 441M->355M(1024M) 22.186ms
[2020-04-15T01:31:21.332-0700][gc,cpu        ] GC(1269) User=0.05s Sys=0.01s Real=0.02s
[2020-04-15T01:31:45.556-0700][gc,start      ] GC(1270) Pause Young (Normal) (G1 Evacuation Pause)
[2020-04-15T01:31:45.556-0700][gc,task       ] GC(1270) Using 4 workers of 4 for evacuation
[2020-04-15T01:31:45.593-0700][gc,mmu        ] GC(1270) MMU target violated: 21.0ms (20.0ms/21.0ms)
[2020-04-15T01:31:45.593-0700][gc,phases     ] GC(1270)   Pre Evacuate Collection Set: 0.0ms
[2020-04-15T01:31:45.593-0700][gc,phases     ] GC(1270)   Evacuate Collection Set: 36.3ms
[2020-04-15T01:31:45.593-0700][gc,phases     ] GC(1270)   Post Evacuate Collection Set: 0.5ms
[2020-04-15T01:31:45.593-0700][gc,phases     ] GC(1270)   Other: 0.4ms
[2020-04-15T01:31:45.593-0700][gc,heap       ] GC(1270) Eden regions: 79->0(45)
[2020-04-15T01:31:45.593-0700][gc,heap       ] GC(1270) Survivor regions: 8->6(11)
[2020-04-15T01:31:45.593-0700][gc,heap       ] GC(1270) Old regions: 218->220
[2020-04-15T01:31:45.593-0700][gc,heap       ] GC(1270) Humongous regions: 130->130
[2020-04-15T01:31:45.593-0700][gc,metaspace  ] GC(1270) Metaspace: 28288K->28288K(1075200K)
[2020-04-15T01:31:45.593-0700][gc            ] GC(1270) Pause Young (Normal) (G1 Evacuation Pause) 434M->355M(1024M) 37.387ms
[2020-04-15T01:31:45.593-0700][gc,cpu        ] GC(1270) User=0.12s Sys=0.00s Real=0.04s
[2020-04-15T01:31:59.193-0700][gc,start      ] GC(1271) Pause Young (Normal) (G1 Evacuation Pause)
[2020-04-15T01:31:59.193-0700][gc,task       ] GC(1271) Using 4 workers of 4 for evacuation
[2020-04-15T01:31:59.223-0700][gc,mmu        ] GC(1271) MMU target violated: 21.0ms (20.0ms/21.0ms)
[2020-04-15T01:31:59.223-0700][gc,phases     ] GC(1271)   Pre Evacuate Collection Set: 0.0ms
[2020-04-15T01:31:59.223-0700][gc,phases     ] GC(1271)   Evacuate Collection Set: 29.7ms
[2020-04-15T01:31:59.223-0700][gc,phases     ] GC(1271)   Post Evacuate Collection Set: 0.4ms
[2020-04-15T01:31:59.223-0700][gc,phases     ] GC(1271)   Other: 0.5ms
[2020-04-15T01:31:59.223-0700][gc,heap       ] GC(1271) Eden regions: 45->0(47)
[2020-04-15T01:31:59.223-0700][gc,heap       ] GC(1271) Survivor regions: 6->4(7)
[2020-04-15T01:31:59.223-0700][gc,heap       ] GC(1271) Old regions: 220->222
[2020-04-15T01:31:59.223-0700][gc,heap       ] GC(1271) Humongous regions: 130->130
[2020-04-15T01:31:59.223-0700][gc,metaspace  ] GC(1271) Metaspace: 28288K->28288K(1075200K)
[2020-04-15T01:31:59.223-0700][gc            ] GC(1271) Pause Young (Normal) (G1 Evacuation Pause) 400M->355M(1024M) 30.760ms
[2020-04-15T01:31:59.224-0700][gc,cpu        ] GC(1271) User=0.10s Sys=0.00s Real=0.03s
[2020-04-15T01:32:14.094-0700][gc,start      ] GC(1272) Pause Young (Normal) (G1 Evacuation Pause)
[2020-04-15T01:32:14.094-0700][gc,task       ] GC(1272) Using 4 workers of 4 for evacuation
[2020-04-15T01:32:14.115-0700][gc,mmu        ] GC(1272) MMU target violated: 20.8ms (20.0ms/21.0ms)
[2020-04-15T01:32:14.115-0700][gc,phases     ] GC(1272)   Pre Evacuate Collection Set: 0.1ms
[2020-04-15T01:32:14.115-0700][gc,phases     ] GC(1272)   Evacuate Collection Set: 20.1ms
[2020-04-15T01:32:14.115-0700][gc,phases     ] GC(1272)   Post Evacuate Collection Set: 0.4ms
[2020-04-15T01:32:14.115-0700][gc,phases     ] GC(1272)   Other: 0.6ms
[2020-04-15T01:32:14.115-0700][gc,heap       ] GC(1272) Eden regions: 47->0(47)
[2020-04-15T01:32:14.115-0700][gc,heap       ] GC(1272) Survivor regions: 4->4(7)
[2020-04-15T01:32:14.115-0700][gc,heap       ] GC(1272) Old regions: 222->222
[2020-04-15T01:32:14.115-0700][gc,heap       ] GC(1272) Humongous regions: 130->130
[2020-04-15T01:32:14.115-0700][gc,metaspace  ] GC(1272) Metaspace: 28288K->28288K(1075200K)
[2020-04-15T01:32:14.115-0700][gc            ] GC(1272) Pause Young (Normal) (G1 Evacuation Pause) 402M->355M(1024M) 21.246ms
[2020-04-15T01:32:14.115-0700][gc,cpu        ] GC(1272) User=0.07s Sys=0.00s Real=0.02s
[2020-04-15T01:32:28.473-0700][gc,start      ] GC(1273) Pause Young (Normal) (G1 Evacuation Pause)
[2020-04-15T01:32:28.474-0700][gc,task       ] GC(1273) Using 4 workers of 4 for evacuation
[2020-04-15T01:32:28.505-0700][gc,mmu        ] GC(1273) MMU target violated: 21.0ms (20.0ms/21.0ms)
[2020-04-15T01:32:28.505-0700][gc,phases     ] GC(1273)   Pre Evacuate Collection Set: 0.0ms
[2020-04-15T01:32:28.505-0700][gc,phases     ] GC(1273)   Evacuate Collection Set: 30.5ms
[2020-04-15T01:32:28.505-0700][gc,phases     ] GC(1273)   Post Evacuate Collection Set: 0.6ms
[2020-04-15T01:32:28.505-0700][gc,phases     ] GC(1273)   Other: 0.5ms
[2020-04-15T01:32:28.505-0700][gc,heap       ] GC(1273) Eden regions: 47->0(47)
[2020-04-15T01:32:28.505-0700][gc,heap       ] GC(1273) Survivor regions: 4->4(7)
[2020-04-15T01:32:28.505-0700][gc,heap       ] GC(1273) Old regions: 222->223
[2020-04-15T01:32:28.505-0700][gc,heap       ] GC(1273) Humongous regions: 130->130
[2020-04-15T01:32:28.505-0700][gc,metaspace  ] GC(1273) Metaspace: 28288K->28288K(1075200K)
[2020-04-15T01:32:28.506-0700][gc            ] GC(1273) Pause Young (Normal) (G1 Evacuation Pause) 402M->355M(1024M) 32.036ms
[2020-04-15T01:32:28.506-0700][gc,cpu        ] GC(1273) User=0.09s Sys=0.00s Real=0.03s
[2020-04-15T01:32:42.913-0700][gc,start      ] GC(1274) Pause Young (Normal) (G1 Evacuation Pause)
[2020-04-15T01:32:42.913-0700][gc,task       ] GC(1274) Using 4 workers of 4 for evacuation
[2020-04-15T01:32:42.946-0700][gc,mmu        ] GC(1274) MMU target violated: 21.0ms (20.0ms/21.0ms)
[2020-04-15T01:32:42.946-0700][gc,phases     ] GC(1274)   Pre Evacuate Collection Set: 0.0ms
[2020-04-15T01:32:42.946-0700][gc,phases     ] GC(1274)   Evacuate Collection Set: 32.0ms
[2020-04-15T01:32:42.946-0700][gc,phases     ] GC(1274)   Post Evacuate Collection Set: 0.5ms
[2020-04-15T01:32:42.946-0700][gc,phases     ] GC(1274)   Other: 0.4ms
[2020-04-15T01:32:42.946-0700][gc,heap       ] GC(1274) Eden regions: 47->0(46)
[2020-04-15T01:32:42.946-0700][gc,heap       ] GC(1274) Survivor regions: 4->5(7)
[2020-04-15T01:32:42.946-0700][gc,heap       ] GC(1274) Old regions: 223->223
[2020-04-15T01:32:42.946-0700][gc,heap       ] GC(1274) Humongous regions: 130->130
[2020-04-15T01:32:42.946-0700][gc,metaspace  ] GC(1274) Metaspace: 28288K->28288K(1075200K)
[2020-04-15T01:32:42.947-0700][gc            ] GC(1274) Pause Young (Normal) (G1 Evacuation Pause) 402M->357M(1024M) 33.107ms
[2020-04-15T01:32:42.947-0700][gc,cpu        ] GC(1274) User=0.09s Sys=0.00s Real=0.03s
[2020-04-15T01:32:56.912-0700][gc,start      ] GC(1275) Pause Young (Normal) (G1 Evacuation Pause)
[2020-04-15T01:32:56.913-0700][gc,task       ] GC(1275) Using 4 workers of 4 for evacuation
[2020-04-15T01:32:56.934-0700][gc,mmu        ] GC(1275) MMU target violated: 21.0ms (20.0ms/21.0ms)
[2020-04-15T01:32:56.934-0700][gc,phases     ] GC(1275)   Pre Evacuate Collection Set: 0.0ms
[2020-04-15T01:32:56.934-0700][gc,phases     ] GC(1275)   Evacuate Collection Set: 20.6ms
[2020-04-15T01:32:56.934-0700][gc,phases     ] GC(1275)   Post Evacuate Collection Set: 0.6ms
[2020-04-15T01:32:56.934-0700][gc,phases     ] GC(1275)   Other: 0.4ms
[2020-04-15T01:32:56.934-0700][gc,heap       ] GC(1275) Eden regions: 46->0(47)
[2020-04-15T01:32:56.934-0700][gc,heap       ] GC(1275) Survivor regions: 5->4(7)
[2020-04-15T01:32:56.934-0700][gc,heap       ] GC(1275) Old regions: 223->224
[2020-04-15T01:32:56.934-0700][gc,heap       ] GC(1275) Humongous regions: 130->130
[2020-04-15T01:32:56.934-0700][gc,metaspace  ] GC(1275) Metaspace: 28288K->28288K(1075200K)
[2020-04-15T01:32:56.934-0700][gc            ] GC(1275) Pause Young (Normal) (G1 Evacuation Pause) 403M->357M(1024M) 21.807ms
[2020-04-15T01:32:56.934-0700][gc,cpu        ] GC(1275) User=0.08s Sys=0.00s Real=0.02s
[2020-04-15T01:33:12.126-0700][gc,start      ] GC(1276) Pause Young (Normal) (G1 Evacuation Pause)
[2020-04-15T01:33:12.126-0700][gc,task       ] GC(1276) Using 4 workers of 4 for evacuation
[2020-04-15T01:33:12.154-0700][gc,mmu        ] GC(1276) MMU target violated: 21.0ms (20.0ms/21.0ms)
[2020-04-15T01:33:12.154-0700][gc,phases     ] GC(1276)   Pre Evacuate Collection Set: 0.1ms
[2020-04-15T01:33:12.154-0700][gc,phases     ] GC(1276)   Evacuate Collection Set: 26.8ms
[2020-04-15T01:33:12.154-0700][gc,phases     ] GC(1276)   Post Evacuate Collection Set: 0.5ms
[2020-04-15T01:33:12.154-0700][gc,phases     ] GC(1276)   Other: 0.7ms
[2020-04-15T01:33:12.154-0700][gc,heap       ] GC(1276) Eden regions: 47->0(46)
[2020-04-15T01:33:12.154-0700][gc,heap       ] GC(1276) Survivor regions: 4->5(7)
[2020-04-15T01:33:12.154-0700][gc,heap       ] GC(1276) Old regions: 224->224
[2020-04-15T01:33:12.154-0700][gc,heap       ] GC(1276) Humongous regions: 130->130
[2020-04-15T01:33:12.154-0700][gc,metaspace  ] GC(1276) Metaspace: 28288K->28288K(1075200K)
[2020-04-15T01:33:12.154-0700][gc            ] GC(1276) Pause Young (Normal) (G1 Evacuation Pause) 404M->357M(1024M) 28.137ms
[2020-04-15T01:33:12.154-0700][gc,cpu        ] GC(1276) User=0.08s Sys=0.00s Real=0.03s
[2020-04-15T01:33:27.001-0700][gc,start      ] GC(1277) Pause Young (Normal) (G1 Evacuation Pause)
[2020-04-15T01:33:27.001-0700][gc,task       ] GC(1277) Using 4 workers of 4 for evacuation
[2020-04-15T01:33:27.008-0700][gc,phases     ] GC(1277)   Pre Evacuate Collection Set: 0.0ms
[2020-04-15T01:33:27.008-0700][gc,phases     ] GC(1277)   Evacuate Collection Set: 6.6ms
[2020-04-15T01:33:27.008-0700][gc,phases     ] GC(1277)   Post Evacuate Collection Set: 0.2ms
[2020-04-15T01:33:27.008-0700][gc,phases     ] GC(1277)   Other: 0.2ms
[2020-04-15T01:33:27.008-0700][gc,heap       ] GC(1277) Eden regions: 46->0(47)
[2020-04-15T01:33:27.008-0700][gc,heap       ] GC(1277) Survivor regions: 5->4(7)
[2020-04-15T01:33:27.008-0700][gc,heap       ] GC(1277) Old regions: 224->225
[2020-04-15T01:33:27.008-0700][gc,heap       ] GC(1277) Humongous regions: 130->130
[2020-04-15T01:33:27.008-0700][gc,metaspace  ] GC(1277) Metaspace: 28288K->28288K(1075200K)
[2020-04-15T01:33:27.008-0700][gc            ] GC(1277) Pause Young (Normal) (G1 Evacuation Pause) 403M->357M(1024M) 7.108ms
[2020-04-15T01:33:27.008-0700][gc,cpu        ] GC(1277) User=0.03s Sys=0.00s Real=0.00s
[2020-04-15T01:33:41.252-0700][gc,start      ] GC(1278) Pause Young (Normal) (G1 Evacuation Pause)
[2020-04-15T01:33:41.252-0700][gc,task       ] GC(1278) Using 4 workers of 4 for evacuation
[2020-04-15T01:33:41.274-0700][gc,mmu        ] GC(1278) MMU target violated: 21.0ms (20.0ms/21.0ms)
[2020-04-15T01:33:41.274-0700][gc,phases     ] GC(1278)   Pre Evacuate Collection Set: 0.1ms
[2020-04-15T01:33:41.274-0700][gc,phases     ] GC(1278)   Evacuate Collection Set: 21.2ms
[2020-04-15T01:33:41.274-0700][gc,phases     ] GC(1278)   Post Evacuate Collection Set: 0.5ms
[2020-04-15T01:33:41.274-0700][gc,phases     ] GC(1278)   Other: 0.6ms
[2020-04-15T01:33:41.274-0700][gc,heap       ] GC(1278) Eden regions: 47->0(47)
[2020-04-15T01:33:41.274-0700][gc,heap       ] GC(1278) Survivor regions: 4->4(7)
[2020-04-15T01:33:41.274-0700][gc,heap       ] GC(1278) Old regions: 225->225
[2020-04-15T01:33:41.274-0700][gc,heap       ] GC(1278) Humongous regions: 130->130
[2020-04-15T01:33:41.274-0700][gc,metaspace  ] GC(1278) Metaspace: 28288K->28288K(1075200K)
[2020-04-15T01:33:41.275-0700][gc            ] GC(1278) Pause Young (Normal) (G1 Evacuation Pause) 404M->358M(1024M) 22.559ms
[2020-04-15T01:33:41.275-0700][gc,cpu        ] GC(1278) User=0.07s Sys=0.00s Real=0.02s
[2020-04-15T01:33:55.564-0700][gc,start      ] GC(1279) Pause Young (Normal) (G1 Evacuation Pause)
[2020-04-15T01:33:55.564-0700][gc,task       ] GC(1279) Using 4 workers of 4 for evacuation
[2020-04-15T01:33:55.594-0700][gc,mmu        ] GC(1279) MMU target violated: 21.0ms (20.0ms/21.0ms)
[2020-04-15T01:33:55.594-0700][gc,phases     ] GC(1279)   Pre Evacuate Collection Set: 0.1ms
[2020-04-15T01:33:55.594-0700][gc,phases     ] GC(1279)   Evacuate Collection Set: 28.5ms
[2020-04-15T01:33:55.594-0700][gc,phases     ] GC(1279)   Post Evacuate Collection Set: 0.6ms
[2020-04-15T01:33:55.594-0700][gc,phases     ] GC(1279)   Other: 0.9ms
[2020-04-15T01:33:55.595-0700][gc,heap       ] GC(1279) Eden regions: 47->0(47)
[2020-04-15T01:33:55.595-0700][gc,heap       ] GC(1279) Survivor regions: 4->4(7)
[2020-04-15T01:33:55.595-0700][gc,heap       ] GC(1279) Old regions: 225->225
[2020-04-15T01:33:55.595-0700][gc,heap       ] GC(1279) Humongous regions: 130->130
[2020-04-15T01:33:55.595-0700][gc,metaspace  ] GC(1279) Metaspace: 28288K->28288K(1075200K)
[2020-04-15T01:33:55.595-0700][gc            ] GC(1279) Pause Young (Normal) (G1 Evacuation Pause) 405M->358M(1024M) 30.273ms
[2020-04-15T01:33:55.595-0700][gc,cpu        ] GC(1279) User=0.08s Sys=0.00s Real=0.03s
[2020-04-15T01:34:10.208-0700][gc,start      ] GC(1280) Pause Young (Normal) (G1 Evacuation Pause)
[2020-04-15T01:34:10.208-0700][gc,task       ] GC(1280) Using 4 workers of 4 for evacuation
[2020-04-15T01:34:10.255-0700][gc,mmu        ] GC(1280) MMU target violated: 21.0ms (20.0ms/21.0ms)
[2020-04-15T01:34:10.255-0700][gc,phases     ] GC(1280)   Pre Evacuate Collection Set: 0.1ms
[2020-04-15T01:34:10.255-0700][gc,phases     ] GC(1280)   Evacuate Collection Set: 45.4ms
[2020-04-15T01:34:10.255-0700][gc,phases     ] GC(1280)   Post Evacuate Collection Set: 0.7ms
[2020-04-15T01:34:10.255-0700][gc,phases     ] GC(1280)   Other: 0.7ms
[2020-04-15T01:34:10.255-0700][gc,heap       ] GC(1280) Eden regions: 47->0(47)
[2020-04-15T01:34:10.255-0700][gc,heap       ] GC(1280) Survivor regions: 4->4(7)
[2020-04-15T01:34:10.255-0700][gc,heap       ] GC(1280) Old regions: 225->225
[2020-04-15T01:34:10.255-0700][gc,heap       ] GC(1280) Humongous regions: 130->130
[2020-04-15T01:34:10.255-0700][gc,metaspace  ] GC(1280) Metaspace: 28288K->28288K(1075200K)
[2020-04-15T01:34:10.255-0700][gc            ] GC(1280) Pause Young (Normal) (G1 Evacuation Pause) 405M->358M(1024M) 47.245ms
[2020-04-15T01:34:10.255-0700][gc,cpu        ] GC(1280) User=0.11s Sys=0.00s Real=0.05s
[2020-04-15T01:34:24.612-0700][gc,start      ] GC(1281) Pause Young (Normal) (G1 Evacuation Pause)
[2020-04-15T01:34:24.612-0700][gc,task       ] GC(1281) Using 4 workers of 4 for evacuation
[2020-04-15T01:34:24.635-0700][gc,mmu        ] GC(1281) MMU target violated: 21.0ms (20.0ms/21.0ms)
[2020-04-15T01:34:24.635-0700][gc,phases     ] GC(1281)   Pre Evacuate Collection Set: 0.0ms
[2020-04-15T01:34:24.635-0700][gc,phases     ] GC(1281)   Evacuate Collection Set: 22.6ms
[2020-04-15T01:34:24.635-0700][gc,phases     ] GC(1281)   Post Evacuate Collection Set: 0.4ms
[2020-04-15T01:34:24.635-0700][gc,phases     ] GC(1281)   Other: 0.5ms
[2020-04-15T01:34:24.635-0700][gc,heap       ] GC(1281) Eden regions: 47->0(47)
[2020-04-15T01:34:24.635-0700][gc,heap       ] GC(1281) Survivor regions: 4->4(7)
[2020-04-15T01:34:24.635-0700][gc,heap       ] GC(1281) Old regions: 225->226
[2020-04-15T01:34:24.636-0700][gc,heap       ] GC(1281) Humongous regions: 130->130
[2020-04-15T01:34:24.636-0700][gc,metaspace  ] GC(1281) Metaspace: 28288K->28288K(1075200K)
[2020-04-15T01:34:24.636-0700][gc            ] GC(1281) Pause Young (Normal) (G1 Evacuation Pause) 405M->359M(1024M) 23.614ms
[2020-04-15T01:34:24.636-0700][gc,cpu        ] GC(1281) User=0.08s Sys=0.00s Real=0.02s
[2020-04-15T01:34:39.012-0700][gc,start      ] GC(1282) Pause Young (Normal) (G1 Evacuation Pause)
[2020-04-15T01:34:39.012-0700][gc,task       ] GC(1282) Using 4 workers of 4 for evacuation
[2020-04-15T01:34:39.036-0700][gc,mmu        ] GC(1282) MMU target violated: 21.0ms (20.0ms/21.0ms)
[2020-04-15T01:34:39.036-0700][gc,phases     ] GC(1282)   Pre Evacuate Collection Set: 0.1ms
[2020-04-15T01:34:39.036-0700][gc,phases     ] GC(1282)   Evacuate Collection Set: 23.2ms
[2020-04-15T01:34:39.036-0700][gc,phases     ] GC(1282)   Post Evacuate Collection Set: 0.4ms
[2020-04-15T01:34:39.036-0700][gc,phases     ] GC(1282)   Other: 0.5ms
[2020-04-15T01:34:39.036-0700][gc,heap       ] GC(1282) Eden regions: 47->0(47)
[2020-04-15T01:34:39.036-0700][gc,heap       ] GC(1282) Survivor regions: 4->4(7)
[2020-04-15T01:34:39.036-0700][gc,heap       ] GC(1282) Old regions: 226->226
[2020-04-15T01:34:39.036-0700][gc,heap       ] GC(1282) Humongous regions: 130->130
[2020-04-15T01:34:39.036-0700][gc,metaspace  ] GC(1282) Metaspace: 28288K->28288K(1075200K)
[2020-04-15T01:34:39.036-0700][gc            ] GC(1282) Pause Young (Normal) (G1 Evacuation Pause) 406M->359M(1024M) 24.379ms
[2020-04-15T01:34:39.036-0700][gc,cpu        ] GC(1282) User=0.08s Sys=0.00s Real=0.02s
[2020-04-15T01:34:55.754-0700][gc,start      ] GC(1283) Pause Young (Normal) (G1 Evacuation Pause)
[2020-04-15T01:34:55.754-0700][gc,task       ] GC(1283) Using 4 workers of 4 for evacuation
[2020-04-15T01:34:55.777-0700][gc,mmu        ] GC(1283) MMU target violated: 21.0ms (20.0ms/21.0ms)
[2020-04-15T01:34:55.777-0700][gc,phases     ] GC(1283)   Pre Evacuate Collection Set: 0.0ms
[2020-04-15T01:34:55.777-0700][gc,phases     ] GC(1283)   Evacuate Collection Set: 22.3ms
[2020-04-15T01:34:55.777-0700][gc,phases     ] GC(1283)   Post Evacuate Collection Set: 0.4ms
[2020-04-15T01:34:55.777-0700][gc,phases     ] GC(1283)   Other: 0.5ms
[2020-04-15T01:34:55.778-0700][gc,heap       ] GC(1283) Eden regions: 47->0(47)
[2020-04-15T01:34:55.778-0700][gc,heap       ] GC(1283) Survivor regions: 4->4(7)
[2020-04-15T01:34:55.778-0700][gc,heap       ] GC(1283) Old regions: 226->227
[2020-04-15T01:34:55.778-0700][gc,heap       ] GC(1283) Humongous regions: 130->130
[2020-04-15T01:34:55.778-0700][gc,metaspace  ] GC(1283) Metaspace: 28288K->28288K(1075200K)
[2020-04-15T01:34:55.778-0700][gc            ] GC(1283) Pause Young (Normal) (G1 Evacuation Pause) 406M->359M(1024M) 23.362ms
[2020-04-15T01:34:55.778-0700][gc,cpu        ] GC(1283) User=0.08s Sys=0.00s Real=0.03s
[2020-04-15T01:35:10.675-0700][gc,start      ] GC(1284) Pause Young (Normal) (G1 Evacuation Pause)
[2020-04-15T01:35:10.675-0700][gc,task       ] GC(1284) Using 4 workers of 4 for evacuation
[2020-04-15T01:35:10.700-0700][gc,mmu        ] GC(1284) MMU target violated: 21.0ms (20.0ms/21.0ms)
[2020-04-15T01:35:10.700-0700][gc,phases     ] GC(1284)   Pre Evacuate Collection Set: 0.1ms
[2020-04-15T01:35:10.700-0700][gc,phases     ] GC(1284)   Evacuate Collection Set: 24.2ms
[2020-04-15T01:35:10.700-0700][gc,phases     ] GC(1284)   Post Evacuate Collection Set: 0.7ms
[2020-04-15T01:35:10.700-0700][gc,phases     ] GC(1284)   Other: 0.7ms
[2020-04-15T01:35:10.700-0700][gc,heap       ] GC(1284) Eden regions: 47->0(46)
[2020-04-15T01:35:10.700-0700][gc,heap       ] GC(1284) Survivor regions: 4->5(7)
[2020-04-15T01:35:10.700-0700][gc,heap       ] GC(1284) Old regions: 227->227
[2020-04-15T01:35:10.700-0700][gc,heap       ] GC(1284) Humongous regions: 130->130
[2020-04-15T01:35:10.700-0700][gc,metaspace  ] GC(1284) Metaspace: 28288K->28288K(1075200K)
[2020-04-15T01:35:10.700-0700][gc            ] GC(1284) Pause Young (Normal) (G1 Evacuation Pause) 406M->360M(1024M) 25.691ms
[2020-04-15T01:35:10.700-0700][gc,cpu        ] GC(1284) User=0.08s Sys=0.00s Real=0.03s
[2020-04-15T01:35:24.936-0700][gc,start      ] GC(1285) Pause Young (Normal) (G1 Evacuation Pause)
[2020-04-15T01:35:24.936-0700][gc,task       ] GC(1285) Using 4 workers of 4 for evacuation
[2020-04-15T01:35:24.961-0700][gc,mmu        ] GC(1285) MMU target violated: 21.0ms (20.0ms/21.0ms)
[2020-04-15T01:35:24.961-0700][gc,phases     ] GC(1285)   Pre Evacuate Collection Set: 0.0ms
[2020-04-15T01:35:24.961-0700][gc,phases     ] GC(1285)   Evacuate Collection Set: 23.9ms
[2020-04-15T01:35:24.961-0700][gc,phases     ] GC(1285)   Post Evacuate Collection Set: 0.7ms
[2020-04-15T01:35:24.961-0700][gc,phases     ] GC(1285)   Other: 0.4ms
[2020-04-15T01:35:24.961-0700][gc,heap       ] GC(1285) Eden regions: 46->0(47)
[2020-04-15T01:35:24.961-0700][gc,heap       ] GC(1285) Survivor regions: 5->4(7)
[2020-04-15T01:35:24.961-0700][gc,heap       ] GC(1285) Old regions: 227->227
[2020-04-15T01:35:24.961-0700][gc,heap       ] GC(1285) Humongous regions: 130->130
[2020-04-15T01:35:24.961-0700][gc,metaspace  ] GC(1285) Metaspace: 28288K->28288K(1075200K)
[2020-04-15T01:35:24.961-0700][gc            ] GC(1285) Pause Young (Normal) (G1 Evacuation Pause) 406M->360M(1024M) 25.242ms
[2020-04-15T01:35:24.961-0700][gc,cpu        ] GC(1285) User=0.09s Sys=0.00s Real=0.03s
[2020-04-15T01:35:39.563-0700][gc,start      ] GC(1286) Pause Young (Normal) (G1 Evacuation Pause)
[2020-04-15T01:35:39.563-0700][gc,task       ] GC(1286) Using 4 workers of 4 for evacuation
[2020-04-15T01:35:39.573-0700][gc,phases     ] GC(1286)   Pre Evacuate Collection Set: 0.0ms
[2020-04-15T01:35:39.573-0700][gc,phases     ] GC(1286)   Evacuate Collection Set: 8.9ms
[2020-04-15T01:35:39.573-0700][gc,phases     ] GC(1286)   Post Evacuate Collection Set: 0.2ms
[2020-04-15T01:35:39.573-0700][gc,phases     ] GC(1286)   Other: 0.2ms
[2020-04-15T01:35:39.573-0700][gc,heap       ] GC(1286) Eden regions: 47->0(46)
[2020-04-15T01:35:39.573-0700][gc,heap       ] GC(1286) Survivor regions: 4->5(7)
[2020-04-15T01:35:39.573-0700][gc,heap       ] GC(1286) Old regions: 227->227
[2020-04-15T01:35:39.573-0700][gc,heap       ] GC(1286) Humongous regions: 130->130
[2020-04-15T01:35:39.573-0700][gc,metaspace  ] GC(1286) Metaspace: 28288K->28288K(1075200K)
[2020-04-15T01:35:39.573-0700][gc            ] GC(1286) Pause Young (Normal) (G1 Evacuation Pause) 407M->361M(1024M) 9.474ms
[2020-04-15T01:35:39.573-0700][gc,cpu        ] GC(1286) User=0.03s Sys=0.00s Real=0.01s
[2020-04-15T01:35:53.662-0700][gc,start      ] GC(1287) Pause Young (Normal) (G1 Evacuation Pause)
[2020-04-15T01:35:53.662-0700][gc,task       ] GC(1287) Using 4 workers of 4 for evacuation
[2020-04-15T01:35:53.693-0700][gc,mmu        ] GC(1287) MMU target violated: 21.0ms (20.0ms/21.0ms)
[2020-04-15T01:35:53.694-0700][gc,phases     ] GC(1287)   Pre Evacuate Collection Set: 0.0ms
[2020-04-15T01:35:53.694-0700][gc,phases     ] GC(1287)   Evacuate Collection Set: 30.1ms
[2020-04-15T01:35:53.694-0700][gc,phases     ] GC(1287)   Post Evacuate Collection Set: 0.8ms
[2020-04-15T01:35:53.694-0700][gc,phases     ] GC(1287)   Other: 0.5ms
[2020-04-15T01:35:53.694-0700][gc,heap       ] GC(1287) Eden regions: 46->0(47)
[2020-04-15T01:35:53.694-0700][gc,heap       ] GC(1287) Survivor regions: 5->4(7)
[2020-04-15T01:35:53.694-0700][gc,heap       ] GC(1287) Old regions: 227->229
[2020-04-15T01:35:53.694-0700][gc,heap       ] GC(1287) Humongous regions: 130->130
[2020-04-15T01:35:53.694-0700][gc,metaspace  ] GC(1287) Metaspace: 28288K->28288K(1075200K)
[2020-04-15T01:35:53.694-0700][gc            ] GC(1287) Pause Young (Normal) (G1 Evacuation Pause) 407M->362M(1024M) 31.469ms
[2020-04-15T01:35:53.694-0700][gc,cpu        ] GC(1287) User=0.11s Sys=0.00s Real=0.03s
[2020-04-15T01:36:08.978-0700][gc,start      ] GC(1288) Pause Young (Concurrent Start) (G1 Evacuation Pause)
[2020-04-15T01:36:08.978-0700][gc,task       ] GC(1288) Using 4 workers of 4 for evacuation
[2020-04-15T01:36:08.992-0700][gc,phases     ] GC(1288)   Pre Evacuate Collection Set: 0.0ms
[2020-04-15T01:36:08.992-0700][gc,phases     ] GC(1288)   Evacuate Collection Set: 13.0ms
[2020-04-15T01:36:08.992-0700][gc,phases     ] GC(1288)   Post Evacuate Collection Set: 0.3ms
[2020-04-15T01:36:08.992-0700][gc,phases     ] GC(1288)   Other: 0.3ms
[2020-04-15T01:36:08.992-0700][gc,heap       ] GC(1288) Eden regions: 47->0(47)
[2020-04-15T01:36:08.992-0700][gc,heap       ] GC(1288) Survivor regions: 4->4(7)
[2020-04-15T01:36:08.992-0700][gc,heap       ] GC(1288) Old regions: 229->229
[2020-04-15T01:36:08.992-0700][gc,heap       ] GC(1288) Humongous regions: 130->130
[2020-04-15T01:36:08.992-0700][gc,metaspace  ] GC(1288) Metaspace: 28288K->28288K(1075200K)
[2020-04-15T01:36:08.992-0700][gc            ] GC(1288) Pause Young (Concurrent Start) (G1 Evacuation Pause) 409M->362M(1024M) 13.755ms
[2020-04-15T01:36:08.992-0700][gc,cpu        ] GC(1288) User=0.03s Sys=0.00s Real=0.01s
[2020-04-15T01:36:08.992-0700][gc            ] GC(1289) Concurrent Cycle
[2020-04-15T01:36:08.992-0700][gc,marking    ] GC(1289) Concurrent Clear Claimed Marks
[2020-04-15T01:36:08.992-0700][gc,marking    ] GC(1289) Concurrent Clear Claimed Marks 0.025ms
[2020-04-15T01:36:08.992-0700][gc,marking    ] GC(1289) Concurrent Scan Root Regions
[2020-04-15T01:36:08.998-0700][gc,marking    ] GC(1289) Concurrent Scan Root Regions 6.316ms
[2020-04-15T01:36:08.998-0700][gc,marking    ] GC(1289) Concurrent Mark (20101.905s)
[2020-04-15T01:36:08.998-0700][gc,marking    ] GC(1289) Concurrent Mark From Roots
[2020-04-15T01:36:08.998-0700][gc,task       ] GC(1289) Using 1 workers of 1 for marking
[2020-04-15T01:36:09.031-0700][gc,marking    ] GC(1289) Concurrent Mark From Roots 32.415ms
[2020-04-15T01:36:09.031-0700][gc,marking    ] GC(1289) Concurrent Preclean
[2020-04-15T01:36:09.031-0700][gc,marking    ] GC(1289) Concurrent Preclean 0.104ms
[2020-04-15T01:36:09.031-0700][gc,marking    ] GC(1289) Concurrent Mark (20101.905s, 20101.938s) 32.578ms
[2020-04-15T01:36:09.031-0700][gc,start      ] GC(1289) Pause Remark
[2020-04-15T01:36:09.036-0700][gc,stringtable] GC(1289) Cleaned string and symbol table, strings: 13628 processed, 1 removed, symbols: 59892 processed, 0 removed
[2020-04-15T01:36:09.037-0700][gc            ] GC(1289) Pause Remark 363M->261M(1024M) 5.599ms
[2020-04-15T01:36:09.037-0700][gc,cpu        ] GC(1289) User=0.01s Sys=0.00s Real=0.00s
[2020-04-15T01:36:09.037-0700][gc,marking    ] GC(1289) Concurrent Rebuild Remembered Sets
[2020-04-15T01:36:09.053-0700][gc,marking    ] GC(1289) Concurrent Rebuild Remembered Sets 16.465ms
[2020-04-15T01:36:09.053-0700][gc,start      ] GC(1289) Pause Cleanup
[2020-04-15T01:36:09.054-0700][gc            ] GC(1289) Pause Cleanup 261M->261M(1024M) 0.262ms
[2020-04-15T01:36:09.054-0700][gc,cpu        ] GC(1289) User=0.00s Sys=0.00s Real=0.00s
[2020-04-15T01:36:09.054-0700][gc,marking    ] GC(1289) Concurrent Cleanup for Next Mark
[2020-04-15T01:36:09.055-0700][gc,marking    ] GC(1289) Concurrent Cleanup for Next Mark 1.313ms
[2020-04-15T01:36:09.055-0700][gc            ] GC(1289) Concurrent Cycle 63.144ms
[2020-04-15T01:36:23.736-0700][gc,start      ] GC(1290) Pause Young (Prepare Mixed) (G1 Evacuation Pause)
[2020-04-15T01:36:23.736-0700][gc,task       ] GC(1290) Using 4 workers of 4 for evacuation
[2020-04-15T01:36:23.768-0700][gc,mmu        ] GC(1290) MMU target violated: 21.0ms (20.0ms/21.0ms)
[2020-04-15T01:36:23.768-0700][gc,phases     ] GC(1290)   Pre Evacuate Collection Set: 0.0ms
[2020-04-15T01:36:23.769-0700][gc,phases     ] GC(1290)   Evacuate Collection Set: 29.8ms
[2020-04-15T01:36:23.769-0700][gc,phases     ] GC(1290)   Post Evacuate Collection Set: 2.0ms
[2020-04-15T01:36:23.769-0700][gc,phases     ] GC(1290)   Other: 0.5ms
[2020-04-15T01:36:23.769-0700][gc,heap       ] GC(1290) Eden regions: 47->0(47)
[2020-04-15T01:36:23.769-0700][gc,heap       ] GC(1290) Survivor regions: 4->4(7)
[2020-04-15T01:36:23.769-0700][gc,heap       ] GC(1290) Old regions: 127->127
[2020-04-15T01:36:23.769-0700][gc,heap       ] GC(1290) Humongous regions: 130->130
[2020-04-15T01:36:23.769-0700][gc,metaspace  ] GC(1290) Metaspace: 28288K->28288K(1075200K)
[2020-04-15T01:36:23.769-0700][gc            ] GC(1290) Pause Young (Prepare Mixed) (G1 Evacuation Pause) 307M->260M(1024M) 32.471ms
[2020-04-15T01:36:23.769-0700][gc,cpu        ] GC(1290) User=0.09s Sys=0.00s Real=0.03s
[2020-04-15T01:36:38.116-0700][gc,start      ] GC(1291) Pause Young (Mixed) (G1 Evacuation Pause)
[2020-04-15T01:36:38.116-0700][gc,task       ] GC(1291) Using 4 workers of 4 for evacuation
[2020-04-15T01:36:38.151-0700][gc,mmu        ] GC(1291) MMU target violated: 21.0ms (20.0ms/21.0ms)
[2020-04-15T01:36:38.151-0700][gc,phases     ] GC(1291)   Pre Evacuate Collection Set: 0.1ms
[2020-04-15T01:36:38.151-0700][gc,phases     ] GC(1291)   Evacuate Collection Set: 34.3ms
[2020-04-15T01:36:38.151-0700][gc,phases     ] GC(1291)   Post Evacuate Collection Set: 0.6ms
[2020-04-15T01:36:38.151-0700][gc,phases     ] GC(1291)   Other: 0.5ms
[2020-04-15T01:36:38.152-0700][gc,heap       ] GC(1291) Eden regions: 47->0(47)
[2020-04-15T01:36:38.152-0700][gc,heap       ] GC(1291) Survivor regions: 4->4(7)
[2020-04-15T01:36:38.152-0700][gc,heap       ] GC(1291) Old regions: 127->113
[2020-04-15T01:36:38.152-0700][gc,heap       ] GC(1291) Humongous regions: 130->130
[2020-04-15T01:36:38.152-0700][gc,metaspace  ] GC(1291) Metaspace: 28288K->28288K(1075200K)
[2020-04-15T01:36:38.152-0700][gc            ] GC(1291) Pause Young (Mixed) (G1 Evacuation Pause) 307M->246M(1024M) 35.509ms
[2020-04-15T01:36:38.152-0700][gc,cpu        ] GC(1291) User=0.10s Sys=0.00s Real=0.04s
[2020-04-15T01:36:52.681-0700][gc,start      ] GC(1292) Pause Young (Mixed) (G1 Evacuation Pause)
[2020-04-15T01:36:52.681-0700][gc,task       ] GC(1292) Using 4 workers of 4 for evacuation
[2020-04-15T01:36:52.722-0700][gc,mmu        ] GC(1292) MMU target violated: 21.0ms (20.0ms/21.0ms)
[2020-04-15T01:36:52.722-0700][gc,phases     ] GC(1292)   Pre Evacuate Collection Set: 0.1ms
[2020-04-15T01:36:52.722-0700][gc,phases     ] GC(1292)   Evacuate Collection Set: 39.4ms
[2020-04-15T01:36:52.722-0700][gc,phases     ] GC(1292)   Post Evacuate Collection Set: 0.8ms
[2020-04-15T01:36:52.722-0700][gc,phases     ] GC(1292)   Other: 0.7ms
[2020-04-15T01:36:52.722-0700][gc,heap       ] GC(1292) Eden regions: 47->0(47)
[2020-04-15T01:36:52.722-0700][gc,heap       ] GC(1292) Survivor regions: 4->4(7)
[2020-04-15T01:36:52.722-0700][gc,heap       ] GC(1292) Old regions: 113->98
[2020-04-15T01:36:52.722-0700][gc,heap       ] GC(1292) Humongous regions: 130->130
[2020-04-15T01:36:52.722-0700][gc,metaspace  ] GC(1292) Metaspace: 28288K->28288K(1075200K)
[2020-04-15T01:36:52.722-0700][gc            ] GC(1292) Pause Young (Mixed) (G1 Evacuation Pause) 293M->231M(1024M) 41.204ms
[2020-04-15T01:36:52.722-0700][gc,cpu        ] GC(1292) User=0.09s Sys=0.00s Real=0.04s
[2020-04-15T01:37:07.250-0700][gc,start      ] GC(1293) Pause Young (Mixed) (G1 Evacuation Pause)
[2020-04-15T01:37:07.250-0700][gc,task       ] GC(1293) Using 4 workers of 4 for evacuation
[2020-04-15T01:37:07.284-0700][gc,mmu        ] GC(1293) MMU target violated: 21.0ms (20.0ms/21.0ms)
[2020-04-15T01:37:07.284-0700][gc,phases     ] GC(1293)   Pre Evacuate Collection Set: 0.1ms
[2020-04-15T01:37:07.284-0700][gc,phases     ] GC(1293)   Evacuate Collection Set: 32.6ms
[2020-04-15T01:37:07.284-0700][gc,phases     ] GC(1293)   Post Evacuate Collection Set: 0.5ms
[2020-04-15T01:37:07.284-0700][gc,phases     ] GC(1293)   Other: 0.5ms
[2020-04-15T01:37:07.284-0700][gc,heap       ] GC(1293) Eden regions: 47->0(47)
[2020-04-15T01:37:07.284-0700][gc,heap       ] GC(1293) Survivor regions: 4->4(7)
[2020-04-15T01:37:07.284-0700][gc,heap       ] GC(1293) Old regions: 98->83
[2020-04-15T01:37:07.284-0700][gc,heap       ] GC(1293) Humongous regions: 130->130
[2020-04-15T01:37:07.284-0700][gc,metaspace  ] GC(1293) Metaspace: 28288K->28288K(1075200K)
[2020-04-15T01:37:07.284-0700][gc            ] GC(1293) Pause Young (Mixed) (G1 Evacuation Pause) 278M->216M(1024M) 33.819ms
[2020-04-15T01:37:07.284-0700][gc,cpu        ] GC(1293) User=0.10s Sys=0.00s Real=0.03s
[2020-04-15T01:37:21.593-0700][gc,start      ] GC(1294) Pause Young (Mixed) (G1 Evacuation Pause)
[2020-04-15T01:37:21.593-0700][gc,task       ] GC(1294) Using 4 workers of 4 for evacuation
[2020-04-15T01:37:21.629-0700][gc,mmu        ] GC(1294) MMU target violated: 21.0ms (20.0ms/21.0ms)
[2020-04-15T01:37:21.630-0700][gc,phases     ] GC(1294)   Pre Evacuate Collection Set: 0.1ms
[2020-04-15T01:37:21.630-0700][gc,phases     ] GC(1294)   Evacuate Collection Set: 35.6ms
[2020-04-15T01:37:21.630-0700][gc,phases     ] GC(1294)   Post Evacuate Collection Set: 0.4ms
[2020-04-15T01:37:21.630-0700][gc,phases     ] GC(1294)   Other: 0.4ms
[2020-04-15T01:37:21.630-0700][gc,heap       ] GC(1294) Eden regions: 47->0(47)
[2020-04-15T01:37:21.630-0700][gc,heap       ] GC(1294) Survivor regions: 4->4(7)
[2020-04-15T01:37:21.630-0700][gc,heap       ] GC(1294) Old regions: 83->69
[2020-04-15T01:37:21.630-0700][gc,heap       ] GC(1294) Humongous regions: 130->130
[2020-04-15T01:37:21.630-0700][gc,metaspace  ] GC(1294) Metaspace: 28288K->28288K(1075200K)
[2020-04-15T01:37:21.630-0700][gc            ] GC(1294) Pause Young (Mixed) (G1 Evacuation Pause) 263M->202M(1024M) 36.633ms
[2020-04-15T01:37:21.630-0700][gc,cpu        ] GC(1294) User=0.09s Sys=0.01s Real=0.04s
[2020-04-15T01:37:36.679-0700][gc,start      ] GC(1295) Pause Young (Mixed) (G1 Evacuation Pause)
[2020-04-15T01:37:36.679-0700][gc,task       ] GC(1295) Using 4 workers of 4 for evacuation
[2020-04-15T01:37:36.710-0700][gc,mmu        ] GC(1295) MMU target violated: 21.0ms (20.0ms/21.0ms)
[2020-04-15T01:37:36.710-0700][gc,phases     ] GC(1295)   Pre Evacuate Collection Set: 0.1ms
[2020-04-15T01:37:36.710-0700][gc,phases     ] GC(1295)   Evacuate Collection Set: 29.8ms
[2020-04-15T01:37:36.710-0700][gc,phases     ] GC(1295)   Post Evacuate Collection Set: 0.5ms
[2020-04-15T01:37:36.710-0700][gc,phases     ] GC(1295)   Other: 0.5ms
[2020-04-15T01:37:36.710-0700][gc,heap       ] GC(1295) Eden regions: 47->0(47)
[2020-04-15T01:37:36.710-0700][gc,heap       ] GC(1295) Survivor regions: 4->4(7)
[2020-04-15T01:37:36.710-0700][gc,heap       ] GC(1295) Old regions: 69->65
[2020-04-15T01:37:36.710-0700][gc,heap       ] GC(1295) Humongous regions: 130->130
[2020-04-15T01:37:36.710-0700][gc,metaspace  ] GC(1295) Metaspace: 28288K->28288K(1075200K)
[2020-04-15T01:37:36.710-0700][gc            ] GC(1295) Pause Young (Mixed) (G1 Evacuation Pause) 249M->198M(1024M) 31.032ms
[2020-04-15T01:37:36.710-0700][gc,cpu        ] GC(1295) User=0.09s Sys=0.00s Real=0.03s
[2020-04-15T01:37:51.364-0700][gc,start      ] GC(1296) Pause Young (Normal) (G1 Evacuation Pause)
[2020-04-15T01:37:51.364-0700][gc,task       ] GC(1296) Using 4 workers of 4 for evacuation
[2020-04-15T01:37:51.398-0700][gc,mmu        ] GC(1296) MMU target violated: 21.0ms (20.0ms/21.0ms)
[2020-04-15T01:37:51.398-0700][gc,phases     ] GC(1296)   Pre Evacuate Collection Set: 0.1ms
[2020-04-15T01:37:51.398-0700][gc,phases     ] GC(1296)   Evacuate Collection Set: 32.4ms
[2020-04-15T01:37:51.398-0700][gc,phases     ] GC(1296)   Post Evacuate Collection Set: 0.5ms
[2020-04-15T01:37:51.398-0700][gc,phases     ] GC(1296)   Other: 0.6ms
[2020-04-15T01:37:51.398-0700][gc,heap       ] GC(1296) Eden regions: 47->0(47)
[2020-04-15T01:37:51.398-0700][gc,heap       ] GC(1296) Survivor regions: 4->4(7)
[2020-04-15T01:37:51.398-0700][gc,heap       ] GC(1296) Old regions: 65->66
[2020-04-15T01:37:51.398-0700][gc,heap       ] GC(1296) Humongous regions: 130->130
[2020-04-15T01:37:51.398-0700][gc,metaspace  ] GC(1296) Metaspace: 28288K->28288K(1075200K)
[2020-04-15T01:37:51.398-0700][gc            ] GC(1296) Pause Young (Normal) (G1 Evacuation Pause) 245M->198M(1024M) 33.786ms
[2020-04-15T01:37:51.398-0700][gc,cpu        ] GC(1296) User=0.10s Sys=0.00s Real=0.04s
[2020-04-15T01:38:05.690-0700][gc,start      ] GC(1297) Pause Young (Normal) (G1 Evacuation Pause)
[2020-04-15T01:38:05.690-0700][gc,task       ] GC(1297) Using 4 workers of 4 for evacuation
[2020-04-15T01:38:05.718-0700][gc,mmu        ] GC(1297) MMU target violated: 21.0ms (20.0ms/21.0ms)
[2020-04-15T01:38:05.718-0700][gc,phases     ] GC(1297)   Pre Evacuate Collection Set: 0.1ms
[2020-04-15T01:38:05.718-0700][gc,phases     ] GC(1297)   Evacuate Collection Set: 26.7ms
[2020-04-15T01:38:05.718-0700][gc,phases     ] GC(1297)   Post Evacuate Collection Set: 0.5ms
[2020-04-15T01:38:05.718-0700][gc,phases     ] GC(1297)   Other: 0.6ms
[2020-04-15T01:38:05.718-0700][gc,heap       ] GC(1297) Eden regions: 47->0(47)
[2020-04-15T01:38:05.718-0700][gc,heap       ] GC(1297) Survivor regions: 4->4(7)
[2020-04-15T01:38:05.718-0700][gc,heap       ] GC(1297) Old regions: 66->66
[2020-04-15T01:38:05.718-0700][gc,heap       ] GC(1297) Humongous regions: 130->130
[2020-04-15T01:38:05.718-0700][gc,metaspace  ] GC(1297) Metaspace: 28288K->28288K(1075200K)
[2020-04-15T01:38:05.718-0700][gc            ] GC(1297) Pause Young (Normal) (G1 Evacuation Pause) 245M->199M(1024M) 27.949ms
[2020-04-15T01:38:05.718-0700][gc,cpu        ] GC(1297) User=0.09s Sys=0.00s Real=0.03s
[2020-04-15T01:38:20.390-0700][gc,start      ] GC(1298) Pause Young (Normal) (G1 Evacuation Pause)
[2020-04-15T01:38:20.390-0700][gc,task       ] GC(1298) Using 4 workers of 4 for evacuation
[2020-04-15T01:38:20.415-0700][gc,mmu        ] GC(1298) MMU target violated: 21.0ms (20.0ms/21.0ms)
[2020-04-15T01:38:20.415-0700][gc,phases     ] GC(1298)   Pre Evacuate Collection Set: 0.0ms
[2020-04-15T01:38:20.415-0700][gc,phases     ] GC(1298)   Evacuate Collection Set: 24.8ms
[2020-04-15T01:38:20.415-0700][gc,phases     ] GC(1298)   Post Evacuate Collection Set: 0.6ms
[2020-04-15T01:38:20.415-0700][gc,phases     ] GC(1298)   Other: 0.4ms
[2020-04-15T01:38:20.416-0700][gc,heap       ] GC(1298) Eden regions: 47->0(46)
[2020-04-15T01:38:20.416-0700][gc,heap       ] GC(1298) Survivor regions: 4->5(7)
[2020-04-15T01:38:20.416-0700][gc,heap       ] GC(1298) Old regions: 66->66
[2020-04-15T01:38:20.416-0700][gc,heap       ] GC(1298) Humongous regions: 130->130
[2020-04-15T01:38:20.416-0700][gc,metaspace  ] GC(1298) Metaspace: 28288K->28288K(1075200K)
[2020-04-15T01:38:20.416-0700][gc            ] GC(1298) Pause Young (Normal) (G1 Evacuation Pause) 246M->199M(1024M) 25.969ms
[2020-04-15T01:38:20.416-0700][gc,cpu        ] GC(1298) User=0.09s Sys=0.00s Real=0.02s
[2020-04-15T01:38:34.407-0700][gc,start      ] GC(1299) Pause Young (Normal) (G1 Evacuation Pause)
[2020-04-15T01:38:34.407-0700][gc,task       ] GC(1299) Using 4 workers of 4 for evacuation
[2020-04-15T01:38:34.432-0700][gc,mmu        ] GC(1299) MMU target violated: 21.0ms (20.0ms/21.0ms)
[2020-04-15T01:38:34.432-0700][gc,phases     ] GC(1299)   Pre Evacuate Collection Set: 0.0ms
[2020-04-15T01:38:34.432-0700][gc,phases     ] GC(1299)   Evacuate Collection Set: 24.4ms
[2020-04-15T01:38:34.432-0700][gc,phases     ] GC(1299)   Post Evacuate Collection Set: 0.5ms
[2020-04-15T01:38:34.432-0700][gc,phases     ] GC(1299)   Other: 0.4ms
[2020-04-15T01:38:34.432-0700][gc,heap       ] GC(1299) Eden regions: 46->0(47)
[2020-04-15T01:38:34.432-0700][gc,heap       ] GC(1299) Survivor regions: 5->4(7)
[2020-04-15T01:38:34.432-0700][gc,heap       ] GC(1299) Old regions: 66->66
[2020-04-15T01:38:34.432-0700][gc,heap       ] GC(1299) Humongous regions: 130->130
[2020-04-15T01:38:34.432-0700][gc,metaspace  ] GC(1299) Metaspace: 28288K->28288K(1075200K)
[2020-04-15T01:38:34.432-0700][gc            ] GC(1299) Pause Young (Normal) (G1 Evacuation Pause) 245M->199M(1024M) 25.430ms
[2020-04-15T01:38:34.432-0700][gc,cpu        ] GC(1299) User=0.09s Sys=0.00s Real=0.03s
[2020-04-15T01:38:48.632-0700][gc,start      ] GC(1300) Pause Young (Normal) (G1 Evacuation Pause)
[2020-04-15T01:38:48.632-0700][gc,task       ] GC(1300) Using 4 workers of 4 for evacuation
[2020-04-15T01:38:48.664-0700][gc,mmu        ] GC(1300) MMU target violated: 21.0ms (20.0ms/21.0ms)
[2020-04-15T01:38:48.664-0700][gc,phases     ] GC(1300)   Pre Evacuate Collection Set: 0.0ms
[2020-04-15T01:38:48.664-0700][gc,phases     ] GC(1300)   Evacuate Collection Set: 31.7ms
[2020-04-15T01:38:48.664-0700][gc,phases     ] GC(1300)   Post Evacuate Collection Set: 0.6ms
[2020-04-15T01:38:48.664-0700][gc,phases     ] GC(1300)   Other: 0.4ms
[2020-04-15T01:38:48.664-0700][gc,heap       ] GC(1300) Eden regions: 47->0(46)
[2020-04-15T01:38:48.664-0700][gc,heap       ] GC(1300) Survivor regions: 4->5(7)
[2020-04-15T01:38:48.664-0700][gc,heap       ] GC(1300) Old regions: 66->67
[2020-04-15T01:38:48.664-0700][gc,heap       ] GC(1300) Humongous regions: 130->130
[2020-04-15T01:38:48.664-0700][gc,metaspace  ] GC(1300) Metaspace: 28288K->28288K(1075200K)
[2020-04-15T01:38:48.664-0700][gc            ] GC(1300) Pause Young (Normal) (G1 Evacuation Pause) 246M->201M(1024M) 32.815ms
[2020-04-15T01:38:48.664-0700][gc,cpu        ] GC(1300) User=0.10s Sys=0.00s Real=0.03s
[2020-04-15T01:39:02.724-0700][gc,start      ] GC(1301) Pause Young (Normal) (G1 Evacuation Pause)
[2020-04-15T01:39:02.725-0700][gc,task       ] GC(1301) Using 4 workers of 4 for evacuation
[2020-04-15T01:39:02.797-0700][gc,mmu        ] GC(1301) MMU target violated: 21.0ms (20.0ms/21.0ms)
[2020-04-15T01:39:02.797-0700][gc,phases     ] GC(1301)   Pre Evacuate Collection Set: 0.1ms
[2020-04-15T01:39:02.797-0700][gc,phases     ] GC(1301)   Evacuate Collection Set: 71.0ms
[2020-04-15T01:39:02.797-0700][gc,phases     ] GC(1301)   Post Evacuate Collection Set: 0.6ms
[2020-04-15T01:39:02.797-0700][gc,phases     ] GC(1301)   Other: 0.7ms
[2020-04-15T01:39:02.797-0700][gc,heap       ] GC(1301) Eden regions: 46->0(46)
[2020-04-15T01:39:02.797-0700][gc,heap       ] GC(1301) Survivor regions: 5->5(7)
[2020-04-15T01:39:02.797-0700][gc,heap       ] GC(1301) Old regions: 67->68
[2020-04-15T01:39:02.797-0700][gc,heap       ] GC(1301) Humongous regions: 130->130
[2020-04-15T01:39:02.797-0700][gc,metaspace  ] GC(1301) Metaspace: 28288K->28288K(1075200K)
[2020-04-15T01:39:02.797-0700][gc            ] GC(1301) Pause Young (Normal) (G1 Evacuation Pause) 247M->201M(1024M) 72.581ms
[2020-04-15T01:39:02.797-0700][gc,cpu        ] GC(1301) User=0.11s Sys=0.00s Real=0.07s
[2020-04-15T01:39:16.919-0700][gc,start      ] GC(1302) Pause Young (Normal) (G1 Evacuation Pause)
[2020-04-15T01:39:16.919-0700][gc,task       ] GC(1302) Using 4 workers of 4 for evacuation
[2020-04-15T01:39:16.952-0700][gc,mmu        ] GC(1302) MMU target violated: 21.0ms (20.0ms/21.0ms)
[2020-04-15T01:39:16.952-0700][gc,phases     ] GC(1302)   Pre Evacuate Collection Set: 0.0ms
[2020-04-15T01:39:16.952-0700][gc,phases     ] GC(1302)   Evacuate Collection Set: 31.9ms
[2020-04-15T01:39:16.952-0700][gc,phases     ] GC(1302)   Post Evacuate Collection Set: 0.7ms
[2020-04-15T01:39:16.952-0700][gc,phases     ] GC(1302)   Other: 0.5ms
[2020-04-15T01:39:16.952-0700][gc,heap       ] GC(1302) Eden regions: 46->0(47)
[2020-04-15T01:39:16.952-0700][gc,heap       ] GC(1302) Survivor regions: 5->4(7)
[2020-04-15T01:39:16.952-0700][gc,heap       ] GC(1302) Old regions: 68->68
[2020-04-15T01:39:16.952-0700][gc,heap       ] GC(1302) Humongous regions: 130->130
[2020-04-15T01:39:16.952-0700][gc,metaspace  ] GC(1302) Metaspace: 28288K->28288K(1075200K)
[2020-04-15T01:39:16.952-0700][gc            ] GC(1302) Pause Young (Normal) (G1 Evacuation Pause) 247M->201M(1024M) 33.273ms
[2020-04-15T01:39:16.952-0700][gc,cpu        ] GC(1302) User=0.10s Sys=0.00s Real=0.03s
[2020-04-15T01:39:31.813-0700][gc,start      ] GC(1303) Pause Young (Normal) (G1 Evacuation Pause)
[2020-04-15T01:39:31.813-0700][gc,task       ] GC(1303) Using 4 workers of 4 for evacuation
[2020-04-15T01:39:31.837-0700][gc,mmu        ] GC(1303) MMU target violated: 21.0ms (20.0ms/21.0ms)
[2020-04-15T01:39:31.837-0700][gc,phases     ] GC(1303)   Pre Evacuate Collection Set: 0.0ms
[2020-04-15T01:39:31.837-0700][gc,phases     ] GC(1303)   Evacuate Collection Set: 22.7ms
[2020-04-15T01:39:31.837-0700][gc,phases     ] GC(1303)   Post Evacuate Collection Set: 0.4ms
[2020-04-15T01:39:31.837-0700][gc,phases     ] GC(1303)   Other: 0.5ms
[2020-04-15T01:39:31.837-0700][gc,heap       ] GC(1303) Eden regions: 47->0(47)
[2020-04-15T01:39:31.837-0700][gc,heap       ] GC(1303) Survivor regions: 4->4(7)
[2020-04-15T01:39:31.837-0700][gc,heap       ] GC(1303) Old regions: 68->68
[2020-04-15T01:39:31.837-0700][gc,heap       ] GC(1303) Humongous regions: 130->130
[2020-04-15T01:39:31.837-0700][gc,metaspace  ] GC(1303) Metaspace: 28288K->28288K(1075200K)
[2020-04-15T01:39:31.837-0700][gc            ] GC(1303) Pause Young (Normal) (G1 Evacuation Pause) 248M->201M(1024M) 23.939ms
[2020-04-15T01:39:31.837-0700][gc,cpu        ] GC(1303) User=0.09s Sys=0.01s Real=0.02s
[2020-04-15T01:39:46.141-0700][gc,start      ] GC(1304) Pause Young (Normal) (G1 Evacuation Pause)
[2020-04-15T01:39:46.141-0700][gc,task       ] GC(1304) Using 4 workers of 4 for evacuation
[2020-04-15T01:39:46.178-0700][gc,mmu        ] GC(1304) MMU target violated: 21.0ms (20.0ms/21.0ms)
[2020-04-15T01:39:46.178-0700][gc,phases     ] GC(1304)   Pre Evacuate Collection Set: 0.0ms
[2020-04-15T01:39:46.178-0700][gc,phases     ] GC(1304)   Evacuate Collection Set: 36.5ms
[2020-04-15T01:39:46.178-0700][gc,phases     ] GC(1304)   Post Evacuate Collection Set: 0.6ms
[2020-04-15T01:39:46.178-0700][gc,phases     ] GC(1304)   Other: 0.5ms
[2020-04-15T01:39:46.178-0700][gc,heap       ] GC(1304) Eden regions: 47->0(47)
[2020-04-15T01:39:46.178-0700][gc,heap       ] GC(1304) Survivor regions: 4->4(7)
[2020-04-15T01:39:46.178-0700][gc,heap       ] GC(1304) Old regions: 68->69
[2020-04-15T01:39:46.178-0700][gc,heap       ] GC(1304) Humongous regions: 130->130
[2020-04-15T01:39:46.178-0700][gc,metaspace  ] GC(1304) Metaspace: 28288K->28288K(1075200K)
[2020-04-15T01:39:46.179-0700][gc            ] GC(1304) Pause Young (Normal) (G1 Evacuation Pause) 248M->202M(1024M) 37.762ms
[2020-04-15T01:39:46.179-0700][gc,cpu        ] GC(1304) User=0.10s Sys=0.00s Real=0.04s
[2020-04-15T01:40:00.551-0700][gc,start      ] GC(1305) Pause Young (Normal) (G1 Evacuation Pause)
[2020-04-15T01:40:00.551-0700][gc,task       ] GC(1305) Using 4 workers of 4 for evacuation
[2020-04-15T01:40:00.576-0700][gc,mmu        ] GC(1305) MMU target violated: 21.0ms (20.0ms/21.0ms)
[2020-04-15T01:40:00.577-0700][gc,phases     ] GC(1305)   Pre Evacuate Collection Set: 0.1ms
[2020-04-15T01:40:00.577-0700][gc,phases     ] GC(1305)   Evacuate Collection Set: 24.6ms
[2020-04-15T01:40:00.577-0700][gc,phases     ] GC(1305)   Post Evacuate Collection Set: 0.5ms
[2020-04-15T01:40:00.577-0700][gc,phases     ] GC(1305)   Other: 0.6ms
[2020-04-15T01:40:00.577-0700][gc,heap       ] GC(1305) Eden regions: 47->0(47)
[2020-04-15T01:40:00.577-0700][gc,heap       ] GC(1305) Survivor regions: 4->4(7)
[2020-04-15T01:40:00.577-0700][gc,heap       ] GC(1305) Old regions: 69->69
[2020-04-15T01:40:00.577-0700][gc,heap       ] GC(1305) Humongous regions: 130->130
[2020-04-15T01:40:00.577-0700][gc,metaspace  ] GC(1305) Metaspace: 28288K->28288K(1075200K)
[2020-04-15T01:40:00.577-0700][gc            ] GC(1305) Pause Young (Normal) (G1 Evacuation Pause) 249M->202M(1024M) 25.950ms
[2020-04-15T01:40:00.577-0700][gc,cpu        ] GC(1305) User=0.09s Sys=0.00s Real=0.02s
[2020-04-15T01:40:15.985-0700][gc,start      ] GC(1306) Pause Young (Normal) (G1 Evacuation Pause)
[2020-04-15T01:40:15.985-0700][gc,task       ] GC(1306) Using 4 workers of 4 for evacuation
[2020-04-15T01:40:15.992-0700][gc,phases     ] GC(1306)   Pre Evacuate Collection Set: 0.0ms
[2020-04-15T01:40:15.992-0700][gc,phases     ] GC(1306)   Evacuate Collection Set: 7.0ms
[2020-04-15T01:40:15.992-0700][gc,phases     ] GC(1306)   Post Evacuate Collection Set: 0.4ms
[2020-04-15T01:40:15.992-0700][gc,phases     ] GC(1306)   Other: 0.1ms
[2020-04-15T01:40:15.992-0700][gc,heap       ] GC(1306) Eden regions: 47->0(47)
[2020-04-15T01:40:15.992-0700][gc,heap       ] GC(1306) Survivor regions: 4->4(7)
[2020-04-15T01:40:15.992-0700][gc,heap       ] GC(1306) Old regions: 69->70
[2020-04-15T01:40:15.992-0700][gc,heap       ] GC(1306) Humongous regions: 130->130
[2020-04-15T01:40:15.992-0700][gc,metaspace  ] GC(1306) Metaspace: 28288K->28288K(1075200K)
[2020-04-15T01:40:15.992-0700][gc            ] GC(1306) Pause Young (Normal) (G1 Evacuation Pause) 249M->203M(1024M) 7.587ms
[2020-04-15T01:40:15.992-0700][gc,cpu        ] GC(1306) User=0.03s Sys=0.00s Real=0.01s
[2020-04-15T01:40:30.382-0700][gc,start      ] GC(1307) Pause Young (Normal) (G1 Evacuation Pause)
[2020-04-15T01:40:30.382-0700][gc,task       ] GC(1307) Using 4 workers of 4 for evacuation
[2020-04-15T01:40:30.399-0700][gc,phases     ] GC(1307)   Pre Evacuate Collection Set: 0.0ms
[2020-04-15T01:40:30.399-0700][gc,phases     ] GC(1307)   Evacuate Collection Set: 16.6ms
[2020-04-15T01:40:30.399-0700][gc,phases     ] GC(1307)   Post Evacuate Collection Set: 0.4ms
[2020-04-15T01:40:30.399-0700][gc,phases     ] GC(1307)   Other: 0.3ms
[2020-04-15T01:40:30.399-0700][gc,heap       ] GC(1307) Eden regions: 47->0(47)
[2020-04-15T01:40:30.399-0700][gc,heap       ] GC(1307) Survivor regions: 4->4(7)
[2020-04-15T01:40:30.399-0700][gc,heap       ] GC(1307) Old regions: 70->70
[2020-04-15T01:40:30.399-0700][gc,heap       ] GC(1307) Humongous regions: 130->130
[2020-04-15T01:40:30.399-0700][gc,metaspace  ] GC(1307) Metaspace: 28288K->28288K(1075200K)
[2020-04-15T01:40:30.399-0700][gc            ] GC(1307) Pause Young (Normal) (G1 Evacuation Pause) 250M->203M(1024M) 17.483ms
[2020-04-15T01:40:30.399-0700][gc,cpu        ] GC(1307) User=0.06s Sys=0.00s Real=0.02s
[2020-04-15T01:40:44.923-0700][gc,start      ] GC(1308) Pause Young (Normal) (G1 Evacuation Pause)
[2020-04-15T01:40:44.923-0700][gc,task       ] GC(1308) Using 4 workers of 4 for evacuation
[2020-04-15T01:40:44.943-0700][gc,phases     ] GC(1308)   Pre Evacuate Collection Set: 0.0ms
[2020-04-15T01:40:44.943-0700][gc,phases     ] GC(1308)   Evacuate Collection Set: 19.3ms
[2020-04-15T01:40:44.943-0700][gc,phases     ] GC(1308)   Post Evacuate Collection Set: 0.4ms
[2020-04-15T01:40:44.943-0700][gc,phases     ] GC(1308)   Other: 0.4ms
[2020-04-15T01:40:44.943-0700][gc,heap       ] GC(1308) Eden regions: 47->0(47)
[2020-04-15T01:40:44.943-0700][gc,heap       ] GC(1308) Survivor regions: 4->4(7)
[2020-04-15T01:40:44.943-0700][gc,heap       ] GC(1308) Old regions: 70->71
[2020-04-15T01:40:44.943-0700][gc,heap       ] GC(1308) Humongous regions: 130->130
[2020-04-15T01:40:44.943-0700][gc,metaspace  ] GC(1308) Metaspace: 28288K->28288K(1075200K)
[2020-04-15T01:40:44.943-0700][gc            ] GC(1308) Pause Young (Normal) (G1 Evacuation Pause) 250M->203M(1024M) 20.175ms
[2020-04-15T01:40:44.943-0700][gc,cpu        ] GC(1308) User=0.05s Sys=0.00s Real=0.02s
[2020-04-15T01:40:59.294-0700][gc,start      ] GC(1309) Pause Young (Normal) (G1 Evacuation Pause)
[2020-04-15T01:40:59.294-0700][gc,task       ] GC(1309) Using 4 workers of 4 for evacuation
[2020-04-15T01:40:59.308-0700][gc,phases     ] GC(1309)   Pre Evacuate Collection Set: 0.0ms
[2020-04-15T01:40:59.308-0700][gc,phases     ] GC(1309)   Evacuate Collection Set: 13.1ms
[2020-04-15T01:40:59.308-0700][gc,phases     ] GC(1309)   Post Evacuate Collection Set: 0.4ms
[2020-04-15T01:40:59.308-0700][gc,phases     ] GC(1309)   Other: 0.2ms
[2020-04-15T01:40:59.308-0700][gc,heap       ] GC(1309) Eden regions: 47->0(47)
[2020-04-15T01:40:59.308-0700][gc,heap       ] GC(1309) Survivor regions: 4->4(7)
[2020-04-15T01:40:59.308-0700][gc,heap       ] GC(1309) Old regions: 71->71
[2020-04-15T01:40:59.308-0700][gc,heap       ] GC(1309) Humongous regions: 130->130
[2020-04-15T01:40:59.308-0700][gc,metaspace  ] GC(1309) Metaspace: 28288K->28288K(1075200K)
[2020-04-15T01:40:59.308-0700][gc            ] GC(1309) Pause Young (Normal) (G1 Evacuation Pause) 250M->204M(1024M) 13.900ms
[2020-04-15T01:40:59.308-0700][gc,cpu        ] GC(1309) User=0.04s Sys=0.00s Real=0.01s
[2020-04-15T01:41:13.945-0700][gc,start      ] GC(1310) Pause Young (Normal) (G1 Evacuation Pause)
[2020-04-15T01:41:13.946-0700][gc,task       ] GC(1310) Using 4 workers of 4 for evacuation
[2020-04-15T01:41:13.974-0700][gc,mmu        ] GC(1310) MMU target violated: 21.0ms (20.0ms/21.0ms)
[2020-04-15T01:41:13.974-0700][gc,phases     ] GC(1310)   Pre Evacuate Collection Set: 0.0ms
[2020-04-15T01:41:13.974-0700][gc,phases     ] GC(1310)   Evacuate Collection Set: 27.8ms
[2020-04-15T01:41:13.974-0700][gc,phases     ] GC(1310)   Post Evacuate Collection Set: 0.6ms
[2020-04-15T01:41:13.974-0700][gc,phases     ] GC(1310)   Other: 0.5ms
[2020-04-15T01:41:13.974-0700][gc,heap       ] GC(1310) Eden regions: 47->0(47)
[2020-04-15T01:41:13.974-0700][gc,heap       ] GC(1310) Survivor regions: 4->4(7)
[2020-04-15T01:41:13.974-0700][gc,heap       ] GC(1310) Old regions: 71->71
[2020-04-15T01:41:13.974-0700][gc,heap       ] GC(1310) Humongous regions: 130->130
[2020-04-15T01:41:13.974-0700][gc,metaspace  ] GC(1310) Metaspace: 28288K->28288K(1075200K)
[2020-04-15T01:41:13.975-0700][gc            ] GC(1310) Pause Young (Normal) (G1 Evacuation Pause) 251M->204M(1024M) 29.087ms
[2020-04-15T01:41:13.975-0700][gc,cpu        ] GC(1310) User=0.09s Sys=0.00s Real=0.03s
[2020-04-15T01:41:28.600-0700][gc,start      ] GC(1311) Pause Young (Normal) (G1 Evacuation Pause)
[2020-04-15T01:41:28.600-0700][gc,task       ] GC(1311) Using 4 workers of 4 for evacuation
[2020-04-15T01:41:28.612-0700][gc,phases     ] GC(1311)   Pre Evacuate Collection Set: 0.0ms
[2020-04-15T01:41:28.612-0700][gc,phases     ] GC(1311)   Evacuate Collection Set: 11.3ms
[2020-04-15T01:41:28.612-0700][gc,phases     ] GC(1311)   Post Evacuate Collection Set: 0.4ms
[2020-04-15T01:41:28.612-0700][gc,phases     ] GC(1311)   Other: 0.3ms
[2020-04-15T01:41:28.612-0700][gc,heap       ] GC(1311) Eden regions: 47->0(47)
[2020-04-15T01:41:28.612-0700][gc,heap       ] GC(1311) Survivor regions: 4->4(7)
[2020-04-15T01:41:28.612-0700][gc,heap       ] GC(1311) Old regions: 71->71
[2020-04-15T01:41:28.612-0700][gc,heap       ] GC(1311) Humongous regions: 130->130
[2020-04-15T01:41:28.612-0700][gc,metaspace  ] GC(1311) Metaspace: 28288K->28288K(1075200K)
[2020-04-15T01:41:28.612-0700][gc            ] GC(1311) Pause Young (Normal) (G1 Evacuation Pause) 251M->204M(1024M) 12.119ms
[2020-04-15T01:41:28.612-0700][gc,cpu        ] GC(1311) User=0.04s Sys=0.00s Real=0.01s
[2020-04-15T01:41:43.099-0700][gc,start      ] GC(1312) Pause Young (Normal) (G1 Evacuation Pause)
[2020-04-15T01:41:43.099-0700][gc,task       ] GC(1312) Using 4 workers of 4 for evacuation
[2020-04-15T01:41:43.111-0700][gc,phases     ] GC(1312)   Pre Evacuate Collection Set: 0.0ms
[2020-04-15T01:41:43.111-0700][gc,phases     ] GC(1312)   Evacuate Collection Set: 11.4ms
[2020-04-15T01:41:43.111-0700][gc,phases     ] GC(1312)   Post Evacuate Collection Set: 0.3ms
