[2020-04-14T22:30:39.707-0700][gc,heap       ] GC(574) Survivor regions: 4->5(7)
[2020-04-14T22:30:39.707-0700][gc,heap       ] GC(574) Old regions: 87->88
[2020-04-14T22:30:39.707-0700][gc,heap       ] GC(574) Humongous regions: 130->130
[2020-04-14T22:30:39.707-0700][gc,metaspace  ] GC(574) Metaspace: 28000K->28000K(1075200K)
[2020-04-14T22:30:39.707-0700][gc            ] GC(574) Pause Young (Normal) (G1 Evacuation Pause) 267M->222M(1024M) 73.818ms
[2020-04-14T22:30:39.707-0700][gc,cpu        ] GC(574) User=0.11s Sys=0.00s Real=0.07s
[2020-04-14T22:30:54.951-0700][gc,start      ] GC(575) Pause Young (Normal) (G1 Evacuation Pause)
[2020-04-14T22:30:54.951-0700][gc,task       ] GC(575) Using 4 workers of 4 for evacuation
[2020-04-14T22:30:54.990-0700][gc,mmu        ] GC(575) MMU target violated: 21.0ms (20.0ms/21.0ms)
[2020-04-14T22:30:54.990-0700][gc,phases     ] GC(575)   Pre Evacuate Collection Set: 0.0ms
[2020-04-14T22:30:54.990-0700][gc,phases     ] GC(575)   Evacuate Collection Set: 38.5ms
[2020-04-14T22:30:54.990-0700][gc,phases     ] GC(575)   Post Evacuate Collection Set: 0.7ms
[2020-04-14T22:30:54.991-0700][gc,phases     ] GC(575)   Other: 0.5ms
[2020-04-14T22:30:54.991-0700][gc,heap       ] GC(575) Eden regions: 46->0(47)
[2020-04-14T22:30:54.991-0700][gc,heap       ] GC(575) Survivor regions: 5->4(7)
[2020-04-14T22:30:54.991-0700][gc,heap       ] GC(575) Old regions: 88->89
[2020-04-14T22:30:54.991-0700][gc,heap       ] GC(575) Humongous regions: 130->130
[2020-04-14T22:30:54.991-0700][gc,metaspace  ] GC(575) Metaspace: 28000K->28000K(1075200K)
[2020-04-14T22:30:54.991-0700][gc            ] GC(575) Pause Young (Normal) (G1 Evacuation Pause) 268M->222M(1024M) 39.822ms
[2020-04-14T22:30:54.991-0700][gc,cpu        ] GC(575) User=0.13s Sys=0.00s Real=0.04s
[2020-04-14T22:31:10.499-0700][gc,start      ] GC(576) Pause Young (Normal) (G1 Evacuation Pause)
[2020-04-14T22:31:10.499-0700][gc,task       ] GC(576) Using 4 workers of 4 for evacuation
[2020-04-14T22:31:10.526-0700][gc,mmu        ] GC(576) MMU target violated: 21.0ms (20.0ms/21.0ms)
[2020-04-14T22:31:10.526-0700][gc,phases     ] GC(576)   Pre Evacuate Collection Set: 0.0ms
[2020-04-14T22:31:10.526-0700][gc,phases     ] GC(576)   Evacuate Collection Set: 26.0ms
[2020-04-14T22:31:10.527-0700][gc,phases     ] GC(576)   Post Evacuate Collection Set: 0.8ms
[2020-04-14T22:31:10.527-0700][gc,phases     ] GC(576)   Other: 0.5ms
[2020-04-14T22:31:10.527-0700][gc,heap       ] GC(576) Eden regions: 47->0(47)
[2020-04-14T22:31:10.527-0700][gc,heap       ] GC(576) Survivor regions: 4->4(7)
[2020-04-14T22:31:10.527-0700][gc,heap       ] GC(576) Old regions: 89->89
[2020-04-14T22:31:10.527-0700][gc,heap       ] GC(576) Humongous regions: 130->130
[2020-04-14T22:31:10.527-0700][gc,metaspace  ] GC(576) Metaspace: 28000K->28000K(1075200K)
[2020-04-14T22:31:10.527-0700][gc            ] GC(576) Pause Young (Normal) (G1 Evacuation Pause) 269M->222M(1024M) 27.568ms
[2020-04-14T22:31:10.527-0700][gc,cpu        ] GC(576) User=0.09s Sys=0.00s Real=0.02s
[2020-04-14T22:31:25.951-0700][gc,start      ] GC(577) Pause Young (Normal) (G1 Evacuation Pause)
[2020-04-14T22:31:25.951-0700][gc,task       ] GC(577) Using 4 workers of 4 for evacuation
[2020-04-14T22:31:25.983-0700][gc,mmu        ] GC(577) MMU target violated: 21.0ms (20.0ms/21.0ms)
[2020-04-14T22:31:25.983-0700][gc,phases     ] GC(577)   Pre Evacuate Collection Set: 0.0ms
[2020-04-14T22:31:25.983-0700][gc,phases     ] GC(577)   Evacuate Collection Set: 30.4ms
[2020-04-14T22:31:25.983-0700][gc,phases     ] GC(577)   Post Evacuate Collection Set: 0.7ms
[2020-04-14T22:31:25.983-0700][gc,phases     ] GC(577)   Other: 0.5ms
[2020-04-14T22:31:25.983-0700][gc,heap       ] GC(577) Eden regions: 47->0(47)
[2020-04-14T22:31:25.983-0700][gc,heap       ] GC(577) Survivor regions: 4->4(7)
[2020-04-14T22:31:25.983-0700][gc,heap       ] GC(577) Old regions: 89->90
[2020-04-14T22:31:25.983-0700][gc,heap       ] GC(577) Humongous regions: 130->130
[2020-04-14T22:31:25.983-0700][gc,metaspace  ] GC(577) Metaspace: 28000K->28000K(1075200K)
[2020-04-14T22:31:25.983-0700][gc            ] GC(577) Pause Young (Normal) (G1 Evacuation Pause) 269M->223M(1024M) 31.901ms
[2020-04-14T22:31:25.983-0700][gc,cpu        ] GC(577) User=0.10s Sys=0.00s Real=0.03s
[2020-04-14T22:31:41.383-0700][gc,start      ] GC(578) Pause Young (Normal) (G1 Evacuation Pause)
[2020-04-14T22:31:41.383-0700][gc,task       ] GC(578) Using 4 workers of 4 for evacuation
[2020-04-14T22:31:41.415-0700][gc,mmu        ] GC(578) MMU target violated: 21.0ms (20.0ms/21.0ms)
[2020-04-14T22:31:41.415-0700][gc,phases     ] GC(578)   Pre Evacuate Collection Set: 0.1ms
[2020-04-14T22:31:41.415-0700][gc,phases     ] GC(578)   Evacuate Collection Set: 30.5ms
[2020-04-14T22:31:41.415-0700][gc,phases     ] GC(578)   Post Evacuate Collection Set: 0.6ms
[2020-04-14T22:31:41.415-0700][gc,phases     ] GC(578)   Other: 0.6ms
[2020-04-14T22:31:41.415-0700][gc,heap       ] GC(578) Eden regions: 47->0(47)
[2020-04-14T22:31:41.415-0700][gc,heap       ] GC(578) Survivor regions: 4->4(7)
[2020-04-14T22:31:41.415-0700][gc,heap       ] GC(578) Old regions: 90->90
[2020-04-14T22:31:41.415-0700][gc,heap       ] GC(578) Humongous regions: 130->130
[2020-04-14T22:31:41.415-0700][gc,metaspace  ] GC(578) Metaspace: 28000K->28000K(1075200K)
[2020-04-14T22:31:41.416-0700][gc            ] GC(578) Pause Young (Normal) (G1 Evacuation Pause) 270M->223M(1024M) 32.316ms
[2020-04-14T22:31:41.416-0700][gc,cpu        ] GC(578) User=0.11s Sys=0.00s Real=0.03s
[2020-04-14T22:31:56.935-0700][gc,start      ] GC(579) Pause Young (Normal) (G1 Evacuation Pause)
[2020-04-14T22:31:56.935-0700][gc,task       ] GC(579) Using 4 workers of 4 for evacuation
[2020-04-14T22:31:56.966-0700][gc,mmu        ] GC(579) MMU target violated: 21.0ms (20.0ms/21.0ms)
[2020-04-14T22:31:56.967-0700][gc,phases     ] GC(579)   Pre Evacuate Collection Set: 0.0ms
[2020-04-14T22:31:56.967-0700][gc,phases     ] GC(579)   Evacuate Collection Set: 30.1ms
[2020-04-14T22:31:56.967-0700][gc,phases     ] GC(579)   Post Evacuate Collection Set: 0.6ms
[2020-04-14T22:31:56.967-0700][gc,phases     ] GC(579)   Other: 0.5ms
[2020-04-14T22:31:56.967-0700][gc,heap       ] GC(579) Eden regions: 47->0(47)
[2020-04-14T22:31:56.967-0700][gc,heap       ] GC(579) Survivor regions: 4->4(7)
[2020-04-14T22:31:56.967-0700][gc,heap       ] GC(579) Old regions: 90->91
[2020-04-14T22:31:56.967-0700][gc,heap       ] GC(579) Humongous regions: 130->130
[2020-04-14T22:31:56.967-0700][gc,metaspace  ] GC(579) Metaspace: 28000K->28000K(1075200K)
[2020-04-14T22:31:56.967-0700][gc            ] GC(579) Pause Young (Normal) (G1 Evacuation Pause) 270M->224M(1024M) 31.338ms
[2020-04-14T22:31:56.967-0700][gc,cpu        ] GC(579) User=0.11s Sys=0.00s Real=0.03s
[2020-04-14T22:32:12.490-0700][gc,start      ] GC(580) Pause Young (Normal) (G1 Evacuation Pause)
[2020-04-14T22:32:12.490-0700][gc,task       ] GC(580) Using 4 workers of 4 for evacuation
[2020-04-14T22:32:12.523-0700][gc,mmu        ] GC(580) MMU target violated: 21.0ms (20.0ms/21.0ms)
[2020-04-14T22:32:12.523-0700][gc,phases     ] GC(580)   Pre Evacuate Collection Set: 0.1ms
[2020-04-14T22:32:12.523-0700][gc,phases     ] GC(580)   Evacuate Collection Set: 31.5ms
[2020-04-14T22:32:12.523-0700][gc,phases     ] GC(580)   Post Evacuate Collection Set: 0.9ms
[2020-04-14T22:32:12.523-0700][gc,phases     ] GC(580)   Other: 0.6ms
[2020-04-14T22:32:12.523-0700][gc,heap       ] GC(580) Eden regions: 47->0(47)
[2020-04-14T22:32:12.523-0700][gc,heap       ] GC(580) Survivor regions: 4->4(7)
[2020-04-14T22:32:12.523-0700][gc,heap       ] GC(580) Old regions: 91->91
[2020-04-14T22:32:12.523-0700][gc,heap       ] GC(580) Humongous regions: 130->130
[2020-04-14T22:32:12.523-0700][gc,metaspace  ] GC(580) Metaspace: 28000K->28000K(1075200K)
[2020-04-14T22:32:12.524-0700][gc            ] GC(580) Pause Young (Normal) (G1 Evacuation Pause) 271M->224M(1024M) 33.314ms
[2020-04-14T22:32:12.524-0700][gc,cpu        ] GC(580) User=0.10s Sys=0.00s Real=0.03s
[2020-04-14T22:32:28.150-0700][gc,start      ] GC(581) Pause Young (Normal) (G1 Evacuation Pause)
[2020-04-14T22:32:28.150-0700][gc,task       ] GC(581) Using 4 workers of 4 for evacuation
[2020-04-14T22:32:28.180-0700][gc,mmu        ] GC(581) MMU target violated: 21.0ms (20.0ms/21.0ms)
[2020-04-14T22:32:28.180-0700][gc,phases     ] GC(581)   Pre Evacuate Collection Set: 0.0ms
[2020-04-14T22:32:28.180-0700][gc,phases     ] GC(581)   Evacuate Collection Set: 28.4ms
[2020-04-14T22:32:28.180-0700][gc,phases     ] GC(581)   Post Evacuate Collection Set: 0.6ms
[2020-04-14T22:32:28.180-0700][gc,phases     ] GC(581)   Other: 0.5ms
[2020-04-14T22:32:28.180-0700][gc,heap       ] GC(581) Eden regions: 47->0(46)
[2020-04-14T22:32:28.180-0700][gc,heap       ] GC(581) Survivor regions: 4->5(7)
[2020-04-14T22:32:28.180-0700][gc,heap       ] GC(581) Old regions: 91->91
[2020-04-14T22:32:28.180-0700][gc,heap       ] GC(581) Humongous regions: 130->130
[2020-04-14T22:32:28.180-0700][gc,metaspace  ] GC(581) Metaspace: 28000K->28000K(1075200K)
[2020-04-14T22:32:28.180-0700][gc            ] GC(581) Pause Young (Normal) (G1 Evacuation Pause) 271M->224M(1024M) 29.724ms
[2020-04-14T22:32:28.180-0700][gc,cpu        ] GC(581) User=0.09s Sys=0.00s Real=0.03s
[2020-04-14T22:32:43.271-0700][gc,start      ] GC(582) Pause Young (Normal) (G1 Evacuation Pause)
[2020-04-14T22:32:43.271-0700][gc,task       ] GC(582) Using 4 workers of 4 for evacuation
[2020-04-14T22:32:43.305-0700][gc,mmu        ] GC(582) MMU target violated: 21.0ms (20.0ms/21.0ms)
[2020-04-14T22:32:43.305-0700][gc,phases     ] GC(582)   Pre Evacuate Collection Set: 0.1ms
[2020-04-14T22:32:43.305-0700][gc,phases     ] GC(582)   Evacuate Collection Set: 32.4ms
[2020-04-14T22:32:43.305-0700][gc,phases     ] GC(582)   Post Evacuate Collection Set: 0.7ms
[2020-04-14T22:32:43.305-0700][gc,phases     ] GC(582)   Other: 0.6ms
[2020-04-14T22:32:43.305-0700][gc,heap       ] GC(582) Eden regions: 46->0(47)
[2020-04-14T22:32:43.305-0700][gc,heap       ] GC(582) Survivor regions: 5->4(7)
[2020-04-14T22:32:43.305-0700][gc,heap       ] GC(582) Old regions: 91->91
[2020-04-14T22:32:43.305-0700][gc,heap       ] GC(582) Humongous regions: 130->130
[2020-04-14T22:32:43.305-0700][gc,metaspace  ] GC(582) Metaspace: 28000K->28000K(1075200K)
[2020-04-14T22:32:43.305-0700][gc            ] GC(582) Pause Young (Normal) (G1 Evacuation Pause) 270M->224M(1024M) 33.840ms
[2020-04-14T22:32:43.305-0700][gc,cpu        ] GC(582) User=0.12s Sys=0.00s Real=0.03s
[2020-04-14T22:32:58.808-0700][gc,start      ] GC(583) Pause Young (Normal) (G1 Evacuation Pause)
[2020-04-14T22:32:58.808-0700][gc,task       ] GC(583) Using 4 workers of 4 for evacuation
[2020-04-14T22:32:58.839-0700][gc,mmu        ] GC(583) MMU target violated: 21.0ms (20.0ms/21.0ms)
[2020-04-14T22:32:58.840-0700][gc,phases     ] GC(583)   Pre Evacuate Collection Set: 0.1ms
[2020-04-14T22:32:58.840-0700][gc,phases     ] GC(583)   Evacuate Collection Set: 30.9ms
[2020-04-14T22:32:58.840-0700][gc,phases     ] GC(583)   Post Evacuate Collection Set: 0.6ms
[2020-04-14T22:32:58.840-0700][gc,phases     ] GC(583)   Other: 0.6ms
[2020-04-14T22:32:58.840-0700][gc,heap       ] GC(583) Eden regions: 47->0(47)
[2020-04-14T22:32:58.840-0700][gc,heap       ] GC(583) Survivor regions: 4->4(7)
[2020-04-14T22:32:58.840-0700][gc,heap       ] GC(583) Old regions: 91->92
[2020-04-14T22:32:58.840-0700][gc,heap       ] GC(583) Humongous regions: 130->130
[2020-04-14T22:32:58.840-0700][gc,metaspace  ] GC(583) Metaspace: 28000K->28000K(1075200K)
[2020-04-14T22:32:58.840-0700][gc            ] GC(583) Pause Young (Normal) (G1 Evacuation Pause) 271M->225M(1024M) 32.232ms
[2020-04-14T22:32:58.840-0700][gc,cpu        ] GC(583) User=0.10s Sys=0.00s Real=0.04s
[2020-04-14T22:33:14.662-0700][gc,start      ] GC(584) Pause Young (Normal) (G1 Evacuation Pause)
[2020-04-14T22:33:14.662-0700][gc,task       ] GC(584) Using 4 workers of 4 for evacuation
[2020-04-14T22:33:14.696-0700][gc,mmu        ] GC(584) MMU target violated: 21.0ms (20.0ms/21.0ms)
[2020-04-14T22:33:14.696-0700][gc,phases     ] GC(584)   Pre Evacuate Collection Set: 0.1ms
[2020-04-14T22:33:14.696-0700][gc,phases     ] GC(584)   Evacuate Collection Set: 33.4ms
[2020-04-14T22:33:14.696-0700][gc,phases     ] GC(584)   Post Evacuate Collection Set: 0.6ms
[2020-04-14T22:33:14.697-0700][gc,phases     ] GC(584)   Other: 0.5ms
[2020-04-14T22:33:14.697-0700][gc,heap       ] GC(584) Eden regions: 47->0(47)
[2020-04-14T22:33:14.697-0700][gc,heap       ] GC(584) Survivor regions: 4->4(7)
[2020-04-14T22:33:14.697-0700][gc,heap       ] GC(584) Old regions: 92->92
[2020-04-14T22:33:14.697-0700][gc,heap       ] GC(584) Humongous regions: 130->130
[2020-04-14T22:33:14.697-0700][gc,metaspace  ] GC(584) Metaspace: 28000K->28000K(1075200K)
[2020-04-14T22:33:14.697-0700][gc            ] GC(584) Pause Young (Normal) (G1 Evacuation Pause) 272M->225M(1024M) 34.708ms
[2020-04-14T22:33:14.697-0700][gc,cpu        ] GC(584) User=0.09s Sys=0.00s Real=0.03s
[2020-04-14T22:33:30.230-0700][gc,start      ] GC(585) Pause Young (Normal) (G1 Evacuation Pause)
[2020-04-14T22:33:30.230-0700][gc,task       ] GC(585) Using 4 workers of 4 for evacuation
[2020-04-14T22:33:30.258-0700][gc,mmu        ] GC(585) MMU target violated: 21.0ms (20.0ms/21.0ms)
[2020-04-14T22:33:30.258-0700][gc,phases     ] GC(585)   Pre Evacuate Collection Set: 0.1ms
[2020-04-14T22:33:30.258-0700][gc,phases     ] GC(585)   Evacuate Collection Set: 26.5ms
[2020-04-14T22:33:30.258-0700][gc,phases     ] GC(585)   Post Evacuate Collection Set: 0.6ms
[2020-04-14T22:33:30.258-0700][gc,phases     ] GC(585)   Other: 0.6ms
[2020-04-14T22:33:30.258-0700][gc,heap       ] GC(585) Eden regions: 47->0(46)
[2020-04-14T22:33:30.258-0700][gc,heap       ] GC(585) Survivor regions: 4->5(7)
[2020-04-14T22:33:30.258-0700][gc,heap       ] GC(585) Old regions: 92->92
[2020-04-14T22:33:30.258-0700][gc,heap       ] GC(585) Humongous regions: 130->130
[2020-04-14T22:33:30.258-0700][gc,metaspace  ] GC(585) Metaspace: 28000K->28000K(1075200K)
[2020-04-14T22:33:30.258-0700][gc            ] GC(585) Pause Young (Normal) (G1 Evacuation Pause) 272M->226M(1024M) 27.883ms
[2020-04-14T22:33:30.258-0700][gc,cpu        ] GC(585) User=0.10s Sys=0.00s Real=0.03s
[2020-04-14T22:33:45.376-0700][gc,start      ] GC(586) Pause Young (Normal) (G1 Evacuation Pause)
[2020-04-14T22:33:45.376-0700][gc,task       ] GC(586) Using 4 workers of 4 for evacuation
[2020-04-14T22:33:45.413-0700][gc,mmu        ] GC(586) MMU target violated: 21.0ms (20.0ms/21.0ms)
[2020-04-14T22:33:45.413-0700][gc,phases     ] GC(586)   Pre Evacuate Collection Set: 0.0ms
[2020-04-14T22:33:45.413-0700][gc,phases     ] GC(586)   Evacuate Collection Set: 35.7ms
[2020-04-14T22:33:45.413-0700][gc,phases     ] GC(586)   Post Evacuate Collection Set: 0.6ms
[2020-04-14T22:33:45.413-0700][gc,phases     ] GC(586)   Other: 0.5ms
[2020-04-14T22:33:45.413-0700][gc,heap       ] GC(586) Eden regions: 46->0(46)
[2020-04-14T22:33:45.413-0700][gc,heap       ] GC(586) Survivor regions: 5->5(7)
[2020-04-14T22:33:45.413-0700][gc,heap       ] GC(586) Old regions: 92->93
[2020-04-14T22:33:45.413-0700][gc,heap       ] GC(586) Humongous regions: 130->130
[2020-04-14T22:33:45.413-0700][gc,metaspace  ] GC(586) Metaspace: 28000K->28000K(1075200K)
[2020-04-14T22:33:45.413-0700][gc            ] GC(586) Pause Young (Normal) (G1 Evacuation Pause) 272M->227M(1024M) 36.996ms
[2020-04-14T22:33:45.413-0700][gc,cpu        ] GC(586) User=0.12s Sys=0.00s Real=0.04s
[2020-04-14T22:34:00.640-0700][gc,start      ] GC(587) Pause Young (Normal) (G1 Evacuation Pause)
[2020-04-14T22:34:00.640-0700][gc,task       ] GC(587) Using 4 workers of 4 for evacuation
[2020-04-14T22:34:00.675-0700][gc,mmu        ] GC(587) MMU target violated: 21.0ms (20.0ms/21.0ms)
[2020-04-14T22:34:00.675-0700][gc,phases     ] GC(587)   Pre Evacuate Collection Set: 0.1ms
[2020-04-14T22:34:00.675-0700][gc,phases     ] GC(587)   Evacuate Collection Set: 33.2ms
[2020-04-14T22:34:00.675-0700][gc,phases     ] GC(587)   Post Evacuate Collection Set: 0.9ms
[2020-04-14T22:34:00.675-0700][gc,phases     ] GC(587)   Other: 0.6ms
[2020-04-14T22:34:00.675-0700][gc,heap       ] GC(587) Eden regions: 46->0(47)
[2020-04-14T22:34:00.675-0700][gc,heap       ] GC(587) Survivor regions: 5->4(7)
[2020-04-14T22:34:00.675-0700][gc,heap       ] GC(587) Old regions: 93->94
[2020-04-14T22:34:00.675-0700][gc,heap       ] GC(587) Humongous regions: 130->130
[2020-04-14T22:34:00.675-0700][gc,metaspace  ] GC(587) Metaspace: 28000K->28000K(1075200K)
[2020-04-14T22:34:00.675-0700][gc            ] GC(587) Pause Young (Normal) (G1 Evacuation Pause) 273M->227M(1024M) 34.914ms
[2020-04-14T22:34:00.675-0700][gc,cpu        ] GC(587) User=0.11s Sys=0.00s Real=0.03s
[2020-04-14T22:34:16.221-0700][gc,start      ] GC(588) Pause Young (Normal) (G1 Evacuation Pause)
[2020-04-14T22:34:16.221-0700][gc,task       ] GC(588) Using 4 workers of 4 for evacuation
[2020-04-14T22:34:16.250-0700][gc,mmu        ] GC(588) MMU target violated: 21.0ms (20.0ms/21.0ms)
[2020-04-14T22:34:16.250-0700][gc,phases     ] GC(588)   Pre Evacuate Collection Set: 0.0ms
[2020-04-14T22:34:16.250-0700][gc,phases     ] GC(588)   Evacuate Collection Set: 27.8ms
[2020-04-14T22:34:16.250-0700][gc,phases     ] GC(588)   Post Evacuate Collection Set: 0.5ms
[2020-04-14T22:34:16.250-0700][gc,phases     ] GC(588)   Other: 0.5ms
[2020-04-14T22:34:16.250-0700][gc,heap       ] GC(588) Eden regions: 47->0(46)
[2020-04-14T22:34:16.250-0700][gc,heap       ] GC(588) Survivor regions: 4->5(7)
[2020-04-14T22:34:16.250-0700][gc,heap       ] GC(588) Old regions: 94->94
[2020-04-14T22:34:16.250-0700][gc,heap       ] GC(588) Humongous regions: 130->130
[2020-04-14T22:34:16.250-0700][gc,metaspace  ] GC(588) Metaspace: 28000K->28000K(1075200K)
[2020-04-14T22:34:16.250-0700][gc            ] GC(588) Pause Young (Normal) (G1 Evacuation Pause) 274M->228M(1024M) 29.005ms
[2020-04-14T22:34:16.250-0700][gc,cpu        ] GC(588) User=0.09s Sys=0.00s Real=0.03s
[2020-04-14T22:34:31.390-0700][gc,start      ] GC(589) Pause Young (Normal) (G1 Evacuation Pause)
[2020-04-14T22:34:31.390-0700][gc,task       ] GC(589) Using 4 workers of 4 for evacuation
[2020-04-14T22:34:31.424-0700][gc,mmu        ] GC(589) MMU target violated: 21.0ms (20.0ms/21.0ms)
[2020-04-14T22:34:31.424-0700][gc,phases     ] GC(589)   Pre Evacuate Collection Set: 0.1ms
[2020-04-14T22:34:31.424-0700][gc,phases     ] GC(589)   Evacuate Collection Set: 32.6ms
[2020-04-14T22:34:31.424-0700][gc,phases     ] GC(589)   Post Evacuate Collection Set: 0.6ms
[2020-04-14T22:34:31.424-0700][gc,phases     ] GC(589)   Other: 0.5ms
[2020-04-14T22:34:31.424-0700][gc,heap       ] GC(589) Eden regions: 46->0(47)
[2020-04-14T22:34:31.424-0700][gc,heap       ] GC(589) Survivor regions: 5->4(7)
[2020-04-14T22:34:31.424-0700][gc,heap       ] GC(589) Old regions: 94->95
[2020-04-14T22:34:31.424-0700][gc,heap       ] GC(589) Humongous regions: 130->130
[2020-04-14T22:34:31.424-0700][gc,metaspace  ] GC(589) Metaspace: 28000K->28000K(1075200K)
[2020-04-14T22:34:31.424-0700][gc            ] GC(589) Pause Young (Normal) (G1 Evacuation Pause) 274M->228M(1024M) 33.882ms
[2020-04-14T22:34:31.424-0700][gc,cpu        ] GC(589) User=0.11s Sys=0.00s Real=0.03s
[2020-04-14T22:34:47.152-0700][gc,start      ] GC(590) Pause Young (Normal) (G1 Evacuation Pause)
[2020-04-14T22:34:47.152-0700][gc,task       ] GC(590) Using 4 workers of 4 for evacuation
[2020-04-14T22:34:47.184-0700][gc,mmu        ] GC(590) MMU target violated: 21.0ms (20.0ms/21.0ms)
[2020-04-14T22:34:47.184-0700][gc,phases     ] GC(590)   Pre Evacuate Collection Set: 0.0ms
[2020-04-14T22:34:47.184-0700][gc,phases     ] GC(590)   Evacuate Collection Set: 31.1ms
[2020-04-14T22:34:47.184-0700][gc,phases     ] GC(590)   Post Evacuate Collection Set: 0.6ms
[2020-04-14T22:34:47.184-0700][gc,phases     ] GC(590)   Other: 0.5ms
[2020-04-14T22:34:47.184-0700][gc,heap       ] GC(590) Eden regions: 47->0(47)
[2020-04-14T22:34:47.184-0700][gc,heap       ] GC(590) Survivor regions: 4->4(7)
[2020-04-14T22:34:47.184-0700][gc,heap       ] GC(590) Old regions: 95->95
[2020-04-14T22:34:47.184-0700][gc,heap       ] GC(590) Humongous regions: 130->130
[2020-04-14T22:34:47.184-0700][gc,metaspace  ] GC(590) Metaspace: 28000K->28000K(1075200K)
[2020-04-14T22:34:47.184-0700][gc            ] GC(590) Pause Young (Normal) (G1 Evacuation Pause) 275M->228M(1024M) 32.300ms
[2020-04-14T22:34:47.184-0700][gc,cpu        ] GC(590) User=0.10s Sys=0.00s Real=0.03s
[2020-04-14T22:35:02.744-0700][gc,start      ] GC(591) Pause Young (Normal) (G1 Evacuation Pause)
[2020-04-14T22:35:02.744-0700][gc,task       ] GC(591) Using 4 workers of 4 for evacuation
[2020-04-14T22:35:02.773-0700][gc,mmu        ] GC(591) MMU target violated: 21.0ms (20.0ms/21.0ms)
[2020-04-14T22:35:02.773-0700][gc,phases     ] GC(591)   Pre Evacuate Collection Set: 0.0ms
[2020-04-14T22:35:02.773-0700][gc,phases     ] GC(591)   Evacuate Collection Set: 28.1ms
[2020-04-14T22:35:02.773-0700][gc,phases     ] GC(591)   Post Evacuate Collection Set: 0.5ms
[2020-04-14T22:35:02.773-0700][gc,phases     ] GC(591)   Other: 0.6ms
[2020-04-14T22:35:02.773-0700][gc,heap       ] GC(591) Eden regions: 47->0(47)
[2020-04-14T22:35:02.773-0700][gc,heap       ] GC(591) Survivor regions: 4->4(7)
[2020-04-14T22:35:02.774-0700][gc,heap       ] GC(591) Old regions: 95->96
[2020-04-14T22:35:02.774-0700][gc,heap       ] GC(591) Humongous regions: 130->130
[2020-04-14T22:35:02.774-0700][gc,metaspace  ] GC(591) Metaspace: 28000K->28000K(1075200K)
[2020-04-14T22:35:02.774-0700][gc            ] GC(591) Pause Young (Normal) (G1 Evacuation Pause) 275M->229M(1024M) 29.434ms
[2020-04-14T22:35:02.774-0700][gc,cpu        ] GC(591) User=0.10s Sys=0.00s Real=0.03s
[2020-04-14T22:35:18.390-0700][gc,start      ] GC(592) Pause Young (Normal) (G1 Evacuation Pause)
[2020-04-14T22:35:18.390-0700][gc,task       ] GC(592) Using 4 workers of 4 for evacuation
[2020-04-14T22:35:18.426-0700][gc,mmu        ] GC(592) MMU target violated: 21.0ms (20.0ms/21.0ms)
[2020-04-14T22:35:18.426-0700][gc,phases     ] GC(592)   Pre Evacuate Collection Set: 0.0ms
[2020-04-14T22:35:18.426-0700][gc,phases     ] GC(592)   Evacuate Collection Set: 35.2ms
[2020-04-14T22:35:18.426-0700][gc,phases     ] GC(592)   Post Evacuate Collection Set: 0.6ms
[2020-04-14T22:35:18.426-0700][gc,phases     ] GC(592)   Other: 0.4ms
[2020-04-14T22:35:18.426-0700][gc,heap       ] GC(592) Eden regions: 47->0(47)
[2020-04-14T22:35:18.426-0700][gc,heap       ] GC(592) Survivor regions: 4->4(7)
[2020-04-14T22:35:18.426-0700][gc,heap       ] GC(592) Old regions: 96->96
[2020-04-14T22:35:18.426-0700][gc,heap       ] GC(592) Humongous regions: 130->130
[2020-04-14T22:35:18.426-0700][gc,metaspace  ] GC(592) Metaspace: 28000K->28000K(1075200K)
[2020-04-14T22:35:18.426-0700][gc            ] GC(592) Pause Young (Normal) (G1 Evacuation Pause) 276M->229M(1024M) 36.506ms
[2020-04-14T22:35:18.426-0700][gc,cpu        ] GC(592) User=0.11s Sys=0.00s Real=0.03s
[2020-04-14T22:35:34.024-0700][gc,start      ] GC(593) Pause Young (Normal) (G1 Evacuation Pause)
[2020-04-14T22:35:34.024-0700][gc,task       ] GC(593) Using 4 workers of 4 for evacuation
[2020-04-14T22:35:34.048-0700][gc,mmu        ] GC(593) MMU target violated: 21.0ms (20.0ms/21.0ms)
[2020-04-14T22:35:34.048-0700][gc,phases     ] GC(593)   Pre Evacuate Collection Set: 0.0ms
[2020-04-14T22:35:34.048-0700][gc,phases     ] GC(593)   Evacuate Collection Set: 23.6ms
[2020-04-14T22:35:34.048-0700][gc,phases     ] GC(593)   Post Evacuate Collection Set: 0.5ms
[2020-04-14T22:35:34.048-0700][gc,phases     ] GC(593)   Other: 0.5ms
[2020-04-14T22:35:34.048-0700][gc,heap       ] GC(593) Eden regions: 47->0(47)
[2020-04-14T22:35:34.048-0700][gc,heap       ] GC(593) Survivor regions: 4->4(7)
[2020-04-14T22:35:34.048-0700][gc,heap       ] GC(593) Old regions: 96->97
[2020-04-14T22:35:34.048-0700][gc,heap       ] GC(593) Humongous regions: 130->130
[2020-04-14T22:35:34.048-0700][gc,metaspace  ] GC(593) Metaspace: 28000K->28000K(1075200K)
[2020-04-14T22:35:34.048-0700][gc            ] GC(593) Pause Young (Normal) (G1 Evacuation Pause) 276M->229M(1024M) 24.766ms
[2020-04-14T22:35:34.048-0700][gc,cpu        ] GC(593) User=0.09s Sys=0.00s Real=0.02s
[2020-04-14T22:35:49.546-0700][gc,start      ] GC(594) Pause Young (Normal) (G1 Evacuation Pause)
[2020-04-14T22:35:49.547-0700][gc,task       ] GC(594) Using 4 workers of 4 for evacuation
[2020-04-14T22:35:49.572-0700][gc,mmu        ] GC(594) MMU target violated: 21.0ms (20.0ms/21.0ms)
[2020-04-14T22:35:49.572-0700][gc,phases     ] GC(594)   Pre Evacuate Collection Set: 0.0ms
[2020-04-14T22:35:49.573-0700][gc,phases     ] GC(594)   Evacuate Collection Set: 24.9ms
[2020-04-14T22:35:49.573-0700][gc,phases     ] GC(594)   Post Evacuate Collection Set: 0.6ms
[2020-04-14T22:35:49.573-0700][gc,phases     ] GC(594)   Other: 0.6ms
[2020-04-14T22:35:49.573-0700][gc,heap       ] GC(594) Eden regions: 47->0(46)
[2020-04-14T22:35:49.573-0700][gc,heap       ] GC(594) Survivor regions: 4->5(7)
[2020-04-14T22:35:49.573-0700][gc,heap       ] GC(594) Old regions: 97->97
[2020-04-14T22:35:49.573-0700][gc,heap       ] GC(594) Humongous regions: 130->130
[2020-04-14T22:35:49.573-0700][gc,metaspace  ] GC(594) Metaspace: 28000K->28000K(1075200K)
[2020-04-14T22:35:49.573-0700][gc            ] GC(594) Pause Young (Normal) (G1 Evacuation Pause) 276M->230M(1024M) 26.235ms
[2020-04-14T22:35:49.573-0700][gc,cpu        ] GC(594) User=0.10s Sys=0.00s Real=0.03s
[2020-04-14T22:36:04.804-0700][gc,start      ] GC(595) Pause Young (Normal) (G1 Evacuation Pause)
[2020-04-14T22:36:04.804-0700][gc,task       ] GC(595) Using 4 workers of 4 for evacuation
[2020-04-14T22:36:04.833-0700][gc,mmu        ] GC(595) MMU target violated: 21.0ms (20.0ms/21.0ms)
[2020-04-14T22:36:04.833-0700][gc,phases     ] GC(595)   Pre Evacuate Collection Set: 0.1ms
[2020-04-14T22:36:04.833-0700][gc,phases     ] GC(595)   Evacuate Collection Set: 27.4ms
[2020-04-14T22:36:04.833-0700][gc,phases     ] GC(595)   Post Evacuate Collection Set: 0.6ms
[2020-04-14T22:36:04.833-0700][gc,phases     ] GC(595)   Other: 0.6ms
[2020-04-14T22:36:04.833-0700][gc,heap       ] GC(595) Eden regions: 46->0(47)
[2020-04-14T22:36:04.833-0700][gc,heap       ] GC(595) Survivor regions: 5->4(7)
[2020-04-14T22:36:04.833-0700][gc,heap       ] GC(595) Old regions: 97->97
[2020-04-14T22:36:04.833-0700][gc,heap       ] GC(595) Humongous regions: 130->130
[2020-04-14T22:36:04.833-0700][gc,metaspace  ] GC(595) Metaspace: 28000K->28000K(1075200K)
[2020-04-14T22:36:04.833-0700][gc            ] GC(595) Pause Young (Normal) (G1 Evacuation Pause) 276M->230M(1024M) 28.797ms
[2020-04-14T22:36:04.833-0700][gc,cpu        ] GC(595) User=0.11s Sys=0.00s Real=0.03s
[2020-04-14T22:36:20.432-0700][gc,start      ] GC(596) Pause Young (Normal) (G1 Evacuation Pause)
[2020-04-14T22:36:20.433-0700][gc,task       ] GC(596) Using 4 workers of 4 for evacuation
[2020-04-14T22:36:20.459-0700][gc,mmu        ] GC(596) MMU target violated: 21.0ms (20.0ms/21.0ms)
[2020-04-14T22:36:20.459-0700][gc,phases     ] GC(596)   Pre Evacuate Collection Set: 0.0ms
[2020-04-14T22:36:20.459-0700][gc,phases     ] GC(596)   Evacuate Collection Set: 25.2ms
[2020-04-14T22:36:20.459-0700][gc,phases     ] GC(596)   Post Evacuate Collection Set: 0.7ms
[2020-04-14T22:36:20.459-0700][gc,phases     ] GC(596)   Other: 0.5ms
[2020-04-14T22:36:20.459-0700][gc,heap       ] GC(596) Eden regions: 47->0(47)
[2020-04-14T22:36:20.459-0700][gc,heap       ] GC(596) Survivor regions: 4->4(7)
[2020-04-14T22:36:20.459-0700][gc,heap       ] GC(596) Old regions: 97->97
[2020-04-14T22:36:20.459-0700][gc,heap       ] GC(596) Humongous regions: 130->130
[2020-04-14T22:36:20.459-0700][gc,metaspace  ] GC(596) Metaspace: 28000K->28000K(1075200K)
[2020-04-14T22:36:20.459-0700][gc            ] GC(596) Pause Young (Normal) (G1 Evacuation Pause) 277M->230M(1024M) 26.577ms
[2020-04-14T22:36:20.459-0700][gc,cpu        ] GC(596) User=0.10s Sys=0.00s Real=0.03s
[2020-04-14T22:36:36.141-0700][gc,start      ] GC(597) Pause Young (Normal) (G1 Evacuation Pause)
[2020-04-14T22:36:36.141-0700][gc,task       ] GC(597) Using 4 workers of 4 for evacuation
[2020-04-14T22:36:36.169-0700][gc,mmu        ] GC(597) MMU target violated: 21.0ms (20.0ms/21.0ms)
[2020-04-14T22:36:36.169-0700][gc,phases     ] GC(597)   Pre Evacuate Collection Set: 0.1ms
[2020-04-14T22:36:36.169-0700][gc,phases     ] GC(597)   Evacuate Collection Set: 27.2ms
[2020-04-14T22:36:36.169-0700][gc,phases     ] GC(597)   Post Evacuate Collection Set: 0.7ms
[2020-04-14T22:36:36.169-0700][gc,phases     ] GC(597)   Other: 0.6ms
[2020-04-14T22:36:36.169-0700][gc,heap       ] GC(597) Eden regions: 47->0(47)
[2020-04-14T22:36:36.169-0700][gc,heap       ] GC(597) Survivor regions: 4->4(7)
[2020-04-14T22:36:36.169-0700][gc,heap       ] GC(597) Old regions: 97->98
[2020-04-14T22:36:36.169-0700][gc,heap       ] GC(597) Humongous regions: 130->130
[2020-04-14T22:36:36.169-0700][gc,metaspace  ] GC(597) Metaspace: 28000K->28000K(1075200K)
[2020-04-14T22:36:36.170-0700][gc            ] GC(597) Pause Young (Normal) (G1 Evacuation Pause) 277M->231M(1024M) 28.799ms
[2020-04-14T22:36:36.170-0700][gc,cpu        ] GC(597) User=0.11s Sys=0.00s Real=0.03s
[2020-04-14T22:36:51.822-0700][gc,start      ] GC(598) Pause Young (Normal) (G1 Evacuation Pause)
[2020-04-14T22:36:51.822-0700][gc,task       ] GC(598) Using 4 workers of 4 for evacuation
[2020-04-14T22:36:51.852-0700][gc,mmu        ] GC(598) MMU target violated: 21.0ms (20.0ms/21.0ms)
[2020-04-14T22:36:51.852-0700][gc,phases     ] GC(598)   Pre Evacuate Collection Set: 0.1ms
[2020-04-14T22:36:51.852-0700][gc,phases     ] GC(598)   Evacuate Collection Set: 28.7ms
[2020-04-14T22:36:51.852-0700][gc,phases     ] GC(598)   Post Evacuate Collection Set: 0.7ms
[2020-04-14T22:36:51.852-0700][gc,phases     ] GC(598)   Other: 0.6ms
[2020-04-14T22:36:51.852-0700][gc,heap       ] GC(598) Eden regions: 47->0(47)
[2020-04-14T22:36:51.852-0700][gc,heap       ] GC(598) Survivor regions: 4->4(7)
[2020-04-14T22:36:51.852-0700][gc,heap       ] GC(598) Old regions: 98->98
[2020-04-14T22:36:51.852-0700][gc,heap       ] GC(598) Humongous regions: 130->130
[2020-04-14T22:36:51.852-0700][gc,metaspace  ] GC(598) Metaspace: 28000K->28000K(1075200K)
[2020-04-14T22:36:51.852-0700][gc            ] GC(598) Pause Young (Normal) (G1 Evacuation Pause) 278M->231M(1024M) 30.208ms
[2020-04-14T22:36:51.852-0700][gc,cpu        ] GC(598) User=0.12s Sys=0.00s Real=0.03s
[2020-04-14T22:37:07.754-0700][gc,start      ] GC(599) Pause Young (Normal) (G1 Evacuation Pause)
[2020-04-14T22:37:07.754-0700][gc,task       ] GC(599) Using 4 workers of 4 for evacuation
[2020-04-14T22:37:07.781-0700][gc,mmu        ] GC(599) MMU target violated: 21.0ms (20.0ms/21.0ms)
[2020-04-14T22:37:07.781-0700][gc,phases     ] GC(599)   Pre Evacuate Collection Set: 0.1ms
[2020-04-14T22:37:07.781-0700][gc,phases     ] GC(599)   Evacuate Collection Set: 26.0ms
[2020-04-14T22:37:07.781-0700][gc,phases     ] GC(599)   Post Evacuate Collection Set: 0.6ms
[2020-04-14T22:37:07.781-0700][gc,phases     ] GC(599)   Other: 0.5ms
[2020-04-14T22:37:07.781-0700][gc,heap       ] GC(599) Eden regions: 47->0(47)
[2020-04-14T22:37:07.781-0700][gc,heap       ] GC(599) Survivor regions: 4->4(7)
[2020-04-14T22:37:07.781-0700][gc,heap       ] GC(599) Old regions: 98->99
[2020-04-14T22:37:07.781-0700][gc,heap       ] GC(599) Humongous regions: 130->130
[2020-04-14T22:37:07.781-0700][gc,metaspace  ] GC(599) Metaspace: 28000K->28000K(1075200K)
[2020-04-14T22:37:07.781-0700][gc            ] GC(599) Pause Young (Normal) (G1 Evacuation Pause) 278M->232M(1024M) 27.302ms
[2020-04-14T22:37:07.781-0700][gc,cpu        ] GC(599) User=0.10s Sys=0.00s Real=0.03s
[2020-04-14T22:37:23.400-0700][gc,start      ] GC(600) Pause Young (Normal) (G1 Evacuation Pause)
[2020-04-14T22:37:23.400-0700][gc,task       ] GC(600) Using 4 workers of 4 for evacuation
[2020-04-14T22:37:23.427-0700][gc,mmu        ] GC(600) MMU target violated: 21.0ms (20.0ms/21.0ms)
[2020-04-14T22:37:23.427-0700][gc,phases     ] GC(600)   Pre Evacuate Collection Set: 0.1ms
[2020-04-14T22:37:23.427-0700][gc,phases     ] GC(600)   Evacuate Collection Set: 25.3ms
[2020-04-14T22:37:23.427-0700][gc,phases     ] GC(600)   Post Evacuate Collection Set: 0.5ms
[2020-04-14T22:37:23.427-0700][gc,phases     ] GC(600)   Other: 0.5ms
[2020-04-14T22:37:23.427-0700][gc,heap       ] GC(600) Eden regions: 47->0(47)
[2020-04-14T22:37:23.427-0700][gc,heap       ] GC(600) Survivor regions: 4->4(7)
[2020-04-14T22:37:23.427-0700][gc,heap       ] GC(600) Old regions: 99->99
[2020-04-14T22:37:23.427-0700][gc,heap       ] GC(600) Humongous regions: 130->130
[2020-04-14T22:37:23.427-0700][gc,metaspace  ] GC(600) Metaspace: 28000K->28000K(1075200K)
[2020-04-14T22:37:23.427-0700][gc            ] GC(600) Pause Young (Normal) (G1 Evacuation Pause) 279M->232M(1024M) 26.556ms
[2020-04-14T22:37:23.427-0700][gc,cpu        ] GC(600) User=0.10s Sys=0.00s Real=0.02s
[2020-04-14T22:37:39.027-0700][gc,start      ] GC(601) Pause Young (Normal) (G1 Evacuation Pause)
[2020-04-14T22:37:39.027-0700][gc,task       ] GC(601) Using 4 workers of 4 for evacuation
[2020-04-14T22:37:39.053-0700][gc,mmu        ] GC(601) MMU target violated: 21.0ms (20.0ms/21.0ms)
[2020-04-14T22:37:39.053-0700][gc,phases     ] GC(601)   Pre Evacuate Collection Set: 0.1ms
[2020-04-14T22:37:39.053-0700][gc,phases     ] GC(601)   Evacuate Collection Set: 25.0ms
[2020-04-14T22:37:39.053-0700][gc,phases     ] GC(601)   Post Evacuate Collection Set: 0.6ms
[2020-04-14T22:37:39.053-0700][gc,phases     ] GC(601)   Other: 0.6ms
[2020-04-14T22:37:39.053-0700][gc,heap       ] GC(601) Eden regions: 47->0(47)
[2020-04-14T22:37:39.053-0700][gc,heap       ] GC(601) Survivor regions: 4->4(7)
[2020-04-14T22:37:39.053-0700][gc,heap       ] GC(601) Old regions: 99->100
[2020-04-14T22:37:39.053-0700][gc,heap       ] GC(601) Humongous regions: 130->130
[2020-04-14T22:37:39.053-0700][gc,metaspace  ] GC(601) Metaspace: 28000K->28000K(1075200K)
[2020-04-14T22:37:39.053-0700][gc            ] GC(601) Pause Young (Normal) (G1 Evacuation Pause) 279M->233M(1024M) 26.349ms
[2020-04-14T22:37:39.053-0700][gc,cpu        ] GC(601) User=0.10s Sys=0.00s Real=0.03s
[2020-04-14T22:37:54.586-0700][gc,start      ] GC(602) Pause Young (Normal) (G1 Evacuation Pause)
[2020-04-14T22:37:54.587-0700][gc,task       ] GC(602) Using 4 workers of 4 for evacuation
[2020-04-14T22:37:54.615-0700][gc,mmu        ] GC(602) MMU target violated: 21.0ms (20.0ms/21.0ms)
[2020-04-14T22:37:54.615-0700][gc,phases     ] GC(602)   Pre Evacuate Collection Set: 0.0ms
[2020-04-14T22:37:54.615-0700][gc,phases     ] GC(602)   Evacuate Collection Set: 27.1ms
[2020-04-14T22:37:54.615-0700][gc,phases     ] GC(602)   Post Evacuate Collection Set: 0.6ms
[2020-04-14T22:37:54.615-0700][gc,phases     ] GC(602)   Other: 0.5ms
[2020-04-14T22:37:54.615-0700][gc,heap       ] GC(602) Eden regions: 47->0(47)
[2020-04-14T22:37:54.615-0700][gc,heap       ] GC(602) Survivor regions: 4->4(7)
[2020-04-14T22:37:54.615-0700][gc,heap       ] GC(602) Old regions: 100->100
[2020-04-14T22:37:54.615-0700][gc,heap       ] GC(602) Humongous regions: 130->130
[2020-04-14T22:37:54.615-0700][gc,metaspace  ] GC(602) Metaspace: 28000K->28000K(1075200K)
[2020-04-14T22:37:54.615-0700][gc            ] GC(602) Pause Young (Normal) (G1 Evacuation Pause) 280M->233M(1024M) 28.364ms
[2020-04-14T22:37:54.615-0700][gc,cpu        ] GC(602) User=0.11s Sys=0.00s Real=0.03s
[2020-04-14T22:38:10.194-0700][gc,start      ] GC(603) Pause Young (Normal) (G1 Evacuation Pause)
[2020-04-14T22:38:10.194-0700][gc,task       ] GC(603) Using 4 workers of 4 for evacuation
[2020-04-14T22:38:10.224-0700][gc,mmu        ] GC(603) MMU target violated: 21.0ms (20.0ms/21.0ms)
[2020-04-14T22:38:10.224-0700][gc,phases     ] GC(603)   Pre Evacuate Collection Set: 0.1ms
[2020-04-14T22:38:10.224-0700][gc,phases     ] GC(603)   Evacuate Collection Set: 28.9ms
[2020-04-14T22:38:10.224-0700][gc,phases     ] GC(603)   Post Evacuate Collection Set: 0.6ms
[2020-04-14T22:38:10.224-0700][gc,phases     ] GC(603)   Other: 0.6ms
[2020-04-14T22:38:10.224-0700][gc,heap       ] GC(603) Eden regions: 47->0(47)
[2020-04-14T22:38:10.224-0700][gc,heap       ] GC(603) Survivor regions: 4->4(7)
[2020-04-14T22:38:10.224-0700][gc,heap       ] GC(603) Old regions: 100->100
[2020-04-14T22:38:10.224-0700][gc,heap       ] GC(603) Humongous regions: 130->130
[2020-04-14T22:38:10.224-0700][gc,metaspace  ] GC(603) Metaspace: 28000K->28000K(1075200K)
[2020-04-14T22:38:10.224-0700][gc            ] GC(603) Pause Young (Normal) (G1 Evacuation Pause) 280M->233M(1024M) 30.252ms
[2020-04-14T22:38:10.224-0700][gc,cpu        ] GC(603) User=0.11s Sys=0.00s Real=0.03s
[2020-04-14T22:38:25.840-0700][gc,start      ] GC(604) Pause Young (Normal) (G1 Evacuation Pause)
[2020-04-14T22:38:25.840-0700][gc,task       ] GC(604) Using 4 workers of 4 for evacuation
[2020-04-14T22:38:25.868-0700][gc,mmu        ] GC(604) MMU target violated: 21.0ms (20.0ms/21.0ms)
[2020-04-14T22:38:25.868-0700][gc,phases     ] GC(604)   Pre Evacuate Collection Set: 0.1ms
[2020-04-14T22:38:25.868-0700][gc,phases     ] GC(604)   Evacuate Collection Set: 27.2ms
[2020-04-14T22:38:25.868-0700][gc,phases     ] GC(604)   Post Evacuate Collection Set: 0.7ms
[2020-04-14T22:38:25.868-0700][gc,phases     ] GC(604)   Other: 0.6ms
[2020-04-14T22:38:25.868-0700][gc,heap       ] GC(604) Eden regions: 47->0(47)
[2020-04-14T22:38:25.868-0700][gc,heap       ] GC(604) Survivor regions: 4->4(7)
[2020-04-14T22:38:25.868-0700][gc,heap       ] GC(604) Old regions: 100->101
[2020-04-14T22:38:25.868-0700][gc,heap       ] GC(604) Humongous regions: 130->130
[2020-04-14T22:38:25.868-0700][gc,metaspace  ] GC(604) Metaspace: 28000K->28000K(1075200K)
[2020-04-14T22:38:25.868-0700][gc            ] GC(604) Pause Young (Normal) (G1 Evacuation Pause) 280M->234M(1024M) 28.640ms
[2020-04-14T22:38:25.868-0700][gc,cpu        ] GC(604) User=0.11s Sys=0.00s Real=0.02s
[2020-04-14T22:38:41.466-0700][gc,start      ] GC(605) Pause Young (Normal) (G1 Evacuation Pause)
[2020-04-14T22:38:41.466-0700][gc,task       ] GC(605) Using 4 workers of 4 for evacuation
[2020-04-14T22:38:41.497-0700][gc,mmu        ] GC(605) MMU target violated: 21.0ms (20.0ms/21.0ms)
[2020-04-14T22:38:41.497-0700][gc,phases     ] GC(605)   Pre Evacuate Collection Set: 0.0ms
[2020-04-14T22:38:41.497-0700][gc,phases     ] GC(605)   Evacuate Collection Set: 30.8ms
[2020-04-14T22:38:41.497-0700][gc,phases     ] GC(605)   Post Evacuate Collection Set: 0.6ms
[2020-04-14T22:38:41.498-0700][gc,phases     ] GC(605)   Other: 0.6ms
[2020-04-14T22:38:41.498-0700][gc,heap       ] GC(605) Eden regions: 47->0(46)
[2020-04-14T22:38:41.498-0700][gc,heap       ] GC(605) Survivor regions: 4->5(7)
[2020-04-14T22:38:41.498-0700][gc,heap       ] GC(605) Old regions: 101->101
[2020-04-14T22:38:41.498-0700][gc,heap       ] GC(605) Humongous regions: 130->130
[2020-04-14T22:38:41.498-0700][gc,metaspace  ] GC(605) Metaspace: 28000K->28000K(1075200K)
[2020-04-14T22:38:41.498-0700][gc            ] GC(605) Pause Young (Normal) (G1 Evacuation Pause) 281M->235M(1024M) 32.066ms
[2020-04-14T22:38:41.498-0700][gc,cpu        ] GC(605) User=0.12s Sys=0.00s Real=0.04s
[2020-04-14T22:38:56.825-0700][gc,start      ] GC(606) Pause Young (Normal) (G1 Evacuation Pause)
[2020-04-14T22:38:56.825-0700][gc,task       ] GC(606) Using 4 workers of 4 for evacuation
[2020-04-14T22:38:56.858-0700][gc,mmu        ] GC(606) MMU target violated: 21.0ms (20.0ms/21.0ms)
[2020-04-14T22:38:56.858-0700][gc,phases     ] GC(606)   Pre Evacuate Collection Set: 0.1ms
[2020-04-14T22:38:56.858-0700][gc,phases     ] GC(606)   Evacuate Collection Set: 32.0ms
[2020-04-14T22:38:56.858-0700][gc,phases     ] GC(606)   Post Evacuate Collection Set: 0.6ms
[2020-04-14T22:38:56.858-0700][gc,phases     ] GC(606)   Other: 0.5ms
[2020-04-14T22:38:56.858-0700][gc,heap       ] GC(606) Eden regions: 46->0(47)
[2020-04-14T22:38:56.858-0700][gc,heap       ] GC(606) Survivor regions: 5->4(7)
[2020-04-14T22:38:56.858-0700][gc,heap       ] GC(606) Old regions: 101->103
[2020-04-14T22:38:56.858-0700][gc,heap       ] GC(606) Humongous regions: 130->130
[2020-04-14T22:38:56.858-0700][gc,metaspace  ] GC(606) Metaspace: 28000K->28000K(1075200K)
[2020-04-14T22:38:56.858-0700][gc            ] GC(606) Pause Young (Normal) (G1 Evacuation Pause) 281M->236M(1024M) 33.266ms
[2020-04-14T22:38:56.858-0700][gc,cpu        ] GC(606) User=0.12s Sys=0.00s Real=0.04s
[2020-04-14T22:39:12.498-0700][gc,start      ] GC(607) Pause Young (Normal) (G1 Evacuation Pause)
[2020-04-14T22:39:12.498-0700][gc,task       ] GC(607) Using 4 workers of 4 for evacuation
[2020-04-14T22:39:12.526-0700][gc,mmu        ] GC(607) MMU target violated: 21.0ms (20.0ms/21.0ms)
[2020-04-14T22:39:12.526-0700][gc,phases     ] GC(607)   Pre Evacuate Collection Set: 0.1ms
[2020-04-14T22:39:12.526-0700][gc,phases     ] GC(607)   Evacuate Collection Set: 27.1ms
[2020-04-14T22:39:12.526-0700][gc,phases     ] GC(607)   Post Evacuate Collection Set: 0.7ms
[2020-04-14T22:39:12.526-0700][gc,phases     ] GC(607)   Other: 0.6ms
[2020-04-14T22:39:12.526-0700][gc,heap       ] GC(607) Eden regions: 47->0(47)
[2020-04-14T22:39:12.526-0700][gc,heap       ] GC(607) Survivor regions: 4->4(7)
[2020-04-14T22:39:12.526-0700][gc,heap       ] GC(607) Old regions: 103->103
[2020-04-14T22:39:12.527-0700][gc,heap       ] GC(607) Humongous regions: 130->130
[2020-04-14T22:39:12.527-0700][gc,metaspace  ] GC(607) Metaspace: 28000K->28000K(1075200K)
[2020-04-14T22:39:12.527-0700][gc            ] GC(607) Pause Young (Normal) (G1 Evacuation Pause) 283M->236M(1024M) 28.604ms
[2020-04-14T22:39:12.527-0700][gc,cpu        ] GC(607) User=0.11s Sys=0.00s Real=0.02s
[2020-04-14T22:39:28.210-0700][gc,start      ] GC(608) Pause Young (Normal) (G1 Evacuation Pause)
[2020-04-14T22:39:28.210-0700][gc,task       ] GC(608) Using 4 workers of 4 for evacuation
[2020-04-14T22:39:28.241-0700][gc,mmu        ] GC(608) MMU target violated: 21.0ms (20.0ms/21.0ms)
[2020-04-14T22:39:28.241-0700][gc,phases     ] GC(608)   Pre Evacuate Collection Set: 0.1ms
[2020-04-14T22:39:28.241-0700][gc,phases     ] GC(608)   Evacuate Collection Set: 29.9ms
[2020-04-14T22:39:28.241-0700][gc,phases     ] GC(608)   Post Evacuate Collection Set: 0.7ms
[2020-04-14T22:39:28.241-0700][gc,phases     ] GC(608)   Other: 0.6ms
[2020-04-14T22:39:28.241-0700][gc,heap       ] GC(608) Eden regions: 47->0(46)
[2020-04-14T22:39:28.241-0700][gc,heap       ] GC(608) Survivor regions: 4->5(7)
[2020-04-14T22:39:28.241-0700][gc,heap       ] GC(608) Old regions: 103->103
[2020-04-14T22:39:28.241-0700][gc,heap       ] GC(608) Humongous regions: 130->130
[2020-04-14T22:39:28.241-0700][gc,metaspace  ] GC(608) Metaspace: 28000K->28000K(1075200K)
[2020-04-14T22:39:28.241-0700][gc            ] GC(608) Pause Young (Normal) (G1 Evacuation Pause) 283M->236M(1024M) 31.438ms
[2020-04-14T22:39:28.241-0700][gc,cpu        ] GC(608) User=0.12s Sys=0.01s Real=0.03s
[2020-04-14T22:39:43.528-0700][gc,start      ] GC(609) Pause Young (Normal) (G1 Evacuation Pause)
[2020-04-14T22:39:43.528-0700][gc,task       ] GC(609) Using 4 workers of 4 for evacuation
[2020-04-14T22:39:43.557-0700][gc,mmu        ] GC(609) MMU target violated: 21.0ms (20.0ms/21.0ms)
[2020-04-14T22:39:43.557-0700][gc,phases     ] GC(609)   Pre Evacuate Collection Set: 0.1ms
[2020-04-14T22:39:43.557-0700][gc,phases     ] GC(609)   Evacuate Collection Set: 28.0ms
[2020-04-14T22:39:43.557-0700][gc,phases     ] GC(609)   Post Evacuate Collection Set: 0.7ms
[2020-04-14T22:39:43.557-0700][gc,phases     ] GC(609)   Other: 0.5ms
[2020-04-14T22:39:43.557-0700][gc,heap       ] GC(609) Eden regions: 46->0(47)
[2020-04-14T22:39:43.557-0700][gc,heap       ] GC(609) Survivor regions: 5->4(7)
[2020-04-14T22:39:43.557-0700][gc,heap       ] GC(609) Old regions: 103->104
[2020-04-14T22:39:43.557-0700][gc,heap       ] GC(609) Humongous regions: 130->130
[2020-04-14T22:39:43.557-0700][gc,metaspace  ] GC(609) Metaspace: 28000K->28000K(1075200K)
[2020-04-14T22:39:43.557-0700][gc            ] GC(609) Pause Young (Normal) (G1 Evacuation Pause) 282M->236M(1024M) 29.437ms
[2020-04-14T22:39:43.557-0700][gc,cpu        ] GC(609) User=0.11s Sys=0.00s Real=0.03s
[2020-04-14T22:40:00.098-0700][gc,start      ] GC(610) Pause Young (Normal) (G1 Evacuation Pause)
[2020-04-14T22:40:00.099-0700][gc,task       ] GC(610) Using 4 workers of 4 for evacuation
[2020-04-14T22:40:00.128-0700][gc,mmu        ] GC(610) MMU target violated: 21.0ms (20.0ms/21.0ms)
[2020-04-14T22:40:00.128-0700][gc,phases     ] GC(610)   Pre Evacuate Collection Set: 0.0ms
[2020-04-14T22:40:00.128-0700][gc,phases     ] GC(610)   Evacuate Collection Set: 28.8ms
[2020-04-14T22:40:00.128-0700][gc,phases     ] GC(610)   Post Evacuate Collection Set: 0.6ms
[2020-04-14T22:40:00.128-0700][gc,phases     ] GC(610)   Other: 0.5ms
[2020-04-14T22:40:00.128-0700][gc,heap       ] GC(610) Eden regions: 47->0(47)
[2020-04-14T22:40:00.129-0700][gc,heap       ] GC(610) Survivor regions: 4->4(7)
[2020-04-14T22:40:00.129-0700][gc,heap       ] GC(610) Old regions: 104->104
[2020-04-14T22:40:00.129-0700][gc,heap       ] GC(610) Humongous regions: 130->130
[2020-04-14T22:40:00.129-0700][gc,metaspace  ] GC(610) Metaspace: 28000K->28000K(1075200K)
[2020-04-14T22:40:00.129-0700][gc            ] GC(610) Pause Young (Normal) (G1 Evacuation Pause) 283M->237M(1024M) 30.159ms
[2020-04-14T22:40:00.129-0700][gc,cpu        ] GC(610) User=0.11s Sys=0.00s Real=0.02s
[2020-04-14T22:40:16.340-0700][gc,start      ] GC(611) Pause Young (Normal) (G1 Evacuation Pause)
[2020-04-14T22:40:16.340-0700][gc,task       ] GC(611) Using 4 workers of 4 for evacuation
[2020-04-14T22:40:16.366-0700][gc,mmu        ] GC(611) MMU target violated: 21.0ms (20.0ms/21.0ms)
[2020-04-14T22:40:16.366-0700][gc,phases     ] GC(611)   Pre Evacuate Collection Set: 0.0ms
[2020-04-14T22:40:16.366-0700][gc,phases     ] GC(611)   Evacuate Collection Set: 25.0ms
[2020-04-14T22:40:16.366-0700][gc,phases     ] GC(611)   Post Evacuate Collection Set: 0.6ms
[2020-04-14T22:40:16.366-0700][gc,phases     ] GC(611)   Other: 0.6ms
[2020-04-14T22:40:16.366-0700][gc,heap       ] GC(611) Eden regions: 47->0(47)
[2020-04-14T22:40:16.366-0700][gc,heap       ] GC(611) Survivor regions: 4->4(7)
[2020-04-14T22:40:16.366-0700][gc,heap       ] GC(611) Old regions: 104->104
[2020-04-14T22:40:16.366-0700][gc,heap       ] GC(611) Humongous regions: 130->130
[2020-04-14T22:40:16.366-0700][gc,metaspace  ] GC(611) Metaspace: 28000K->28000K(1075200K)
[2020-04-14T22:40:16.366-0700][gc            ] GC(611) Pause Young (Normal) (G1 Evacuation Pause) 284M->237M(1024M) 26.433ms
[2020-04-14T22:40:16.366-0700][gc,cpu        ] GC(611) User=0.11s Sys=0.00s Real=0.02s
[2020-04-14T22:40:32.000-0700][gc,start      ] GC(612) Pause Young (Normal) (G1 Evacuation Pause)
[2020-04-14T22:40:32.000-0700][gc,task       ] GC(612) Using 4 workers of 4 for evacuation
[2020-04-14T22:40:32.029-0700][gc,mmu        ] GC(612) MMU target violated: 21.0ms (20.0ms/21.0ms)
[2020-04-14T22:40:32.029-0700][gc,phases     ] GC(612)   Pre Evacuate Collection Set: 0.1ms
[2020-04-14T22:40:32.029-0700][gc,phases     ] GC(612)   Evacuate Collection Set: 27.9ms
[2020-04-14T22:40:32.029-0700][gc,phases     ] GC(612)   Post Evacuate Collection Set: 0.5ms
[2020-04-14T22:40:32.029-0700][gc,phases     ] GC(612)   Other: 0.5ms
[2020-04-14T22:40:32.029-0700][gc,heap       ] GC(612) Eden regions: 47->0(47)
[2020-04-14T22:40:32.029-0700][gc,heap       ] GC(612) Survivor regions: 4->4(7)
[2020-04-14T22:40:32.029-0700][gc,heap       ] GC(612) Old regions: 104->105
[2020-04-14T22:40:32.029-0700][gc,heap       ] GC(612) Humongous regions: 130->130
[2020-04-14T22:40:32.029-0700][gc,metaspace  ] GC(612) Metaspace: 28000K->28000K(1075200K)
[2020-04-14T22:40:32.029-0700][gc            ] GC(612) Pause Young (Normal) (G1 Evacuation Pause) 284M->238M(1024M) 29.060ms
[2020-04-14T22:40:32.029-0700][gc,cpu        ] GC(612) User=0.11s Sys=0.00s Real=0.02s
[2020-04-14T22:40:47.619-0700][gc,start      ] GC(613) Pause Young (Normal) (G1 Evacuation Pause)
[2020-04-14T22:40:47.619-0700][gc,task       ] GC(613) Using 4 workers of 4 for evacuation
[2020-04-14T22:40:47.646-0700][gc,mmu        ] GC(613) MMU target violated: 21.0ms (20.0ms/21.0ms)
[2020-04-14T22:40:47.646-0700][gc,phases     ] GC(613)   Pre Evacuate Collection Set: 0.1ms
[2020-04-14T22:40:47.646-0700][gc,phases     ] GC(613)   Evacuate Collection Set: 25.8ms
[2020-04-14T22:40:47.646-0700][gc,phases     ] GC(613)   Post Evacuate Collection Set: 0.5ms
[2020-04-14T22:40:47.646-0700][gc,phases     ] GC(613)   Other: 0.5ms
[2020-04-14T22:40:47.646-0700][gc,heap       ] GC(613) Eden regions: 47->0(47)
[2020-04-14T22:40:47.646-0700][gc,heap       ] GC(613) Survivor regions: 4->4(7)
[2020-04-14T22:40:47.646-0700][gc,heap       ] GC(613) Old regions: 105->105
[2020-04-14T22:40:47.646-0700][gc,heap       ] GC(613) Humongous regions: 130->130
[2020-04-14T22:40:47.646-0700][gc,metaspace  ] GC(613) Metaspace: 28000K->28000K(1075200K)
[2020-04-14T22:40:47.646-0700][gc            ] GC(613) Pause Young (Normal) (G1 Evacuation Pause) 285M->238M(1024M) 27.104ms
[2020-04-14T22:40:47.646-0700][gc,cpu        ] GC(613) User=0.10s Sys=0.00s Real=0.02s
[2020-04-14T22:41:03.389-0700][gc,start      ] GC(614) Pause Young (Normal) (G1 Evacuation Pause)
[2020-04-14T22:41:03.389-0700][gc,task       ] GC(614) Using 4 workers of 4 for evacuation
[2020-04-14T22:41:03.417-0700][gc,mmu        ] GC(614) MMU target violated: 21.0ms (20.0ms/21.0ms)
[2020-04-14T22:41:03.417-0700][gc,phases     ] GC(614)   Pre Evacuate Collection Set: 0.1ms
[2020-04-14T22:41:03.417-0700][gc,phases     ] GC(614)   Evacuate Collection Set: 27.0ms
[2020-04-14T22:41:03.417-0700][gc,phases     ] GC(614)   Post Evacuate Collection Set: 0.6ms
[2020-04-14T22:41:03.418-0700][gc,phases     ] GC(614)   Other: 0.7ms
[2020-04-14T22:41:03.418-0700][gc,heap       ] GC(614) Eden regions: 47->0(47)
[2020-04-14T22:41:03.418-0700][gc,heap       ] GC(614) Survivor regions: 4->4(7)
[2020-04-14T22:41:03.418-0700][gc,heap       ] GC(614) Old regions: 105->106
[2020-04-14T22:41:03.418-0700][gc,heap       ] GC(614) Humongous regions: 130->130
[2020-04-14T22:41:03.418-0700][gc,metaspace  ] GC(614) Metaspace: 28000K->28000K(1075200K)
[2020-04-14T22:41:03.418-0700][gc            ] GC(614) Pause Young (Normal) (G1 Evacuation Pause) 285M->239M(1024M) 28.621ms
[2020-04-14T22:41:03.418-0700][gc,cpu        ] GC(614) User=0.10s Sys=0.00s Real=0.04s
[2020-04-14T22:41:19.000-0700][gc,start      ] GC(615) Pause Young (Normal) (G1 Evacuation Pause)
[2020-04-14T22:41:19.000-0700][gc,task       ] GC(615) Using 4 workers of 4 for evacuation
[2020-04-14T22:41:19.027-0700][gc,mmu        ] GC(615) MMU target violated: 21.0ms (20.0ms/21.0ms)
[2020-04-14T22:41:19.027-0700][gc,phases     ] GC(615)   Pre Evacuate Collection Set: 0.1ms
[2020-04-14T22:41:19.027-0700][gc,phases     ] GC(615)   Evacuate Collection Set: 25.9ms
[2020-04-14T22:41:19.027-0700][gc,phases     ] GC(615)   Post Evacuate Collection Set: 0.6ms
[2020-04-14T22:41:19.027-0700][gc,phases     ] GC(615)   Other: 0.5ms
[2020-04-14T22:41:19.027-0700][gc,heap       ] GC(615) Eden regions: 47->0(47)
[2020-04-14T22:41:19.027-0700][gc,heap       ] GC(615) Survivor regions: 4->4(7)
[2020-04-14T22:41:19.027-0700][gc,heap       ] GC(615) Old regions: 106->106
[2020-04-14T22:41:19.027-0700][gc,heap       ] GC(615) Humongous regions: 130->130
[2020-04-14T22:41:19.027-0700][gc,metaspace  ] GC(615) Metaspace: 28000K->28000K(1075200K)
[2020-04-14T22:41:19.027-0700][gc            ] GC(615) Pause Young (Normal) (G1 Evacuation Pause) 286M->239M(1024M) 27.171ms
[2020-04-14T22:41:19.027-0700][gc,cpu        ] GC(615) User=0.10s Sys=0.00s Real=0.02s
[2020-04-14T22:41:34.681-0700][gc,start      ] GC(616) Pause Young (Normal) (G1 Evacuation Pause)
[2020-04-14T22:41:34.681-0700][gc,task       ] GC(616) Using 4 workers of 4 for evacuation
[2020-04-14T22:41:34.705-0700][gc,mmu        ] GC(616) MMU target violated: 21.0ms (20.0ms/21.0ms)
[2020-04-14T22:41:34.706-0700][gc,phases     ] GC(616)   Pre Evacuate Collection Set: 0.0ms
[2020-04-14T22:41:34.706-0700][gc,phases     ] GC(616)   Evacuate Collection Set: 24.0ms
[2020-04-14T22:41:34.706-0700][gc,phases     ] GC(616)   Post Evacuate Collection Set: 0.6ms
[2020-04-14T22:41:34.706-0700][gc,phases     ] GC(616)   Other: 0.5ms
[2020-04-14T22:41:34.706-0700][gc,heap       ] GC(616) Eden regions: 47->0(46)
[2020-04-14T22:41:34.706-0700][gc,heap       ] GC(616) Survivor regions: 4->5(7)
[2020-04-14T22:41:34.706-0700][gc,heap       ] GC(616) Old regions: 106->106
[2020-04-14T22:41:34.706-0700][gc,heap       ] GC(616) Humongous regions: 130->130
[2020-04-14T22:41:34.706-0700][gc,metaspace  ] GC(616) Metaspace: 28000K->28000K(1075200K)
[2020-04-14T22:41:34.706-0700][gc            ] GC(616) Pause Young (Normal) (G1 Evacuation Pause) 286M->239M(1024M) 25.208ms
[2020-04-14T22:41:34.706-0700][gc,cpu        ] GC(616) User=0.10s Sys=0.00s Real=0.02s
[2020-04-14T22:41:49.954-0700][gc,start      ] GC(617) Pause Young (Normal) (G1 Evacuation Pause)
[2020-04-14T22:41:49.954-0700][gc,task       ] GC(617) Using 4 workers of 4 for evacuation
[2020-04-14T22:41:49.987-0700][gc,mmu        ] GC(617) MMU target violated: 21.0ms (20.0ms/21.0ms)
[2020-04-14T22:41:49.987-0700][gc,phases     ] GC(617)   Pre Evacuate Collection Set: 0.1ms
[2020-04-14T22:41:49.987-0700][gc,phases     ] GC(617)   Evacuate Collection Set: 31.6ms
[2020-04-14T22:41:49.987-0700][gc,phases     ] GC(617)   Post Evacuate Collection Set: 0.6ms
[2020-04-14T22:41:49.987-0700][gc,phases     ] GC(617)   Other: 0.7ms
[2020-04-14T22:41:49.987-0700][gc,heap       ] GC(617) Eden regions: 46->0(47)
[2020-04-14T22:41:49.987-0700][gc,heap       ] GC(617) Survivor regions: 5->4(7)
[2020-04-14T22:41:49.987-0700][gc,heap       ] GC(617) Old regions: 106->107
[2020-04-14T22:41:49.987-0700][gc,heap       ] GC(617) Humongous regions: 130->130
[2020-04-14T22:41:49.987-0700][gc,metaspace  ] GC(617) Metaspace: 28000K->28000K(1075200K)
[2020-04-14T22:41:49.987-0700][gc            ] GC(617) Pause Young (Normal) (G1 Evacuation Pause) 285M->240M(1024M) 33.034ms
[2020-04-14T22:41:49.987-0700][gc,cpu        ] GC(617) User=0.11s Sys=0.00s Real=0.03s
[2020-04-14T22:42:05.663-0700][gc,start      ] GC(618) Pause Young (Normal) (G1 Evacuation Pause)
[2020-04-14T22:42:05.663-0700][gc,task       ] GC(618) Using 4 workers of 4 for evacuation
[2020-04-14T22:42:05.692-0700][gc,mmu        ] GC(618) MMU target violated: 21.0ms (20.0ms/21.0ms)
[2020-04-14T22:42:05.692-0700][gc,phases     ] GC(618)   Pre Evacuate Collection Set: 0.1ms
[2020-04-14T22:42:05.692-0700][gc,phases     ] GC(618)   Evacuate Collection Set: 27.5ms
[2020-04-14T22:42:05.692-0700][gc,phases     ] GC(618)   Post Evacuate Collection Set: 0.6ms
[2020-04-14T22:42:05.692-0700][gc,phases     ] GC(618)   Other: 0.5ms
[2020-04-14T22:42:05.692-0700][gc,heap       ] GC(618) Eden regions: 47->0(47)
[2020-04-14T22:42:05.692-0700][gc,heap       ] GC(618) Survivor regions: 4->4(7)
[2020-04-14T22:42:05.692-0700][gc,heap       ] GC(618) Old regions: 107->107
[2020-04-14T22:42:05.692-0700][gc,heap       ] GC(618) Humongous regions: 130->130
[2020-04-14T22:42:05.692-0700][gc,metaspace  ] GC(618) Metaspace: 28000K->28000K(1075200K)
[2020-04-14T22:42:05.692-0700][gc            ] GC(618) Pause Young (Normal) (G1 Evacuation Pause) 287M->240M(1024M) 28.808ms
[2020-04-14T22:42:05.692-0700][gc,cpu        ] GC(618) User=0.10s Sys=0.00s Real=0.03s
[2020-04-14T22:42:21.346-0700][gc,start      ] GC(619) Pause Young (Normal) (G1 Evacuation Pause)
[2020-04-14T22:42:21.346-0700][gc,task       ] GC(619) Using 4 workers of 4 for evacuation
[2020-04-14T22:42:21.375-0700][gc,mmu        ] GC(619) MMU target violated: 21.0ms (20.0ms/21.0ms)
[2020-04-14T22:42:21.375-0700][gc,phases     ] GC(619)   Pre Evacuate Collection Set: 0.1ms
[2020-04-14T22:42:21.375-0700][gc,phases     ] GC(619)   Evacuate Collection Set: 27.7ms
[2020-04-14T22:42:21.375-0700][gc,phases     ] GC(619)   Post Evacuate Collection Set: 0.6ms
[2020-04-14T22:42:21.375-0700][gc,phases     ] GC(619)   Other: 0.5ms
[2020-04-14T22:42:21.375-0700][gc,heap       ] GC(619) Eden regions: 47->0(47)
[2020-04-14T22:42:21.375-0700][gc,heap       ] GC(619) Survivor regions: 4->4(7)
[2020-04-14T22:42:21.375-0700][gc,heap       ] GC(619) Old regions: 107->107
[2020-04-14T22:42:21.375-0700][gc,heap       ] GC(619) Humongous regions: 130->130
[2020-04-14T22:42:21.375-0700][gc,metaspace  ] GC(619) Metaspace: 28000K->28000K(1075200K)
[2020-04-14T22:42:21.375-0700][gc            ] GC(619) Pause Young (Normal) (G1 Evacuation Pause) 287M->240M(1024M) 28.970ms
[2020-04-14T22:42:21.375-0700][gc,cpu        ] GC(619) User=0.11s Sys=0.00s Real=0.03s
[2020-04-14T22:42:37.073-0700][gc,start      ] GC(620) Pause Young (Normal) (G1 Evacuation Pause)
[2020-04-14T22:42:37.073-0700][gc,task       ] GC(620) Using 4 workers of 4 for evacuation
[2020-04-14T22:42:37.104-0700][gc,mmu        ] GC(620) MMU target violated: 21.0ms (20.0ms/21.0ms)
[2020-04-14T22:42:37.104-0700][gc,phases     ] GC(620)   Pre Evacuate Collection Set: 0.1ms
[2020-04-14T22:42:37.104-0700][gc,phases     ] GC(620)   Evacuate Collection Set: 29.2ms
[2020-04-14T22:42:37.104-0700][gc,phases     ] GC(620)   Post Evacuate Collection Set: 0.7ms
[2020-04-14T22:42:37.104-0700][gc,phases     ] GC(620)   Other: 0.7ms
[2020-04-14T22:42:37.104-0700][gc,heap       ] GC(620) Eden regions: 47->0(47)
[2020-04-14T22:42:37.104-0700][gc,heap       ] GC(620) Survivor regions: 4->4(7)
[2020-04-14T22:42:37.104-0700][gc,heap       ] GC(620) Old regions: 107->108
[2020-04-14T22:42:37.104-0700][gc,heap       ] GC(620) Humongous regions: 130->130
[2020-04-14T22:42:37.104-0700][gc,metaspace  ] GC(620) Metaspace: 28000K->28000K(1075200K)
[2020-04-14T22:42:37.104-0700][gc            ] GC(620) Pause Young (Normal) (G1 Evacuation Pause) 287M->241M(1024M) 30.790ms
[2020-04-14T22:42:37.104-0700][gc,cpu        ] GC(620) User=0.11s Sys=0.00s Real=0.03s
[2020-04-14T22:42:52.691-0700][gc,start      ] GC(621) Pause Young (Normal) (G1 Evacuation Pause)
[2020-04-14T22:42:52.691-0700][gc,task       ] GC(621) Using 4 workers of 4 for evacuation
[2020-04-14T22:42:52.724-0700][gc,mmu        ] GC(621) MMU target violated: 21.0ms (20.0ms/21.0ms)
[2020-04-14T22:42:52.724-0700][gc,phases     ] GC(621)   Pre Evacuate Collection Set: 0.0ms
[2020-04-14T22:42:52.724-0700][gc,phases     ] GC(621)   Evacuate Collection Set: 31.6ms
[2020-04-14T22:42:52.724-0700][gc,phases     ] GC(621)   Post Evacuate Collection Set: 0.6ms
[2020-04-14T22:42:52.724-0700][gc,phases     ] GC(621)   Other: 0.5ms
[2020-04-14T22:42:52.724-0700][gc,heap       ] GC(621) Eden regions: 47->0(47)
[2020-04-14T22:42:52.724-0700][gc,heap       ] GC(621) Survivor regions: 4->4(7)
[2020-04-14T22:42:52.724-0700][gc,heap       ] GC(621) Old regions: 108->108
[2020-04-14T22:42:52.724-0700][gc,heap       ] GC(621) Humongous regions: 130->130
[2020-04-14T22:42:52.724-0700][gc,metaspace  ] GC(621) Metaspace: 28000K->28000K(1075200K)
[2020-04-14T22:42:52.724-0700][gc            ] GC(621) Pause Young (Normal) (G1 Evacuation Pause) 288M->241M(1024M) 32.986ms
[2020-04-14T22:42:52.724-0700][gc,cpu        ] GC(621) User=0.10s Sys=0.00s Real=0.03s
[2020-04-14T22:43:08.345-0700][gc,start      ] GC(622) Pause Young (Normal) (G1 Evacuation Pause)
[2020-04-14T22:43:08.345-0700][gc,task       ] GC(622) Using 4 workers of 4 for evacuation
[2020-04-14T22:43:08.373-0700][gc,mmu        ] GC(622) MMU target violated: 21.0ms (20.0ms/21.0ms)
[2020-04-14T22:43:08.373-0700][gc,phases     ] GC(622)   Pre Evacuate Collection Set: 0.1ms
[2020-04-14T22:43:08.373-0700][gc,phases     ] GC(622)   Evacuate Collection Set: 26.8ms
[2020-04-14T22:43:08.373-0700][gc,phases     ] GC(622)   Post Evacuate Collection Set: 0.7ms
[2020-04-14T22:43:08.373-0700][gc,phases     ] GC(622)   Other: 0.7ms
[2020-04-14T22:43:08.373-0700][gc,heap       ] GC(622) Eden regions: 47->0(47)
[2020-04-14T22:43:08.373-0700][gc,heap       ] GC(622) Survivor regions: 4->4(7)
[2020-04-14T22:43:08.373-0700][gc,heap       ] GC(622) Old regions: 108->109
[2020-04-14T22:43:08.373-0700][gc,heap       ] GC(622) Humongous regions: 130->130
[2020-04-14T22:43:08.373-0700][gc,metaspace  ] GC(622) Metaspace: 28000K->28000K(1075200K)
[2020-04-14T22:43:08.373-0700][gc            ] GC(622) Pause Young (Normal) (G1 Evacuation Pause) 288M->242M(1024M) 28.418ms
[2020-04-14T22:43:08.373-0700][gc,cpu        ] GC(622) User=0.11s Sys=0.00s Real=0.03s
[2020-04-14T22:43:23.985-0700][gc,start      ] GC(623) Pause Young (Normal) (G1 Evacuation Pause)
[2020-04-14T22:43:23.985-0700][gc,task       ] GC(623) Using 4 workers of 4 for evacuation
[2020-04-14T22:43:24.014-0700][gc,mmu        ] GC(623) MMU target violated: 21.0ms (20.0ms/21.0ms)
[2020-04-14T22:43:24.014-0700][gc,phases     ] GC(623)   Pre Evacuate Collection Set: 0.0ms
[2020-04-14T22:43:24.014-0700][gc,phases     ] GC(623)   Evacuate Collection Set: 27.8ms
[2020-04-14T22:43:24.014-0700][gc,phases     ] GC(623)   Post Evacuate Collection Set: 0.8ms
[2020-04-14T22:43:24.014-0700][gc,phases     ] GC(623)   Other: 0.5ms
[2020-04-14T22:43:24.014-0700][gc,heap       ] GC(623) Eden regions: 47->0(47)
[2020-04-14T22:43:24.014-0700][gc,heap       ] GC(623) Survivor regions: 4->4(7)
[2020-04-14T22:43:24.014-0700][gc,heap       ] GC(623) Old regions: 109->109
[2020-04-14T22:43:24.014-0700][gc,heap       ] GC(623) Humongous regions: 130->130
[2020-04-14T22:43:24.014-0700][gc,metaspace  ] GC(623) Metaspace: 28000K->28000K(1075200K)
[2020-04-14T22:43:24.014-0700][gc            ] GC(623) Pause Young (Normal) (G1 Evacuation Pause) 289M->242M(1024M) 29.310ms
[2020-04-14T22:43:24.014-0700][gc,cpu        ] GC(623) User=0.10s Sys=0.00s Real=0.03s
[2020-04-14T22:43:39.578-0700][gc,start      ] GC(624) Pause Young (Normal) (G1 Evacuation Pause)
[2020-04-14T22:43:39.578-0700][gc,task       ] GC(624) Using 4 workers of 4 for evacuation
[2020-04-14T22:43:39.603-0700][gc,mmu        ] GC(624) MMU target violated: 21.0ms (20.0ms/21.0ms)
[2020-04-14T22:43:39.603-0700][gc,phases     ] GC(624)   Pre Evacuate Collection Set: 0.0ms
[2020-04-14T22:43:39.603-0700][gc,phases     ] GC(624)   Evacuate Collection Set: 24.1ms
[2020-04-14T22:43:39.603-0700][gc,phases     ] GC(624)   Post Evacuate Collection Set: 0.5ms
[2020-04-14T22:43:39.603-0700][gc,phases     ] GC(624)   Other: 0.4ms
[2020-04-14T22:43:39.603-0700][gc,heap       ] GC(624) Eden regions: 47->0(46)
[2020-04-14T22:43:39.603-0700][gc,heap       ] GC(624) Survivor regions: 4->5(7)
[2020-04-14T22:43:39.603-0700][gc,heap       ] GC(624) Old regions: 109->109
[2020-04-14T22:43:39.603-0700][gc,heap       ] GC(624) Humongous regions: 130->130
[2020-04-14T22:43:39.603-0700][gc,metaspace  ] GC(624) Metaspace: 28000K->28000K(1075200K)
[2020-04-14T22:43:39.603-0700][gc            ] GC(624) Pause Young (Normal) (G1 Evacuation Pause) 289M->242M(1024M) 25.295ms
[2020-04-14T22:43:39.603-0700][gc,cpu        ] GC(624) User=0.10s Sys=0.00s Real=0.02s
[2020-04-14T22:43:54.869-0700][gc,start      ] GC(625) Pause Young (Normal) (G1 Evacuation Pause)
[2020-04-14T22:43:54.869-0700][gc,task       ] GC(625) Using 4 workers of 4 for evacuation
[2020-04-14T22:43:54.901-0700][gc,mmu        ] GC(625) MMU target violated: 21.0ms (20.0ms/21.0ms)
[2020-04-14T22:43:54.902-0700][gc,phases     ] GC(625)   Pre Evacuate Collection Set: 0.1ms
[2020-04-14T22:43:54.902-0700][gc,phases     ] GC(625)   Evacuate Collection Set: 31.3ms
[2020-04-14T22:43:54.902-0700][gc,phases     ] GC(625)   Post Evacuate Collection Set: 0.6ms
[2020-04-14T22:43:54.902-0700][gc,phases     ] GC(625)   Other: 0.7ms
[2020-04-14T22:43:54.902-0700][gc,heap       ] GC(625) Eden regions: 46->0(46)
[2020-04-14T22:43:54.902-0700][gc,heap       ] GC(625) Survivor regions: 5->5(7)
[2020-04-14T22:43:54.902-0700][gc,heap       ] GC(625) Old regions: 109->110
[2020-04-14T22:43:54.902-0700][gc,heap       ] GC(625) Humongous regions: 130->130
[2020-04-14T22:43:54.902-0700][gc,metaspace  ] GC(625) Metaspace: 28000K->28000K(1075200K)
[2020-04-14T22:43:54.902-0700][gc            ] GC(625) Pause Young (Normal) (G1 Evacuation Pause) 288M->244M(1024M) 32.750ms
[2020-04-14T22:43:54.902-0700][gc,cpu        ] GC(625) User=0.13s Sys=0.00s Real=0.04s
[2020-04-14T22:44:10.245-0700][gc,start      ] GC(626) Pause Young (Normal) (G1 Evacuation Pause)
[2020-04-14T22:44:10.245-0700][gc,task       ] GC(626) Using 4 workers of 4 for evacuation
[2020-04-14T22:44:10.278-0700][gc,mmu        ] GC(626) MMU target violated: 21.0ms (20.0ms/21.0ms)
[2020-04-14T22:44:10.278-0700][gc,phases     ] GC(626)   Pre Evacuate Collection Set: 0.0ms
[2020-04-14T22:44:10.278-0700][gc,phases     ] GC(626)   Evacuate Collection Set: 31.6ms
[2020-04-14T22:44:10.278-0700][gc,phases     ] GC(626)   Post Evacuate Collection Set: 0.6ms
[2020-04-14T22:44:10.278-0700][gc,phases     ] GC(626)   Other: 0.6ms
[2020-04-14T22:44:10.278-0700][gc,heap       ] GC(626) Eden regions: 46->0(47)
[2020-04-14T22:44:10.278-0700][gc,heap       ] GC(626) Survivor regions: 5->4(7)
[2020-04-14T22:44:10.278-0700][gc,heap       ] GC(626) Old regions: 110->111
[2020-04-14T22:44:10.278-0700][gc,heap       ] GC(626) Humongous regions: 130->130
[2020-04-14T22:44:10.278-0700][gc,metaspace  ] GC(626) Metaspace: 28000K->28000K(1075200K)
[2020-04-14T22:44:10.278-0700][gc            ] GC(626) Pause Young (Normal) (G1 Evacuation Pause) 290M->244M(1024M) 32.991ms
[2020-04-14T22:44:10.278-0700][gc,cpu        ] GC(626) User=0.12s Sys=0.00s Real=0.04s
[2020-04-14T22:44:25.946-0700][gc,start      ] GC(627) Pause Young (Normal) (G1 Evacuation Pause)
[2020-04-14T22:44:25.946-0700][gc,task       ] GC(627) Using 4 workers of 4 for evacuation
[2020-04-14T22:44:25.975-0700][gc,mmu        ] GC(627) MMU target violated: 21.0ms (20.0ms/21.0ms)
[2020-04-14T22:44:25.975-0700][gc,phases     ] GC(627)   Pre Evacuate Collection Set: 0.1ms
[2020-04-14T22:44:25.975-0700][gc,phases     ] GC(627)   Evacuate Collection Set: 27.8ms
[2020-04-14T22:44:25.975-0700][gc,phases     ] GC(627)   Post Evacuate Collection Set: 0.6ms
[2020-04-14T22:44:25.975-0700][gc,phases     ] GC(627)   Other: 0.8ms
[2020-04-14T22:44:25.975-0700][gc,heap       ] GC(627) Eden regions: 47->0(47)
[2020-04-14T22:44:25.975-0700][gc,heap       ] GC(627) Survivor regions: 4->4(7)
[2020-04-14T22:44:25.975-0700][gc,heap       ] GC(627) Old regions: 111->111
[2020-04-14T22:44:25.975-0700][gc,heap       ] GC(627) Humongous regions: 130->130
[2020-04-14T22:44:25.975-0700][gc,metaspace  ] GC(627) Metaspace: 28000K->28000K(1075200K)
[2020-04-14T22:44:25.975-0700][gc            ] GC(627) Pause Young (Normal) (G1 Evacuation Pause) 291M->244M(1024M) 29.323ms
[2020-04-14T22:44:25.975-0700][gc,cpu        ] GC(627) User=0.11s Sys=0.00s Real=0.03s
[2020-04-14T22:44:41.567-0700][gc,start      ] GC(628) Pause Young (Normal) (G1 Evacuation Pause)
[2020-04-14T22:44:41.567-0700][gc,task       ] GC(628) Using 4 workers of 4 for evacuation
[2020-04-14T22:44:41.596-0700][gc,mmu        ] GC(628) MMU target violated: 21.0ms (20.0ms/21.0ms)
[2020-04-14T22:44:41.597-0700][gc,phases     ] GC(628)   Pre Evacuate Collection Set: 0.1ms
[2020-04-14T22:44:41.597-0700][gc,phases     ] GC(628)   Evacuate Collection Set: 28.6ms
[2020-04-14T22:44:41.597-0700][gc,phases     ] GC(628)   Post Evacuate Collection Set: 0.6ms
[2020-04-14T22:44:41.597-0700][gc,phases     ] GC(628)   Other: 0.6ms
[2020-04-14T22:44:41.597-0700][gc,heap       ] GC(628) Eden regions: 47->0(46)
[2020-04-14T22:44:41.597-0700][gc,heap       ] GC(628) Survivor regions: 4->5(7)
[2020-04-14T22:44:41.597-0700][gc,heap       ] GC(628) Old regions: 111->112
[2020-04-14T22:44:41.597-0700][gc,heap       ] GC(628) Humongous regions: 130->130
[2020-04-14T22:44:41.597-0700][gc,metaspace  ] GC(628) Metaspace: 28000K->28000K(1075200K)
[2020-04-14T22:44:41.597-0700][gc            ] GC(628) Pause Young (Normal) (G1 Evacuation Pause) 291M->245M(1024M) 29.959ms
[2020-04-14T22:44:41.597-0700][gc,cpu        ] GC(628) User=0.12s Sys=0.00s Real=0.03s
[2020-04-14T22:44:56.877-0700][gc,start      ] GC(629) Pause Young (Normal) (G1 Evacuation Pause)
[2020-04-14T22:44:56.877-0700][gc,task       ] GC(629) Using 4 workers of 4 for evacuation
[2020-04-14T22:44:56.904-0700][gc,mmu        ] GC(629) MMU target violated: 21.0ms (20.0ms/21.0ms)
[2020-04-14T22:44:56.904-0700][gc,phases     ] GC(629)   Pre Evacuate Collection Set: 0.1ms
[2020-04-14T22:44:56.904-0700][gc,phases     ] GC(629)   Evacuate Collection Set: 25.6ms
[2020-04-14T22:44:56.904-0700][gc,phases     ] GC(629)   Post Evacuate Collection Set: 0.5ms
[2020-04-14T22:44:56.904-0700][gc,phases     ] GC(629)   Other: 0.5ms
[2020-04-14T22:44:56.904-0700][gc,heap       ] GC(629) Eden regions: 46->0(47)
[2020-04-14T22:44:56.904-0700][gc,heap       ] GC(629) Survivor regions: 5->4(7)
[2020-04-14T22:44:56.904-0700][gc,heap       ] GC(629) Old regions: 112->112
[2020-04-14T22:44:56.904-0700][gc,heap       ] GC(629) Humongous regions: 130->130
[2020-04-14T22:44:56.904-0700][gc,metaspace  ] GC(629) Metaspace: 28000K->28000K(1075200K)
[2020-04-14T22:44:56.904-0700][gc            ] GC(629) Pause Young (Normal) (G1 Evacuation Pause) 291M->245M(1024M) 26.854ms
[2020-04-14T22:44:56.904-0700][gc,cpu        ] GC(629) User=0.10s Sys=0.00s Real=0.03s
[2020-04-14T22:45:12.571-0700][gc,start      ] GC(630) Pause Young (Normal) (G1 Evacuation Pause)
[2020-04-14T22:45:12.571-0700][gc,task       ] GC(630) Using 4 workers of 4 for evacuation
[2020-04-14T22:45:12.599-0700][gc,mmu        ] GC(630) MMU target violated: 21.0ms (20.0ms/21.0ms)
[2020-04-14T22:45:12.599-0700][gc,phases     ] GC(630)   Pre Evacuate Collection Set: 0.1ms
[2020-04-14T22:45:12.599-0700][gc,phases     ] GC(630)   Evacuate Collection Set: 27.0ms
[2020-04-14T22:45:12.599-0700][gc,phases     ] GC(630)   Post Evacuate Collection Set: 0.6ms
[2020-04-14T22:45:12.599-0700][gc,phases     ] GC(630)   Other: 0.7ms
[2020-04-14T22:45:12.599-0700][gc,heap       ] GC(630) Eden regions: 47->0(47)
[2020-04-14T22:45:12.599-0700][gc,heap       ] GC(630) Survivor regions: 4->4(7)
[2020-04-14T22:45:12.599-0700][gc,heap       ] GC(630) Old regions: 112->113
[2020-04-14T22:45:12.599-0700][gc,heap       ] GC(630) Humongous regions: 130->130
[2020-04-14T22:45:12.599-0700][gc,metaspace  ] GC(630) Metaspace: 28000K->28000K(1075200K)
[2020-04-14T22:45:12.599-0700][gc            ] GC(630) Pause Young (Normal) (G1 Evacuation Pause) 292M->245M(1024M) 28.514ms
[2020-04-14T22:45:12.599-0700][gc,cpu        ] GC(630) User=0.10s Sys=0.00s Real=0.03s
[2020-04-14T22:45:28.309-0700][gc,start      ] GC(631) Pause Young (Normal) (G1 Evacuation Pause)
[2020-04-14T22:45:28.309-0700][gc,task       ] GC(631) Using 4 workers of 4 for evacuation
[2020-04-14T22:45:28.338-0700][gc,mmu        ] GC(631) MMU target violated: 21.0ms (20.0ms/21.0ms)
[2020-04-14T22:45:28.338-0700][gc,phases     ] GC(631)   Pre Evacuate Collection Set: 0.0ms
[2020-04-14T22:45:28.338-0700][gc,phases     ] GC(631)   Evacuate Collection Set: 27.6ms
[2020-04-14T22:45:28.338-0700][gc,phases     ] GC(631)   Post Evacuate Collection Set: 0.9ms
[2020-04-14T22:45:28.338-0700][gc,phases     ] GC(631)   Other: 0.6ms
[2020-04-14T22:45:28.338-0700][gc,heap       ] GC(631) Eden regions: 47->0(47)
[2020-04-14T22:45:28.338-0700][gc,heap       ] GC(631) Survivor regions: 4->4(7)
[2020-04-14T22:45:28.338-0700][gc,heap       ] GC(631) Old regions: 113->113
[2020-04-14T22:45:28.338-0700][gc,heap       ] GC(631) Humongous regions: 130->130
[2020-04-14T22:45:28.338-0700][gc,metaspace  ] GC(631) Metaspace: 28000K->28000K(1075200K)
[2020-04-14T22:45:28.338-0700][gc            ] GC(631) Pause Young (Normal) (G1 Evacuation Pause) 292M->246M(1024M) 29.285ms
[2020-04-14T22:45:28.338-0700][gc,cpu        ] GC(631) User=0.11s Sys=0.00s Real=0.04s
[2020-04-14T22:45:43.967-0700][gc,start      ] GC(632) Pause Young (Normal) (G1 Evacuation Pause)
[2020-04-14T22:45:43.967-0700][gc,task       ] GC(632) Using 4 workers of 4 for evacuation
[2020-04-14T22:45:43.993-0700][gc,mmu        ] GC(632) MMU target violated: 21.0ms (20.0ms/21.0ms)
[2020-04-14T22:45:43.993-0700][gc,phases     ] GC(632)   Pre Evacuate Collection Set: 0.1ms
[2020-04-14T22:45:43.993-0700][gc,phases     ] GC(632)   Evacuate Collection Set: 25.6ms
[2020-04-14T22:45:43.993-0700][gc,phases     ] GC(632)   Post Evacuate Collection Set: 0.7ms
[2020-04-14T22:45:43.993-0700][gc,phases     ] GC(632)   Other: 0.5ms
[2020-04-14T22:45:43.993-0700][gc,heap       ] GC(632) Eden regions: 47->0(47)
[2020-04-14T22:45:43.993-0700][gc,heap       ] GC(632) Survivor regions: 4->4(7)
[2020-04-14T22:45:43.993-0700][gc,heap       ] GC(632) Old regions: 113->114
[2020-04-14T22:45:43.993-0700][gc,heap       ] GC(632) Humongous regions: 130->130
[2020-04-14T22:45:43.993-0700][gc,metaspace  ] GC(632) Metaspace: 28001K->28001K(1075200K)
[2020-04-14T22:45:43.993-0700][gc            ] GC(632) Pause Young (Normal) (G1 Evacuation Pause) 293M->246M(1024M) 26.986ms
[2020-04-14T22:45:43.994-0700][gc,cpu        ] GC(632) User=0.11s Sys=0.00s Real=0.03s
[2020-04-14T22:45:59.643-0700][gc,start      ] GC(633) Pause Young (Normal) (G1 Evacuation Pause)
[2020-04-14T22:45:59.643-0700][gc,task       ] GC(633) Using 4 workers of 4 for evacuation
[2020-04-14T22:45:59.671-0700][gc,mmu        ] GC(633) MMU target violated: 21.0ms (20.0ms/21.0ms)
[2020-04-14T22:45:59.671-0700][gc,phases     ] GC(633)   Pre Evacuate Collection Set: 0.1ms
[2020-04-14T22:45:59.672-0700][gc,phases     ] GC(633)   Evacuate Collection Set: 27.6ms
[2020-04-14T22:45:59.672-0700][gc,phases     ] GC(633)   Post Evacuate Collection Set: 0.5ms
[2020-04-14T22:45:59.672-0700][gc,phases     ] GC(633)   Other: 0.6ms
[2020-04-14T22:45:59.672-0700][gc,heap       ] GC(633) Eden regions: 47->0(47)
[2020-04-14T22:45:59.672-0700][gc,heap       ] GC(633) Survivor regions: 4->4(7)
[2020-04-14T22:45:59.672-0700][gc,heap       ] GC(633) Old regions: 114->114
[2020-04-14T22:45:59.672-0700][gc,heap       ] GC(633) Humongous regions: 130->130
[2020-04-14T22:45:59.672-0700][gc,metaspace  ] GC(633) Metaspace: 28001K->28001K(1075200K)
[2020-04-14T22:45:59.672-0700][gc            ] GC(633) Pause Young (Normal) (G1 Evacuation Pause) 293M->247M(1024M) 28.960ms
[2020-04-14T22:45:59.672-0700][gc,cpu        ] GC(633) User=0.11s Sys=0.00s Real=0.03s
[2020-04-14T22:46:15.241-0700][gc,start      ] GC(634) Pause Young (Normal) (G1 Evacuation Pause)
[2020-04-14T22:46:15.241-0700][gc,task       ] GC(634) Using 4 workers of 4 for evacuation
[2020-04-14T22:46:15.268-0700][gc,mmu        ] GC(634) MMU target violated: 21.0ms (20.0ms/21.0ms)
[2020-04-14T22:46:15.268-0700][gc,phases     ] GC(634)   Pre Evacuate Collection Set: 0.1ms
[2020-04-14T22:46:15.268-0700][gc,phases     ] GC(634)   Evacuate Collection Set: 25.7ms
[2020-04-14T22:46:15.268-0700][gc,phases     ] GC(634)   Post Evacuate Collection Set: 0.7ms
[2020-04-14T22:46:15.268-0700][gc,phases     ] GC(634)   Other: 0.6ms
[2020-04-14T22:46:15.268-0700][gc,heap       ] GC(634) Eden regions: 47->0(46)
[2020-04-14T22:46:15.268-0700][gc,heap       ] GC(634) Survivor regions: 4->5(7)
[2020-04-14T22:46:15.268-0700][gc,heap       ] GC(634) Old regions: 114->114
[2020-04-14T22:46:15.268-0700][gc,heap       ] GC(634) Humongous regions: 130->130
[2020-04-14T22:46:15.268-0700][gc,metaspace  ] GC(634) Metaspace: 28001K->28001K(1075200K)
[2020-04-14T22:46:15.269-0700][gc            ] GC(634) Pause Young (Normal) (G1 Evacuation Pause) 294M->247M(1024M) 27.222ms
[2020-04-14T22:46:15.269-0700][gc,cpu        ] GC(634) User=0.10s Sys=0.00s Real=0.02s
[2020-04-14T22:46:30.566-0700][gc,start      ] GC(635) Pause Young (Normal) (G1 Evacuation Pause)
[2020-04-14T22:46:30.566-0700][gc,task       ] GC(635) Using 4 workers of 4 for evacuation
[2020-04-14T22:46:30.593-0700][gc,mmu        ] GC(635) MMU target violated: 21.0ms (20.0ms/21.0ms)
[2020-04-14T22:46:30.594-0700][gc,phases     ] GC(635)   Pre Evacuate Collection Set: 0.1ms
[2020-04-14T22:46:30.594-0700][gc,phases     ] GC(635)   Evacuate Collection Set: 26.3ms
[2020-04-14T22:46:30.594-0700][gc,phases     ] GC(635)   Post Evacuate Collection Set: 0.5ms
[2020-04-14T22:46:30.594-0700][gc,phases     ] GC(635)   Other: 0.5ms
[2020-04-14T22:46:30.594-0700][gc,heap       ] GC(635) Eden regions: 46->0(47)
[2020-04-14T22:46:30.594-0700][gc,heap       ] GC(635) Survivor regions: 5->4(7)
[2020-04-14T22:46:30.594-0700][gc,heap       ] GC(635) Old regions: 114->114
[2020-04-14T22:46:30.594-0700][gc,heap       ] GC(635) Humongous regions: 130->130
[2020-04-14T22:46:30.594-0700][gc,metaspace  ] GC(635) Metaspace: 28001K->28001K(1075200K)
[2020-04-14T22:46:30.594-0700][gc            ] GC(635) Pause Young (Normal) (G1 Evacuation Pause) 293M->247M(1024M) 27.518ms
[2020-04-14T22:46:30.594-0700][gc,cpu        ] GC(635) User=0.11s Sys=0.00s Real=0.03s
[2020-04-14T22:46:46.244-0700][gc,start      ] GC(636) Pause Young (Normal) (G1 Evacuation Pause)
[2020-04-14T22:46:46.244-0700][gc,task       ] GC(636) Using 4 workers of 4 for evacuation
[2020-04-14T22:46:46.273-0700][gc,mmu        ] GC(636) MMU target violated: 21.0ms (20.0ms/21.0ms)
[2020-04-14T22:46:46.273-0700][gc,phases     ] GC(636)   Pre Evacuate Collection Set: 0.1ms
[2020-04-14T22:46:46.273-0700][gc,phases     ] GC(636)   Evacuate Collection Set: 27.6ms
[2020-04-14T22:46:46.273-0700][gc,phases     ] GC(636)   Post Evacuate Collection Set: 0.7ms
[2020-04-14T22:46:46.273-0700][gc,phases     ] GC(636)   Other: 0.5ms
[2020-04-14T22:46:46.273-0700][gc,heap       ] GC(636) Eden regions: 47->0(47)
[2020-04-14T22:46:46.273-0700][gc,heap       ] GC(636) Survivor regions: 4->4(7)
[2020-04-14T22:46:46.273-0700][gc,heap       ] GC(636) Old regions: 114->115
[2020-04-14T22:46:46.273-0700][gc,heap       ] GC(636) Humongous regions: 130->130
[2020-04-14T22:46:46.273-0700][gc,metaspace  ] GC(636) Metaspace: 28001K->28001K(1075200K)
[2020-04-14T22:46:46.274-0700][gc            ] GC(636) Pause Young (Normal) (G1 Evacuation Pause) 294M->248M(1024M) 29.096ms
[2020-04-14T22:46:46.274-0700][gc,cpu        ] GC(636) User=0.11s Sys=0.00s Real=0.03s
[2020-04-14T22:47:01.950-0700][gc,start      ] GC(637) Pause Young (Normal) (G1 Evacuation Pause)
[2020-04-14T22:47:01.950-0700][gc,task       ] GC(637) Using 4 workers of 4 for evacuation
[2020-04-14T22:47:01.978-0700][gc,mmu        ] GC(637) MMU target violated: 21.0ms (20.0ms/21.0ms)
[2020-04-14T22:47:01.979-0700][gc,phases     ] GC(637)   Pre Evacuate Collection Set: 0.0ms
[2020-04-14T22:47:01.979-0700][gc,phases     ] GC(637)   Evacuate Collection Set: 28.0ms
[2020-04-14T22:47:01.979-0700][gc,phases     ] GC(637)   Post Evacuate Collection Set: 0.6ms
[2020-04-14T22:47:01.979-0700][gc,phases     ] GC(637)   Other: 0.5ms
[2020-04-14T22:47:01.979-0700][gc,heap       ] GC(637) Eden regions: 47->0(47)
[2020-04-14T22:47:01.979-0700][gc,heap       ] GC(637) Survivor regions: 4->4(7)
[2020-04-14T22:47:01.979-0700][gc,heap       ] GC(637) Old regions: 115->115
[2020-04-14T22:47:01.979-0700][gc,heap       ] GC(637) Humongous regions: 130->130
[2020-04-14T22:47:01.979-0700][gc,metaspace  ] GC(637) Metaspace: 28001K->28001K(1075200K)
[2020-04-14T22:47:01.979-0700][gc            ] GC(637) Pause Young (Normal) (G1 Evacuation Pause) 295M->248M(1024M) 29.273ms
[2020-04-14T22:47:01.979-0700][gc,cpu        ] GC(637) User=0.11s Sys=0.00s Real=0.03s
[2020-04-14T22:47:17.684-0700][gc,start      ] GC(638) Pause Young (Normal) (G1 Evacuation Pause)
[2020-04-14T22:47:17.684-0700][gc,task       ] GC(638) Using 4 workers of 4 for evacuation
[2020-04-14T22:47:17.715-0700][gc,mmu        ] GC(638) MMU target violated: 21.0ms (20.0ms/21.0ms)
[2020-04-14T22:47:17.715-0700][gc,phases     ] GC(638)   Pre Evacuate Collection Set: 0.1ms
[2020-04-14T22:47:17.715-0700][gc,phases     ] GC(638)   Evacuate Collection Set: 30.0ms
[2020-04-14T22:47:17.715-0700][gc,phases     ] GC(638)   Post Evacuate Collection Set: 0.6ms
[2020-04-14T22:47:17.715-0700][gc,phases     ] GC(638)   Other: 0.7ms
[2020-04-14T22:47:17.715-0700][gc,heap       ] GC(638) Eden regions: 47->0(47)
[2020-04-14T22:47:17.715-0700][gc,heap       ] GC(638) Survivor regions: 4->4(7)
[2020-04-14T22:47:17.715-0700][gc,heap       ] GC(638) Old regions: 115->116
[2020-04-14T22:47:17.715-0700][gc,heap       ] GC(638) Humongous regions: 130->130
[2020-04-14T22:47:17.715-0700][gc,metaspace  ] GC(638) Metaspace: 28001K->28001K(1075200K)
[2020-04-14T22:47:17.715-0700][gc            ] GC(638) Pause Young (Normal) (G1 Evacuation Pause) 295M->249M(1024M) 31.451ms
[2020-04-14T22:47:17.715-0700][gc,cpu        ] GC(638) User=0.12s Sys=0.00s Real=0.03s
[2020-04-14T22:47:33.403-0700][gc,start      ] GC(639) Pause Young (Normal) (G1 Evacuation Pause)
[2020-04-14T22:47:33.403-0700][gc,task       ] GC(639) Using 4 workers of 4 for evacuation
[2020-04-14T22:47:33.431-0700][gc,mmu        ] GC(639) MMU target violated: 21.0ms (20.0ms/21.0ms)
[2020-04-14T22:47:33.431-0700][gc,phases     ] GC(639)   Pre Evacuate Collection Set: 0.1ms
[2020-04-14T22:47:33.431-0700][gc,phases     ] GC(639)   Evacuate Collection Set: 26.6ms
[2020-04-14T22:47:33.431-0700][gc,phases     ] GC(639)   Post Evacuate Collection Set: 0.6ms
[2020-04-14T22:47:33.431-0700][gc,phases     ] GC(639)   Other: 0.7ms
[2020-04-14T22:47:33.431-0700][gc,heap       ] GC(639) Eden regions: 47->0(47)
[2020-04-14T22:47:33.431-0700][gc,heap       ] GC(639) Survivor regions: 4->4(7)
[2020-04-14T22:47:33.431-0700][gc,heap       ] GC(639) Old regions: 116->116
[2020-04-14T22:47:33.431-0700][gc,heap       ] GC(639) Humongous regions: 130->130
[2020-04-14T22:47:33.431-0700][gc,metaspace  ] GC(639) Metaspace: 28001K->28001K(1075200K)
[2020-04-14T22:47:33.431-0700][gc            ] GC(639) Pause Young (Normal) (G1 Evacuation Pause) 296M->249M(1024M) 27.997ms
[2020-04-14T22:47:33.431-0700][gc,cpu        ] GC(639) User=0.10s Sys=0.00s Real=0.03s
[2020-04-14T22:47:49.004-0700][gc,start      ] GC(640) Pause Young (Normal) (G1 Evacuation Pause)
[2020-04-14T22:47:49.004-0700][gc,task       ] GC(640) Using 4 workers of 4 for evacuation
[2020-04-14T22:47:49.033-0700][gc,mmu        ] GC(640) MMU target violated: 21.0ms (20.0ms/21.0ms)
[2020-04-14T22:47:49.033-0700][gc,phases     ] GC(640)   Pre Evacuate Collection Set: 0.0ms
[2020-04-14T22:47:49.033-0700][gc,phases     ] GC(640)   Evacuate Collection Set: 27.9ms
[2020-04-14T22:47:49.033-0700][gc,phases     ] GC(640)   Post Evacuate Collection Set: 0.6ms
[2020-04-14T22:47:49.033-0700][gc,phases     ] GC(640)   Other: 0.6ms
[2020-04-14T22:47:49.033-0700][gc,heap       ] GC(640) Eden regions: 47->0(47)
[2020-04-14T22:47:49.033-0700][gc,heap       ] GC(640) Survivor regions: 4->4(7)
[2020-04-14T22:47:49.033-0700][gc,heap       ] GC(640) Old regions: 116->117
[2020-04-14T22:47:49.033-0700][gc,heap       ] GC(640) Humongous regions: 130->130
[2020-04-14T22:47:49.033-0700][gc,metaspace  ] GC(640) Metaspace: 28001K->28001K(1075200K)
[2020-04-14T22:47:49.033-0700][gc            ] GC(640) Pause Young (Normal) (G1 Evacuation Pause) 296M->250M(1024M) 29.237ms
[2020-04-14T22:47:49.033-0700][gc,cpu        ] GC(640) User=0.11s Sys=0.00s Real=0.03s
[2020-04-14T22:48:04.688-0700][gc,start      ] GC(641) Pause Young (Normal) (G1 Evacuation Pause)
[2020-04-14T22:48:04.688-0700][gc,task       ] GC(641) Using 4 workers of 4 for evacuation
[2020-04-14T22:48:04.716-0700][gc,mmu        ] GC(641) MMU target violated: 21.0ms (20.0ms/21.0ms)
[2020-04-14T22:48:04.716-0700][gc,phases     ] GC(641)   Pre Evacuate Collection Set: 0.1ms
[2020-04-14T22:48:04.716-0700][gc,phases     ] GC(641)   Evacuate Collection Set: 26.5ms
[2020-04-14T22:48:04.716-0700][gc,phases     ] GC(641)   Post Evacuate Collection Set: 0.6ms
[2020-04-14T22:48:04.716-0700][gc,phases     ] GC(641)   Other: 0.5ms
[2020-04-14T22:48:04.716-0700][gc,heap       ] GC(641) Eden regions: 47->0(47)
[2020-04-14T22:48:04.716-0700][gc,heap       ] GC(641) Survivor regions: 4->4(7)
[2020-04-14T22:48:04.716-0700][gc,heap       ] GC(641) Old regions: 117->117
[2020-04-14T22:48:04.716-0700][gc,heap       ] GC(641) Humongous regions: 130->130
[2020-04-14T22:48:04.716-0700][gc,metaspace  ] GC(641) Metaspace: 28001K->28001K(1075200K)
[2020-04-14T22:48:04.716-0700][gc            ] GC(641) Pause Young (Normal) (G1 Evacuation Pause) 297M->250M(1024M) 27.802ms
[2020-04-14T22:48:04.716-0700][gc,cpu        ] GC(641) User=0.10s Sys=0.00s Real=0.03s
[2020-04-14T22:48:20.451-0700][gc,start      ] GC(642) Pause Young (Normal) (G1 Evacuation Pause)
[2020-04-14T22:48:20.451-0700][gc,task       ] GC(642) Using 4 workers of 4 for evacuation
[2020-04-14T22:48:20.481-0700][gc,mmu        ] GC(642) MMU target violated: 21.0ms (20.0ms/21.0ms)
[2020-04-14T22:48:20.481-0700][gc,phases     ] GC(642)   Pre Evacuate Collection Set: 0.1ms
[2020-04-14T22:48:20.481-0700][gc,phases     ] GC(642)   Evacuate Collection Set: 29.3ms
[2020-04-14T22:48:20.481-0700][gc,phases     ] GC(642)   Post Evacuate Collection Set: 0.6ms
[2020-04-14T22:48:20.481-0700][gc,phases     ] GC(642)   Other: 0.6ms
[2020-04-14T22:48:20.481-0700][gc,heap       ] GC(642) Eden regions: 47->0(46)
[2020-04-14T22:48:20.481-0700][gc,heap       ] GC(642) Survivor regions: 4->5(7)
[2020-04-14T22:48:20.481-0700][gc,heap       ] GC(642) Old regions: 117->117
[2020-04-14T22:48:20.481-0700][gc,heap       ] GC(642) Humongous regions: 130->130
[2020-04-14T22:48:20.481-0700][gc,metaspace  ] GC(642) Metaspace: 28001K->28001K(1075200K)
[2020-04-14T22:48:20.481-0700][gc            ] GC(642) Pause Young (Normal) (G1 Evacuation Pause) 297M->250M(1024M) 30.697ms
[2020-04-14T22:48:20.481-0700][gc,cpu        ] GC(642) User=0.11s Sys=0.00s Real=0.03s
[2020-04-14T22:48:35.769-0700][gc,start      ] GC(643) Pause Young (Normal) (G1 Evacuation Pause)
[2020-04-14T22:48:35.769-0700][gc,task       ] GC(643) Using 4 workers of 4 for evacuation
[2020-04-14T22:48:35.797-0700][gc,mmu        ] GC(643) MMU target violated: 21.0ms (20.0ms/21.0ms)
[2020-04-14T22:48:35.798-0700][gc,phases     ] GC(643)   Pre Evacuate Collection Set: 0.1ms
[2020-04-14T22:48:35.798-0700][gc,phases     ] GC(643)   Evacuate Collection Set: 27.7ms
[2020-04-14T22:48:35.798-0700][gc,phases     ] GC(643)   Post Evacuate Collection Set: 0.6ms
[2020-04-14T22:48:35.798-0700][gc,phases     ] GC(643)   Other: 0.5ms
[2020-04-14T22:48:35.798-0700][gc,heap       ] GC(643) Eden regions: 46->0(47)
[2020-04-14T22:48:35.798-0700][gc,heap       ] GC(643) Survivor regions: 5->4(7)
[2020-04-14T22:48:35.798-0700][gc,heap       ] GC(643) Old regions: 117->117
[2020-04-14T22:48:35.798-0700][gc,heap       ] GC(643) Humongous regions: 130->130
[2020-04-14T22:48:35.798-0700][gc,metaspace  ] GC(643) Metaspace: 28001K->28001K(1075200K)
[2020-04-14T22:48:35.798-0700][gc            ] GC(643) Pause Young (Normal) (G1 Evacuation Pause) 296M->250M(1024M) 28.997ms
[2020-04-14T22:48:35.798-0700][gc,cpu        ] GC(643) User=0.11s Sys=0.00s Real=0.04s
[2020-04-14T22:48:51.444-0700][gc,start      ] GC(644) Pause Young (Normal) (G1 Evacuation Pause)
[2020-04-14T22:48:51.444-0700][gc,task       ] GC(644) Using 4 workers of 4 for evacuation
[2020-04-14T22:48:51.478-0700][gc,mmu        ] GC(644) MMU target violated: 21.0ms (20.0ms/21.0ms)
[2020-04-14T22:48:51.478-0700][gc,phases     ] GC(644)   Pre Evacuate Collection Set: 0.1ms
[2020-04-14T22:48:51.478-0700][gc,phases     ] GC(644)   Evacuate Collection Set: 33.6ms
[2020-04-14T22:48:51.478-0700][gc,phases     ] GC(644)   Post Evacuate Collection Set: 0.6ms
[2020-04-14T22:48:51.479-0700][gc,phases     ] GC(644)   Other: 0.6ms
[2020-04-14T22:48:51.479-0700][gc,heap       ] GC(644) Eden regions: 47->0(45)
[2020-04-14T22:48:51.479-0700][gc,heap       ] GC(644) Survivor regions: 4->6(7)
[2020-04-14T22:48:51.479-0700][gc,heap       ] GC(644) Old regions: 117->118
[2020-04-14T22:48:51.479-0700][gc,heap       ] GC(644) Humongous regions: 130->130
[2020-04-14T22:48:51.479-0700][gc,metaspace  ] GC(644) Metaspace: 28001K->28001K(1075200K)
[2020-04-14T22:48:51.479-0700][gc            ] GC(644) Pause Young (Normal) (G1 Evacuation Pause) 297M->252M(1024M) 35.038ms
[2020-04-14T22:48:51.479-0700][gc,cpu        ] GC(644) User=0.13s Sys=0.00s Real=0.04s
[2020-04-14T22:49:06.437-0700][gc,start      ] GC(645) Pause Young (Normal) (G1 Evacuation Pause)
[2020-04-14T22:49:06.437-0700][gc,task       ] GC(645) Using 4 workers of 4 for evacuation
[2020-04-14T22:49:06.471-0700][gc,mmu        ] GC(645) MMU target violated: 21.0ms (20.0ms/21.0ms)
[2020-04-14T22:49:06.471-0700][gc,phases     ] GC(645)   Pre Evacuate Collection Set: 0.1ms
[2020-04-14T22:49:06.471-0700][gc,phases     ] GC(645)   Evacuate Collection Set: 33.1ms
[2020-04-14T22:49:06.471-0700][gc,phases     ] GC(645)   Post Evacuate Collection Set: 0.7ms
[2020-04-14T22:49:06.471-0700][gc,phases     ] GC(645)   Other: 0.7ms
[2020-04-14T22:49:06.471-0700][gc,heap       ] GC(645) Eden regions: 45->0(47)
[2020-04-14T22:49:06.471-0700][gc,heap       ] GC(645) Survivor regions: 6->4(7)
[2020-04-14T22:49:06.471-0700][gc,heap       ] GC(645) Old regions: 118->120
[2020-04-14T22:49:06.471-0700][gc,heap       ] GC(645) Humongous regions: 130->130
[2020-04-14T22:49:06.471-0700][gc,metaspace  ] GC(645) Metaspace: 28001K->28001K(1075200K)
[2020-04-14T22:49:06.472-0700][gc            ] GC(645) Pause Young (Normal) (G1 Evacuation Pause) 297M->252M(1024M) 34.745ms
[2020-04-14T22:49:06.472-0700][gc,cpu        ] GC(645) User=0.12s Sys=0.00s Real=0.04s
[2020-04-14T22:49:22.207-0700][gc,start      ] GC(646) Pause Young (Normal) (G1 Evacuation Pause)
[2020-04-14T22:49:22.207-0700][gc,task       ] GC(646) Using 4 workers of 4 for evacuation
[2020-04-14T22:49:22.236-0700][gc,mmu        ] GC(646) MMU target violated: 21.0ms (20.0ms/21.0ms)
[2020-04-14T22:49:22.236-0700][gc,phases     ] GC(646)   Pre Evacuate Collection Set: 0.1ms
[2020-04-14T22:49:22.236-0700][gc,phases     ] GC(646)   Evacuate Collection Set: 27.3ms
[2020-04-14T22:49:22.236-0700][gc,phases     ] GC(646)   Post Evacuate Collection Set: 0.5ms
[2020-04-14T22:49:22.236-0700][gc,phases     ] GC(646)   Other: 0.6ms
[2020-04-14T22:49:22.236-0700][gc,heap       ] GC(646) Eden regions: 47->0(47)
[2020-04-14T22:49:22.236-0700][gc,heap       ] GC(646) Survivor regions: 4->4(7)
[2020-04-14T22:49:22.236-0700][gc,heap       ] GC(646) Old regions: 120->120
[2020-04-14T22:49:22.236-0700][gc,heap       ] GC(646) Humongous regions: 130->130
[2020-04-14T22:49:22.236-0700][gc,metaspace  ] GC(646) Metaspace: 28001K->28001K(1075200K)
[2020-04-14T22:49:22.236-0700][gc            ] GC(646) Pause Young (Normal) (G1 Evacuation Pause) 299M->253M(1024M) 28.675ms
[2020-04-14T22:49:22.236-0700][gc,cpu        ] GC(646) User=0.09s Sys=0.00s Real=0.03s
[2020-04-14T22:49:38.010-0700][gc,start      ] GC(647) Pause Young (Normal) (G1 Evacuation Pause)
[2020-04-14T22:49:38.010-0700][gc,task       ] GC(647) Using 4 workers of 4 for evacuation
[2020-04-14T22:49:38.040-0700][gc,mmu        ] GC(647) MMU target violated: 21.0ms (20.0ms/21.0ms)
[2020-04-14T22:49:38.040-0700][gc,phases     ] GC(647)   Pre Evacuate Collection Set: 0.0ms
[2020-04-14T22:49:38.040-0700][gc,phases     ] GC(647)   Evacuate Collection Set: 28.2ms
[2020-04-14T22:49:38.040-0700][gc,phases     ] GC(647)   Post Evacuate Collection Set: 0.7ms
[2020-04-14T22:49:38.040-0700][gc,phases     ] GC(647)   Other: 0.5ms
[2020-04-14T22:49:38.040-0700][gc,heap       ] GC(647) Eden regions: 47->0(47)
[2020-04-14T22:49:38.040-0700][gc,heap       ] GC(647) Survivor regions: 4->4(7)
[2020-04-14T22:49:38.040-0700][gc,heap       ] GC(647) Old regions: 120->120
[2020-04-14T22:49:38.040-0700][gc,heap       ] GC(647) Humongous regions: 130->130
[2020-04-14T22:49:38.040-0700][gc,metaspace  ] GC(647) Metaspace: 28001K->28001K(1075200K)
[2020-04-14T22:49:38.040-0700][gc            ] GC(647) Pause Young (Normal) (G1 Evacuation Pause) 300M->253M(1024M) 29.544ms
[2020-04-14T22:49:38.040-0700][gc,cpu        ] GC(647) User=0.12s Sys=0.00s Real=0.03s
[2020-04-14T22:49:53.696-0700][gc,start      ] GC(648) Pause Young (Normal) (G1 Evacuation Pause)
[2020-04-14T22:49:53.696-0700][gc,task       ] GC(648) Using 4 workers of 4 for evacuation
[2020-04-14T22:49:53.723-0700][gc,mmu        ] GC(648) MMU target violated: 21.0ms (20.0ms/21.0ms)
[2020-04-14T22:49:53.723-0700][gc,phases     ] GC(648)   Pre Evacuate Collection Set: 0.1ms
[2020-04-14T22:49:53.723-0700][gc,phases     ] GC(648)   Evacuate Collection Set: 26.6ms
[2020-04-14T22:49:53.723-0700][gc,phases     ] GC(648)   Post Evacuate Collection Set: 0.5ms
[2020-04-14T22:49:53.724-0700][gc,phases     ] GC(648)   Other: 0.5ms
[2020-04-14T22:49:53.724-0700][gc,heap       ] GC(648) Eden regions: 47->0(47)
[2020-04-14T22:49:53.724-0700][gc,heap       ] GC(648) Survivor regions: 4->4(7)
[2020-04-14T22:49:53.724-0700][gc,heap       ] GC(648) Old regions: 120->120
[2020-04-14T22:49:53.724-0700][gc,heap       ] GC(648) Humongous regions: 130->130
[2020-04-14T22:49:53.724-0700][gc,metaspace  ] GC(648) Metaspace: 28004K->28004K(1075200K)
[2020-04-14T22:49:53.724-0700][gc            ] GC(648) Pause Young (Normal) (G1 Evacuation Pause) 300M->253M(1024M) 27.806ms
[2020-04-14T22:49:53.724-0700][gc,cpu        ] GC(648) User=0.11s Sys=0.00s Real=0.03s
[2020-04-14T22:50:09.395-0700][gc,start      ] GC(649) Pause Young (Normal) (G1 Evacuation Pause)
[2020-04-14T22:50:09.395-0700][gc,task       ] GC(649) Using 4 workers of 4 for evacuation
[2020-04-14T22:50:09.425-0700][gc,mmu        ] GC(649) MMU target violated: 21.0ms (20.0ms/21.0ms)
[2020-04-14T22:50:09.425-0700][gc,phases     ] GC(649)   Pre Evacuate Collection Set: 0.1ms
[2020-04-14T22:50:09.425-0700][gc,phases     ] GC(649)   Evacuate Collection Set: 28.4ms
[2020-04-14T22:50:09.425-0700][gc,phases     ] GC(649)   Post Evacuate Collection Set: 0.7ms
[2020-04-14T22:50:09.425-0700][gc,phases     ] GC(649)   Other: 0.5ms
[2020-04-14T22:50:09.425-0700][gc,heap       ] GC(649) Eden regions: 47->0(47)
[2020-04-14T22:50:09.425-0700][gc,heap       ] GC(649) Survivor regions: 4->4(7)
[2020-04-14T22:50:09.425-0700][gc,heap       ] GC(649) Old regions: 120->121
[2020-04-14T22:50:09.425-0700][gc,heap       ] GC(649) Humongous regions: 130->130
[2020-04-14T22:50:09.425-0700][gc,metaspace  ] GC(649) Metaspace: 28004K->28004K(1075200K)
[2020-04-14T22:50:09.425-0700][gc            ] GC(649) Pause Young (Normal) (G1 Evacuation Pause) 300M->254M(1024M) 29.849ms
[2020-04-14T22:50:09.425-0700][gc,cpu        ] GC(649) User=0.11s Sys=0.00s Real=0.03s
[2020-04-14T22:50:25.061-0700][gc,start      ] GC(650) Pause Young (Normal) (G1 Evacuation Pause)
[2020-04-14T22:50:25.061-0700][gc,task       ] GC(650) Using 4 workers of 4 for evacuation
[2020-04-14T22:50:25.090-0700][gc,mmu        ] GC(650) MMU target violated: 21.0ms (20.0ms/21.0ms)
[2020-04-14T22:50:25.090-0700][gc,phases     ] GC(650)   Pre Evacuate Collection Set: 0.0ms
[2020-04-14T22:50:25.090-0700][gc,phases     ] GC(650)   Evacuate Collection Set: 27.8ms
[2020-04-14T22:50:25.090-0700][gc,phases     ] GC(650)   Post Evacuate Collection Set: 0.6ms
[2020-04-14T22:50:25.090-0700][gc,phases     ] GC(650)   Other: 0.6ms
[2020-04-14T22:50:25.090-0700][gc,heap       ] GC(650) Eden regions: 47->0(47)
[2020-04-14T22:50:25.090-0700][gc,heap       ] GC(650) Survivor regions: 4->4(7)
[2020-04-14T22:50:25.090-0700][gc,heap       ] GC(650) Old regions: 121->121
[2020-04-14T22:50:25.090-0700][gc,heap       ] GC(650) Humongous regions: 130->130
[2020-04-14T22:50:25.090-0700][gc,metaspace  ] GC(650) Metaspace: 28004K->28004K(1075200K)
[2020-04-14T22:50:25.090-0700][gc            ] GC(650) Pause Young (Normal) (G1 Evacuation Pause) 301M->254M(1024M) 29.098ms
[2020-04-14T22:50:25.090-0700][gc,cpu        ] GC(650) User=0.11s Sys=0.00s Real=0.03s
[2020-04-14T22:50:40.697-0700][gc,start      ] GC(651) Pause Young (Normal) (G1 Evacuation Pause)
[2020-04-14T22:50:40.697-0700][gc,task       ] GC(651) Using 4 workers of 4 for evacuation
[2020-04-14T22:50:40.725-0700][gc,mmu        ] GC(651) MMU target violated: 21.0ms (20.0ms/21.0ms)
[2020-04-14T22:50:40.725-0700][gc,phases     ] GC(651)   Pre Evacuate Collection Set: 0.1ms
[2020-04-14T22:50:40.725-0700][gc,phases     ] GC(651)   Evacuate Collection Set: 26.9ms
[2020-04-14T22:50:40.725-0700][gc,phases     ] GC(651)   Post Evacuate Collection Set: 0.5ms
[2020-04-14T22:50:40.725-0700][gc,phases     ] GC(651)   Other: 0.6ms
[2020-04-14T22:50:40.725-0700][gc,heap       ] GC(651) Eden regions: 47->0(47)
[2020-04-14T22:50:40.725-0700][gc,heap       ] GC(651) Survivor regions: 4->4(7)
[2020-04-14T22:50:40.725-0700][gc,heap       ] GC(651) Old regions: 121->122
[2020-04-14T22:50:40.725-0700][gc,heap       ] GC(651) Humongous regions: 130->130
[2020-04-14T22:50:40.725-0700][gc,metaspace  ] GC(651) Metaspace: 28004K->28004K(1075200K)
[2020-04-14T22:50:40.725-0700][gc            ] GC(651) Pause Young (Normal) (G1 Evacuation Pause) 301M->255M(1024M) 28.208ms
[2020-04-14T22:50:40.725-0700][gc,cpu        ] GC(651) User=0.11s Sys=0.00s Real=0.03s
[2020-04-14T22:50:56.399-0700][gc,start      ] GC(652) Pause Young (Normal) (G1 Evacuation Pause)
[2020-04-14T22:50:56.399-0700][gc,task       ] GC(652) Using 4 workers of 4 for evacuation
[2020-04-14T22:50:56.426-0700][gc,mmu        ] GC(652) MMU target violated: 21.0ms (20.0ms/21.0ms)
[2020-04-14T22:50:56.426-0700][gc,phases     ] GC(652)   Pre Evacuate Collection Set: 0.1ms
[2020-04-14T22:50:56.426-0700][gc,phases     ] GC(652)   Evacuate Collection Set: 25.9ms
[2020-04-14T22:50:56.426-0700][gc,phases     ] GC(652)   Post Evacuate Collection Set: 0.6ms
[2020-04-14T22:50:56.426-0700][gc,phases     ] GC(652)   Other: 0.6ms
[2020-04-14T22:50:56.426-0700][gc,heap       ] GC(652) Eden regions: 47->0(47)
[2020-04-14T22:50:56.426-0700][gc,heap       ] GC(652) Survivor regions: 4->4(7)
[2020-04-14T22:50:56.426-0700][gc,heap       ] GC(652) Old regions: 122->122
[2020-04-14T22:50:56.426-0700][gc,heap       ] GC(652) Humongous regions: 130->130
[2020-04-14T22:50:56.426-0700][gc,metaspace  ] GC(652) Metaspace: 28004K->28004K(1075200K)
[2020-04-14T22:50:56.426-0700][gc            ] GC(652) Pause Young (Normal) (G1 Evacuation Pause) 302M->255M(1024M) 27.258ms
[2020-04-14T22:50:56.426-0700][gc,cpu        ] GC(652) User=0.10s Sys=0.00s Real=0.02s
[2020-04-14T22:51:12.202-0700][gc,start      ] GC(653) Pause Young (Normal) (G1 Evacuation Pause)
[2020-04-14T22:51:12.202-0700][gc,task       ] GC(653) Using 4 workers of 4 for evacuation
[2020-04-14T22:51:12.230-0700][gc,mmu        ] GC(653) MMU target violated: 21.0ms (20.0ms/21.0ms)
[2020-04-14T22:51:12.230-0700][gc,phases     ] GC(653)   Pre Evacuate Collection Set: 0.1ms
[2020-04-14T22:51:12.230-0700][gc,phases     ] GC(653)   Evacuate Collection Set: 27.2ms
[2020-04-14T22:51:12.230-0700][gc,phases     ] GC(653)   Post Evacuate Collection Set: 0.5ms
[2020-04-14T22:51:12.230-0700][gc,phases     ] GC(653)   Other: 0.5ms
[2020-04-14T22:51:12.230-0700][gc,heap       ] GC(653) Eden regions: 47->0(47)
[2020-04-14T22:51:12.230-0700][gc,heap       ] GC(653) Survivor regions: 4->4(7)
[2020-04-14T22:51:12.230-0700][gc,heap       ] GC(653) Old regions: 122->123
[2020-04-14T22:51:12.230-0700][gc,heap       ] GC(653) Humongous regions: 130->130
[2020-04-14T22:51:12.230-0700][gc,metaspace  ] GC(653) Metaspace: 28004K->28004K(1075200K)
[2020-04-14T22:51:12.230-0700][gc            ] GC(653) Pause Young (Normal) (G1 Evacuation Pause) 302M->256M(1024M) 28.350ms
[2020-04-14T22:51:12.230-0700][gc,cpu        ] GC(653) User=0.11s Sys=0.00s Real=0.03s
[2020-04-14T22:51:27.791-0700][gc,start      ] GC(654) Pause Young (Normal) (G1 Evacuation Pause)
[2020-04-14T22:51:27.791-0700][gc,task       ] GC(654) Using 4 workers of 4 for evacuation
[2020-04-14T22:51:27.821-0700][gc,mmu        ] GC(654) MMU target violated: 21.0ms (20.0ms/21.0ms)
[2020-04-14T22:51:27.821-0700][gc,phases     ] GC(654)   Pre Evacuate Collection Set: 0.1ms
[2020-04-14T22:51:27.821-0700][gc,phases     ] GC(654)   Evacuate Collection Set: 28.6ms
[2020-04-14T22:51:27.821-0700][gc,phases     ] GC(654)   Post Evacuate Collection Set: 0.7ms
[2020-04-14T22:51:27.821-0700][gc,phases     ] GC(654)   Other: 0.7ms
[2020-04-14T22:51:27.821-0700][gc,heap       ] GC(654) Eden regions: 47->0(47)
[2020-04-14T22:51:27.821-0700][gc,heap       ] GC(654) Survivor regions: 4->4(7)
[2020-04-14T22:51:27.821-0700][gc,heap       ] GC(654) Old regions: 123->123
[2020-04-14T22:51:27.821-0700][gc,heap       ] GC(654) Humongous regions: 130->130
[2020-04-14T22:51:27.821-0700][gc,metaspace  ] GC(654) Metaspace: 28004K->28004K(1075200K)
[2020-04-14T22:51:27.821-0700][gc            ] GC(654) Pause Young (Normal) (G1 Evacuation Pause) 303M->256M(1024M) 30.227ms
[2020-04-14T22:51:27.821-0700][gc,cpu        ] GC(654) User=0.12s Sys=0.00s Real=0.03s
[2020-04-14T22:51:43.471-0700][gc,start      ] GC(655) Pause Young (Normal) (G1 Evacuation Pause)
[2020-04-14T22:51:43.471-0700][gc,task       ] GC(655) Using 4 workers of 4 for evacuation
[2020-04-14T22:51:43.499-0700][gc,mmu        ] GC(655) MMU target violated: 21.0ms (20.0ms/21.0ms)
[2020-04-14T22:51:43.500-0700][gc,phases     ] GC(655)   Pre Evacuate Collection Set: 0.1ms
[2020-04-14T22:51:43.500-0700][gc,phases     ] GC(655)   Evacuate Collection Set: 27.2ms
[2020-04-14T22:51:43.500-0700][gc,phases     ] GC(655)   Post Evacuate Collection Set: 0.8ms
[2020-04-14T22:51:43.500-0700][gc,phases     ] GC(655)   Other: 0.5ms
[2020-04-14T22:51:43.500-0700][gc,heap       ] GC(655) Eden regions: 47->0(47)
[2020-04-14T22:51:43.500-0700][gc,heap       ] GC(655) Survivor regions: 4->4(7)
[2020-04-14T22:51:43.500-0700][gc,heap       ] GC(655) Old regions: 123->124
[2020-04-14T22:51:43.500-0700][gc,heap       ] GC(655) Humongous regions: 130->130
[2020-04-14T22:51:43.500-0700][gc,metaspace  ] GC(655) Metaspace: 28004K->28004K(1075200K)
[2020-04-14T22:51:43.500-0700][gc            ] GC(655) Pause Young (Normal) (G1 Evacuation Pause) 303M->256M(1024M) 28.638ms
[2020-04-14T22:51:43.500-0700][gc,cpu        ] GC(655) User=0.11s Sys=0.00s Real=0.03s
[2020-04-14T22:51:59.152-0700][gc,start      ] GC(656) Pause Young (Normal) (G1 Evacuation Pause)
[2020-04-14T22:51:59.152-0700][gc,task       ] GC(656) Using 4 workers of 4 for evacuation
[2020-04-14T22:51:59.181-0700][gc,mmu        ] GC(656) MMU target violated: 21.0ms (20.0ms/21.0ms)
