[2020-04-14T22:51:59.222-0700][gc,phases     ] GC(656)   Pre Evacuate Collection Set: 0.1ms
[2020-04-14T22:51:59.223-0700][gc,phases     ] GC(656)   Evacuate Collection Set: 26.9ms
[2020-04-14T22:51:59.223-0700][gc,phases     ] GC(656)   Post Evacuate Collection Set: 0.8ms
[2020-04-14T22:51:59.223-0700][gc,phases     ] GC(656)   Other: 42.4ms
[2020-04-14T22:51:59.223-0700][gc,heap       ] GC(656) Eden regions: 47->0(46)
[2020-04-14T22:51:59.223-0700][gc,heap       ] GC(656) Survivor regions: 4->5(7)
[2020-04-14T22:51:59.223-0700][gc,heap       ] GC(656) Old regions: 124->124
[2020-04-14T22:51:59.223-0700][gc,heap       ] GC(656) Humongous regions: 130->130
[2020-04-14T22:51:59.223-0700][gc,metaspace  ] GC(656) Metaspace: 28004K->28004K(1075200K)
[2020-04-14T22:51:59.223-0700][gc            ] GC(656) Pause Young (Normal) (G1 Evacuation Pause) 303M->257M(1024M) 70.395ms
[2020-04-14T22:51:59.223-0700][gc,cpu        ] GC(656) User=0.11s Sys=0.00s Real=0.07s
[2020-04-14T22:52:14.521-0700][gc,start      ] GC(657) Pause Young (Normal) (G1 Evacuation Pause)
[2020-04-14T22:52:14.521-0700][gc,task       ] GC(657) Using 4 workers of 4 for evacuation
[2020-04-14T22:52:14.553-0700][gc,mmu        ] GC(657) MMU target violated: 21.0ms (20.0ms/21.0ms)
[2020-04-14T22:52:14.553-0700][gc,phases     ] GC(657)   Pre Evacuate Collection Set: 0.1ms
[2020-04-14T22:52:14.553-0700][gc,phases     ] GC(657)   Evacuate Collection Set: 30.4ms
[2020-04-14T22:52:14.553-0700][gc,phases     ] GC(657)   Post Evacuate Collection Set: 0.7ms
[2020-04-14T22:52:14.553-0700][gc,phases     ] GC(657)   Other: 0.7ms
[2020-04-14T22:52:14.553-0700][gc,heap       ] GC(657) Eden regions: 46->0(47)
[2020-04-14T22:52:14.553-0700][gc,heap       ] GC(657) Survivor regions: 5->4(7)
[2020-04-14T22:52:14.553-0700][gc,heap       ] GC(657) Old regions: 124->124
[2020-04-14T22:52:14.553-0700][gc,heap       ] GC(657) Humongous regions: 130->130
[2020-04-14T22:52:14.553-0700][gc,metaspace  ] GC(657) Metaspace: 28004K->28004K(1075200K)
[2020-04-14T22:52:14.553-0700][gc            ] GC(657) Pause Young (Normal) (G1 Evacuation Pause) 303M->257M(1024M) 31.882ms
[2020-04-14T22:52:14.553-0700][gc,cpu        ] GC(657) User=0.12s Sys=0.01s Real=0.03s
[2020-04-14T22:52:30.216-0700][gc,start      ] GC(658) Pause Young (Normal) (G1 Evacuation Pause)
[2020-04-14T22:52:30.216-0700][gc,task       ] GC(658) Using 4 workers of 4 for evacuation
[2020-04-14T22:52:30.241-0700][gc,mmu        ] GC(658) MMU target violated: 21.0ms (20.0ms/21.0ms)
[2020-04-14T22:52:30.241-0700][gc,phases     ] GC(658)   Pre Evacuate Collection Set: 0.0ms
[2020-04-14T22:52:30.241-0700][gc,phases     ] GC(658)   Evacuate Collection Set: 23.7ms
[2020-04-14T22:52:30.241-0700][gc,phases     ] GC(658)   Post Evacuate Collection Set: 0.6ms
[2020-04-14T22:52:30.241-0700][gc,phases     ] GC(658)   Other: 0.4ms
[2020-04-14T22:52:30.241-0700][gc,heap       ] GC(658) Eden regions: 47->0(47)
[2020-04-14T22:52:30.241-0700][gc,heap       ] GC(658) Survivor regions: 4->4(7)
[2020-04-14T22:52:30.241-0700][gc,heap       ] GC(658) Old regions: 124->124
[2020-04-14T22:52:30.241-0700][gc,heap       ] GC(658) Humongous regions: 130->130
[2020-04-14T22:52:30.241-0700][gc,metaspace  ] GC(658) Metaspace: 28004K->28004K(1075200K)
[2020-04-14T22:52:30.241-0700][gc            ] GC(658) Pause Young (Normal) (G1 Evacuation Pause) 304M->257M(1024M) 24.904ms
[2020-04-14T22:52:30.241-0700][gc,cpu        ] GC(658) User=0.09s Sys=0.00s Real=0.03s
[2020-04-14T22:52:45.788-0700][gc,start      ] GC(659) Pause Young (Normal) (G1 Evacuation Pause)
[2020-04-14T22:52:45.789-0700][gc,task       ] GC(659) Using 4 workers of 4 for evacuation
[2020-04-14T22:52:45.817-0700][gc,mmu        ] GC(659) MMU target violated: 21.0ms (20.0ms/21.0ms)
[2020-04-14T22:52:45.817-0700][gc,phases     ] GC(659)   Pre Evacuate Collection Set: 0.1ms
[2020-04-14T22:52:45.817-0700][gc,phases     ] GC(659)   Evacuate Collection Set: 27.2ms
[2020-04-14T22:52:45.817-0700][gc,phases     ] GC(659)   Post Evacuate Collection Set: 0.6ms
[2020-04-14T22:52:45.817-0700][gc,phases     ] GC(659)   Other: 0.6ms
[2020-04-14T22:52:45.817-0700][gc,heap       ] GC(659) Eden regions: 47->0(47)
[2020-04-14T22:52:45.817-0700][gc,heap       ] GC(659) Survivor regions: 4->4(7)
[2020-04-14T22:52:45.817-0700][gc,heap       ] GC(659) Old regions: 124->125
[2020-04-14T22:52:45.817-0700][gc,heap       ] GC(659) Humongous regions: 130->130
[2020-04-14T22:52:45.817-0700][gc,metaspace  ] GC(659) Metaspace: 28004K->28004K(1075200K)
[2020-04-14T22:52:45.817-0700][gc            ] GC(659) Pause Young (Normal) (G1 Evacuation Pause) 304M->258M(1024M) 28.687ms
[2020-04-14T22:52:45.817-0700][gc,cpu        ] GC(659) User=0.10s Sys=0.00s Real=0.03s
[2020-04-14T22:53:01.301-0700][gc,start      ] GC(660) Pause Young (Normal) (G1 Evacuation Pause)
[2020-04-14T22:53:01.301-0700][gc,task       ] GC(660) Using 4 workers of 4 for evacuation
[2020-04-14T22:53:01.329-0700][gc,mmu        ] GC(660) MMU target violated: 21.0ms (20.0ms/21.0ms)
[2020-04-14T22:53:01.329-0700][gc,phases     ] GC(660)   Pre Evacuate Collection Set: 0.1ms
[2020-04-14T22:53:01.329-0700][gc,phases     ] GC(660)   Evacuate Collection Set: 27.1ms
[2020-04-14T22:53:01.329-0700][gc,phases     ] GC(660)   Post Evacuate Collection Set: 0.6ms
[2020-04-14T22:53:01.330-0700][gc,phases     ] GC(660)   Other: 0.6ms
[2020-04-14T22:53:01.330-0700][gc,heap       ] GC(660) Eden regions: 47->0(47)
[2020-04-14T22:53:01.330-0700][gc,heap       ] GC(660) Survivor regions: 4->4(7)
[2020-04-14T22:53:01.330-0700][gc,heap       ] GC(660) Old regions: 125->125
[2020-04-14T22:53:01.330-0700][gc,heap       ] GC(660) Humongous regions: 130->130
[2020-04-14T22:53:01.330-0700][gc,metaspace  ] GC(660) Metaspace: 28004K->28004K(1075200K)
[2020-04-14T22:53:01.330-0700][gc            ] GC(660) Pause Young (Normal) (G1 Evacuation Pause) 305M->258M(1024M) 28.530ms
[2020-04-14T22:53:01.330-0700][gc,cpu        ] GC(660) User=0.11s Sys=0.00s Real=0.03s
[2020-04-14T22:53:16.927-0700][gc,start      ] GC(661) Pause Young (Normal) (G1 Evacuation Pause)
[2020-04-14T22:53:16.928-0700][gc,task       ] GC(661) Using 4 workers of 4 for evacuation
[2020-04-14T22:53:16.955-0700][gc,mmu        ] GC(661) MMU target violated: 21.0ms (20.0ms/21.0ms)
[2020-04-14T22:53:16.955-0700][gc,phases     ] GC(661)   Pre Evacuate Collection Set: 0.0ms
[2020-04-14T22:53:16.955-0700][gc,phases     ] GC(661)   Evacuate Collection Set: 26.3ms
[2020-04-14T22:53:16.955-0700][gc,phases     ] GC(661)   Post Evacuate Collection Set: 0.7ms
[2020-04-14T22:53:16.955-0700][gc,phases     ] GC(661)   Other: 0.5ms
[2020-04-14T22:53:16.955-0700][gc,heap       ] GC(661) Eden regions: 47->0(47)
[2020-04-14T22:53:16.955-0700][gc,heap       ] GC(661) Survivor regions: 4->4(7)
[2020-04-14T22:53:16.955-0700][gc,heap       ] GC(661) Old regions: 125->126
[2020-04-14T22:53:16.955-0700][gc,heap       ] GC(661) Humongous regions: 130->130
[2020-04-14T22:53:16.955-0700][gc,metaspace  ] GC(661) Metaspace: 28004K->28004K(1075200K)
[2020-04-14T22:53:16.955-0700][gc            ] GC(661) Pause Young (Normal) (G1 Evacuation Pause) 305M->259M(1024M) 27.662ms
[2020-04-14T22:53:16.955-0700][gc,cpu        ] GC(661) User=0.10s Sys=0.00s Real=0.03s
[2020-04-14T22:53:32.517-0700][gc,start      ] GC(662) Pause Young (Normal) (G1 Evacuation Pause)
[2020-04-14T22:53:32.517-0700][gc,task       ] GC(662) Using 4 workers of 4 for evacuation
[2020-04-14T22:53:32.546-0700][gc,mmu        ] GC(662) MMU target violated: 21.0ms (20.0ms/21.0ms)
[2020-04-14T22:53:32.546-0700][gc,phases     ] GC(662)   Pre Evacuate Collection Set: 0.0ms
[2020-04-14T22:53:32.546-0700][gc,phases     ] GC(662)   Evacuate Collection Set: 28.0ms
[2020-04-14T22:53:32.546-0700][gc,phases     ] GC(662)   Post Evacuate Collection Set: 0.7ms
[2020-04-14T22:53:32.546-0700][gc,phases     ] GC(662)   Other: 0.6ms
[2020-04-14T22:53:32.546-0700][gc,heap       ] GC(662) Eden regions: 47->0(47)
[2020-04-14T22:53:32.546-0700][gc,heap       ] GC(662) Survivor regions: 4->4(7)
[2020-04-14T22:53:32.546-0700][gc,heap       ] GC(662) Old regions: 126->126
[2020-04-14T22:53:32.546-0700][gc,heap       ] GC(662) Humongous regions: 130->130
[2020-04-14T22:53:32.546-0700][gc,metaspace  ] GC(662) Metaspace: 28004K->28004K(1075200K)
[2020-04-14T22:53:32.547-0700][gc            ] GC(662) Pause Young (Normal) (G1 Evacuation Pause) 306M->259M(1024M) 29.574ms
[2020-04-14T22:53:32.547-0700][gc,cpu        ] GC(662) User=0.10s Sys=0.01s Real=0.03s
[2020-04-14T22:53:48.178-0700][gc,start      ] GC(663) Pause Young (Normal) (G1 Evacuation Pause)
[2020-04-14T22:53:48.178-0700][gc,task       ] GC(663) Using 4 workers of 4 for evacuation
[2020-04-14T22:53:48.204-0700][gc,mmu        ] GC(663) MMU target violated: 21.0ms (20.0ms/21.0ms)
[2020-04-14T22:53:48.204-0700][gc,phases     ] GC(663)   Pre Evacuate Collection Set: 0.1ms
[2020-04-14T22:53:48.204-0700][gc,phases     ] GC(663)   Evacuate Collection Set: 25.4ms
[2020-04-14T22:53:48.204-0700][gc,phases     ] GC(663)   Post Evacuate Collection Set: 0.5ms
[2020-04-14T22:53:48.204-0700][gc,phases     ] GC(663)   Other: 0.7ms
[2020-04-14T22:53:48.204-0700][gc,heap       ] GC(663) Eden regions: 47->0(47)
[2020-04-14T22:53:48.204-0700][gc,heap       ] GC(663) Survivor regions: 4->4(7)
[2020-04-14T22:53:48.204-0700][gc,heap       ] GC(663) Old regions: 126->126
[2020-04-14T22:53:48.204-0700][gc,heap       ] GC(663) Humongous regions: 130->130
[2020-04-14T22:53:48.204-0700][gc,metaspace  ] GC(663) Metaspace: 28004K->28004K(1075200K)
[2020-04-14T22:53:48.204-0700][gc            ] GC(663) Pause Young (Normal) (G1 Evacuation Pause) 306M->259M(1024M) 26.641ms
[2020-04-14T22:53:48.205-0700][gc,cpu        ] GC(663) User=0.10s Sys=0.00s Real=0.02s
[2020-04-14T22:54:03.741-0700][gc,start      ] GC(664) Pause Young (Normal) (G1 Evacuation Pause)
[2020-04-14T22:54:03.742-0700][gc,task       ] GC(664) Using 4 workers of 4 for evacuation
[2020-04-14T22:54:03.769-0700][gc,mmu        ] GC(664) MMU target violated: 21.0ms (20.0ms/21.0ms)
[2020-04-14T22:54:03.770-0700][gc,phases     ] GC(664)   Pre Evacuate Collection Set: 0.1ms
[2020-04-14T22:54:03.770-0700][gc,phases     ] GC(664)   Evacuate Collection Set: 26.9ms
[2020-04-14T22:54:03.770-0700][gc,phases     ] GC(664)   Post Evacuate Collection Set: 0.6ms
[2020-04-14T22:54:03.770-0700][gc,phases     ] GC(664)   Other: 0.7ms
[2020-04-14T22:54:03.770-0700][gc,heap       ] GC(664) Eden regions: 47->0(47)
[2020-04-14T22:54:03.770-0700][gc,heap       ] GC(664) Survivor regions: 4->4(7)
[2020-04-14T22:54:03.770-0700][gc,heap       ] GC(664) Old regions: 126->127
[2020-04-14T22:54:03.770-0700][gc,heap       ] GC(664) Humongous regions: 130->130
[2020-04-14T22:54:03.770-0700][gc,metaspace  ] GC(664) Metaspace: 28004K->28004K(1075200K)
[2020-04-14T22:54:03.770-0700][gc            ] GC(664) Pause Young (Normal) (G1 Evacuation Pause) 306M->260M(1024M) 28.399ms
[2020-04-14T22:54:03.770-0700][gc,cpu        ] GC(664) User=0.11s Sys=0.00s Real=0.03s
[2020-04-14T22:54:19.298-0700][gc,start      ] GC(665) Pause Young (Normal) (G1 Evacuation Pause)
[2020-04-14T22:54:19.298-0700][gc,task       ] GC(665) Using 4 workers of 4 for evacuation
[2020-04-14T22:54:19.327-0700][gc,mmu        ] GC(665) MMU target violated: 21.0ms (20.0ms/21.0ms)
[2020-04-14T22:54:19.327-0700][gc,phases     ] GC(665)   Pre Evacuate Collection Set: 0.1ms
[2020-04-14T22:54:19.327-0700][gc,phases     ] GC(665)   Evacuate Collection Set: 28.1ms
[2020-04-14T22:54:19.327-0700][gc,phases     ] GC(665)   Post Evacuate Collection Set: 0.5ms
[2020-04-14T22:54:19.327-0700][gc,phases     ] GC(665)   Other: 0.5ms
[2020-04-14T22:54:19.327-0700][gc,heap       ] GC(665) Eden regions: 47->0(47)
[2020-04-14T22:54:19.327-0700][gc,heap       ] GC(665) Survivor regions: 4->4(7)
[2020-04-14T22:54:19.327-0700][gc,heap       ] GC(665) Old regions: 127->127
[2020-04-14T22:54:19.327-0700][gc,heap       ] GC(665) Humongous regions: 130->130
[2020-04-14T22:54:19.327-0700][gc,metaspace  ] GC(665) Metaspace: 28005K->28005K(1075200K)
[2020-04-14T22:54:19.327-0700][gc            ] GC(665) Pause Young (Normal) (G1 Evacuation Pause) 307M->260M(1024M) 29.249ms
[2020-04-14T22:54:19.327-0700][gc,cpu        ] GC(665) User=0.11s Sys=0.00s Real=0.02s
[2020-04-14T22:54:34.889-0700][gc,start      ] GC(666) Pause Young (Normal) (G1 Evacuation Pause)
[2020-04-14T22:54:34.889-0700][gc,task       ] GC(666) Using 4 workers of 4 for evacuation
[2020-04-14T22:54:34.920-0700][gc,mmu        ] GC(666) MMU target violated: 21.0ms (20.0ms/21.0ms)
[2020-04-14T22:54:34.920-0700][gc,phases     ] GC(666)   Pre Evacuate Collection Set: 0.0ms
[2020-04-14T22:54:34.920-0700][gc,phases     ] GC(666)   Evacuate Collection Set: 30.0ms
[2020-04-14T22:54:34.920-0700][gc,phases     ] GC(666)   Post Evacuate Collection Set: 0.5ms
[2020-04-14T22:54:34.920-0700][gc,phases     ] GC(666)   Other: 0.6ms
[2020-04-14T22:54:34.920-0700][gc,heap       ] GC(666) Eden regions: 47->0(45)
[2020-04-14T22:54:34.920-0700][gc,heap       ] GC(666) Survivor regions: 4->6(7)
[2020-04-14T22:54:34.920-0700][gc,heap       ] GC(666) Old regions: 127->128
[2020-04-14T22:54:34.920-0700][gc,heap       ] GC(666) Humongous regions: 130->130
[2020-04-14T22:54:34.920-0700][gc,metaspace  ] GC(666) Metaspace: 28005K->28005K(1075200K)
[2020-04-14T22:54:34.920-0700][gc            ] GC(666) Pause Young (Normal) (G1 Evacuation Pause) 307M->262M(1024M) 31.272ms
[2020-04-14T22:54:34.920-0700][gc,cpu        ] GC(666) User=0.12s Sys=0.00s Real=0.04s
[2020-04-14T22:54:49.757-0700][gc,start      ] GC(667) Pause Young (Normal) (G1 Evacuation Pause)
[2020-04-14T22:54:49.758-0700][gc,task       ] GC(667) Using 4 workers of 4 for evacuation
[2020-04-14T22:54:49.791-0700][gc,mmu        ] GC(667) MMU target violated: 21.0ms (20.0ms/21.0ms)
[2020-04-14T22:54:49.791-0700][gc,phases     ] GC(667)   Pre Evacuate Collection Set: 0.1ms
[2020-04-14T22:54:49.791-0700][gc,phases     ] GC(667)   Evacuate Collection Set: 32.3ms
[2020-04-14T22:54:49.791-0700][gc,phases     ] GC(667)   Post Evacuate Collection Set: 0.5ms
[2020-04-14T22:54:49.791-0700][gc,phases     ] GC(667)   Other: 0.5ms
[2020-04-14T22:54:49.791-0700][gc,heap       ] GC(667) Eden regions: 45->0(47)
[2020-04-14T22:54:49.791-0700][gc,heap       ] GC(667) Survivor regions: 6->4(7)
[2020-04-14T22:54:49.791-0700][gc,heap       ] GC(667) Old regions: 128->129
[2020-04-14T22:54:49.791-0700][gc,heap       ] GC(667) Humongous regions: 130->130
[2020-04-14T22:54:49.791-0700][gc,metaspace  ] GC(667) Metaspace: 28005K->28005K(1075200K)
[2020-04-14T22:54:49.791-0700][gc            ] GC(667) Pause Young (Normal) (G1 Evacuation Pause) 307M->262M(1024M) 33.483ms
[2020-04-14T22:54:49.791-0700][gc,cpu        ] GC(667) User=0.13s Sys=0.00s Real=0.03s
[2020-04-14T22:55:05.367-0700][gc,start      ] GC(668) Pause Young (Normal) (G1 Evacuation Pause)
[2020-04-14T22:55:05.367-0700][gc,task       ] GC(668) Using 4 workers of 4 for evacuation
[2020-04-14T22:55:05.392-0700][gc,mmu        ] GC(668) MMU target violated: 21.0ms (20.0ms/21.0ms)
[2020-04-14T22:55:05.392-0700][gc,phases     ] GC(668)   Pre Evacuate Collection Set: 0.1ms
[2020-04-14T22:55:05.392-0700][gc,phases     ] GC(668)   Evacuate Collection Set: 23.9ms
[2020-04-14T22:55:05.392-0700][gc,phases     ] GC(668)   Post Evacuate Collection Set: 0.6ms
[2020-04-14T22:55:05.392-0700][gc,phases     ] GC(668)   Other: 0.6ms
[2020-04-14T22:55:05.392-0700][gc,heap       ] GC(668) Eden regions: 47->0(47)
[2020-04-14T22:55:05.392-0700][gc,heap       ] GC(668) Survivor regions: 4->4(7)
[2020-04-14T22:55:05.392-0700][gc,heap       ] GC(668) Old regions: 129->129
[2020-04-14T22:55:05.392-0700][gc,heap       ] GC(668) Humongous regions: 130->130
[2020-04-14T22:55:05.392-0700][gc,metaspace  ] GC(668) Metaspace: 28005K->28005K(1075200K)
[2020-04-14T22:55:05.392-0700][gc            ] GC(668) Pause Young (Normal) (G1 Evacuation Pause) 309M->262M(1024M) 25.246ms
[2020-04-14T22:55:05.392-0700][gc,cpu        ] GC(668) User=0.10s Sys=0.00s Real=0.03s
[2020-04-14T22:55:21.021-0700][gc,start      ] GC(669) Pause Young (Normal) (G1 Evacuation Pause)
[2020-04-14T22:55:21.021-0700][gc,task       ] GC(669) Using 4 workers of 4 for evacuation
[2020-04-14T22:55:21.055-0700][gc,mmu        ] GC(669) MMU target violated: 21.0ms (20.0ms/21.0ms)
[2020-04-14T22:55:21.055-0700][gc,phases     ] GC(669)   Pre Evacuate Collection Set: 0.0ms
[2020-04-14T22:55:21.055-0700][gc,phases     ] GC(669)   Evacuate Collection Set: 32.4ms
[2020-04-14T22:55:21.055-0700][gc,phases     ] GC(669)   Post Evacuate Collection Set: 0.8ms
[2020-04-14T22:55:21.055-0700][gc,phases     ] GC(669)   Other: 0.5ms
[2020-04-14T22:55:21.055-0700][gc,heap       ] GC(669) Eden regions: 47->0(47)
[2020-04-14T22:55:21.055-0700][gc,heap       ] GC(669) Survivor regions: 4->4(7)
[2020-04-14T22:55:21.055-0700][gc,heap       ] GC(669) Old regions: 129->130
[2020-04-14T22:55:21.055-0700][gc,heap       ] GC(669) Humongous regions: 130->130
[2020-04-14T22:55:21.055-0700][gc,metaspace  ] GC(669) Metaspace: 28006K->28006K(1075200K)
[2020-04-14T22:55:21.055-0700][gc            ] GC(669) Pause Young (Normal) (G1 Evacuation Pause) 309M->263M(1024M) 33.915ms
[2020-04-14T22:55:21.055-0700][gc,cpu        ] GC(669) User=0.11s Sys=0.00s Real=0.03s
[2020-04-14T22:55:36.726-0700][gc,start      ] GC(670) Pause Young (Normal) (G1 Evacuation Pause)
[2020-04-14T22:55:36.726-0700][gc,task       ] GC(670) Using 4 workers of 4 for evacuation
[2020-04-14T22:55:36.755-0700][gc,mmu        ] GC(670) MMU target violated: 21.0ms (20.0ms/21.0ms)
[2020-04-14T22:55:36.755-0700][gc,phases     ] GC(670)   Pre Evacuate Collection Set: 0.1ms
[2020-04-14T22:55:36.755-0700][gc,phases     ] GC(670)   Evacuate Collection Set: 28.3ms
[2020-04-14T22:55:36.755-0700][gc,phases     ] GC(670)   Post Evacuate Collection Set: 0.7ms
[2020-04-14T22:55:36.755-0700][gc,phases     ] GC(670)   Other: 0.5ms
[2020-04-14T22:55:36.755-0700][gc,heap       ] GC(670) Eden regions: 47->0(47)
[2020-04-14T22:55:36.755-0700][gc,heap       ] GC(670) Survivor regions: 4->4(7)
[2020-04-14T22:55:36.755-0700][gc,heap       ] GC(670) Old regions: 130->130
[2020-04-14T22:55:36.755-0700][gc,heap       ] GC(670) Humongous regions: 130->130
[2020-04-14T22:55:36.755-0700][gc,metaspace  ] GC(670) Metaspace: 28006K->28006K(1075200K)
[2020-04-14T22:55:36.755-0700][gc            ] GC(670) Pause Young (Normal) (G1 Evacuation Pause) 310M->263M(1024M) 29.681ms
[2020-04-14T22:55:36.755-0700][gc,cpu        ] GC(670) User=0.11s Sys=0.00s Real=0.03s
[2020-04-14T22:55:52.350-0700][gc,start      ] GC(671) Pause Young (Normal) (G1 Evacuation Pause)
[2020-04-14T22:55:52.350-0700][gc,task       ] GC(671) Using 4 workers of 4 for evacuation
[2020-04-14T22:55:52.378-0700][gc,mmu        ] GC(671) MMU target violated: 21.0ms (20.0ms/21.0ms)
[2020-04-14T22:55:52.378-0700][gc,phases     ] GC(671)   Pre Evacuate Collection Set: 0.0ms
[2020-04-14T22:55:52.379-0700][gc,phases     ] GC(671)   Evacuate Collection Set: 27.2ms
[2020-04-14T22:55:52.379-0700][gc,phases     ] GC(671)   Post Evacuate Collection Set: 0.6ms
[2020-04-14T22:55:52.379-0700][gc,phases     ] GC(671)   Other: 0.5ms
[2020-04-14T22:55:52.379-0700][gc,heap       ] GC(671) Eden regions: 47->0(47)
[2020-04-14T22:55:52.379-0700][gc,heap       ] GC(671) Survivor regions: 4->4(7)
[2020-04-14T22:55:52.379-0700][gc,heap       ] GC(671) Old regions: 130->131
[2020-04-14T22:55:52.379-0700][gc,heap       ] GC(671) Humongous regions: 130->130
[2020-04-14T22:55:52.379-0700][gc,metaspace  ] GC(671) Metaspace: 28006K->28006K(1075200K)
[2020-04-14T22:55:52.379-0700][gc            ] GC(671) Pause Young (Normal) (G1 Evacuation Pause) 310M->263M(1024M) 28.435ms
[2020-04-14T22:55:52.379-0700][gc,cpu        ] GC(671) User=0.11s Sys=0.00s Real=0.03s
[2020-04-14T22:56:07.993-0700][gc,start      ] GC(672) Pause Young (Normal) (G1 Evacuation Pause)
[2020-04-14T22:56:07.993-0700][gc,task       ] GC(672) Using 4 workers of 4 for evacuation
[2020-04-14T22:56:08.021-0700][gc,mmu        ] GC(672) MMU target violated: 21.0ms (20.0ms/21.0ms)
[2020-04-14T22:56:08.021-0700][gc,phases     ] GC(672)   Pre Evacuate Collection Set: 0.1ms
[2020-04-14T22:56:08.021-0700][gc,phases     ] GC(672)   Evacuate Collection Set: 26.9ms
[2020-04-14T22:56:08.021-0700][gc,phases     ] GC(672)   Post Evacuate Collection Set: 0.7ms
[2020-04-14T22:56:08.021-0700][gc,phases     ] GC(672)   Other: 0.6ms
[2020-04-14T22:56:08.021-0700][gc,heap       ] GC(672) Eden regions: 47->0(47)
[2020-04-14T22:56:08.021-0700][gc,heap       ] GC(672) Survivor regions: 4->4(7)
[2020-04-14T22:56:08.021-0700][gc,heap       ] GC(672) Old regions: 131->131
[2020-04-14T22:56:08.021-0700][gc,heap       ] GC(672) Humongous regions: 130->130
[2020-04-14T22:56:08.021-0700][gc,metaspace  ] GC(672) Metaspace: 28006K->28006K(1075200K)
[2020-04-14T22:56:08.021-0700][gc            ] GC(672) Pause Young (Normal) (G1 Evacuation Pause) 310M->264M(1024M) 28.406ms
[2020-04-14T22:56:08.021-0700][gc,cpu        ] GC(672) User=0.10s Sys=0.00s Real=0.03s
[2020-04-14T22:56:23.572-0700][gc,start      ] GC(673) Pause Young (Normal) (G1 Evacuation Pause)
[2020-04-14T22:56:23.573-0700][gc,task       ] GC(673) Using 4 workers of 4 for evacuation
[2020-04-14T22:56:23.601-0700][gc,mmu        ] GC(673) MMU target violated: 21.0ms (20.0ms/21.0ms)
[2020-04-14T22:56:23.601-0700][gc,phases     ] GC(673)   Pre Evacuate Collection Set: 0.1ms
[2020-04-14T22:56:23.601-0700][gc,phases     ] GC(673)   Evacuate Collection Set: 27.0ms
[2020-04-14T22:56:23.601-0700][gc,phases     ] GC(673)   Post Evacuate Collection Set: 0.7ms
[2020-04-14T22:56:23.601-0700][gc,phases     ] GC(673)   Other: 0.5ms
[2020-04-14T22:56:23.601-0700][gc,heap       ] GC(673) Eden regions: 47->0(47)
[2020-04-14T22:56:23.601-0700][gc,heap       ] GC(673) Survivor regions: 4->4(7)
[2020-04-14T22:56:23.601-0700][gc,heap       ] GC(673) Old regions: 131->131
[2020-04-14T22:56:23.601-0700][gc,heap       ] GC(673) Humongous regions: 130->130
[2020-04-14T22:56:23.601-0700][gc,metaspace  ] GC(673) Metaspace: 28006K->28006K(1075200K)
[2020-04-14T22:56:23.601-0700][gc            ] GC(673) Pause Young (Normal) (G1 Evacuation Pause) 311M->264M(1024M) 28.469ms
[2020-04-14T22:56:23.601-0700][gc,cpu        ] GC(673) User=0.11s Sys=0.00s Real=0.03s
[2020-04-14T22:56:39.169-0700][gc,start      ] GC(674) Pause Young (Normal) (G1 Evacuation Pause)
[2020-04-14T22:56:39.169-0700][gc,task       ] GC(674) Using 4 workers of 4 for evacuation
[2020-04-14T22:56:39.197-0700][gc,mmu        ] GC(674) MMU target violated: 21.0ms (20.0ms/21.0ms)
[2020-04-14T22:56:39.197-0700][gc,phases     ] GC(674)   Pre Evacuate Collection Set: 0.1ms
[2020-04-14T22:56:39.197-0700][gc,phases     ] GC(674)   Evacuate Collection Set: 26.3ms
[2020-04-14T22:56:39.197-0700][gc,phases     ] GC(674)   Post Evacuate Collection Set: 0.8ms
[2020-04-14T22:56:39.197-0700][gc,phases     ] GC(674)   Other: 0.6ms
[2020-04-14T22:56:39.197-0700][gc,heap       ] GC(674) Eden regions: 47->0(46)
[2020-04-14T22:56:39.197-0700][gc,heap       ] GC(674) Survivor regions: 4->5(7)
[2020-04-14T22:56:39.197-0700][gc,heap       ] GC(674) Old regions: 131->131
[2020-04-14T22:56:39.197-0700][gc,heap       ] GC(674) Humongous regions: 130->130
[2020-04-14T22:56:39.197-0700][gc,metaspace  ] GC(674) Metaspace: 28006K->28006K(1075200K)
[2020-04-14T22:56:39.197-0700][gc            ] GC(674) Pause Young (Normal) (G1 Evacuation Pause) 311M->265M(1024M) 27.910ms
[2020-04-14T22:56:39.197-0700][gc,cpu        ] GC(674) User=0.10s Sys=0.00s Real=0.03s
[2020-04-14T22:56:54.497-0700][gc,start      ] GC(675) Pause Young (Normal) (G1 Evacuation Pause)
[2020-04-14T22:56:54.497-0700][gc,task       ] GC(675) Using 4 workers of 4 for evacuation
[2020-04-14T22:56:54.524-0700][gc,mmu        ] GC(675) MMU target violated: 21.0ms (20.0ms/21.0ms)
[2020-04-14T22:56:54.524-0700][gc,phases     ] GC(675)   Pre Evacuate Collection Set: 0.1ms
[2020-04-14T22:56:54.524-0700][gc,phases     ] GC(675)   Evacuate Collection Set: 26.3ms
[2020-04-14T22:56:54.524-0700][gc,phases     ] GC(675)   Post Evacuate Collection Set: 0.5ms
[2020-04-14T22:56:54.524-0700][gc,phases     ] GC(675)   Other: 0.5ms
[2020-04-14T22:56:54.524-0700][gc,heap       ] GC(675) Eden regions: 46->0(47)
[2020-04-14T22:56:54.524-0700][gc,heap       ] GC(675) Survivor regions: 5->4(7)
[2020-04-14T22:56:54.524-0700][gc,heap       ] GC(675) Old regions: 131->132
[2020-04-14T22:56:54.524-0700][gc,heap       ] GC(675) Humongous regions: 130->130
[2020-04-14T22:56:54.524-0700][gc,metaspace  ] GC(675) Metaspace: 28006K->28006K(1075200K)
[2020-04-14T22:56:54.524-0700][gc            ] GC(675) Pause Young (Normal) (G1 Evacuation Pause) 311M->265M(1024M) 27.505ms
[2020-04-14T22:56:54.524-0700][gc,cpu        ] GC(675) User=0.10s Sys=0.00s Real=0.03s
[2020-04-14T22:57:10.106-0700][gc,start      ] GC(676) Pause Young (Normal) (G1 Evacuation Pause)
[2020-04-14T22:57:10.106-0700][gc,task       ] GC(676) Using 4 workers of 4 for evacuation
[2020-04-14T22:57:10.133-0700][gc,mmu        ] GC(676) MMU target violated: 21.0ms (20.0ms/21.0ms)
[2020-04-14T22:57:10.133-0700][gc,phases     ] GC(676)   Pre Evacuate Collection Set: 0.1ms
[2020-04-14T22:57:10.134-0700][gc,phases     ] GC(676)   Evacuate Collection Set: 26.6ms
[2020-04-14T22:57:10.134-0700][gc,phases     ] GC(676)   Post Evacuate Collection Set: 0.6ms
[2020-04-14T22:57:10.134-0700][gc,phases     ] GC(676)   Other: 0.7ms
[2020-04-14T22:57:10.134-0700][gc,heap       ] GC(676) Eden regions: 47->0(47)
[2020-04-14T22:57:10.134-0700][gc,heap       ] GC(676) Survivor regions: 4->4(7)
[2020-04-14T22:57:10.134-0700][gc,heap       ] GC(676) Old regions: 132->132
[2020-04-14T22:57:10.134-0700][gc,heap       ] GC(676) Humongous regions: 130->130
[2020-04-14T22:57:10.134-0700][gc,metaspace  ] GC(676) Metaspace: 28006K->28006K(1075200K)
[2020-04-14T22:57:10.134-0700][gc            ] GC(676) Pause Young (Normal) (G1 Evacuation Pause) 312M->265M(1024M) 28.072ms
[2020-04-14T22:57:10.134-0700][gc,cpu        ] GC(676) User=0.11s Sys=0.00s Real=0.03s
[2020-04-14T22:57:25.691-0700][gc,start      ] GC(677) Pause Young (Normal) (G1 Evacuation Pause)
[2020-04-14T22:57:25.691-0700][gc,task       ] GC(677) Using 4 workers of 4 for evacuation
[2020-04-14T22:57:25.720-0700][gc,mmu        ] GC(677) MMU target violated: 21.0ms (20.0ms/21.0ms)
[2020-04-14T22:57:25.720-0700][gc,phases     ] GC(677)   Pre Evacuate Collection Set: 0.0ms
[2020-04-14T22:57:25.720-0700][gc,phases     ] GC(677)   Evacuate Collection Set: 28.3ms
[2020-04-14T22:57:25.720-0700][gc,phases     ] GC(677)   Post Evacuate Collection Set: 0.5ms
[2020-04-14T22:57:25.720-0700][gc,phases     ] GC(677)   Other: 0.6ms
[2020-04-14T22:57:25.720-0700][gc,heap       ] GC(677) Eden regions: 47->0(47)
[2020-04-14T22:57:25.720-0700][gc,heap       ] GC(677) Survivor regions: 4->4(7)
[2020-04-14T22:57:25.720-0700][gc,heap       ] GC(677) Old regions: 132->133
[2020-04-14T22:57:25.720-0700][gc,heap       ] GC(677) Humongous regions: 130->130
[2020-04-14T22:57:25.720-0700][gc,metaspace  ] GC(677) Metaspace: 28006K->28006K(1075200K)
[2020-04-14T22:57:25.720-0700][gc            ] GC(677) Pause Young (Normal) (G1 Evacuation Pause) 312M->266M(1024M) 29.575ms
[2020-04-14T22:57:25.720-0700][gc,cpu        ] GC(677) User=0.10s Sys=0.00s Real=0.03s
[2020-04-14T22:57:41.327-0700][gc,start      ] GC(678) Pause Young (Normal) (G1 Evacuation Pause)
[2020-04-14T22:57:41.327-0700][gc,task       ] GC(678) Using 4 workers of 4 for evacuation
[2020-04-14T22:57:41.356-0700][gc,mmu        ] GC(678) MMU target violated: 21.0ms (20.0ms/21.0ms)
[2020-04-14T22:57:41.356-0700][gc,phases     ] GC(678)   Pre Evacuate Collection Set: 0.1ms
[2020-04-14T22:57:41.356-0700][gc,phases     ] GC(678)   Evacuate Collection Set: 28.0ms
[2020-04-14T22:57:41.356-0700][gc,phases     ] GC(678)   Post Evacuate Collection Set: 0.8ms
[2020-04-14T22:57:41.356-0700][gc,phases     ] GC(678)   Other: 0.7ms
[2020-04-14T22:57:41.356-0700][gc,heap       ] GC(678) Eden regions: 47->0(47)
[2020-04-14T22:57:41.356-0700][gc,heap       ] GC(678) Survivor regions: 4->4(7)
[2020-04-14T22:57:41.356-0700][gc,heap       ] GC(678) Old regions: 133->133
[2020-04-14T22:57:41.356-0700][gc,heap       ] GC(678) Humongous regions: 130->130
[2020-04-14T22:57:41.356-0700][gc,metaspace  ] GC(678) Metaspace: 28006K->28006K(1075200K)
[2020-04-14T22:57:41.357-0700][gc            ] GC(678) Pause Young (Normal) (G1 Evacuation Pause) 313M->266M(1024M) 29.696ms
[2020-04-14T22:57:41.357-0700][gc,cpu        ] GC(678) User=0.11s Sys=0.00s Real=0.03s
[2020-04-14T22:57:57.047-0700][gc,start      ] GC(679) Pause Young (Normal) (G1 Evacuation Pause)
[2020-04-14T22:57:57.047-0700][gc,task       ] GC(679) Using 4 workers of 4 for evacuation
[2020-04-14T22:57:57.077-0700][gc,mmu        ] GC(679) MMU target violated: 21.0ms (20.0ms/21.0ms)
[2020-04-14T22:57:57.077-0700][gc,phases     ] GC(679)   Pre Evacuate Collection Set: 0.1ms
[2020-04-14T22:57:57.077-0700][gc,phases     ] GC(679)   Evacuate Collection Set: 28.2ms
[2020-04-14T22:57:57.077-0700][gc,phases     ] GC(679)   Post Evacuate Collection Set: 0.8ms
[2020-04-14T22:57:57.077-0700][gc,phases     ] GC(679)   Other: 0.6ms
[2020-04-14T22:57:57.077-0700][gc,heap       ] GC(679) Eden regions: 47->0(47)
[2020-04-14T22:57:57.077-0700][gc,heap       ] GC(679) Survivor regions: 4->4(7)
[2020-04-14T22:57:57.077-0700][gc,heap       ] GC(679) Old regions: 133->134
[2020-04-14T22:57:57.077-0700][gc,heap       ] GC(679) Humongous regions: 130->130
[2020-04-14T22:57:57.077-0700][gc,metaspace  ] GC(679) Metaspace: 28006K->28006K(1075200K)
[2020-04-14T22:57:57.077-0700][gc            ] GC(679) Pause Young (Normal) (G1 Evacuation Pause) 313M->266M(1024M) 29.676ms
[2020-04-14T22:57:57.077-0700][gc,cpu        ] GC(679) User=0.11s Sys=0.00s Real=0.03s
[2020-04-14T22:58:12.722-0700][gc,start      ] GC(680) Pause Young (Normal) (G1 Evacuation Pause)
[2020-04-14T22:58:12.722-0700][gc,task       ] GC(680) Using 4 workers of 4 for evacuation
[2020-04-14T22:58:12.748-0700][gc,mmu        ] GC(680) MMU target violated: 21.0ms (20.0ms/21.0ms)
[2020-04-14T22:58:12.748-0700][gc,phases     ] GC(680)   Pre Evacuate Collection Set: 0.1ms
[2020-04-14T22:58:12.748-0700][gc,phases     ] GC(680)   Evacuate Collection Set: 25.2ms
[2020-04-14T22:58:12.748-0700][gc,phases     ] GC(680)   Post Evacuate Collection Set: 0.7ms
[2020-04-14T22:58:12.748-0700][gc,phases     ] GC(680)   Other: 0.6ms
[2020-04-14T22:58:12.748-0700][gc,heap       ] GC(680) Eden regions: 47->0(47)
[2020-04-14T22:58:12.748-0700][gc,heap       ] GC(680) Survivor regions: 4->4(7)
[2020-04-14T22:58:12.748-0700][gc,heap       ] GC(680) Old regions: 134->134
[2020-04-14T22:58:12.748-0700][gc,heap       ] GC(680) Humongous regions: 130->130
[2020-04-14T22:58:12.748-0700][gc,metaspace  ] GC(680) Metaspace: 28006K->28006K(1075200K)
[2020-04-14T22:58:12.748-0700][gc            ] GC(680) Pause Young (Normal) (G1 Evacuation Pause) 313M->267M(1024M) 26.653ms
[2020-04-14T22:58:12.748-0700][gc,cpu        ] GC(680) User=0.10s Sys=0.00s Real=0.02s
[2020-04-14T22:58:28.345-0700][gc,start      ] GC(681) Pause Young (Normal) (G1 Evacuation Pause)
[2020-04-14T22:58:28.345-0700][gc,task       ] GC(681) Using 4 workers of 4 for evacuation
[2020-04-14T22:58:28.374-0700][gc,mmu        ] GC(681) MMU target violated: 21.0ms (20.0ms/21.0ms)
[2020-04-14T22:58:28.375-0700][gc,phases     ] GC(681)   Pre Evacuate Collection Set: 0.1ms
[2020-04-14T22:58:28.375-0700][gc,phases     ] GC(681)   Evacuate Collection Set: 28.6ms
[2020-04-14T22:58:28.375-0700][gc,phases     ] GC(681)   Post Evacuate Collection Set: 0.5ms
[2020-04-14T22:58:28.375-0700][gc,phases     ] GC(681)   Other: 0.6ms
[2020-04-14T22:58:28.375-0700][gc,heap       ] GC(681) Eden regions: 47->0(46)
[2020-04-14T22:58:28.375-0700][gc,heap       ] GC(681) Survivor regions: 4->5(7)
[2020-04-14T22:58:28.375-0700][gc,heap       ] GC(681) Old regions: 134->134
[2020-04-14T22:58:28.375-0700][gc,heap       ] GC(681) Humongous regions: 130->130
[2020-04-14T22:58:28.375-0700][gc,metaspace  ] GC(681) Metaspace: 28006K->28006K(1075200K)
[2020-04-14T22:58:28.375-0700][gc            ] GC(681) Pause Young (Normal) (G1 Evacuation Pause) 314M->267M(1024M) 29.851ms
[2020-04-14T22:58:28.375-0700][gc,cpu        ] GC(681) User=0.11s Sys=0.00s Real=0.03s
[2020-04-14T22:58:43.733-0700][gc,start      ] GC(682) Pause Young (Normal) (G1 Evacuation Pause)
[2020-04-14T22:58:43.733-0700][gc,task       ] GC(682) Using 4 workers of 4 for evacuation
[2020-04-14T22:58:43.762-0700][gc,mmu        ] GC(682) MMU target violated: 21.0ms (20.0ms/21.0ms)
[2020-04-14T22:58:43.762-0700][gc,phases     ] GC(682)   Pre Evacuate Collection Set: 0.1ms
[2020-04-14T22:58:43.762-0700][gc,phases     ] GC(682)   Evacuate Collection Set: 28.0ms
[2020-04-14T22:58:43.763-0700][gc,phases     ] GC(682)   Post Evacuate Collection Set: 0.6ms
[2020-04-14T22:58:43.763-0700][gc,phases     ] GC(682)   Other: 0.6ms
[2020-04-14T22:58:43.763-0700][gc,heap       ] GC(682) Eden regions: 46->0(45)
[2020-04-14T22:58:43.763-0700][gc,heap       ] GC(682) Survivor regions: 5->6(7)
[2020-04-14T22:58:43.763-0700][gc,heap       ] GC(682) Old regions: 134->134
[2020-04-14T22:58:43.763-0700][gc,heap       ] GC(682) Humongous regions: 130->130
[2020-04-14T22:58:43.763-0700][gc,metaspace  ] GC(682) Metaspace: 28006K->28006K(1075200K)
[2020-04-14T22:58:43.763-0700][gc            ] GC(682) Pause Young (Normal) (G1 Evacuation Pause) 313M->269M(1024M) 29.492ms
[2020-04-14T22:58:43.763-0700][gc,cpu        ] GC(682) User=0.11s Sys=0.00s Real=0.03s
[2020-04-14T22:58:58.718-0700][gc,start      ] GC(683) Pause Young (Normal) (G1 Evacuation Pause)
[2020-04-14T22:58:58.718-0700][gc,task       ] GC(683) Using 4 workers of 4 for evacuation
[2020-04-14T22:58:58.749-0700][gc,mmu        ] GC(683) MMU target violated: 21.0ms (20.0ms/21.0ms)
[2020-04-14T22:58:58.749-0700][gc,phases     ] GC(683)   Pre Evacuate Collection Set: 0.1ms
[2020-04-14T22:58:58.749-0700][gc,phases     ] GC(683)   Evacuate Collection Set: 30.7ms
[2020-04-14T22:58:58.749-0700][gc,phases     ] GC(683)   Post Evacuate Collection Set: 0.5ms
[2020-04-14T22:58:58.749-0700][gc,phases     ] GC(683)   Other: 0.5ms
[2020-04-14T22:58:58.749-0700][gc,heap       ] GC(683) Eden regions: 45->0(47)
[2020-04-14T22:58:58.750-0700][gc,heap       ] GC(683) Survivor regions: 6->4(7)
[2020-04-14T22:58:58.750-0700][gc,heap       ] GC(683) Old regions: 134->136
[2020-04-14T22:58:58.750-0700][gc,heap       ] GC(683) Humongous regions: 130->130
[2020-04-14T22:58:58.750-0700][gc,metaspace  ] GC(683) Metaspace: 28006K->28006K(1075200K)
[2020-04-14T22:58:58.750-0700][gc            ] GC(683) Pause Young (Normal) (G1 Evacuation Pause) 314M->269M(1024M) 31.988ms
[2020-04-14T22:58:58.750-0700][gc,cpu        ] GC(683) User=0.13s Sys=0.00s Real=0.03s
[2020-04-14T22:59:14.372-0700][gc,start      ] GC(684) Pause Young (Normal) (G1 Evacuation Pause)
[2020-04-14T22:59:14.372-0700][gc,task       ] GC(684) Using 4 workers of 4 for evacuation
[2020-04-14T22:59:14.397-0700][gc,mmu        ] GC(684) MMU target violated: 21.0ms (20.0ms/21.0ms)
[2020-04-14T22:59:14.397-0700][gc,phases     ] GC(684)   Pre Evacuate Collection Set: 0.0ms
[2020-04-14T22:59:14.397-0700][gc,phases     ] GC(684)   Evacuate Collection Set: 24.1ms
[2020-04-14T22:59:14.397-0700][gc,phases     ] GC(684)   Post Evacuate Collection Set: 0.6ms
[2020-04-14T22:59:14.398-0700][gc,phases     ] GC(684)   Other: 0.5ms
[2020-04-14T22:59:14.398-0700][gc,heap       ] GC(684) Eden regions: 47->0(47)
[2020-04-14T22:59:14.398-0700][gc,heap       ] GC(684) Survivor regions: 4->4(7)
[2020-04-14T22:59:14.398-0700][gc,heap       ] GC(684) Old regions: 136->136
[2020-04-14T22:59:14.398-0700][gc,heap       ] GC(684) Humongous regions: 130->130
[2020-04-14T22:59:14.398-0700][gc,metaspace  ] GC(684) Metaspace: 28006K->28006K(1075200K)
[2020-04-14T22:59:14.398-0700][gc            ] GC(684) Pause Young (Normal) (G1 Evacuation Pause) 316M->269M(1024M) 25.449ms
[2020-04-14T22:59:14.398-0700][gc,cpu        ] GC(684) User=0.10s Sys=0.00s Real=0.03s
[2020-04-14T22:59:29.987-0700][gc,start      ] GC(685) Pause Young (Normal) (G1 Evacuation Pause)
[2020-04-14T22:59:29.987-0700][gc,task       ] GC(685) Using 4 workers of 4 for evacuation
[2020-04-14T22:59:30.010-0700][gc,mmu        ] GC(685) MMU target violated: 21.0ms (20.0ms/21.0ms)
[2020-04-14T22:59:30.010-0700][gc,phases     ] GC(685)   Pre Evacuate Collection Set: 0.1ms
[2020-04-14T22:59:30.010-0700][gc,phases     ] GC(685)   Evacuate Collection Set: 22.2ms
[2020-04-14T22:59:30.010-0700][gc,phases     ] GC(685)   Post Evacuate Collection Set: 0.5ms
[2020-04-14T22:59:30.011-0700][gc,phases     ] GC(685)   Other: 0.4ms
[2020-04-14T22:59:30.011-0700][gc,heap       ] GC(685) Eden regions: 47->0(47)
[2020-04-14T22:59:30.011-0700][gc,heap       ] GC(685) Survivor regions: 4->4(7)
[2020-04-14T22:59:30.011-0700][gc,heap       ] GC(685) Old regions: 136->136
[2020-04-14T22:59:30.011-0700][gc,heap       ] GC(685) Humongous regions: 130->130
[2020-04-14T22:59:30.011-0700][gc,metaspace  ] GC(685) Metaspace: 28006K->28006K(1075200K)
[2020-04-14T22:59:30.011-0700][gc            ] GC(685) Pause Young (Normal) (G1 Evacuation Pause) 316M->270M(1024M) 23.395ms
[2020-04-14T22:59:30.011-0700][gc,cpu        ] GC(685) User=0.09s Sys=0.00s Real=0.03s
[2020-04-14T22:59:45.537-0700][gc,start      ] GC(686) Pause Young (Normal) (G1 Evacuation Pause)
[2020-04-14T22:59:45.537-0700][gc,task       ] GC(686) Using 4 workers of 4 for evacuation
[2020-04-14T22:59:45.560-0700][gc,mmu        ] GC(686) MMU target violated: 21.0ms (20.0ms/21.0ms)
[2020-04-14T22:59:45.560-0700][gc,phases     ] GC(686)   Pre Evacuate Collection Set: 0.0ms
[2020-04-14T22:59:45.560-0700][gc,phases     ] GC(686)   Evacuate Collection Set: 21.9ms
[2020-04-14T22:59:45.560-0700][gc,phases     ] GC(686)   Post Evacuate Collection Set: 0.5ms
[2020-04-14T22:59:45.560-0700][gc,phases     ] GC(686)   Other: 0.5ms
[2020-04-14T22:59:45.560-0700][gc,heap       ] GC(686) Eden regions: 47->0(47)
[2020-04-14T22:59:45.560-0700][gc,heap       ] GC(686) Survivor regions: 4->4(7)
[2020-04-14T22:59:45.560-0700][gc,heap       ] GC(686) Old regions: 136->137
[2020-04-14T22:59:45.560-0700][gc,heap       ] GC(686) Humongous regions: 130->130
[2020-04-14T22:59:45.560-0700][gc,metaspace  ] GC(686) Metaspace: 28006K->28006K(1075200K)
[2020-04-14T22:59:45.560-0700][gc            ] GC(686) Pause Young (Normal) (G1 Evacuation Pause) 317M->270M(1024M) 23.104ms
[2020-04-14T22:59:45.560-0700][gc,cpu        ] GC(686) User=0.09s Sys=0.00s Real=0.03s
[2020-04-14T23:00:01.184-0700][gc,start      ] GC(687) Pause Young (Normal) (G1 Evacuation Pause)
[2020-04-14T23:00:01.184-0700][gc,task       ] GC(687) Using 4 workers of 4 for evacuation
[2020-04-14T23:00:01.211-0700][gc,mmu        ] GC(687) MMU target violated: 21.0ms (20.0ms/21.0ms)
[2020-04-14T23:00:01.211-0700][gc,phases     ] GC(687)   Pre Evacuate Collection Set: 0.1ms
[2020-04-14T23:00:01.211-0700][gc,phases     ] GC(687)   Evacuate Collection Set: 26.6ms
[2020-04-14T23:00:01.211-0700][gc,phases     ] GC(687)   Post Evacuate Collection Set: 0.7ms
[2020-04-14T23:00:01.212-0700][gc,phases     ] GC(687)   Other: 0.7ms
[2020-04-14T23:00:01.212-0700][gc,heap       ] GC(687) Eden regions: 47->0(47)
[2020-04-14T23:00:01.212-0700][gc,heap       ] GC(687) Survivor regions: 4->4(7)
[2020-04-14T23:00:01.212-0700][gc,heap       ] GC(687) Old regions: 137->137
[2020-04-14T23:00:01.212-0700][gc,heap       ] GC(687) Humongous regions: 130->130
[2020-04-14T23:00:01.212-0700][gc,metaspace  ] GC(687) Metaspace: 28006K->28006K(1075200K)
[2020-04-14T23:00:01.212-0700][gc            ] GC(687) Pause Young (Normal) (G1 Evacuation Pause) 317M->270M(1024M) 28.109ms
[2020-04-14T23:00:01.212-0700][gc,cpu        ] GC(687) User=0.11s Sys=0.00s Real=0.03s
[2020-04-14T23:00:16.863-0700][gc,start      ] GC(688) Pause Young (Normal) (G1 Evacuation Pause)
[2020-04-14T23:00:16.863-0700][gc,task       ] GC(688) Using 4 workers of 4 for evacuation
[2020-04-14T23:00:16.890-0700][gc,mmu        ] GC(688) MMU target violated: 21.0ms (20.0ms/21.0ms)
[2020-04-14T23:00:16.890-0700][gc,phases     ] GC(688)   Pre Evacuate Collection Set: 0.1ms
[2020-04-14T23:00:16.890-0700][gc,phases     ] GC(688)   Evacuate Collection Set: 25.7ms
[2020-04-14T23:00:16.890-0700][gc,phases     ] GC(688)   Post Evacuate Collection Set: 0.7ms
[2020-04-14T23:00:16.890-0700][gc,phases     ] GC(688)   Other: 0.5ms
[2020-04-14T23:00:16.890-0700][gc,heap       ] GC(688) Eden regions: 47->0(47)
[2020-04-14T23:00:16.890-0700][gc,heap       ] GC(688) Survivor regions: 4->4(7)
[2020-04-14T23:00:16.890-0700][gc,heap       ] GC(688) Old regions: 137->138
[2020-04-14T23:00:16.890-0700][gc,heap       ] GC(688) Humongous regions: 130->130
[2020-04-14T23:00:16.890-0700][gc,metaspace  ] GC(688) Metaspace: 28006K->28006K(1075200K)
[2020-04-14T23:00:16.890-0700][gc            ] GC(688) Pause Young (Normal) (G1 Evacuation Pause) 317M->271M(1024M) 27.193ms
[2020-04-14T23:00:16.890-0700][gc,cpu        ] GC(688) User=0.11s Sys=0.00s Real=0.03s
[2020-04-14T23:00:32.566-0700][gc,start      ] GC(689) Pause Young (Normal) (G1 Evacuation Pause)
[2020-04-14T23:00:32.566-0700][gc,task       ] GC(689) Using 4 workers of 4 for evacuation
[2020-04-14T23:00:32.599-0700][gc,mmu        ] GC(689) MMU target violated: 21.0ms (20.0ms/21.0ms)
[2020-04-14T23:00:32.599-0700][gc,phases     ] GC(689)   Pre Evacuate Collection Set: 0.1ms
[2020-04-14T23:00:32.599-0700][gc,phases     ] GC(689)   Evacuate Collection Set: 32.4ms
[2020-04-14T23:00:32.599-0700][gc,phases     ] GC(689)   Post Evacuate Collection Set: 0.5ms
[2020-04-14T23:00:32.599-0700][gc,phases     ] GC(689)   Other: 0.6ms
[2020-04-14T23:00:32.599-0700][gc,heap       ] GC(689) Eden regions: 47->0(47)
[2020-04-14T23:00:32.599-0700][gc,heap       ] GC(689) Survivor regions: 4->4(7)
[2020-04-14T23:00:32.599-0700][gc,heap       ] GC(689) Old regions: 138->138
[2020-04-14T23:00:32.599-0700][gc,heap       ] GC(689) Humongous regions: 130->130
[2020-04-14T23:00:32.599-0700][gc,metaspace  ] GC(689) Metaspace: 28006K->28006K(1075200K)
[2020-04-14T23:00:32.600-0700][gc            ] GC(689) Pause Young (Normal) (G1 Evacuation Pause) 318M->271M(1024M) 33.683ms
[2020-04-14T23:00:32.600-0700][gc,cpu        ] GC(689) User=0.10s Sys=0.00s Real=0.04s
[2020-04-14T23:00:48.153-0700][gc,start      ] GC(690) Pause Young (Normal) (G1 Evacuation Pause)
[2020-04-14T23:00:48.154-0700][gc,task       ] GC(690) Using 4 workers of 4 for evacuation
[2020-04-14T23:00:48.180-0700][gc,mmu        ] GC(690) MMU target violated: 21.0ms (20.0ms/21.0ms)
[2020-04-14T23:00:48.180-0700][gc,phases     ] GC(690)   Pre Evacuate Collection Set: 0.0ms
[2020-04-14T23:00:48.180-0700][gc,phases     ] GC(690)   Evacuate Collection Set: 25.2ms
[2020-04-14T23:00:48.180-0700][gc,phases     ] GC(690)   Post Evacuate Collection Set: 0.6ms
[2020-04-14T23:00:48.180-0700][gc,phases     ] GC(690)   Other: 0.6ms
[2020-04-14T23:00:48.180-0700][gc,heap       ] GC(690) Eden regions: 47->0(47)
[2020-04-14T23:00:48.180-0700][gc,heap       ] GC(690) Survivor regions: 4->4(7)
[2020-04-14T23:00:48.180-0700][gc,heap       ] GC(690) Old regions: 138->139
[2020-04-14T23:00:48.180-0700][gc,heap       ] GC(690) Humongous regions: 130->130
[2020-04-14T23:00:48.180-0700][gc,metaspace  ] GC(690) Metaspace: 28006K->28006K(1075200K)
[2020-04-14T23:00:48.180-0700][gc            ] GC(690) Pause Young (Normal) (G1 Evacuation Pause) 318M->271M(1024M) 26.495ms
[2020-04-14T23:00:48.180-0700][gc,cpu        ] GC(690) User=0.10s Sys=0.00s Real=0.03s
[2020-04-14T23:01:03.796-0700][gc,start      ] GC(691) Pause Young (Normal) (G1 Evacuation Pause)
[2020-04-14T23:01:03.796-0700][gc,task       ] GC(691) Using 4 workers of 4 for evacuation
[2020-04-14T23:01:03.819-0700][gc,mmu        ] GC(691) MMU target violated: 21.0ms (20.0ms/21.0ms)
[2020-04-14T23:01:03.819-0700][gc,phases     ] GC(691)   Pre Evacuate Collection Set: 0.0ms
[2020-04-14T23:01:03.819-0700][gc,phases     ] GC(691)   Evacuate Collection Set: 22.1ms
[2020-04-14T23:01:03.819-0700][gc,phases     ] GC(691)   Post Evacuate Collection Set: 0.5ms
[2020-04-14T23:01:03.819-0700][gc,phases     ] GC(691)   Other: 0.4ms
[2020-04-14T23:01:03.819-0700][gc,heap       ] GC(691) Eden regions: 47->0(47)
[2020-04-14T23:01:03.819-0700][gc,heap       ] GC(691) Survivor regions: 4->4(7)
[2020-04-14T23:01:03.819-0700][gc,heap       ] GC(691) Old regions: 139->139
[2020-04-14T23:01:03.819-0700][gc,heap       ] GC(691) Humongous regions: 130->130
[2020-04-14T23:01:03.819-0700][gc,metaspace  ] GC(691) Metaspace: 28006K->28006K(1075200K)
[2020-04-14T23:01:03.819-0700][gc            ] GC(691) Pause Young (Normal) (G1 Evacuation Pause) 318M->272M(1024M) 23.202ms
[2020-04-14T23:01:03.819-0700][gc,cpu        ] GC(691) User=0.09s Sys=0.00s Real=0.03s
[2020-04-14T23:01:18.500-0700][gc,start      ] GC(692) Pause Young (Normal) (G1 Evacuation Pause)
[2020-04-14T23:01:18.500-0700][gc,task       ] GC(692) Using 4 workers of 4 for evacuation
[2020-04-14T23:01:18.532-0700][gc,mmu        ] GC(692) MMU target violated: 21.0ms (20.0ms/21.0ms)
[2020-04-14T23:01:18.532-0700][gc,phases     ] GC(692)   Pre Evacuate Collection Set: 0.1ms
[2020-04-14T23:01:18.532-0700][gc,phases     ] GC(692)   Evacuate Collection Set: 31.3ms
[2020-04-14T23:01:18.532-0700][gc,phases     ] GC(692)   Post Evacuate Collection Set: 0.8ms
[2020-04-14T23:01:18.532-0700][gc,phases     ] GC(692)   Other: 0.7ms
[2020-04-14T23:01:18.532-0700][gc,heap       ] GC(692) Eden regions: 47->0(45)
[2020-04-14T23:01:18.532-0700][gc,heap       ] GC(692) Survivor regions: 4->6(7)
[2020-04-14T23:01:18.532-0700][gc,heap       ] GC(692) Old regions: 139->140
[2020-04-14T23:01:18.532-0700][gc,heap       ] GC(692) Humongous regions: 130->130
[2020-04-14T23:01:18.532-0700][gc,metaspace  ] GC(692) Metaspace: 28007K->28007K(1075200K)
[2020-04-14T23:01:18.533-0700][gc            ] GC(692) Pause Young (Normal) (G1 Evacuation Pause) 319M->274M(1024M) 32.912ms
[2020-04-14T23:01:18.533-0700][gc,cpu        ] GC(692) User=0.13s Sys=0.00s Real=0.03s
[2020-04-14T23:01:33.444-0700][gc,start      ] GC(693) Pause Young (Normal) (G1 Evacuation Pause)
[2020-04-14T23:01:33.444-0700][gc,task       ] GC(693) Using 4 workers of 4 for evacuation
[2020-04-14T23:01:33.477-0700][gc,mmu        ] GC(693) MMU target violated: 21.0ms (20.0ms/21.0ms)
[2020-04-14T23:01:33.477-0700][gc,phases     ] GC(693)   Pre Evacuate Collection Set: 0.1ms
[2020-04-14T23:01:33.477-0700][gc,phases     ] GC(693)   Evacuate Collection Set: 31.6ms
[2020-04-14T23:01:33.477-0700][gc,phases     ] GC(693)   Post Evacuate Collection Set: 0.8ms
[2020-04-14T23:01:33.477-0700][gc,phases     ] GC(693)   Other: 0.7ms
[2020-04-14T23:01:33.477-0700][gc,heap       ] GC(693) Eden regions: 45->0(47)
[2020-04-14T23:01:33.477-0700][gc,heap       ] GC(693) Survivor regions: 6->4(7)
[2020-04-14T23:01:33.477-0700][gc,heap       ] GC(693) Old regions: 140->142
[2020-04-14T23:01:33.477-0700][gc,heap       ] GC(693) Humongous regions: 130->130
[2020-04-14T23:01:33.477-0700][gc,metaspace  ] GC(693) Metaspace: 28007K->28007K(1075200K)
[2020-04-14T23:01:33.477-0700][gc            ] GC(693) Pause Young (Normal) (G1 Evacuation Pause) 319M->274M(1024M) 33.318ms
[2020-04-14T23:01:33.477-0700][gc,cpu        ] GC(693) User=0.11s Sys=0.00s Real=0.03s
[2020-04-14T23:01:49.043-0700][gc,start      ] GC(694) Pause Young (Normal) (G1 Evacuation Pause)
[2020-04-14T23:01:49.043-0700][gc,task       ] GC(694) Using 4 workers of 4 for evacuation
[2020-04-14T23:01:49.067-0700][gc,mmu        ] GC(694) MMU target violated: 21.0ms (20.0ms/21.0ms)
[2020-04-14T23:01:49.067-0700][gc,phases     ] GC(694)   Pre Evacuate Collection Set: 0.0ms
[2020-04-14T23:01:49.067-0700][gc,phases     ] GC(694)   Evacuate Collection Set: 22.9ms
[2020-04-14T23:01:49.067-0700][gc,phases     ] GC(694)   Post Evacuate Collection Set: 0.7ms
[2020-04-14T23:01:49.067-0700][gc,phases     ] GC(694)   Other: 0.6ms
[2020-04-14T23:01:49.067-0700][gc,heap       ] GC(694) Eden regions: 47->0(46)
[2020-04-14T23:01:49.067-0700][gc,heap       ] GC(694) Survivor regions: 4->5(7)
[2020-04-14T23:01:49.067-0700][gc,heap       ] GC(694) Old regions: 142->142
[2020-04-14T23:01:49.067-0700][gc,heap       ] GC(694) Humongous regions: 130->130
[2020-04-14T23:01:49.067-0700][gc,metaspace  ] GC(694) Metaspace: 28007K->28007K(1075200K)
[2020-04-14T23:01:49.067-0700][gc            ] GC(694) Pause Young (Normal) (G1 Evacuation Pause) 321M->275M(1024M) 24.298ms
[2020-04-14T23:01:49.067-0700][gc,cpu        ] GC(694) User=0.10s Sys=0.00s Real=0.02s
[2020-04-14T23:02:04.254-0700][gc,start      ] GC(695) Pause Young (Normal) (G1 Evacuation Pause)
[2020-04-14T23:02:04.254-0700][gc,task       ] GC(695) Using 4 workers of 4 for evacuation
[2020-04-14T23:02:04.281-0700][gc,mmu        ] GC(695) MMU target violated: 21.0ms (20.0ms/21.0ms)
[2020-04-14T23:02:04.281-0700][gc,phases     ] GC(695)   Pre Evacuate Collection Set: 0.1ms
[2020-04-14T23:02:04.281-0700][gc,phases     ] GC(695)   Evacuate Collection Set: 26.4ms
[2020-04-14T23:02:04.281-0700][gc,phases     ] GC(695)   Post Evacuate Collection Set: 0.6ms
[2020-04-14T23:02:04.281-0700][gc,phases     ] GC(695)   Other: 0.7ms
[2020-04-14T23:02:04.281-0700][gc,heap       ] GC(695) Eden regions: 46->0(48)
[2020-04-14T23:02:04.281-0700][gc,heap       ] GC(695) Survivor regions: 5->3(7)
[2020-04-14T23:02:04.281-0700][gc,heap       ] GC(695) Old regions: 142->144
[2020-04-14T23:02:04.281-0700][gc,heap       ] GC(695) Humongous regions: 130->130
[2020-04-14T23:02:04.281-0700][gc,metaspace  ] GC(695) Metaspace: 28007K->28007K(1075200K)
[2020-04-14T23:02:04.282-0700][gc            ] GC(695) Pause Young (Normal) (G1 Evacuation Pause) 321M->275M(1024M) 28.024ms
[2020-04-14T23:02:04.282-0700][gc,cpu        ] GC(695) User=0.09s Sys=0.00s Real=0.03s
[2020-04-14T23:02:20.096-0700][gc,start      ] GC(696) Pause Young (Normal) (G1 Evacuation Pause)
[2020-04-14T23:02:20.096-0700][gc,task       ] GC(696) Using 4 workers of 4 for evacuation
[2020-04-14T23:02:20.110-0700][gc,phases     ] GC(696)   Pre Evacuate Collection Set: 0.1ms
[2020-04-14T23:02:20.110-0700][gc,phases     ] GC(696)   Evacuate Collection Set: 12.7ms
[2020-04-14T23:02:20.110-0700][gc,phases     ] GC(696)   Post Evacuate Collection Set: 0.6ms
[2020-04-14T23:02:20.110-0700][gc,phases     ] GC(696)   Other: 0.5ms
[2020-04-14T23:02:20.110-0700][gc,heap       ] GC(696) Eden regions: 48->0(48)
[2020-04-14T23:02:20.110-0700][gc,heap       ] GC(696) Survivor regions: 3->3(7)
[2020-04-14T23:02:20.110-0700][gc,heap       ] GC(696) Old regions: 144->144
[2020-04-14T23:02:20.110-0700][gc,heap       ] GC(696) Humongous regions: 130->130
[2020-04-14T23:02:20.110-0700][gc,metaspace  ] GC(696) Metaspace: 28007K->28007K(1075200K)
[2020-04-14T23:02:20.110-0700][gc            ] GC(696) Pause Young (Normal) (G1 Evacuation Pause) 323M->275M(1024M) 14.018ms
[2020-04-14T23:02:20.110-0700][gc,cpu        ] GC(696) User=0.05s Sys=0.00s Real=0.02s
[2020-04-14T23:02:36.003-0700][gc,start      ] GC(697) Pause Young (Normal) (G1 Evacuation Pause)
[2020-04-14T23:02:36.004-0700][gc,task       ] GC(697) Using 4 workers of 4 for evacuation
[2020-04-14T23:02:36.016-0700][gc,phases     ] GC(697)   Pre Evacuate Collection Set: 0.1ms
[2020-04-14T23:02:36.016-0700][gc,phases     ] GC(697)   Evacuate Collection Set: 12.0ms
[2020-04-14T23:02:36.016-0700][gc,phases     ] GC(697)   Post Evacuate Collection Set: 0.5ms
[2020-04-14T23:02:36.017-0700][gc,phases     ] GC(697)   Other: 0.4ms
[2020-04-14T23:02:36.017-0700][gc,heap       ] GC(697) Eden regions: 48->0(48)
[2020-04-14T23:02:36.017-0700][gc,heap       ] GC(697) Survivor regions: 3->3(7)
[2020-04-14T23:02:36.017-0700][gc,heap       ] GC(697) Old regions: 144->144
[2020-04-14T23:02:36.017-0700][gc,heap       ] GC(697) Humongous regions: 130->130
[2020-04-14T23:02:36.017-0700][gc,metaspace  ] GC(697) Metaspace: 28007K->28007K(1075200K)
[2020-04-14T23:02:36.017-0700][gc            ] GC(697) Pause Young (Normal) (G1 Evacuation Pause) 323M->276M(1024M) 13.143ms
[2020-04-14T23:02:36.017-0700][gc,cpu        ] GC(697) User=0.04s Sys=0.01s Real=0.01s
[2020-04-14T23:02:51.729-0700][gc,start      ] GC(698) Pause Young (Normal) (G1 Evacuation Pause)
[2020-04-14T23:02:51.729-0700][gc,task       ] GC(698) Using 4 workers of 4 for evacuation
[2020-04-14T23:02:51.745-0700][gc,phases     ] GC(698)   Pre Evacuate Collection Set: 0.1ms
[2020-04-14T23:02:51.745-0700][gc,phases     ] GC(698)   Evacuate Collection Set: 15.6ms
[2020-04-14T23:02:51.745-0700][gc,phases     ] GC(698)   Post Evacuate Collection Set: 0.3ms
[2020-04-14T23:02:51.746-0700][gc,phases     ] GC(698)   Other: 0.4ms
[2020-04-14T23:02:51.746-0700][gc,heap       ] GC(698) Eden regions: 48->0(47)
[2020-04-14T23:02:51.746-0700][gc,heap       ] GC(698) Survivor regions: 3->4(7)
[2020-04-14T23:02:51.746-0700][gc,heap       ] GC(698) Old regions: 144->144
[2020-04-14T23:02:51.746-0700][gc,heap       ] GC(698) Humongous regions: 130->130
[2020-04-14T23:02:51.746-0700][gc,metaspace  ] GC(698) Metaspace: 28007K->28007K(1075200K)
[2020-04-14T23:02:51.746-0700][gc            ] GC(698) Pause Young (Normal) (G1 Evacuation Pause) 324M->276M(1024M) 16.458ms
[2020-04-14T23:02:51.746-0700][gc,cpu        ] GC(698) User=0.06s Sys=0.00s Real=0.02s
[2020-04-14T23:03:07.338-0700][gc,start      ] GC(699) Pause Young (Normal) (G1 Evacuation Pause)
[2020-04-14T23:03:07.338-0700][gc,task       ] GC(699) Using 4 workers of 4 for evacuation
[2020-04-14T23:03:07.356-0700][gc,phases     ] GC(699)   Pre Evacuate Collection Set: 0.0ms
[2020-04-14T23:03:07.356-0700][gc,phases     ] GC(699)   Evacuate Collection Set: 17.1ms
[2020-04-14T23:03:07.356-0700][gc,phases     ] GC(699)   Post Evacuate Collection Set: 0.5ms
[2020-04-14T23:03:07.356-0700][gc,phases     ] GC(699)   Other: 0.4ms
[2020-04-14T23:03:07.356-0700][gc,heap       ] GC(699) Eden regions: 47->0(47)
[2020-04-14T23:03:07.356-0700][gc,heap       ] GC(699) Survivor regions: 4->4(7)
[2020-04-14T23:03:07.356-0700][gc,heap       ] GC(699) Old regions: 144->144
[2020-04-14T23:03:07.356-0700][gc,heap       ] GC(699) Humongous regions: 130->130
[2020-04-14T23:03:07.356-0700][gc,metaspace  ] GC(699) Metaspace: 28007K->28007K(1075200K)
[2020-04-14T23:03:07.356-0700][gc            ] GC(699) Pause Young (Normal) (G1 Evacuation Pause) 323M->277M(1024M) 18.277ms
[2020-04-14T23:03:07.356-0700][gc,cpu        ] GC(699) User=0.07s Sys=0.00s Real=0.01s
[2020-04-14T23:03:22.840-0700][gc,start      ] GC(700) Pause Young (Normal) (G1 Evacuation Pause)
[2020-04-14T23:03:22.840-0700][gc,task       ] GC(700) Using 4 workers of 4 for evacuation
[2020-04-14T23:03:22.847-0700][gc,phases     ] GC(700)   Pre Evacuate Collection Set: 0.0ms
[2020-04-14T23:03:22.847-0700][gc,phases     ] GC(700)   Evacuate Collection Set: 5.8ms
[2020-04-14T23:03:22.847-0700][gc,phases     ] GC(700)   Post Evacuate Collection Set: 0.8ms
[2020-04-14T23:03:22.847-0700][gc,phases     ] GC(700)   Other: 0.2ms
[2020-04-14T23:03:22.847-0700][gc,heap       ] GC(700) Eden regions: 47->0(49)
[2020-04-14T23:03:22.847-0700][gc,heap       ] GC(700) Survivor regions: 4->4(7)
[2020-04-14T23:03:22.847-0700][gc,heap       ] GC(700) Old regions: 144->144
[2020-04-14T23:03:22.847-0700][gc,heap       ] GC(700) Humongous regions: 130->130
[2020-04-14T23:03:22.847-0700][gc,metaspace  ] GC(700) Metaspace: 28007K->28007K(1075200K)
[2020-04-14T23:03:22.847-0700][gc            ] GC(700) Pause Young (Normal) (G1 Evacuation Pause) 324M->277M(1024M) 7.084ms
[2020-04-14T23:03:22.847-0700][gc,cpu        ] GC(700) User=0.02s Sys=0.00s Real=0.00s
[2020-04-14T23:03:38.859-0700][gc,start      ] GC(701) Pause Young (Normal) (G1 Evacuation Pause)
[2020-04-14T23:03:38.859-0700][gc,task       ] GC(701) Using 4 workers of 4 for evacuation
[2020-04-14T23:03:38.879-0700][gc,phases     ] GC(701)   Pre Evacuate Collection Set: 0.0ms
[2020-04-14T23:03:38.879-0700][gc,phases     ] GC(701)   Evacuate Collection Set: 19.1ms
[2020-04-14T23:03:38.879-0700][gc,phases     ] GC(701)   Post Evacuate Collection Set: 0.5ms
[2020-04-14T23:03:38.879-0700][gc,phases     ] GC(701)   Other: 0.4ms
[2020-04-14T23:03:38.879-0700][gc,heap       ] GC(701) Eden regions: 49->0(49)
[2020-04-14T23:03:38.879-0700][gc,heap       ] GC(701) Survivor regions: 4->5(7)
[2020-04-14T23:03:38.879-0700][gc,heap       ] GC(701) Old regions: 144->144
[2020-04-14T23:03:38.879-0700][gc,heap       ] GC(701) Humongous regions: 130->130
[2020-04-14T23:03:38.879-0700][gc,metaspace  ] GC(701) Metaspace: 28007K->28007K(1075200K)
[2020-04-14T23:03:38.879-0700][gc            ] GC(701) Pause Young (Normal) (G1 Evacuation Pause) 326M->277M(1024M) 20.226ms
[2020-04-14T23:03:38.879-0700][gc,cpu        ] GC(701) User=0.08s Sys=0.00s Real=0.02s
[2020-04-14T23:03:55.133-0700][gc,start      ] GC(702) Pause Young (Normal) (G1 Evacuation Pause)
[2020-04-14T23:03:55.133-0700][gc,task       ] GC(702) Using 4 workers of 4 for evacuation
[2020-04-14T23:03:55.151-0700][gc,phases     ] GC(702)   Pre Evacuate Collection Set: 0.1ms
[2020-04-14T23:03:55.151-0700][gc,phases     ] GC(702)   Evacuate Collection Set: 17.2ms
[2020-04-14T23:03:55.151-0700][gc,phases     ] GC(702)   Post Evacuate Collection Set: 0.5ms
[2020-04-14T23:03:55.152-0700][gc,phases     ] GC(702)   Other: 0.4ms
[2020-04-14T23:03:55.152-0700][gc,heap       ] GC(702) Eden regions: 49->0(50)
[2020-04-14T23:03:55.152-0700][gc,heap       ] GC(702) Survivor regions: 5->3(7)
[2020-04-14T23:03:55.152-0700][gc,heap       ] GC(702) Old regions: 144->145
[2020-04-14T23:03:55.152-0700][gc,heap       ] GC(702) Humongous regions: 130->130
[2020-04-14T23:03:55.152-0700][gc,metaspace  ] GC(702) Metaspace: 28007K->28007K(1075200K)
[2020-04-14T23:03:55.152-0700][gc            ] GC(702) Pause Young (Normal) (G1 Evacuation Pause) 326M->277M(1024M) 18.529ms
[2020-04-14T23:03:55.152-0700][gc,cpu        ] GC(702) User=0.06s Sys=0.00s Real=0.02s
[2020-04-14T23:04:11.112-0700][gc,start      ] GC(703) Pause Young (Normal) (G1 Evacuation Pause)
[2020-04-14T23:04:11.112-0700][gc,task       ] GC(703) Using 4 workers of 4 for evacuation
[2020-04-14T23:04:11.133-0700][gc,mmu        ] GC(703) MMU target violated: 20.7ms (20.0ms/21.0ms)
[2020-04-14T23:04:11.133-0700][gc,phases     ] GC(703)   Pre Evacuate Collection Set: 0.1ms
[2020-04-14T23:04:11.133-0700][gc,phases     ] GC(703)   Evacuate Collection Set: 20.0ms
[2020-04-14T23:04:11.133-0700][gc,phases     ] GC(703)   Post Evacuate Collection Set: 0.5ms
[2020-04-14T23:04:11.133-0700][gc,phases     ] GC(703)   Other: 0.5ms
[2020-04-14T23:04:11.133-0700][gc,heap       ] GC(703) Eden regions: 48->0(47)
[2020-04-14T23:04:11.133-0700][gc,heap       ] GC(703) Survivor regions: 3->4(7)
[2020-04-14T23:04:11.133-0700][gc,heap       ] GC(703) Old regions: 145->145
[2020-04-14T23:04:11.133-0700][gc,heap       ] GC(703) Humongous regions: 130->130
[2020-04-14T23:04:11.133-0700][gc,metaspace  ] GC(703) Metaspace: 28007K->28007K(1075200K)
[2020-04-14T23:04:11.133-0700][gc            ] GC(703) Pause Young (Normal) (G1 Evacuation Pause) 325M->277M(1024M) 21.118ms
[2020-04-14T23:04:11.133-0700][gc,cpu        ] GC(703) User=0.06s Sys=0.00s Real=0.02s
[2020-04-14T23:04:26.572-0700][gc,start      ] GC(704) Pause Young (Normal) (G1 Evacuation Pause)
[2020-04-14T23:04:26.572-0700][gc,task       ] GC(704) Using 4 workers of 4 for evacuation
[2020-04-14T23:04:26.588-0700][gc,phases     ] GC(704)   Pre Evacuate Collection Set: 0.0ms
[2020-04-14T23:04:26.588-0700][gc,phases     ] GC(704)   Evacuate Collection Set: 14.8ms
[2020-04-14T23:04:26.588-0700][gc,phases     ] GC(704)   Post Evacuate Collection Set: 0.6ms
[2020-04-14T23:04:26.588-0700][gc,phases     ] GC(704)   Other: 0.3ms
[2020-04-14T23:04:26.588-0700][gc,heap       ] GC(704) Eden regions: 47->0(47)
[2020-04-14T23:04:26.588-0700][gc,heap       ] GC(704) Survivor regions: 4->4(7)
[2020-04-14T23:04:26.588-0700][gc,heap       ] GC(704) Old regions: 145->145
[2020-04-14T23:04:26.588-0700][gc,heap       ] GC(704) Humongous regions: 130->130
[2020-04-14T23:04:26.588-0700][gc,metaspace  ] GC(704) Metaspace: 28007K->28007K(1075200K)
[2020-04-14T23:04:26.588-0700][gc            ] GC(704) Pause Young (Normal) (G1 Evacuation Pause) 324M->278M(1024M) 15.866ms
[2020-04-14T23:04:26.588-0700][gc,cpu        ] GC(704) User=0.06s Sys=0.00s Real=0.01s
[2020-04-14T23:04:42.002-0700][gc,start      ] GC(705) Pause Young (Normal) (G1 Evacuation Pause)
[2020-04-14T23:04:42.002-0700][gc,task       ] GC(705) Using 4 workers of 4 for evacuation
[2020-04-14T23:04:42.023-0700][gc,mmu        ] GC(705) MMU target violated: 21.0ms (20.0ms/21.0ms)
[2020-04-14T23:04:42.024-0700][gc,phases     ] GC(705)   Pre Evacuate Collection Set: 0.0ms
[2020-04-14T23:04:42.024-0700][gc,phases     ] GC(705)   Evacuate Collection Set: 20.6ms
[2020-04-14T23:04:42.024-0700][gc,phases     ] GC(705)   Post Evacuate Collection Set: 0.5ms
[2020-04-14T23:04:42.024-0700][gc,phases     ] GC(705)   Other: 0.5ms
[2020-04-14T23:04:42.024-0700][gc,heap       ] GC(705) Eden regions: 47->0(47)
[2020-04-14T23:04:42.024-0700][gc,heap       ] GC(705) Survivor regions: 4->4(7)
[2020-04-14T23:04:42.024-0700][gc,heap       ] GC(705) Old regions: 145->145
[2020-04-14T23:04:42.024-0700][gc,heap       ] GC(705) Humongous regions: 130->130
[2020-04-14T23:04:42.024-0700][gc,metaspace  ] GC(705) Metaspace: 28007K->28007K(1075200K)
[2020-04-14T23:04:42.024-0700][gc            ] GC(705) Pause Young (Normal) (G1 Evacuation Pause) 325M->278M(1024M) 21.760ms
[2020-04-14T23:04:42.024-0700][gc,cpu        ] GC(705) User=0.09s Sys=0.00s Real=0.02s
[2020-04-14T23:04:57.656-0700][gc,start      ] GC(706) Pause Young (Normal) (G1 Evacuation Pause)
[2020-04-14T23:04:57.656-0700][gc,task       ] GC(706) Using 4 workers of 4 for evacuation
[2020-04-14T23:04:57.682-0700][gc,mmu        ] GC(706) MMU target violated: 21.0ms (20.0ms/21.0ms)
[2020-04-14T23:04:57.682-0700][gc,phases     ] GC(706)   Pre Evacuate Collection Set: 0.1ms
[2020-04-14T23:04:57.682-0700][gc,phases     ] GC(706)   Evacuate Collection Set: 25.2ms
[2020-04-14T23:04:57.682-0700][gc,phases     ] GC(706)   Post Evacuate Collection Set: 0.7ms
[2020-04-14T23:04:57.682-0700][gc,phases     ] GC(706)   Other: 0.5ms
[2020-04-14T23:04:57.682-0700][gc,heap       ] GC(706) Eden regions: 47->0(46)
[2020-04-14T23:04:57.682-0700][gc,heap       ] GC(706) Survivor regions: 4->6(7)
[2020-04-14T23:04:57.682-0700][gc,heap       ] GC(706) Old regions: 145->145
[2020-04-14T23:04:57.682-0700][gc,heap       ] GC(706) Humongous regions: 130->130
[2020-04-14T23:04:57.682-0700][gc,metaspace  ] GC(706) Metaspace: 28007K->28007K(1075200K)
[2020-04-14T23:04:57.682-0700][gc            ] GC(706) Pause Young (Normal) (G1 Evacuation Pause) 325M->280M(1024M) 26.569ms
[2020-04-14T23:04:57.682-0700][gc,cpu        ] GC(706) User=0.10s Sys=0.00s Real=0.03s
[2020-04-14T23:05:12.634-0700][gc,start      ] GC(707) Pause Young (Normal) (G1 Evacuation Pause)
[2020-04-14T23:05:12.634-0700][gc,task       ] GC(707) Using 4 workers of 4 for evacuation
[2020-04-14T23:05:12.659-0700][gc,mmu        ] GC(707) MMU target violated: 21.0ms (20.0ms/21.0ms)
[2020-04-14T23:05:12.659-0700][gc,phases     ] GC(707)   Pre Evacuate Collection Set: 0.0ms
[2020-04-14T23:05:12.659-0700][gc,phases     ] GC(707)   Evacuate Collection Set: 24.3ms
[2020-04-14T23:05:12.659-0700][gc,phases     ] GC(707)   Post Evacuate Collection Set: 0.5ms
[2020-04-14T23:05:12.659-0700][gc,phases     ] GC(707)   Other: 0.5ms
[2020-04-14T23:05:12.659-0700][gc,heap       ] GC(707) Eden regions: 45->0(47)
[2020-04-14T23:05:12.659-0700][gc,heap       ] GC(707) Survivor regions: 6->4(7)
[2020-04-14T23:05:12.659-0700][gc,heap       ] GC(707) Old regions: 145->147
[2020-04-14T23:05:12.659-0700][gc,heap       ] GC(707) Humongous regions: 130->130
[2020-04-14T23:05:12.659-0700][gc,metaspace  ] GC(707) Metaspace: 28007K->28007K(1075200K)
[2020-04-14T23:05:12.659-0700][gc            ] GC(707) Pause Young (Normal) (G1 Evacuation Pause) 325M->280M(1024M) 25.374ms
[2020-04-14T23:05:12.659-0700][gc,cpu        ] GC(707) User=0.09s Sys=0.00s Real=0.03s
[2020-04-14T23:05:28.500-0700][gc,start      ] GC(708) Pause Young (Normal) (G1 Evacuation Pause)
[2020-04-14T23:05:28.500-0700][gc,task       ] GC(708) Using 4 workers of 4 for evacuation
[2020-04-14T23:05:28.506-0700][gc,phases     ] GC(708)   Pre Evacuate Collection Set: 0.0ms
[2020-04-14T23:05:28.506-0700][gc,phases     ] GC(708)   Evacuate Collection Set: 5.8ms
[2020-04-14T23:05:28.506-0700][gc,phases     ] GC(708)   Post Evacuate Collection Set: 0.2ms
[2020-04-14T23:05:28.506-0700][gc,phases     ] GC(708)   Other: 0.2ms
[2020-04-14T23:05:28.506-0700][gc,heap       ] GC(708) Eden regions: 47->0(47)
[2020-04-14T23:05:28.506-0700][gc,heap       ] GC(708) Survivor regions: 4->4(7)
[2020-04-14T23:05:28.506-0700][gc,heap       ] GC(708) Old regions: 147->147
[2020-04-14T23:05:28.506-0700][gc,heap       ] GC(708) Humongous regions: 130->130
[2020-04-14T23:05:28.506-0700][gc,metaspace  ] GC(708) Metaspace: 28007K->28007K(1075200K)
[2020-04-14T23:05:28.506-0700][gc            ] GC(708) Pause Young (Normal) (G1 Evacuation Pause) 327M->280M(1024M) 6.331ms
[2020-04-14T23:05:28.506-0700][gc,cpu        ] GC(708) User=0.02s Sys=0.00s Real=0.00s
[2020-04-14T23:05:43.561-0700][gc,start      ] GC(709) Pause Young (Normal) (G1 Evacuation Pause)
[2020-04-14T23:05:43.561-0700][gc,task       ] GC(709) Using 4 workers of 4 for evacuation
[2020-04-14T23:05:43.585-0700][gc,mmu        ] GC(709) MMU target violated: 21.0ms (20.0ms/21.0ms)
[2020-04-14T23:05:43.585-0700][gc,phases     ] GC(709)   Pre Evacuate Collection Set: 0.0ms
[2020-04-14T23:05:43.585-0700][gc,phases     ] GC(709)   Evacuate Collection Set: 22.8ms
[2020-04-14T23:05:43.585-0700][gc,phases     ] GC(709)   Post Evacuate Collection Set: 0.8ms
[2020-04-14T23:05:43.585-0700][gc,phases     ] GC(709)   Other: 0.5ms
[2020-04-14T23:05:43.585-0700][gc,heap       ] GC(709) Eden regions: 47->0(46)
[2020-04-14T23:05:43.585-0700][gc,heap       ] GC(709) Survivor regions: 4->5(7)
[2020-04-14T23:05:43.585-0700][gc,heap       ] GC(709) Old regions: 147->148
[2020-04-14T23:05:43.585-0700][gc,heap       ] GC(709) Humongous regions: 130->130
[2020-04-14T23:05:43.585-0700][gc,metaspace  ] GC(709) Metaspace: 28174K->28174K(1075200K)
[2020-04-14T23:05:43.585-0700][gc            ] GC(709) Pause Young (Normal) (G1 Evacuation Pause) 327M->281M(1024M) 24.267ms
[2020-04-14T23:05:43.585-0700][gc,cpu        ] GC(709) User=0.10s Sys=0.00s Real=0.02s
[2020-04-14T23:05:58.592-0700][gc,start      ] GC(710) Pause Young (Normal) (G1 Evacuation Pause)
[2020-04-14T23:05:58.592-0700][gc,task       ] GC(710) Using 4 workers of 4 for evacuation
[2020-04-14T23:05:58.614-0700][gc,mmu        ] GC(710) MMU target violated: 21.0ms (20.0ms/21.0ms)
[2020-04-14T23:05:58.614-0700][gc,phases     ] GC(710)   Pre Evacuate Collection Set: 0.0ms
[2020-04-14T23:05:58.614-0700][gc,phases     ] GC(710)   Evacuate Collection Set: 20.8ms
[2020-04-14T23:05:58.614-0700][gc,phases     ] GC(710)   Post Evacuate Collection Set: 0.7ms
[2020-04-14T23:05:58.614-0700][gc,phases     ] GC(710)   Other: 0.4ms
[2020-04-14T23:05:58.614-0700][gc,heap       ] GC(710) Eden regions: 46->0(47)
[2020-04-14T23:05:58.614-0700][gc,heap       ] GC(710) Survivor regions: 5->4(7)
[2020-04-14T23:05:58.614-0700][gc,heap       ] GC(710) Old regions: 148->148
[2020-04-14T23:05:58.614-0700][gc,heap       ] GC(710) Humongous regions: 130->130
[2020-04-14T23:05:58.614-0700][gc,metaspace  ] GC(710) Metaspace: 28181K->28181K(1075200K)
[2020-04-14T23:05:58.614-0700][gc            ] GC(710) Pause Young (Normal) (G1 Evacuation Pause) 327M->281M(1024M) 22.141ms
[2020-04-14T23:05:58.614-0700][gc,cpu        ] GC(710) User=0.08s Sys=0.00s Real=0.02s
[2020-04-14T23:06:14.182-0700][gc,start      ] GC(711) Pause Young (Normal) (G1 Evacuation Pause)
[2020-04-14T23:06:14.182-0700][gc,task       ] GC(711) Using 4 workers of 4 for evacuation
[2020-04-14T23:06:14.206-0700][gc,mmu        ] GC(711) MMU target violated: 21.0ms (20.0ms/21.0ms)
[2020-04-14T23:06:14.206-0700][gc,phases     ] GC(711)   Pre Evacuate Collection Set: 0.1ms
[2020-04-14T23:06:14.206-0700][gc,phases     ] GC(711)   Evacuate Collection Set: 22.7ms
[2020-04-14T23:06:14.206-0700][gc,phases     ] GC(711)   Post Evacuate Collection Set: 0.7ms
[2020-04-14T23:06:14.206-0700][gc,phases     ] GC(711)   Other: 0.6ms
[2020-04-14T23:06:14.206-0700][gc,heap       ] GC(711) Eden regions: 47->0(47)
[2020-04-14T23:06:14.206-0700][gc,heap       ] GC(711) Survivor regions: 4->4(7)
[2020-04-14T23:06:14.206-0700][gc,heap       ] GC(711) Old regions: 148->148
[2020-04-14T23:06:14.206-0700][gc,heap       ] GC(711) Humongous regions: 130->130
[2020-04-14T23:06:14.206-0700][gc,metaspace  ] GC(711) Metaspace: 28181K->28181K(1075200K)
[2020-04-14T23:06:14.206-0700][gc            ] GC(711) Pause Young (Normal) (G1 Evacuation Pause) 328M->281M(1024M) 24.151ms
[2020-04-14T23:06:14.206-0700][gc,cpu        ] GC(711) User=0.09s Sys=0.00s Real=0.02s
[2020-04-14T23:06:29.790-0700][gc,start      ] GC(712) Pause Young (Normal) (G1 Evacuation Pause)
[2020-04-14T23:06:29.790-0700][gc,task       ] GC(712) Using 4 workers of 4 for evacuation
[2020-04-14T23:06:29.814-0700][gc,mmu        ] GC(712) MMU target violated: 21.0ms (20.0ms/21.0ms)
[2020-04-14T23:06:29.814-0700][gc,phases     ] GC(712)   Pre Evacuate Collection Set: 0.1ms
[2020-04-14T23:06:29.814-0700][gc,phases     ] GC(712)   Evacuate Collection Set: 22.8ms
[2020-04-14T23:06:29.814-0700][gc,phases     ] GC(712)   Post Evacuate Collection Set: 0.7ms
[2020-04-14T23:06:29.814-0700][gc,phases     ] GC(712)   Other: 0.5ms
[2020-04-14T23:06:29.814-0700][gc,heap       ] GC(712) Eden regions: 47->0(46)
[2020-04-14T23:06:29.814-0700][gc,heap       ] GC(712) Survivor regions: 4->5(7)
[2020-04-14T23:06:29.814-0700][gc,heap       ] GC(712) Old regions: 148->148
[2020-04-14T23:06:29.814-0700][gc,heap       ] GC(712) Humongous regions: 130->130
[2020-04-14T23:06:29.814-0700][gc,metaspace  ] GC(712) Metaspace: 28181K->28181K(1075200K)
[2020-04-14T23:06:29.814-0700][gc            ] GC(712) Pause Young (Normal) (G1 Evacuation Pause) 328M->282M(1024M) 24.140ms
[2020-04-14T23:06:29.814-0700][gc,cpu        ] GC(712) User=0.08s Sys=0.00s Real=0.02s
[2020-04-14T23:06:45.023-0700][gc,start      ] GC(713) Pause Young (Normal) (G1 Evacuation Pause)
[2020-04-14T23:06:45.023-0700][gc,task       ] GC(713) Using 4 workers of 4 for evacuation
[2020-04-14T23:06:45.052-0700][gc,mmu        ] GC(713) MMU target violated: 21.0ms (20.0ms/21.0ms)
[2020-04-14T23:06:45.053-0700][gc,phases     ] GC(713)   Pre Evacuate Collection Set: 0.1ms
[2020-04-14T23:06:45.053-0700][gc,phases     ] GC(713)   Evacuate Collection Set: 28.1ms
[2020-04-14T23:06:45.053-0700][gc,phases     ] GC(713)   Post Evacuate Collection Set: 0.7ms
[2020-04-14T23:06:45.053-0700][gc,phases     ] GC(713)   Other: 0.6ms
[2020-04-14T23:06:45.053-0700][gc,heap       ] GC(713) Eden regions: 46->0(47)
[2020-04-14T23:06:45.053-0700][gc,heap       ] GC(713) Survivor regions: 5->4(7)
[2020-04-14T23:06:45.053-0700][gc,heap       ] GC(713) Old regions: 148->149
[2020-04-14T23:06:45.053-0700][gc,heap       ] GC(713) Humongous regions: 130->130
[2020-04-14T23:06:45.053-0700][gc,metaspace  ] GC(713) Metaspace: 28181K->28181K(1075200K)
[2020-04-14T23:06:45.053-0700][gc            ] GC(713) Pause Young (Normal) (G1 Evacuation Pause) 328M->282M(1024M) 29.572ms
[2020-04-14T23:06:45.053-0700][gc,cpu        ] GC(713) User=0.10s Sys=0.00s Real=0.03s
[2020-04-14T23:07:00.649-0700][gc,start      ] GC(714) Pause Young (Normal) (G1 Evacuation Pause)
[2020-04-14T23:07:00.649-0700][gc,task       ] GC(714) Using 4 workers of 4 for evacuation
[2020-04-14T23:07:00.677-0700][gc,mmu        ] GC(714) MMU target violated: 21.0ms (20.0ms/21.0ms)
[2020-04-14T23:07:00.677-0700][gc,phases     ] GC(714)   Pre Evacuate Collection Set: 0.0ms
[2020-04-14T23:07:00.677-0700][gc,phases     ] GC(714)   Evacuate Collection Set: 27.1ms
[2020-04-14T23:07:00.677-0700][gc,phases     ] GC(714)   Post Evacuate Collection Set: 0.8ms
[2020-04-14T23:07:00.677-0700][gc,phases     ] GC(714)   Other: 0.6ms
[2020-04-14T23:07:00.677-0700][gc,heap       ] GC(714) Eden regions: 47->0(47)
[2020-04-14T23:07:00.677-0700][gc,heap       ] GC(714) Survivor regions: 4->4(7)
[2020-04-14T23:07:00.677-0700][gc,heap       ] GC(714) Old regions: 149->149
[2020-04-14T23:07:00.677-0700][gc,heap       ] GC(714) Humongous regions: 130->130
[2020-04-14T23:07:00.677-0700][gc,metaspace  ] GC(714) Metaspace: 28181K->28181K(1075200K)
[2020-04-14T23:07:00.677-0700][gc            ] GC(714) Pause Young (Normal) (G1 Evacuation Pause) 329M->282M(1024M) 28.629ms
[2020-04-14T23:07:00.677-0700][gc,cpu        ] GC(714) User=0.10s Sys=0.00s Real=0.03s
[2020-04-14T23:07:16.287-0700][gc,start      ] GC(715) Pause Young (Normal) (G1 Evacuation Pause)
[2020-04-14T23:07:16.287-0700][gc,task       ] GC(715) Using 4 workers of 4 for evacuation
[2020-04-14T23:07:16.312-0700][gc,mmu        ] GC(715) MMU target violated: 21.0ms (20.0ms/21.0ms)
[2020-04-14T23:07:16.312-0700][gc,phases     ] GC(715)   Pre Evacuate Collection Set: 0.0ms
[2020-04-14T23:07:16.312-0700][gc,phases     ] GC(715)   Evacuate Collection Set: 24.1ms
[2020-04-14T23:07:16.312-0700][gc,phases     ] GC(715)   Post Evacuate Collection Set: 0.6ms
[2020-04-14T23:07:16.312-0700][gc,phases     ] GC(715)   Other: 0.5ms
[2020-04-14T23:07:16.312-0700][gc,heap       ] GC(715) Eden regions: 47->0(47)
[2020-04-14T23:07:16.312-0700][gc,heap       ] GC(715) Survivor regions: 4->4(7)
[2020-04-14T23:07:16.313-0700][gc,heap       ] GC(715) Old regions: 149->150
[2020-04-14T23:07:16.313-0700][gc,heap       ] GC(715) Humongous regions: 130->130
[2020-04-14T23:07:16.313-0700][gc,metaspace  ] GC(715) Metaspace: 28181K->28181K(1075200K)
[2020-04-14T23:07:16.313-0700][gc            ] GC(715) Pause Young (Normal) (G1 Evacuation Pause) 329M->283M(1024M) 25.393ms
[2020-04-14T23:07:16.313-0700][gc,cpu        ] GC(715) User=0.10s Sys=0.00s Real=0.03s
[2020-04-14T23:07:32.392-0700][gc,start      ] GC(716) Pause Young (Normal) (G1 Evacuation Pause)
[2020-04-14T23:07:32.392-0700][gc,task       ] GC(716) Using 4 workers of 4 for evacuation
[2020-04-14T23:07:32.420-0700][gc,mmu        ] GC(716) MMU target violated: 21.0ms (20.0ms/21.0ms)
[2020-04-14T23:07:32.420-0700][gc,phases     ] GC(716)   Pre Evacuate Collection Set: 0.1ms
[2020-04-14T23:07:32.420-0700][gc,phases     ] GC(716)   Evacuate Collection Set: 26.4ms
[2020-04-14T23:07:32.420-0700][gc,phases     ] GC(716)   Post Evacuate Collection Set: 0.7ms
[2020-04-14T23:07:32.420-0700][gc,phases     ] GC(716)   Other: 0.6ms
[2020-04-14T23:07:32.420-0700][gc,heap       ] GC(716) Eden regions: 47->0(47)
[2020-04-14T23:07:32.420-0700][gc,heap       ] GC(716) Survivor regions: 4->4(7)
[2020-04-14T23:07:32.420-0700][gc,heap       ] GC(716) Old regions: 150->150
[2020-04-14T23:07:32.420-0700][gc,heap       ] GC(716) Humongous regions: 130->130
[2020-04-14T23:07:32.420-0700][gc,metaspace  ] GC(716) Metaspace: 28181K->28181K(1075200K)
[2020-04-14T23:07:32.420-0700][gc            ] GC(716) Pause Young (Normal) (G1 Evacuation Pause) 330M->283M(1024M) 27.826ms
[2020-04-14T23:07:32.420-0700][gc,cpu        ] GC(716) User=0.11s Sys=0.00s Real=0.03s
[2020-04-14T23:07:48.055-0700][gc,start      ] GC(717) Pause Young (Normal) (G1 Evacuation Pause)
[2020-04-14T23:07:48.055-0700][gc,task       ] GC(717) Using 4 workers of 4 for evacuation
[2020-04-14T23:07:48.082-0700][gc,mmu        ] GC(717) MMU target violated: 21.0ms (20.0ms/21.0ms)
[2020-04-14T23:07:48.082-0700][gc,phases     ] GC(717)   Pre Evacuate Collection Set: 0.1ms
[2020-04-14T23:07:48.082-0700][gc,phases     ] GC(717)   Evacuate Collection Set: 26.6ms
[2020-04-14T23:07:48.082-0700][gc,phases     ] GC(717)   Post Evacuate Collection Set: 0.6ms
[2020-04-14T23:07:48.082-0700][gc,phases     ] GC(717)   Other: 0.5ms
[2020-04-14T23:07:48.082-0700][gc,heap       ] GC(717) Eden regions: 47->0(47)
[2020-04-14T23:07:48.082-0700][gc,heap       ] GC(717) Survivor regions: 4->4(7)
[2020-04-14T23:07:48.082-0700][gc,heap       ] GC(717) Old regions: 150->151
[2020-04-14T23:07:48.082-0700][gc,heap       ] GC(717) Humongous regions: 130->130
[2020-04-14T23:07:48.082-0700][gc,metaspace  ] GC(717) Metaspace: 28181K->28181K(1075200K)
[2020-04-14T23:07:48.083-0700][gc            ] GC(717) Pause Young (Normal) (G1 Evacuation Pause) 330M->283M(1024M) 27.853ms
[2020-04-14T23:07:48.083-0700][gc,cpu        ] GC(717) User=0.10s Sys=0.00s Real=0.03s
[2020-04-14T23:08:03.745-0700][gc,start      ] GC(718) Pause Young (Normal) (G1 Evacuation Pause)
[2020-04-14T23:08:03.745-0700][gc,task       ] GC(718) Using 4 workers of 4 for evacuation
[2020-04-14T23:08:03.771-0700][gc,mmu        ] GC(718) MMU target violated: 21.0ms (20.0ms/21.0ms)
[2020-04-14T23:08:03.771-0700][gc,phases     ] GC(718)   Pre Evacuate Collection Set: 0.0ms
[2020-04-14T23:08:03.771-0700][gc,phases     ] GC(718)   Evacuate Collection Set: 25.1ms
[2020-04-14T23:08:03.771-0700][gc,phases     ] GC(718)   Post Evacuate Collection Set: 0.9ms
[2020-04-14T23:08:03.771-0700][gc,phases     ] GC(718)   Other: 0.5ms
[2020-04-14T23:08:03.771-0700][gc,heap       ] GC(718) Eden regions: 47->0(47)
[2020-04-14T23:08:03.771-0700][gc,heap       ] GC(718) Survivor regions: 4->4(7)
[2020-04-14T23:08:03.771-0700][gc,heap       ] GC(718) Old regions: 151->151
[2020-04-14T23:08:03.771-0700][gc,heap       ] GC(718) Humongous regions: 130->130
[2020-04-14T23:08:03.771-0700][gc,metaspace  ] GC(718) Metaspace: 28181K->28181K(1075200K)
[2020-04-14T23:08:03.771-0700][gc            ] GC(718) Pause Young (Normal) (G1 Evacuation Pause) 330M->284M(1024M) 26.660ms
[2020-04-14T23:08:03.771-0700][gc,cpu        ] GC(718) User=0.10s Sys=0.00s Real=0.03s
[2020-04-14T23:08:19.347-0700][gc,start      ] GC(719) Pause Young (Normal) (G1 Evacuation Pause)
[2020-04-14T23:08:19.347-0700][gc,task       ] GC(719) Using 4 workers of 4 for evacuation
[2020-04-14T23:08:19.380-0700][gc,mmu        ] GC(719) MMU target violated: 21.0ms (20.0ms/21.0ms)
[2020-04-14T23:08:19.380-0700][gc,phases     ] GC(719)   Pre Evacuate Collection Set: 0.0ms
[2020-04-14T23:08:19.380-0700][gc,phases     ] GC(719)   Evacuate Collection Set: 31.7ms
[2020-04-14T23:08:19.380-0700][gc,phases     ] GC(719)   Post Evacuate Collection Set: 0.6ms
[2020-04-14T23:08:19.380-0700][gc,phases     ] GC(719)   Other: 0.5ms
[2020-04-14T23:08:19.380-0700][gc,heap       ] GC(719) Eden regions: 47->0(46)
[2020-04-14T23:08:19.380-0700][gc,heap       ] GC(719) Survivor regions: 4->5(7)
[2020-04-14T23:08:19.380-0700][gc,heap       ] GC(719) Old regions: 151->151
[2020-04-14T23:08:19.380-0700][gc,heap       ] GC(719) Humongous regions: 130->130
[2020-04-14T23:08:19.380-0700][gc,metaspace  ] GC(719) Metaspace: 28181K->28181K(1075200K)
[2020-04-14T23:08:19.380-0700][gc            ] GC(719) Pause Young (Normal) (G1 Evacuation Pause) 331M->285M(1024M) 33.000ms
[2020-04-14T23:08:19.380-0700][gc,cpu        ] GC(719) User=0.12s Sys=0.00s Real=0.04s
[2020-04-14T23:08:34.628-0700][gc,start      ] GC(720) Pause Young (Normal) (G1 Evacuation Pause)
[2020-04-14T23:08:34.628-0700][gc,task       ] GC(720) Using 4 workers of 4 for evacuation
[2020-04-14T23:08:34.659-0700][gc,mmu        ] GC(720) MMU target violated: 21.0ms (20.0ms/21.0ms)
[2020-04-14T23:08:34.659-0700][gc,phases     ] GC(720)   Pre Evacuate Collection Set: 0.0ms
[2020-04-14T23:08:34.659-0700][gc,phases     ] GC(720)   Evacuate Collection Set: 30.0ms
[2020-04-14T23:08:34.659-0700][gc,phases     ] GC(720)   Post Evacuate Collection Set: 0.7ms
[2020-04-14T23:08:34.659-0700][gc,phases     ] GC(720)   Other: 0.5ms
[2020-04-14T23:08:34.659-0700][gc,heap       ] GC(720) Eden regions: 46->0(47)
[2020-04-14T23:08:34.659-0700][gc,heap       ] GC(720) Survivor regions: 5->4(7)
[2020-04-14T23:08:34.659-0700][gc,heap       ] GC(720) Old regions: 151->153
[2020-04-14T23:08:34.659-0700][gc,heap       ] GC(720) Humongous regions: 130->130
[2020-04-14T23:08:34.659-0700][gc,metaspace  ] GC(720) Metaspace: 28181K->28181K(1075200K)
[2020-04-14T23:08:34.659-0700][gc            ] GC(720) Pause Young (Normal) (G1 Evacuation Pause) 331M->286M(1024M) 31.435ms
[2020-04-14T23:08:34.659-0700][gc,cpu        ] GC(720) User=0.12s Sys=0.00s Real=0.04s
[2020-04-14T23:08:50.239-0700][gc,start      ] GC(721) Pause Young (Normal) (G1 Evacuation Pause)
[2020-04-14T23:08:50.240-0700][gc,task       ] GC(721) Using 4 workers of 4 for evacuation
[2020-04-14T23:08:50.274-0700][gc,mmu        ] GC(721) MMU target violated: 21.0ms (20.0ms/21.0ms)
[2020-04-14T23:08:50.274-0700][gc,phases     ] GC(721)   Pre Evacuate Collection Set: 0.1ms
[2020-04-14T23:08:50.274-0700][gc,phases     ] GC(721)   Evacuate Collection Set: 33.7ms
[2020-04-14T23:08:50.274-0700][gc,phases     ] GC(721)   Post Evacuate Collection Set: 0.5ms
[2020-04-14T23:08:50.274-0700][gc,phases     ] GC(721)   Other: 0.7ms
[2020-04-14T23:08:50.274-0700][gc,heap       ] GC(721) Eden regions: 47->0(47)
[2020-04-14T23:08:50.274-0700][gc,heap       ] GC(721) Survivor regions: 4->4(7)
[2020-04-14T23:08:50.274-0700][gc,heap       ] GC(721) Old regions: 153->153
[2020-04-14T23:08:50.274-0700][gc,heap       ] GC(721) Humongous regions: 130->130
[2020-04-14T23:08:50.274-0700][gc,metaspace  ] GC(721) Metaspace: 28181K->28181K(1075200K)
[2020-04-14T23:08:50.274-0700][gc            ] GC(721) Pause Young (Normal) (G1 Evacuation Pause) 333M->286M(1024M) 34.958ms
[2020-04-14T23:08:50.274-0700][gc,cpu        ] GC(721) User=0.12s Sys=0.00s Real=0.03s
[2020-04-14T23:09:05.926-0700][gc,start      ] GC(722) Pause Young (Normal) (G1 Evacuation Pause)
[2020-04-14T23:09:05.926-0700][gc,task       ] GC(722) Using 4 workers of 4 for evacuation
[2020-04-14T23:09:05.949-0700][gc,mmu        ] GC(722) MMU target violated: 21.0ms (20.0ms/21.0ms)
[2020-04-14T23:09:05.950-0700][gc,phases     ] GC(722)   Pre Evacuate Collection Set: 0.1ms
[2020-04-14T23:09:05.950-0700][gc,phases     ] GC(722)   Evacuate Collection Set: 22.7ms
[2020-04-14T23:09:05.950-0700][gc,phases     ] GC(722)   Post Evacuate Collection Set: 0.6ms
[2020-04-14T23:09:05.950-0700][gc,phases     ] GC(722)   Other: 0.6ms
[2020-04-14T23:09:05.950-0700][gc,heap       ] GC(722) Eden regions: 47->0(46)
[2020-04-14T23:09:05.950-0700][gc,heap       ] GC(722) Survivor regions: 4->5(7)
[2020-04-14T23:09:05.950-0700][gc,heap       ] GC(722) Old regions: 153->153
[2020-04-14T23:09:05.950-0700][gc,heap       ] GC(722) Humongous regions: 130->130
[2020-04-14T23:09:05.950-0700][gc,metaspace  ] GC(722) Metaspace: 28181K->28181K(1075200K)
[2020-04-14T23:09:05.950-0700][gc            ] GC(722) Pause Young (Normal) (G1 Evacuation Pause) 333M->287M(1024M) 23.941ms
[2020-04-14T23:09:05.950-0700][gc,cpu        ] GC(722) User=0.09s Sys=0.00s Real=0.03s
[2020-04-14T23:09:21.234-0700][gc,start      ] GC(723) Pause Young (Normal) (G1 Evacuation Pause)
[2020-04-14T23:09:21.234-0700][gc,task       ] GC(723) Using 4 workers of 4 for evacuation
[2020-04-14T23:09:21.257-0700][gc,mmu        ] GC(723) MMU target violated: 21.0ms (20.0ms/21.0ms)
[2020-04-14T23:09:21.257-0700][gc,phases     ] GC(723)   Pre Evacuate Collection Set: 0.0ms
[2020-04-14T23:09:21.257-0700][gc,phases     ] GC(723)   Evacuate Collection Set: 22.8ms
[2020-04-14T23:09:21.257-0700][gc,phases     ] GC(723)   Post Evacuate Collection Set: 0.5ms
[2020-04-14T23:09:21.257-0700][gc,phases     ] GC(723)   Other: 0.4ms
[2020-04-14T23:09:21.257-0700][gc,heap       ] GC(723) Eden regions: 46->0(46)
[2020-04-14T23:09:21.257-0700][gc,heap       ] GC(723) Survivor regions: 5->5(7)
[2020-04-14T23:09:21.257-0700][gc,heap       ] GC(723) Old regions: 153->154
[2020-04-14T23:09:21.257-0700][gc,heap       ] GC(723) Humongous regions: 130->130
[2020-04-14T23:09:21.257-0700][gc,metaspace  ] GC(723) Metaspace: 28181K->28181K(1075200K)
[2020-04-14T23:09:21.258-0700][gc            ] GC(723) Pause Young (Normal) (G1 Evacuation Pause) 333M->287M(1024M) 23.817ms
[2020-04-14T23:09:21.258-0700][gc,cpu        ] GC(723) User=0.08s Sys=0.00s Real=0.03s
[2020-04-14T23:09:36.479-0700][gc,start      ] GC(724) Pause Young (Normal) (G1 Evacuation Pause)
[2020-04-14T23:09:36.479-0700][gc,task       ] GC(724) Using 4 workers of 4 for evacuation
[2020-04-14T23:09:36.506-0700][gc,mmu        ] GC(724) MMU target violated: 21.0ms (20.0ms/21.0ms)
[2020-04-14T23:09:36.506-0700][gc,phases     ] GC(724)   Pre Evacuate Collection Set: 0.0ms
[2020-04-14T23:09:36.506-0700][gc,phases     ] GC(724)   Evacuate Collection Set: 25.2ms
[2020-04-14T23:09:36.506-0700][gc,phases     ] GC(724)   Post Evacuate Collection Set: 0.7ms
[2020-04-14T23:09:36.506-0700][gc,phases     ] GC(724)   Other: 0.5ms
[2020-04-14T23:09:36.506-0700][gc,heap       ] GC(724) Eden regions: 46->0(47)
[2020-04-14T23:09:36.506-0700][gc,heap       ] GC(724) Survivor regions: 5->4(7)
[2020-04-14T23:09:36.506-0700][gc,heap       ] GC(724) Old regions: 154->154
[2020-04-14T23:09:36.506-0700][gc,heap       ] GC(724) Humongous regions: 130->130
[2020-04-14T23:09:36.506-0700][gc,metaspace  ] GC(724) Metaspace: 28181K->28181K(1075200K)
[2020-04-14T23:09:36.506-0700][gc            ] GC(724) Pause Young (Normal) (G1 Evacuation Pause) 333M->287M(1024M) 26.627ms
[2020-04-14T23:09:36.506-0700][gc,cpu        ] GC(724) User=0.10s Sys=0.00s Real=0.02s
[2020-04-14T23:09:52.121-0700][gc,start      ] GC(725) Pause Young (Normal) (G1 Evacuation Pause)
[2020-04-14T23:09:52.121-0700][gc,task       ] GC(725) Using 4 workers of 4 for evacuation
[2020-04-14T23:09:52.148-0700][gc,mmu        ] GC(725) MMU target violated: 21.0ms (20.0ms/21.0ms)
[2020-04-14T23:09:52.148-0700][gc,phases     ] GC(725)   Pre Evacuate Collection Set: 0.0ms
[2020-04-14T23:09:52.148-0700][gc,phases     ] GC(725)   Evacuate Collection Set: 26.2ms
[2020-04-14T23:09:52.148-0700][gc,phases     ] GC(725)   Post Evacuate Collection Set: 0.6ms
[2020-04-14T23:09:52.148-0700][gc,phases     ] GC(725)   Other: 0.6ms
[2020-04-14T23:09:52.148-0700][gc,heap       ] GC(725) Eden regions: 47->0(47)
[2020-04-14T23:09:52.148-0700][gc,heap       ] GC(725) Survivor regions: 4->4(7)
[2020-04-14T23:09:52.148-0700][gc,heap       ] GC(725) Old regions: 154->155
[2020-04-14T23:09:52.148-0700][gc,heap       ] GC(725) Humongous regions: 130->130
[2020-04-14T23:09:52.148-0700][gc,metaspace  ] GC(725) Metaspace: 28181K->28181K(1075200K)
[2020-04-14T23:09:52.148-0700][gc            ] GC(725) Pause Young (Normal) (G1 Evacuation Pause) 334M->287M(1024M) 27.592ms
[2020-04-14T23:09:52.148-0700][gc,cpu        ] GC(725) User=0.10s Sys=0.00s Real=0.02s
[2020-04-14T23:10:07.862-0700][gc,start      ] GC(726) Pause Young (Normal) (G1 Evacuation Pause)
[2020-04-14T23:10:07.862-0700][gc,task       ] GC(726) Using 4 workers of 4 for evacuation
[2020-04-14T23:10:07.889-0700][gc,mmu        ] GC(726) MMU target violated: 21.0ms (20.0ms/21.0ms)
[2020-04-14T23:10:07.889-0700][gc,phases     ] GC(726)   Pre Evacuate Collection Set: 0.0ms
[2020-04-14T23:10:07.889-0700][gc,phases     ] GC(726)   Evacuate Collection Set: 25.7ms
[2020-04-14T23:10:07.889-0700][gc,phases     ] GC(726)   Post Evacuate Collection Set: 0.7ms
[2020-04-14T23:10:07.889-0700][gc,phases     ] GC(726)   Other: 0.5ms
[2020-04-14T23:10:07.889-0700][gc,heap       ] GC(726) Eden regions: 47->0(46)
[2020-04-14T23:10:07.889-0700][gc,heap       ] GC(726) Survivor regions: 4->5(7)
[2020-04-14T23:10:07.889-0700][gc,heap       ] GC(726) Old regions: 155->155
[2020-04-14T23:10:07.889-0700][gc,heap       ] GC(726) Humongous regions: 130->130
[2020-04-14T23:10:07.889-0700][gc,metaspace  ] GC(726) Metaspace: 28181K->28181K(1075200K)
[2020-04-14T23:10:07.889-0700][gc            ] GC(726) Pause Young (Normal) (G1 Evacuation Pause) 334M->288M(1024M) 27.067ms
[2020-04-14T23:10:07.889-0700][gc,cpu        ] GC(726) User=0.10s Sys=0.00s Real=0.02s
[2020-04-14T23:10:23.200-0700][gc,start      ] GC(727) Pause Young (Normal) (G1 Evacuation Pause)
[2020-04-14T23:10:23.200-0700][gc,task       ] GC(727) Using 4 workers of 4 for evacuation
[2020-04-14T23:10:23.228-0700][gc,mmu        ] GC(727) MMU target violated: 21.0ms (20.0ms/21.0ms)
[2020-04-14T23:10:23.228-0700][gc,phases     ] GC(727)   Pre Evacuate Collection Set: 0.1ms
[2020-04-14T23:10:23.228-0700][gc,phases     ] GC(727)   Evacuate Collection Set: 27.3ms
[2020-04-14T23:10:23.228-0700][gc,phases     ] GC(727)   Post Evacuate Collection Set: 0.6ms
[2020-04-14T23:10:23.228-0700][gc,phases     ] GC(727)   Other: 0.6ms
[2020-04-14T23:10:23.228-0700][gc,heap       ] GC(727) Eden regions: 46->0(47)
[2020-04-14T23:10:23.228-0700][gc,heap       ] GC(727) Survivor regions: 5->4(7)
[2020-04-14T23:10:23.228-0700][gc,heap       ] GC(727) Old regions: 155->155
[2020-04-14T23:10:23.228-0700][gc,heap       ] GC(727) Humongous regions: 130->130
[2020-04-14T23:10:23.228-0700][gc,metaspace  ] GC(727) Metaspace: 28181K->28181K(1075200K)
[2020-04-14T23:10:23.228-0700][gc            ] GC(727) Pause Young (Normal) (G1 Evacuation Pause) 334M->288M(1024M) 28.716ms
[2020-04-14T23:10:23.228-0700][gc,cpu        ] GC(727) User=0.11s Sys=0.00s Real=0.02s
[2020-04-14T23:10:38.702-0700][gc,start      ] GC(728) Pause Young (Normal) (G1 Evacuation Pause)
[2020-04-14T23:10:38.702-0700][gc,task       ] GC(728) Using 4 workers of 4 for evacuation
[2020-04-14T23:10:38.728-0700][gc,mmu        ] GC(728) MMU target violated: 21.0ms (20.0ms/21.0ms)
[2020-04-14T23:10:38.728-0700][gc,phases     ] GC(728)   Pre Evacuate Collection Set: 0.1ms
[2020-04-14T23:10:38.728-0700][gc,phases     ] GC(728)   Evacuate Collection Set: 25.8ms
[2020-04-14T23:10:38.728-0700][gc,phases     ] GC(728)   Post Evacuate Collection Set: 0.5ms
[2020-04-14T23:10:38.728-0700][gc,phases     ] GC(728)   Other: 0.5ms
[2020-04-14T23:10:38.729-0700][gc,heap       ] GC(728) Eden regions: 47->0(47)
[2020-04-14T23:10:38.729-0700][gc,heap       ] GC(728) Survivor regions: 4->4(7)
[2020-04-14T23:10:38.729-0700][gc,heap       ] GC(728) Old regions: 155->156
[2020-04-14T23:10:38.729-0700][gc,heap       ] GC(728) Humongous regions: 130->130
[2020-04-14T23:10:38.729-0700][gc,metaspace  ] GC(728) Metaspace: 28181K->28181K(1075200K)
[2020-04-14T23:10:38.729-0700][gc            ] GC(728) Pause Young (Normal) (G1 Evacuation Pause) 335M->289M(1024M) 27.000ms
[2020-04-14T23:10:38.729-0700][gc,cpu        ] GC(728) User=0.10s Sys=0.00s Real=0.02s
[2020-04-14T23:10:54.363-0700][gc,start      ] GC(729) Pause Young (Normal) (G1 Evacuation Pause)
[2020-04-14T23:10:54.363-0700][gc,task       ] GC(729) Using 4 workers of 4 for evacuation
[2020-04-14T23:10:54.375-0700][gc,phases     ] GC(729)   Pre Evacuate Collection Set: 0.0ms
[2020-04-14T23:10:54.375-0700][gc,phases     ] GC(729)   Evacuate Collection Set: 11.9ms
[2020-04-14T23:10:54.375-0700][gc,phases     ] GC(729)   Post Evacuate Collection Set: 0.2ms
[2020-04-14T23:10:54.375-0700][gc,phases     ] GC(729)   Other: 0.2ms
[2020-04-14T23:10:54.375-0700][gc,heap       ] GC(729) Eden regions: 47->0(47)
[2020-04-14T23:10:54.375-0700][gc,heap       ] GC(729) Survivor regions: 4->4(7)
[2020-04-14T23:10:54.375-0700][gc,heap       ] GC(729) Old regions: 156->156
[2020-04-14T23:10:54.375-0700][gc,heap       ] GC(729) Humongous regions: 130->130
[2020-04-14T23:10:54.375-0700][gc,metaspace  ] GC(729) Metaspace: 28181K->28181K(1075200K)
[2020-04-14T23:10:54.375-0700][gc            ] GC(729) Pause Young (Normal) (G1 Evacuation Pause) 336M->289M(1024M) 12.406ms
[2020-04-14T23:10:54.375-0700][gc,cpu        ] GC(729) User=0.04s Sys=0.00s Real=0.01s
[2020-04-14T23:11:10.012-0700][gc,start      ] GC(730) Pause Young (Normal) (G1 Evacuation Pause)
[2020-04-14T23:11:10.013-0700][gc,task       ] GC(730) Using 4 workers of 4 for evacuation
[2020-04-14T23:11:10.035-0700][gc,mmu        ] GC(730) MMU target violated: 21.0ms (20.0ms/21.0ms)
[2020-04-14T23:11:10.035-0700][gc,phases     ] GC(730)   Pre Evacuate Collection Set: 0.0ms
[2020-04-14T23:11:10.035-0700][gc,phases     ] GC(730)   Evacuate Collection Set: 21.5ms
[2020-04-14T23:11:10.035-0700][gc,phases     ] GC(730)   Post Evacuate Collection Set: 0.4ms
[2020-04-14T23:11:10.035-0700][gc,phases     ] GC(730)   Other: 0.4ms
[2020-04-14T23:11:10.035-0700][gc,heap       ] GC(730) Eden regions: 47->0(47)
[2020-04-14T23:11:10.035-0700][gc,heap       ] GC(730) Survivor regions: 4->4(7)
[2020-04-14T23:11:10.035-0700][gc,heap       ] GC(730) Old regions: 156->156
[2020-04-14T23:11:10.035-0700][gc,heap       ] GC(730) Humongous regions: 130->130
[2020-04-14T23:11:10.035-0700][gc,metaspace  ] GC(730) Metaspace: 28181K->28181K(1075200K)
[2020-04-14T23:11:10.035-0700][gc            ] GC(730) Pause Young (Normal) (G1 Evacuation Pause) 336M->289M(1024M) 22.466ms
[2020-04-14T23:11:10.035-0700][gc,cpu        ] GC(730) User=0.08s Sys=0.00s Real=0.02s
[2020-04-14T23:11:25.680-0700][gc,start      ] GC(731) Pause Young (Normal) (G1 Evacuation Pause)
[2020-04-14T23:11:25.680-0700][gc,task       ] GC(731) Using 4 workers of 4 for evacuation
[2020-04-14T23:11:25.707-0700][gc,mmu        ] GC(731) MMU target violated: 21.0ms (20.0ms/21.0ms)
[2020-04-14T23:11:25.707-0700][gc,phases     ] GC(731)   Pre Evacuate Collection Set: 0.1ms
[2020-04-14T23:11:25.707-0700][gc,phases     ] GC(731)   Evacuate Collection Set: 26.5ms
[2020-04-14T23:11:25.707-0700][gc,phases     ] GC(731)   Post Evacuate Collection Set: 0.5ms
[2020-04-14T23:11:25.707-0700][gc,phases     ] GC(731)   Other: 0.5ms
[2020-04-14T23:11:25.707-0700][gc,heap       ] GC(731) Eden regions: 47->0(47)
[2020-04-14T23:11:25.707-0700][gc,heap       ] GC(731) Survivor regions: 4->4(7)
[2020-04-14T23:11:25.707-0700][gc,heap       ] GC(731) Old regions: 156->157
[2020-04-14T23:11:25.707-0700][gc,heap       ] GC(731) Humongous regions: 130->130
[2020-04-14T23:11:25.707-0700][gc,metaspace  ] GC(731) Metaspace: 28181K->28181K(1075200K)
[2020-04-14T23:11:25.707-0700][gc            ] GC(731) Pause Young (Normal) (G1 Evacuation Pause) 336M->290M(1024M) 27.689ms
[2020-04-14T23:11:25.708-0700][gc,cpu        ] GC(731) User=0.11s Sys=0.00s Real=0.02s
[2020-04-14T23:11:41.360-0700][gc,start      ] GC(732) Pause Young (Normal) (G1 Evacuation Pause)
[2020-04-14T23:11:41.360-0700][gc,task       ] GC(732) Using 4 workers of 4 for evacuation
[2020-04-14T23:11:41.387-0700][gc,mmu        ] GC(732) MMU target violated: 21.0ms (20.0ms/21.0ms)
[2020-04-14T23:11:41.387-0700][gc,phases     ] GC(732)   Pre Evacuate Collection Set: 0.0ms
[2020-04-14T23:11:41.387-0700][gc,phases     ] GC(732)   Evacuate Collection Set: 25.4ms
[2020-04-14T23:11:41.387-0700][gc,phases     ] GC(732)   Post Evacuate Collection Set: 0.5ms
[2020-04-14T23:11:41.387-0700][gc,phases     ] GC(732)   Other: 0.5ms
[2020-04-14T23:11:41.387-0700][gc,heap       ] GC(732) Eden regions: 47->0(47)
[2020-04-14T23:11:41.387-0700][gc,heap       ] GC(732) Survivor regions: 4->4(7)
[2020-04-14T23:11:41.387-0700][gc,heap       ] GC(732) Old regions: 157->157
[2020-04-14T23:11:41.387-0700][gc,heap       ] GC(732) Humongous regions: 130->130
[2020-04-14T23:11:41.387-0700][gc,metaspace  ] GC(732) Metaspace: 28181K->28181K(1075200K)
[2020-04-14T23:11:41.387-0700][gc            ] GC(732) Pause Young (Normal) (G1 Evacuation Pause) 337M->290M(1024M) 26.605ms
[2020-04-14T23:11:41.387-0700][gc,cpu        ] GC(732) User=0.10s Sys=0.00s Real=0.02s
[2020-04-14T23:11:57.050-0700][gc,start      ] GC(733) Pause Young (Normal) (G1 Evacuation Pause)
[2020-04-14T23:11:57.050-0700][gc,task       ] GC(733) Using 4 workers of 4 for evacuation
[2020-04-14T23:11:57.076-0700][gc,mmu        ] GC(733) MMU target violated: 21.0ms (20.0ms/21.0ms)
[2020-04-14T23:11:57.076-0700][gc,phases     ] GC(733)   Pre Evacuate Collection Set: 0.0ms
[2020-04-14T23:11:57.076-0700][gc,phases     ] GC(733)   Evacuate Collection Set: 24.8ms
[2020-04-14T23:11:57.076-0700][gc,phases     ] GC(733)   Post Evacuate Collection Set: 0.5ms
[2020-04-14T23:11:57.076-0700][gc,phases     ] GC(733)   Other: 0.5ms
[2020-04-14T23:11:57.076-0700][gc,heap       ] GC(733) Eden regions: 47->0(47)
[2020-04-14T23:11:57.076-0700][gc,heap       ] GC(733) Survivor regions: 4->4(7)
[2020-04-14T23:11:57.076-0700][gc,heap       ] GC(733) Old regions: 157->158
[2020-04-14T23:11:57.076-0700][gc,heap       ] GC(733) Humongous regions: 130->130
[2020-04-14T23:11:57.076-0700][gc,metaspace  ] GC(733) Metaspace: 28181K->28181K(1075200K)
[2020-04-14T23:11:57.076-0700][gc            ] GC(733) Pause Young (Normal) (G1 Evacuation Pause) 337M->290M(1024M) 25.962ms
[2020-04-14T23:11:57.076-0700][gc,cpu        ] GC(733) User=0.10s Sys=0.00s Real=0.02s
[2020-04-14T23:12:12.742-0700][gc,start      ] GC(734) Pause Young (Normal) (G1 Evacuation Pause)
[2020-04-14T23:12:12.742-0700][gc,task       ] GC(734) Using 4 workers of 4 for evacuation
[2020-04-14T23:12:12.769-0700][gc,mmu        ] GC(734) MMU target violated: 21.0ms (20.0ms/21.0ms)
[2020-04-14T23:12:12.770-0700][gc,phases     ] GC(734)   Pre Evacuate Collection Set: 0.1ms
[2020-04-14T23:12:12.770-0700][gc,phases     ] GC(734)   Evacuate Collection Set: 26.1ms
[2020-04-14T23:12:12.770-0700][gc,phases     ] GC(734)   Post Evacuate Collection Set: 0.7ms
[2020-04-14T23:12:12.770-0700][gc,phases     ] GC(734)   Other: 0.5ms
[2020-04-14T23:12:12.770-0700][gc,heap       ] GC(734) Eden regions: 47->0(47)
[2020-04-14T23:12:12.770-0700][gc,heap       ] GC(734) Survivor regions: 4->4(7)
[2020-04-14T23:12:12.770-0700][gc,heap       ] GC(734) Old regions: 158->158
[2020-04-14T23:12:12.770-0700][gc,heap       ] GC(734) Humongous regions: 130->130
[2020-04-14T23:12:12.770-0700][gc,metaspace  ] GC(734) Metaspace: 28181K->28181K(1075200K)
[2020-04-14T23:12:12.770-0700][gc            ] GC(734) Pause Young (Normal) (G1 Evacuation Pause) 337M->291M(1024M) 27.524ms
[2020-04-14T23:12:12.770-0700][gc,cpu        ] GC(734) User=0.10s Sys=0.00s Real=0.03s
[2020-04-14T23:12:28.559-0700][gc,start      ] GC(735) Pause Young (Normal) (G1 Evacuation Pause)
[2020-04-14T23:12:28.560-0700][gc,task       ] GC(735) Using 4 workers of 4 for evacuation
[2020-04-14T23:12:28.588-0700][gc,mmu        ] GC(735) MMU target violated: 21.0ms (20.0ms/21.0ms)
[2020-04-14T23:12:28.588-0700][gc,phases     ] GC(735)   Pre Evacuate Collection Set: 0.1ms
[2020-04-14T23:12:28.588-0700][gc,phases     ] GC(735)   Evacuate Collection Set: 27.6ms
[2020-04-14T23:12:28.588-0700][gc,phases     ] GC(735)   Post Evacuate Collection Set: 0.6ms
[2020-04-14T23:12:28.588-0700][gc,phases     ] GC(735)   Other: 0.8ms
[2020-04-14T23:12:28.588-0700][gc,heap       ] GC(735) Eden regions: 47->0(46)
[2020-04-14T23:12:28.588-0700][gc,heap       ] GC(735) Survivor regions: 4->5(7)
[2020-04-14T23:12:28.589-0700][gc,heap       ] GC(735) Old regions: 158->158
[2020-04-14T23:12:28.589-0700][gc,heap       ] GC(735) Humongous regions: 130->130
[2020-04-14T23:12:28.589-0700][gc,metaspace  ] GC(735) Metaspace: 28181K->28181K(1075200K)
[2020-04-14T23:12:28.589-0700][gc            ] GC(735) Pause Young (Normal) (G1 Evacuation Pause) 338M->291M(1024M) 29.192ms
[2020-04-14T23:12:28.589-0700][gc,cpu        ] GC(735) User=0.11s Sys=0.00s Real=0.02s
[2020-04-14T23:12:43.762-0700][gc,start      ] GC(736) Pause Young (Normal) (G1 Evacuation Pause)
[2020-04-14T23:12:43.762-0700][gc,task       ] GC(736) Using 4 workers of 4 for evacuation
[2020-04-14T23:12:43.791-0700][gc,mmu        ] GC(736) MMU target violated: 21.0ms (20.0ms/21.0ms)
[2020-04-14T23:12:43.791-0700][gc,phases     ] GC(736)   Pre Evacuate Collection Set: 0.1ms
[2020-04-14T23:12:43.791-0700][gc,phases     ] GC(736)   Evacuate Collection Set: 27.3ms
[2020-04-14T23:12:43.791-0700][gc,phases     ] GC(736)   Post Evacuate Collection Set: 0.7ms
[2020-04-14T23:12:43.791-0700][gc,phases     ] GC(736)   Other: 0.6ms
[2020-04-14T23:12:43.791-0700][gc,heap       ] GC(736) Eden regions: 46->0(47)
[2020-04-14T23:12:43.791-0700][gc,heap       ] GC(736) Survivor regions: 5->4(7)
[2020-04-14T23:12:43.791-0700][gc,heap       ] GC(736) Old regions: 158->159
[2020-04-14T23:12:43.791-0700][gc,heap       ] GC(736) Humongous regions: 130->130
[2020-04-14T23:12:43.791-0700][gc,metaspace  ] GC(736) Metaspace: 28182K->28182K(1075200K)
[2020-04-14T23:12:43.791-0700][gc            ] GC(736) Pause Young (Normal) (G1 Evacuation Pause) 337M->292M(1024M) 28.822ms
[2020-04-14T23:12:43.791-0700][gc,cpu        ] GC(736) User=0.11s Sys=0.00s Real=0.03s
[2020-04-14T23:12:59.419-0700][gc,start      ] GC(737) Pause Young (Normal) (G1 Evacuation Pause)
[2020-04-14T23:12:59.419-0700][gc,task       ] GC(737) Using 4 workers of 4 for evacuation
[2020-04-14T23:12:59.448-0700][gc,mmu        ] GC(737) MMU target violated: 21.0ms (20.0ms/21.0ms)
[2020-04-14T23:12:59.448-0700][gc,phases     ] GC(737)   Pre Evacuate Collection Set: 0.1ms
[2020-04-14T23:12:59.448-0700][gc,phases     ] GC(737)   Evacuate Collection Set: 28.3ms
[2020-04-14T23:12:59.448-0700][gc,phases     ] GC(737)   Post Evacuate Collection Set: 0.5ms
[2020-04-14T23:12:59.448-0700][gc,phases     ] GC(737)   Other: 0.5ms
[2020-04-14T23:12:59.449-0700][gc,heap       ] GC(737) Eden regions: 47->0(45)
[2020-04-14T23:12:59.449-0700][gc,heap       ] GC(737) Survivor regions: 4->6(7)
[2020-04-14T23:12:59.449-0700][gc,heap       ] GC(737) Old regions: 159->159
[2020-04-14T23:12:59.449-0700][gc,heap       ] GC(737) Humongous regions: 130->130
[2020-04-14T23:12:59.449-0700][gc,metaspace  ] GC(737) Metaspace: 28186K->28186K(1075200K)
[2020-04-14T23:12:59.449-0700][gc            ] GC(737) Pause Young (Normal) (G1 Evacuation Pause) 339M->293M(1024M) 29.437ms
[2020-04-14T23:12:59.449-0700][gc,cpu        ] GC(737) User=0.11s Sys=0.00s Real=0.02s
[2020-04-14T23:13:14.384-0700][gc,start      ] GC(738) Pause Young (Normal) (G1 Evacuation Pause)
[2020-04-14T23:13:14.384-0700][gc,task       ] GC(738) Using 4 workers of 4 for evacuation
[2020-04-14T23:13:14.414-0700][gc,mmu        ] GC(738) MMU target violated: 21.0ms (20.0ms/21.0ms)
[2020-04-14T23:13:14.414-0700][gc,phases     ] GC(738)   Pre Evacuate Collection Set: 0.0ms
[2020-04-14T23:13:14.414-0700][gc,phases     ] GC(738)   Evacuate Collection Set: 29.0ms
[2020-04-14T23:13:14.414-0700][gc,phases     ] GC(738)   Post Evacuate Collection Set: 0.5ms
[2020-04-14T23:13:14.414-0700][gc,phases     ] GC(738)   Other: 0.5ms
[2020-04-14T23:13:14.414-0700][gc,heap       ] GC(738) Eden regions: 45->0(47)
[2020-04-14T23:13:14.414-0700][gc,heap       ] GC(738) Survivor regions: 6->4(7)
