[2020-04-15T00:59:14.687-0700][gc,start      ] GC(1148) Pause Young (Normal) (G1 Evacuation Pause)
[2020-04-15T00:59:14.687-0700][gc,task       ] GC(1148) Using 4 workers of 4 for evacuation
[2020-04-15T00:59:14.714-0700][gc,mmu        ] GC(1148) MMU target violated: 21.0ms (20.0ms/21.0ms)
[2020-04-15T00:59:14.714-0700][gc,phases     ] GC(1148)   Pre Evacuate Collection Set: 0.0ms
[2020-04-15T00:59:14.714-0700][gc,phases     ] GC(1148)   Evacuate Collection Set: 26.1ms
[2020-04-15T00:59:14.714-0700][gc,phases     ] GC(1148)   Post Evacuate Collection Set: 0.6ms
[2020-04-15T00:59:14.714-0700][gc,phases     ] GC(1148)   Other: 0.5ms
[2020-04-15T00:59:14.714-0700][gc,heap       ] GC(1148) Eden regions: 47->0(47)
[2020-04-15T00:59:14.714-0700][gc,heap       ] GC(1148) Survivor regions: 4->4(7)
[2020-04-15T00:59:14.714-0700][gc,heap       ] GC(1148) Old regions: 166->166
[2020-04-15T00:59:14.714-0700][gc,heap       ] GC(1148) Humongous regions: 130->130
[2020-04-15T00:59:14.714-0700][gc,metaspace  ] GC(1148) Metaspace: 28286K->28286K(1075200K)
[2020-04-15T00:59:14.714-0700][gc            ] GC(1148) Pause Young (Normal) (G1 Evacuation Pause) 346M->299M(1024M) 27.358ms
[2020-04-15T00:59:14.714-0700][gc,cpu        ] GC(1148) User=0.10s Sys=0.00s Real=0.03s
[2020-04-15T00:59:29.165-0700][gc,start      ] GC(1149) Pause Young (Normal) (G1 Evacuation Pause)
[2020-04-15T00:59:29.165-0700][gc,task       ] GC(1149) Using 4 workers of 4 for evacuation
[2020-04-15T00:59:29.193-0700][gc,mmu        ] GC(1149) MMU target violated: 21.0ms (20.0ms/21.0ms)
[2020-04-15T00:59:29.193-0700][gc,phases     ] GC(1149)   Pre Evacuate Collection Set: 0.1ms
[2020-04-15T00:59:29.193-0700][gc,phases     ] GC(1149)   Evacuate Collection Set: 27.0ms
[2020-04-15T00:59:29.193-0700][gc,phases     ] GC(1149)   Post Evacuate Collection Set: 0.6ms
[2020-04-15T00:59:29.193-0700][gc,phases     ] GC(1149)   Other: 0.7ms
[2020-04-15T00:59:29.193-0700][gc,heap       ] GC(1149) Eden regions: 47->0(47)
[2020-04-15T00:59:29.193-0700][gc,heap       ] GC(1149) Survivor regions: 4->4(7)
[2020-04-15T00:59:29.193-0700][gc,heap       ] GC(1149) Old regions: 166->167
[2020-04-15T00:59:29.193-0700][gc,heap       ] GC(1149) Humongous regions: 130->130
[2020-04-15T00:59:29.193-0700][gc,metaspace  ] GC(1149) Metaspace: 28286K->28286K(1075200K)
[2020-04-15T00:59:29.193-0700][gc            ] GC(1149) Pause Young (Normal) (G1 Evacuation Pause) 346M->300M(1024M) 28.465ms
[2020-04-15T00:59:29.194-0700][gc,cpu        ] GC(1149) User=0.10s Sys=0.00s Real=0.03s
[2020-04-15T00:59:43.486-0700][gc,start      ] GC(1150) Pause Young (Normal) (G1 Evacuation Pause)
[2020-04-15T00:59:43.486-0700][gc,task       ] GC(1150) Using 4 workers of 4 for evacuation
[2020-04-15T00:59:43.513-0700][gc,mmu        ] GC(1150) MMU target violated: 21.0ms (20.0ms/21.0ms)
[2020-04-15T00:59:43.513-0700][gc,phases     ] GC(1150)   Pre Evacuate Collection Set: 0.1ms
[2020-04-15T00:59:43.513-0700][gc,phases     ] GC(1150)   Evacuate Collection Set: 26.0ms
[2020-04-15T00:59:43.513-0700][gc,phases     ] GC(1150)   Post Evacuate Collection Set: 0.6ms
[2020-04-15T00:59:43.513-0700][gc,phases     ] GC(1150)   Other: 0.7ms
[2020-04-15T00:59:43.513-0700][gc,heap       ] GC(1150) Eden regions: 47->0(47)
[2020-04-15T00:59:43.513-0700][gc,heap       ] GC(1150) Survivor regions: 4->4(7)
[2020-04-15T00:59:43.513-0700][gc,heap       ] GC(1150) Old regions: 167->167
[2020-04-15T00:59:43.513-0700][gc,heap       ] GC(1150) Humongous regions: 130->130
[2020-04-15T00:59:43.513-0700][gc,metaspace  ] GC(1150) Metaspace: 28286K->28286K(1075200K)
[2020-04-15T00:59:43.513-0700][gc            ] GC(1150) Pause Young (Normal) (G1 Evacuation Pause) 347M->300M(1024M) 27.560ms
[2020-04-15T00:59:43.513-0700][gc,cpu        ] GC(1150) User=0.09s Sys=0.00s Real=0.03s
[2020-04-15T00:59:57.890-0700][gc,start      ] GC(1151) Pause Young (Normal) (G1 Evacuation Pause)
[2020-04-15T00:59:57.890-0700][gc,task       ] GC(1151) Using 4 workers of 4 for evacuation
[2020-04-15T00:59:57.919-0700][gc,mmu        ] GC(1151) MMU target violated: 21.0ms (20.0ms/21.0ms)
[2020-04-15T00:59:57.919-0700][gc,phases     ] GC(1151)   Pre Evacuate Collection Set: 0.0ms
[2020-04-15T00:59:57.919-0700][gc,phases     ] GC(1151)   Evacuate Collection Set: 28.1ms
[2020-04-15T00:59:57.919-0700][gc,phases     ] GC(1151)   Post Evacuate Collection Set: 0.5ms
[2020-04-15T00:59:57.919-0700][gc,phases     ] GC(1151)   Other: 0.6ms
[2020-04-15T00:59:57.919-0700][gc,heap       ] GC(1151) Eden regions: 47->0(45)
[2020-04-15T00:59:57.919-0700][gc,heap       ] GC(1151) Survivor regions: 4->6(7)
[2020-04-15T00:59:57.919-0700][gc,heap       ] GC(1151) Old regions: 167->167
[2020-04-15T00:59:57.919-0700][gc,heap       ] GC(1151) Humongous regions: 130->130
[2020-04-15T00:59:57.919-0700][gc,metaspace  ] GC(1151) Metaspace: 28286K->28286K(1075200K)
[2020-04-15T00:59:57.919-0700][gc            ] GC(1151) Pause Young (Normal) (G1 Evacuation Pause) 347M->302M(1024M) 29.316ms
[2020-04-15T00:59:57.919-0700][gc,cpu        ] GC(1151) User=0.10s Sys=0.00s Real=0.03s
[2020-04-15T01:00:11.625-0700][gc,start      ] GC(1152) Pause Young (Normal) (G1 Evacuation Pause)
[2020-04-15T01:00:11.625-0700][gc,task       ] GC(1152) Using 4 workers of 4 for evacuation
[2020-04-15T01:00:11.660-0700][gc,mmu        ] GC(1152) MMU target violated: 21.0ms (20.0ms/21.0ms)
[2020-04-15T01:00:11.660-0700][gc,phases     ] GC(1152)   Pre Evacuate Collection Set: 0.1ms
[2020-04-15T01:00:11.660-0700][gc,phases     ] GC(1152)   Evacuate Collection Set: 34.1ms
[2020-04-15T01:00:11.660-0700][gc,phases     ] GC(1152)   Post Evacuate Collection Set: 0.6ms
[2020-04-15T01:00:11.660-0700][gc,phases     ] GC(1152)   Other: 0.7ms
[2020-04-15T01:00:11.660-0700][gc,heap       ] GC(1152) Eden regions: 45->0(47)
[2020-04-15T01:00:11.660-0700][gc,heap       ] GC(1152) Survivor regions: 6->4(7)
[2020-04-15T01:00:11.660-0700][gc,heap       ] GC(1152) Old regions: 167->169
[2020-04-15T01:00:11.660-0700][gc,heap       ] GC(1152) Humongous regions: 130->130
[2020-04-15T01:00:11.660-0700][gc,metaspace  ] GC(1152) Metaspace: 28286K->28286K(1075200K)
[2020-04-15T01:00:11.660-0700][gc            ] GC(1152) Pause Young (Normal) (G1 Evacuation Pause) 347M->302M(1024M) 35.536ms
[2020-04-15T01:00:11.660-0700][gc,cpu        ] GC(1152) User=0.12s Sys=0.00s Real=0.04s
[2020-04-15T01:00:25.995-0700][gc,start      ] GC(1153) Pause Young (Normal) (G1 Evacuation Pause)
[2020-04-15T01:00:25.996-0700][gc,task       ] GC(1153) Using 4 workers of 4 for evacuation
[2020-04-15T01:00:26.021-0700][gc,mmu        ] GC(1153) MMU target violated: 21.0ms (20.0ms/21.0ms)
[2020-04-15T01:00:26.021-0700][gc,phases     ] GC(1153)   Pre Evacuate Collection Set: 0.0ms
[2020-04-15T01:00:26.021-0700][gc,phases     ] GC(1153)   Evacuate Collection Set: 24.7ms
[2020-04-15T01:00:26.021-0700][gc,phases     ] GC(1153)   Post Evacuate Collection Set: 0.6ms
[2020-04-15T01:00:26.021-0700][gc,phases     ] GC(1153)   Other: 0.5ms
[2020-04-15T01:00:26.021-0700][gc,heap       ] GC(1153) Eden regions: 47->0(47)
[2020-04-15T01:00:26.021-0700][gc,heap       ] GC(1153) Survivor regions: 4->4(7)
[2020-04-15T01:00:26.021-0700][gc,heap       ] GC(1153) Old regions: 169->169
[2020-04-15T01:00:26.021-0700][gc,heap       ] GC(1153) Humongous regions: 130->130
[2020-04-15T01:00:26.021-0700][gc,metaspace  ] GC(1153) Metaspace: 28286K->28286K(1075200K)
[2020-04-15T01:00:26.022-0700][gc            ] GC(1153) Pause Young (Normal) (G1 Evacuation Pause) 349M->302M(1024M) 26.046ms
[2020-04-15T01:00:26.022-0700][gc,cpu        ] GC(1153) User=0.09s Sys=0.00s Real=0.03s
[2020-04-15T01:00:40.307-0700][gc,start      ] GC(1154) Pause Young (Normal) (G1 Evacuation Pause)
[2020-04-15T01:00:40.307-0700][gc,task       ] GC(1154) Using 4 workers of 4 for evacuation
[2020-04-15T01:00:40.330-0700][gc,mmu        ] GC(1154) MMU target violated: 21.0ms (20.0ms/21.0ms)
[2020-04-15T01:00:40.330-0700][gc,phases     ] GC(1154)   Pre Evacuate Collection Set: 0.0ms
[2020-04-15T01:00:40.330-0700][gc,phases     ] GC(1154)   Evacuate Collection Set: 22.3ms
[2020-04-15T01:00:40.330-0700][gc,phases     ] GC(1154)   Post Evacuate Collection Set: 0.5ms
[2020-04-15T01:00:40.330-0700][gc,phases     ] GC(1154)   Other: 0.5ms
[2020-04-15T01:00:40.330-0700][gc,heap       ] GC(1154) Eden regions: 47->0(47)
[2020-04-15T01:00:40.330-0700][gc,heap       ] GC(1154) Survivor regions: 4->4(7)
[2020-04-15T01:00:40.330-0700][gc,heap       ] GC(1154) Old regions: 169->169
[2020-04-15T01:00:40.330-0700][gc,heap       ] GC(1154) Humongous regions: 130->130
[2020-04-15T01:00:40.330-0700][gc,metaspace  ] GC(1154) Metaspace: 28286K->28286K(1075200K)
[2020-04-15T01:00:40.330-0700][gc            ] GC(1154) Pause Young (Normal) (G1 Evacuation Pause) 349M->302M(1024M) 23.498ms
[2020-04-15T01:00:40.330-0700][gc,cpu        ] GC(1154) User=0.09s Sys=0.00s Real=0.03s
[2020-04-15T01:00:54.836-0700][gc,start      ] GC(1155) Pause Young (Normal) (G1 Evacuation Pause)
[2020-04-15T01:00:54.836-0700][gc,task       ] GC(1155) Using 4 workers of 4 for evacuation
[2020-04-15T01:00:54.861-0700][gc,mmu        ] GC(1155) MMU target violated: 21.0ms (20.0ms/21.0ms)
[2020-04-15T01:00:54.861-0700][gc,phases     ] GC(1155)   Pre Evacuate Collection Set: 0.0ms
[2020-04-15T01:00:54.861-0700][gc,phases     ] GC(1155)   Evacuate Collection Set: 23.5ms
[2020-04-15T01:00:54.861-0700][gc,phases     ] GC(1155)   Post Evacuate Collection Set: 0.5ms
[2020-04-15T01:00:54.861-0700][gc,phases     ] GC(1155)   Other: 0.6ms
[2020-04-15T01:00:54.861-0700][gc,heap       ] GC(1155) Eden regions: 47->0(47)
[2020-04-15T01:00:54.861-0700][gc,heap       ] GC(1155) Survivor regions: 4->4(7)
[2020-04-15T01:00:54.861-0700][gc,heap       ] GC(1155) Old regions: 169->170
[2020-04-15T01:00:54.861-0700][gc,heap       ] GC(1155) Humongous regions: 130->130
[2020-04-15T01:00:54.861-0700][gc,metaspace  ] GC(1155) Metaspace: 28286K->28286K(1075200K)
[2020-04-15T01:00:54.861-0700][gc            ] GC(1155) Pause Young (Normal) (G1 Evacuation Pause) 349M->303M(1024M) 24.736ms
[2020-04-15T01:00:54.861-0700][gc,cpu        ] GC(1155) User=0.09s Sys=0.00s Real=0.03s
[2020-04-15T01:01:08.905-0700][gc,start      ] GC(1156) Pause Young (Normal) (G1 Evacuation Pause)
[2020-04-15T01:01:08.905-0700][gc,task       ] GC(1156) Using 4 workers of 4 for evacuation
[2020-04-15T01:01:08.918-0700][gc,phases     ] GC(1156)   Pre Evacuate Collection Set: 0.0ms
[2020-04-15T01:01:08.918-0700][gc,phases     ] GC(1156)   Evacuate Collection Set: 12.4ms
[2020-04-15T01:01:08.918-0700][gc,phases     ] GC(1156)   Post Evacuate Collection Set: 0.4ms
[2020-04-15T01:01:08.918-0700][gc,phases     ] GC(1156)   Other: 0.3ms
[2020-04-15T01:01:08.918-0700][gc,heap       ] GC(1156) Eden regions: 47->0(46)
[2020-04-15T01:01:08.918-0700][gc,heap       ] GC(1156) Survivor regions: 4->5(7)
[2020-04-15T01:01:08.918-0700][gc,heap       ] GC(1156) Old regions: 170->170
[2020-04-15T01:01:08.918-0700][gc,heap       ] GC(1156) Humongous regions: 130->130
[2020-04-15T01:01:08.918-0700][gc,metaspace  ] GC(1156) Metaspace: 28286K->28286K(1075200K)
[2020-04-15T01:01:08.918-0700][gc            ] GC(1156) Pause Young (Normal) (G1 Evacuation Pause) 350M->304M(1024M) 13.143ms
[2020-04-15T01:01:08.918-0700][gc,cpu        ] GC(1156) User=0.05s Sys=0.00s Real=0.02s
[2020-04-15T01:01:22.554-0700][gc,start      ] GC(1157) Pause Young (Normal) (G1 Evacuation Pause)
[2020-04-15T01:01:22.555-0700][gc,task       ] GC(1157) Using 4 workers of 4 for evacuation
[2020-04-15T01:01:22.587-0700][gc,mmu        ] GC(1157) MMU target violated: 21.0ms (20.0ms/21.0ms)
[2020-04-15T01:01:22.587-0700][gc,phases     ] GC(1157)   Pre Evacuate Collection Set: 0.0ms
[2020-04-15T01:01:22.587-0700][gc,phases     ] GC(1157)   Evacuate Collection Set: 31.4ms
[2020-04-15T01:01:22.587-0700][gc,phases     ] GC(1157)   Post Evacuate Collection Set: 0.7ms
[2020-04-15T01:01:22.587-0700][gc,phases     ] GC(1157)   Other: 0.5ms
[2020-04-15T01:01:22.587-0700][gc,heap       ] GC(1157) Eden regions: 46->0(46)
[2020-04-15T01:01:22.587-0700][gc,heap       ] GC(1157) Survivor regions: 5->5(7)
[2020-04-15T01:01:22.587-0700][gc,heap       ] GC(1157) Old regions: 170->172
[2020-04-15T01:01:22.587-0700][gc,heap       ] GC(1157) Humongous regions: 130->130
[2020-04-15T01:01:22.587-0700][gc,metaspace  ] GC(1157) Metaspace: 28286K->28286K(1075200K)
[2020-04-15T01:01:22.587-0700][gc            ] GC(1157) Pause Young (Normal) (G1 Evacuation Pause) 350M->305M(1024M) 32.784ms
[2020-04-15T01:01:22.587-0700][gc,cpu        ] GC(1157) User=0.12s Sys=0.00s Real=0.03s
[2020-04-15T01:01:36.717-0700][gc,start      ] GC(1158) Pause Young (Normal) (G1 Evacuation Pause)
[2020-04-15T01:01:36.717-0700][gc,task       ] GC(1158) Using 4 workers of 4 for evacuation
[2020-04-15T01:01:36.744-0700][gc,mmu        ] GC(1158) MMU target violated: 21.0ms (20.0ms/21.0ms)
[2020-04-15T01:01:36.744-0700][gc,phases     ] GC(1158)   Pre Evacuate Collection Set: 0.1ms
[2020-04-15T01:01:36.744-0700][gc,phases     ] GC(1158)   Evacuate Collection Set: 25.8ms
[2020-04-15T01:01:36.744-0700][gc,phases     ] GC(1158)   Post Evacuate Collection Set: 0.9ms
[2020-04-15T01:01:36.744-0700][gc,phases     ] GC(1158)   Other: 0.7ms
[2020-04-15T01:01:36.744-0700][gc,heap       ] GC(1158) Eden regions: 46->0(47)
[2020-04-15T01:01:36.744-0700][gc,heap       ] GC(1158) Survivor regions: 5->4(7)
[2020-04-15T01:01:36.745-0700][gc,heap       ] GC(1158) Old regions: 172->172
[2020-04-15T01:01:36.745-0700][gc,heap       ] GC(1158) Humongous regions: 130->130
[2020-04-15T01:01:36.745-0700][gc,metaspace  ] GC(1158) Metaspace: 28286K->28286K(1075200K)
[2020-04-15T01:01:36.745-0700][gc            ] GC(1158) Pause Young (Normal) (G1 Evacuation Pause) 351M->305M(1024M) 27.656ms
[2020-04-15T01:01:36.745-0700][gc,cpu        ] GC(1158) User=0.10s Sys=0.00s Real=0.03s
[2020-04-15T01:01:51.080-0700][gc,start      ] GC(1159) Pause Young (Normal) (G1 Evacuation Pause)
[2020-04-15T01:01:51.080-0700][gc,task       ] GC(1159) Using 4 workers of 4 for evacuation
[2020-04-15T01:01:51.103-0700][gc,mmu        ] GC(1159) MMU target violated: 21.0ms (20.0ms/21.0ms)
[2020-04-15T01:01:51.103-0700][gc,phases     ] GC(1159)   Pre Evacuate Collection Set: 0.0ms
[2020-04-15T01:01:51.103-0700][gc,phases     ] GC(1159)   Evacuate Collection Set: 22.0ms
[2020-04-15T01:01:51.103-0700][gc,phases     ] GC(1159)   Post Evacuate Collection Set: 0.9ms
[2020-04-15T01:01:51.103-0700][gc,phases     ] GC(1159)   Other: 0.5ms
[2020-04-15T01:01:51.103-0700][gc,heap       ] GC(1159) Eden regions: 47->0(46)
[2020-04-15T01:01:51.103-0700][gc,heap       ] GC(1159) Survivor regions: 4->5(7)
[2020-04-15T01:01:51.103-0700][gc,heap       ] GC(1159) Old regions: 172->172
[2020-04-15T01:01:51.103-0700][gc,heap       ] GC(1159) Humongous regions: 130->130
[2020-04-15T01:01:51.103-0700][gc,metaspace  ] GC(1159) Metaspace: 28286K->28286K(1075200K)
[2020-04-15T01:01:51.104-0700][gc            ] GC(1159) Pause Young (Normal) (G1 Evacuation Pause) 352M->306M(1024M) 23.554ms
[2020-04-15T01:01:51.104-0700][gc,cpu        ] GC(1159) User=0.09s Sys=0.00s Real=0.02s
[2020-04-15T01:02:05.078-0700][gc,start      ] GC(1160) Pause Young (Normal) (G1 Evacuation Pause)
[2020-04-15T01:02:05.078-0700][gc,task       ] GC(1160) Using 4 workers of 4 for evacuation
[2020-04-15T01:02:05.115-0700][gc,mmu        ] GC(1160) MMU target violated: 21.0ms (20.0ms/21.0ms)
[2020-04-15T01:02:05.115-0700][gc,phases     ] GC(1160)   Pre Evacuate Collection Set: 0.1ms
[2020-04-15T01:02:05.115-0700][gc,phases     ] GC(1160)   Evacuate Collection Set: 36.2ms
[2020-04-15T01:02:05.115-0700][gc,phases     ] GC(1160)   Post Evacuate Collection Set: 0.8ms
[2020-04-15T01:02:05.116-0700][gc,phases     ] GC(1160)   Other: 0.6ms
[2020-04-15T01:02:05.116-0700][gc,heap       ] GC(1160) Eden regions: 46->0(48)
[2020-04-15T01:02:05.116-0700][gc,heap       ] GC(1160) Survivor regions: 5->3(7)
[2020-04-15T01:02:05.116-0700][gc,heap       ] GC(1160) Old regions: 172->174
[2020-04-15T01:02:05.116-0700][gc,heap       ] GC(1160) Humongous regions: 130->130
[2020-04-15T01:02:05.116-0700][gc,metaspace  ] GC(1160) Metaspace: 28286K->28286K(1075200K)
[2020-04-15T01:02:05.116-0700][gc            ] GC(1160) Pause Young (Normal) (G1 Evacuation Pause) 352M->306M(1024M) 37.897ms
[2020-04-15T01:02:05.116-0700][gc,cpu        ] GC(1160) User=0.12s Sys=0.00s Real=0.03s
[2020-04-15T01:02:19.807-0700][gc,start      ] GC(1161) Pause Young (Normal) (G1 Evacuation Pause)
[2020-04-15T01:02:19.807-0700][gc,task       ] GC(1161) Using 4 workers of 4 for evacuation
[2020-04-15T01:02:19.836-0700][gc,mmu        ] GC(1161) MMU target violated: 21.0ms (20.0ms/21.0ms)
[2020-04-15T01:02:19.836-0700][gc,phases     ] GC(1161)   Pre Evacuate Collection Set: 0.1ms
[2020-04-15T01:02:19.836-0700][gc,phases     ] GC(1161)   Evacuate Collection Set: 27.5ms
[2020-04-15T01:02:19.836-0700][gc,phases     ] GC(1161)   Post Evacuate Collection Set: 1.0ms
[2020-04-15T01:02:19.836-0700][gc,phases     ] GC(1161)   Other: 0.6ms
[2020-04-15T01:02:19.836-0700][gc,heap       ] GC(1161) Eden regions: 48->0(47)
[2020-04-15T01:02:19.836-0700][gc,heap       ] GC(1161) Survivor regions: 3->4(7)
[2020-04-15T01:02:19.836-0700][gc,heap       ] GC(1161) Old regions: 174->174
[2020-04-15T01:02:19.836-0700][gc,heap       ] GC(1161) Humongous regions: 130->130
[2020-04-15T01:02:19.836-0700][gc,metaspace  ] GC(1161) Metaspace: 28286K->28286K(1075200K)
[2020-04-15T01:02:19.836-0700][gc            ] GC(1161) Pause Young (Normal) (G1 Evacuation Pause) 354M->306M(1024M) 29.372ms
[2020-04-15T01:02:19.836-0700][gc,cpu        ] GC(1161) User=0.08s Sys=0.00s Real=0.03s
[2020-04-15T01:02:34.379-0700][gc,start      ] GC(1162) Pause Young (Normal) (G1 Evacuation Pause)
[2020-04-15T01:02:34.379-0700][gc,task       ] GC(1162) Using 4 workers of 4 for evacuation
[2020-04-15T01:02:34.397-0700][gc,phases     ] GC(1162)   Pre Evacuate Collection Set: 0.0ms
[2020-04-15T01:02:34.397-0700][gc,phases     ] GC(1162)   Evacuate Collection Set: 17.2ms
[2020-04-15T01:02:34.397-0700][gc,phases     ] GC(1162)   Post Evacuate Collection Set: 0.6ms
[2020-04-15T01:02:34.397-0700][gc,phases     ] GC(1162)   Other: 0.4ms
[2020-04-15T01:02:34.397-0700][gc,heap       ] GC(1162) Eden regions: 47->0(47)
[2020-04-15T01:02:34.397-0700][gc,heap       ] GC(1162) Survivor regions: 4->4(7)
[2020-04-15T01:02:34.397-0700][gc,heap       ] GC(1162) Old regions: 174->174
[2020-04-15T01:02:34.397-0700][gc,heap       ] GC(1162) Humongous regions: 130->130
[2020-04-15T01:02:34.397-0700][gc,metaspace  ] GC(1162) Metaspace: 28286K->28286K(1075200K)
[2020-04-15T01:02:34.397-0700][gc            ] GC(1162) Pause Young (Normal) (G1 Evacuation Pause) 353M->306M(1024M) 18.387ms
[2020-04-15T01:02:34.397-0700][gc,cpu        ] GC(1162) User=0.07s Sys=0.00s Real=0.01s
[2020-04-15T01:02:49.844-0700][gc,start      ] GC(1163) Pause Young (Normal) (G1 Evacuation Pause)
[2020-04-15T01:02:49.844-0700][gc,task       ] GC(1163) Using 4 workers of 4 for evacuation
[2020-04-15T01:02:49.858-0700][gc,phases     ] GC(1163)   Pre Evacuate Collection Set: 0.0ms
[2020-04-15T01:02:49.858-0700][gc,phases     ] GC(1163)   Evacuate Collection Set: 12.7ms
[2020-04-15T01:02:49.858-0700][gc,phases     ] GC(1163)   Post Evacuate Collection Set: 0.4ms
[2020-04-15T01:02:49.858-0700][gc,phases     ] GC(1163)   Other: 0.2ms
[2020-04-15T01:02:49.858-0700][gc,heap       ] GC(1163) Eden regions: 47->0(47)
[2020-04-15T01:02:49.858-0700][gc,heap       ] GC(1163) Survivor regions: 4->4(7)
[2020-04-15T01:02:49.858-0700][gc,heap       ] GC(1163) Old regions: 174->174
[2020-04-15T01:02:49.858-0700][gc,heap       ] GC(1163) Humongous regions: 130->130
[2020-04-15T01:02:49.858-0700][gc,metaspace  ] GC(1163) Metaspace: 28286K->28286K(1075200K)
[2020-04-15T01:02:49.858-0700][gc            ] GC(1163) Pause Young (Normal) (G1 Evacuation Pause) 353M->306M(1024M) 13.419ms
[2020-04-15T01:02:49.858-0700][gc,cpu        ] GC(1163) User=0.03s Sys=0.00s Real=0.02s
[2020-04-15T01:03:04.460-0700][gc,start      ] GC(1164) Pause Young (Normal) (G1 Evacuation Pause)
[2020-04-15T01:03:04.460-0700][gc,task       ] GC(1164) Using 4 workers of 4 for evacuation
[2020-04-15T01:03:04.477-0700][gc,phases     ] GC(1164)   Pre Evacuate Collection Set: 0.0ms
[2020-04-15T01:03:04.477-0700][gc,phases     ] GC(1164)   Evacuate Collection Set: 16.2ms
[2020-04-15T01:03:04.477-0700][gc,phases     ] GC(1164)   Post Evacuate Collection Set: 0.6ms
[2020-04-15T01:03:04.477-0700][gc,phases     ] GC(1164)   Other: 0.3ms
[2020-04-15T01:03:04.477-0700][gc,heap       ] GC(1164) Eden regions: 47->0(47)
[2020-04-15T01:03:04.477-0700][gc,heap       ] GC(1164) Survivor regions: 4->4(7)
[2020-04-15T01:03:04.477-0700][gc,heap       ] GC(1164) Old regions: 174->174
[2020-04-15T01:03:04.477-0700][gc,heap       ] GC(1164) Humongous regions: 130->130
[2020-04-15T01:03:04.477-0700][gc,metaspace  ] GC(1164) Metaspace: 28287K->28287K(1075200K)
[2020-04-15T01:03:04.477-0700][gc            ] GC(1164) Pause Young (Normal) (G1 Evacuation Pause) 353M->307M(1024M) 17.406ms
[2020-04-15T01:03:04.477-0700][gc,cpu        ] GC(1164) User=0.07s Sys=0.00s Real=0.01s
[2020-04-15T01:03:19.174-0700][gc,start      ] GC(1165) Pause Young (Normal) (G1 Evacuation Pause)
[2020-04-15T01:03:19.174-0700][gc,task       ] GC(1165) Using 4 workers of 4 for evacuation
[2020-04-15T01:03:19.194-0700][gc,phases     ] GC(1165)   Pre Evacuate Collection Set: 0.0ms
[2020-04-15T01:03:19.194-0700][gc,phases     ] GC(1165)   Evacuate Collection Set: 18.5ms
[2020-04-15T01:03:19.194-0700][gc,phases     ] GC(1165)   Post Evacuate Collection Set: 0.7ms
[2020-04-15T01:03:19.194-0700][gc,phases     ] GC(1165)   Other: 0.4ms
[2020-04-15T01:03:19.194-0700][gc,heap       ] GC(1165) Eden regions: 47->0(47)
[2020-04-15T01:03:19.194-0700][gc,heap       ] GC(1165) Survivor regions: 4->4(7)
[2020-04-15T01:03:19.194-0700][gc,heap       ] GC(1165) Old regions: 174->174
[2020-04-15T01:03:19.194-0700][gc,heap       ] GC(1165) Humongous regions: 130->130
[2020-04-15T01:03:19.194-0700][gc,metaspace  ] GC(1165) Metaspace: 28288K->28288K(1075200K)
[2020-04-15T01:03:19.194-0700][gc            ] GC(1165) Pause Young (Normal) (G1 Evacuation Pause) 354M->307M(1024M) 19.719ms
[2020-04-15T01:03:19.194-0700][gc,cpu        ] GC(1165) User=0.07s Sys=0.00s Real=0.02s
[2020-04-15T01:03:33.664-0700][gc,start      ] GC(1166) Pause Young (Normal) (G1 Evacuation Pause)
[2020-04-15T01:03:33.664-0700][gc,task       ] GC(1166) Using 4 workers of 4 for evacuation
[2020-04-15T01:03:33.686-0700][gc,mmu        ] GC(1166) MMU target violated: 21.0ms (20.0ms/21.0ms)
[2020-04-15T01:03:33.686-0700][gc,phases     ] GC(1166)   Pre Evacuate Collection Set: 0.0ms
[2020-04-15T01:03:33.686-0700][gc,phases     ] GC(1166)   Evacuate Collection Set: 21.0ms
[2020-04-15T01:03:33.686-0700][gc,phases     ] GC(1166)   Post Evacuate Collection Set: 0.6ms
[2020-04-15T01:03:33.686-0700][gc,phases     ] GC(1166)   Other: 0.5ms
[2020-04-15T01:03:33.686-0700][gc,heap       ] GC(1166) Eden regions: 47->0(47)
[2020-04-15T01:03:33.686-0700][gc,heap       ] GC(1166) Survivor regions: 4->4(7)
[2020-04-15T01:03:33.686-0700][gc,heap       ] GC(1166) Old regions: 174->175
[2020-04-15T01:03:33.686-0700][gc,heap       ] GC(1166) Humongous regions: 130->130
[2020-04-15T01:03:33.686-0700][gc,metaspace  ] GC(1166) Metaspace: 28288K->28288K(1075200K)
[2020-04-15T01:03:33.686-0700][gc            ] GC(1166) Pause Young (Normal) (G1 Evacuation Pause) 354M->307M(1024M) 22.247ms
[2020-04-15T01:03:33.686-0700][gc,cpu        ] GC(1166) User=0.08s Sys=0.00s Real=0.02s
[2020-04-15T01:03:48.062-0700][gc,start      ] GC(1167) Pause Young (Normal) (G1 Evacuation Pause)
[2020-04-15T01:03:48.062-0700][gc,task       ] GC(1167) Using 4 workers of 4 for evacuation
[2020-04-15T01:03:48.078-0700][gc,phases     ] GC(1167)   Pre Evacuate Collection Set: 0.0ms
[2020-04-15T01:03:48.078-0700][gc,phases     ] GC(1167)   Evacuate Collection Set: 14.9ms
[2020-04-15T01:03:48.078-0700][gc,phases     ] GC(1167)   Post Evacuate Collection Set: 0.7ms
[2020-04-15T01:03:48.078-0700][gc,phases     ] GC(1167)   Other: 0.4ms
[2020-04-15T01:03:48.078-0700][gc,heap       ] GC(1167) Eden regions: 47->0(47)
[2020-04-15T01:03:48.078-0700][gc,heap       ] GC(1167) Survivor regions: 4->4(7)
[2020-04-15T01:03:48.078-0700][gc,heap       ] GC(1167) Old regions: 175->175
[2020-04-15T01:03:48.078-0700][gc,heap       ] GC(1167) Humongous regions: 130->130
[2020-04-15T01:03:48.078-0700][gc,metaspace  ] GC(1167) Metaspace: 28288K->28288K(1075200K)
[2020-04-15T01:03:48.078-0700][gc            ] GC(1167) Pause Young (Normal) (G1 Evacuation Pause) 354M->307M(1024M) 16.254ms
[2020-04-15T01:03:48.078-0700][gc,cpu        ] GC(1167) User=0.06s Sys=0.01s Real=0.02s
[2020-04-15T01:04:02.382-0700][gc,start      ] GC(1168) Pause Young (Normal) (G1 Evacuation Pause)
[2020-04-15T01:04:02.382-0700][gc,task       ] GC(1168) Using 4 workers of 4 for evacuation
[2020-04-15T01:04:02.400-0700][gc,phases     ] GC(1168)   Pre Evacuate Collection Set: 0.1ms
[2020-04-15T01:04:02.400-0700][gc,phases     ] GC(1168)   Evacuate Collection Set: 17.2ms
[2020-04-15T01:04:02.400-0700][gc,phases     ] GC(1168)   Post Evacuate Collection Set: 0.6ms
[2020-04-15T01:04:02.400-0700][gc,phases     ] GC(1168)   Other: 0.5ms
[2020-04-15T01:04:02.400-0700][gc,heap       ] GC(1168) Eden regions: 47->0(47)
[2020-04-15T01:04:02.400-0700][gc,heap       ] GC(1168) Survivor regions: 4->4(7)
[2020-04-15T01:04:02.400-0700][gc,heap       ] GC(1168) Old regions: 175->175
[2020-04-15T01:04:02.400-0700][gc,heap       ] GC(1168) Humongous regions: 130->130
[2020-04-15T01:04:02.400-0700][gc,metaspace  ] GC(1168) Metaspace: 28288K->28288K(1075200K)
[2020-04-15T01:04:02.400-0700][gc            ] GC(1168) Pause Young (Normal) (G1 Evacuation Pause) 354M->308M(1024M) 18.615ms
[2020-04-15T01:04:02.400-0700][gc,cpu        ] GC(1168) User=0.07s Sys=0.00s Real=0.02s
[2020-04-15T01:04:16.840-0700][gc,start      ] GC(1169) Pause Young (Normal) (G1 Evacuation Pause)
[2020-04-15T01:04:16.840-0700][gc,task       ] GC(1169) Using 4 workers of 4 for evacuation
[2020-04-15T01:04:16.859-0700][gc,phases     ] GC(1169)   Pre Evacuate Collection Set: 0.1ms
[2020-04-15T01:04:16.859-0700][gc,phases     ] GC(1169)   Evacuate Collection Set: 18.1ms
[2020-04-15T01:04:16.859-0700][gc,phases     ] GC(1169)   Post Evacuate Collection Set: 0.7ms
[2020-04-15T01:04:16.859-0700][gc,phases     ] GC(1169)   Other: 0.5ms
[2020-04-15T01:04:16.859-0700][gc,heap       ] GC(1169) Eden regions: 47->0(47)
[2020-04-15T01:04:16.859-0700][gc,heap       ] GC(1169) Survivor regions: 4->4(7)
[2020-04-15T01:04:16.859-0700][gc,heap       ] GC(1169) Old regions: 175->175
[2020-04-15T01:04:16.859-0700][gc,heap       ] GC(1169) Humongous regions: 130->130
[2020-04-15T01:04:16.859-0700][gc,metaspace  ] GC(1169) Metaspace: 28288K->28288K(1075200K)
[2020-04-15T01:04:16.859-0700][gc            ] GC(1169) Pause Young (Normal) (G1 Evacuation Pause) 355M->308M(1024M) 19.536ms
[2020-04-15T01:04:16.859-0700][gc,cpu        ] GC(1169) User=0.07s Sys=0.00s Real=0.02s
[2020-04-15T01:04:31.150-0700][gc,start      ] GC(1170) Pause Young (Normal) (G1 Evacuation Pause)
[2020-04-15T01:04:31.150-0700][gc,task       ] GC(1170) Using 4 workers of 4 for evacuation
[2020-04-15T01:04:31.173-0700][gc,mmu        ] GC(1170) MMU target violated: 21.0ms (20.0ms/21.0ms)
[2020-04-15T01:04:31.173-0700][gc,phases     ] GC(1170)   Pre Evacuate Collection Set: 0.0ms
[2020-04-15T01:04:31.173-0700][gc,phases     ] GC(1170)   Evacuate Collection Set: 21.1ms
[2020-04-15T01:04:31.173-0700][gc,phases     ] GC(1170)   Post Evacuate Collection Set: 0.6ms
[2020-04-15T01:04:31.173-0700][gc,phases     ] GC(1170)   Other: 0.5ms
[2020-04-15T01:04:31.173-0700][gc,heap       ] GC(1170) Eden regions: 47->0(47)
[2020-04-15T01:04:31.173-0700][gc,heap       ] GC(1170) Survivor regions: 4->4(7)
[2020-04-15T01:04:31.173-0700][gc,heap       ] GC(1170) Old regions: 175->175
[2020-04-15T01:04:31.173-0700][gc,heap       ] GC(1170) Humongous regions: 130->130
[2020-04-15T01:04:31.173-0700][gc,metaspace  ] GC(1170) Metaspace: 28288K->28288K(1075200K)
[2020-04-15T01:04:31.173-0700][gc            ] GC(1170) Pause Young (Normal) (G1 Evacuation Pause) 355M->308M(1024M) 22.401ms
[2020-04-15T01:04:31.173-0700][gc,cpu        ] GC(1170) User=0.08s Sys=0.00s Real=0.02s
[2020-04-15T01:04:45.566-0700][gc,start      ] GC(1171) Pause Young (Normal) (G1 Evacuation Pause)
[2020-04-15T01:04:45.566-0700][gc,task       ] GC(1171) Using 4 workers of 4 for evacuation
[2020-04-15T01:04:45.589-0700][gc,mmu        ] GC(1171) MMU target violated: 21.0ms (20.0ms/21.0ms)
[2020-04-15T01:04:45.589-0700][gc,phases     ] GC(1171)   Pre Evacuate Collection Set: 0.0ms
[2020-04-15T01:04:45.589-0700][gc,phases     ] GC(1171)   Evacuate Collection Set: 21.8ms
[2020-04-15T01:04:45.589-0700][gc,phases     ] GC(1171)   Post Evacuate Collection Set: 0.8ms
[2020-04-15T01:04:45.589-0700][gc,phases     ] GC(1171)   Other: 0.6ms
[2020-04-15T01:04:45.589-0700][gc,heap       ] GC(1171) Eden regions: 47->0(47)
[2020-04-15T01:04:45.589-0700][gc,heap       ] GC(1171) Survivor regions: 4->4(7)
[2020-04-15T01:04:45.589-0700][gc,heap       ] GC(1171) Old regions: 175->176
[2020-04-15T01:04:45.589-0700][gc,heap       ] GC(1171) Humongous regions: 130->130
[2020-04-15T01:04:45.589-0700][gc,metaspace  ] GC(1171) Metaspace: 28288K->28288K(1075200K)
[2020-04-15T01:04:45.589-0700][gc            ] GC(1171) Pause Young (Normal) (G1 Evacuation Pause) 355M->309M(1024M) 23.398ms
[2020-04-15T01:04:45.589-0700][gc,cpu        ] GC(1171) User=0.08s Sys=0.00s Real=0.02s
[2020-04-15T01:05:00.044-0700][gc,start      ] GC(1172) Pause Young (Normal) (G1 Evacuation Pause)
[2020-04-15T01:05:00.044-0700][gc,task       ] GC(1172) Using 4 workers of 4 for evacuation
[2020-04-15T01:05:00.065-0700][gc,mmu        ] GC(1172) MMU target violated: 21.0ms (20.0ms/21.0ms)
[2020-04-15T01:05:00.065-0700][gc,phases     ] GC(1172)   Pre Evacuate Collection Set: 0.1ms
[2020-04-15T01:05:00.065-0700][gc,phases     ] GC(1172)   Evacuate Collection Set: 20.2ms
[2020-04-15T01:05:00.065-0700][gc,phases     ] GC(1172)   Post Evacuate Collection Set: 0.8ms
[2020-04-15T01:05:00.066-0700][gc,phases     ] GC(1172)   Other: 0.7ms
[2020-04-15T01:05:00.066-0700][gc,heap       ] GC(1172) Eden regions: 47->0(47)
[2020-04-15T01:05:00.066-0700][gc,heap       ] GC(1172) Survivor regions: 4->4(7)
[2020-04-15T01:05:00.066-0700][gc,heap       ] GC(1172) Old regions: 176->176
[2020-04-15T01:05:00.066-0700][gc,heap       ] GC(1172) Humongous regions: 130->130
[2020-04-15T01:05:00.066-0700][gc,metaspace  ] GC(1172) Metaspace: 28288K->28288K(1075200K)
[2020-04-15T01:05:00.066-0700][gc            ] GC(1172) Pause Young (Normal) (G1 Evacuation Pause) 356M->309M(1024M) 21.855ms
[2020-04-15T01:05:00.066-0700][gc,cpu        ] GC(1172) User=0.08s Sys=0.00s Real=0.02s
[2020-04-15T01:05:14.408-0700][gc,start      ] GC(1173) Pause Young (Normal) (G1 Evacuation Pause)
[2020-04-15T01:05:14.408-0700][gc,task       ] GC(1173) Using 4 workers of 4 for evacuation
[2020-04-15T01:05:14.429-0700][gc,mmu        ] GC(1173) MMU target violated: 21.0ms (20.0ms/21.0ms)
[2020-04-15T01:05:14.430-0700][gc,phases     ] GC(1173)   Pre Evacuate Collection Set: 0.0ms
[2020-04-15T01:05:14.430-0700][gc,phases     ] GC(1173)   Evacuate Collection Set: 20.8ms
[2020-04-15T01:05:14.430-0700][gc,phases     ] GC(1173)   Post Evacuate Collection Set: 0.6ms
[2020-04-15T01:05:14.430-0700][gc,phases     ] GC(1173)   Other: 0.5ms
[2020-04-15T01:05:14.430-0700][gc,heap       ] GC(1173) Eden regions: 47->0(47)
[2020-04-15T01:05:14.430-0700][gc,heap       ] GC(1173) Survivor regions: 4->4(7)
[2020-04-15T01:05:14.430-0700][gc,heap       ] GC(1173) Old regions: 176->177
[2020-04-15T01:05:14.430-0700][gc,heap       ] GC(1173) Humongous regions: 130->130
[2020-04-15T01:05:14.430-0700][gc,metaspace  ] GC(1173) Metaspace: 28288K->28288K(1075200K)
[2020-04-15T01:05:14.430-0700][gc            ] GC(1173) Pause Young (Normal) (G1 Evacuation Pause) 356M->309M(1024M) 22.035ms
[2020-04-15T01:05:14.430-0700][gc,cpu        ] GC(1173) User=0.08s Sys=0.00s Real=0.03s
[2020-04-15T01:05:28.807-0700][gc,start      ] GC(1174) Pause Young (Normal) (G1 Evacuation Pause)
[2020-04-15T01:05:28.807-0700][gc,task       ] GC(1174) Using 4 workers of 4 for evacuation
[2020-04-15T01:05:28.826-0700][gc,phases     ] GC(1174)   Pre Evacuate Collection Set: 0.0ms
[2020-04-15T01:05:28.826-0700][gc,phases     ] GC(1174)   Evacuate Collection Set: 18.1ms
[2020-04-15T01:05:28.826-0700][gc,phases     ] GC(1174)   Post Evacuate Collection Set: 0.6ms
[2020-04-15T01:05:28.826-0700][gc,phases     ] GC(1174)   Other: 0.4ms
[2020-04-15T01:05:28.826-0700][gc,heap       ] GC(1174) Eden regions: 47->0(47)
[2020-04-15T01:05:28.826-0700][gc,heap       ] GC(1174) Survivor regions: 4->4(7)
[2020-04-15T01:05:28.826-0700][gc,heap       ] GC(1174) Old regions: 177->177
[2020-04-15T01:05:28.826-0700][gc,heap       ] GC(1174) Humongous regions: 130->130
[2020-04-15T01:05:28.826-0700][gc,metaspace  ] GC(1174) Metaspace: 28288K->28288K(1075200K)
[2020-04-15T01:05:28.827-0700][gc            ] GC(1174) Pause Young (Normal) (G1 Evacuation Pause) 356M->310M(1024M) 19.313ms
[2020-04-15T01:05:28.827-0700][gc,cpu        ] GC(1174) User=0.08s Sys=0.00s Real=0.02s
[2020-04-15T01:05:43.182-0700][gc,start      ] GC(1175) Pause Young (Normal) (G1 Evacuation Pause)
[2020-04-15T01:05:43.182-0700][gc,task       ] GC(1175) Using 4 workers of 4 for evacuation
[2020-04-15T01:05:43.207-0700][gc,mmu        ] GC(1175) MMU target violated: 21.0ms (20.0ms/21.0ms)
[2020-04-15T01:05:43.208-0700][gc,phases     ] GC(1175)   Pre Evacuate Collection Set: 0.0ms
[2020-04-15T01:05:43.208-0700][gc,phases     ] GC(1175)   Evacuate Collection Set: 25.1ms
[2020-04-15T01:05:43.208-0700][gc,phases     ] GC(1175)   Post Evacuate Collection Set: 0.5ms
[2020-04-15T01:05:43.208-0700][gc,phases     ] GC(1175)   Other: 0.5ms
[2020-04-15T01:05:43.208-0700][gc,heap       ] GC(1175) Eden regions: 47->0(46)
[2020-04-15T01:05:43.208-0700][gc,heap       ] GC(1175) Survivor regions: 4->6(7)
[2020-04-15T01:05:43.208-0700][gc,heap       ] GC(1175) Old regions: 177->177
[2020-04-15T01:05:43.208-0700][gc,heap       ] GC(1175) Humongous regions: 130->130
[2020-04-15T01:05:43.208-0700][gc,metaspace  ] GC(1175) Metaspace: 28288K->28288K(1075200K)
[2020-04-15T01:05:43.208-0700][gc            ] GC(1175) Pause Young (Normal) (G1 Evacuation Pause) 357M->311M(1024M) 26.259ms
[2020-04-15T01:05:43.208-0700][gc,cpu        ] GC(1175) User=0.09s Sys=0.00s Real=0.02s
[2020-04-15T01:05:56.973-0700][gc,start      ] GC(1176) Pause Young (Normal) (G1 Evacuation Pause)
[2020-04-15T01:05:56.973-0700][gc,task       ] GC(1176) Using 4 workers of 4 for evacuation
[2020-04-15T01:05:57.009-0700][gc,mmu        ] GC(1176) MMU target violated: 21.0ms (20.0ms/21.0ms)
[2020-04-15T01:05:57.009-0700][gc,phases     ] GC(1176)   Pre Evacuate Collection Set: 0.0ms
[2020-04-15T01:05:57.009-0700][gc,phases     ] GC(1176)   Evacuate Collection Set: 35.3ms
[2020-04-15T01:05:57.009-0700][gc,phases     ] GC(1176)   Post Evacuate Collection Set: 0.6ms
[2020-04-15T01:05:57.009-0700][gc,phases     ] GC(1176)   Other: 0.4ms
[2020-04-15T01:05:57.009-0700][gc,heap       ] GC(1176) Eden regions: 45->0(47)
[2020-04-15T01:05:57.009-0700][gc,heap       ] GC(1176) Survivor regions: 6->4(7)
[2020-04-15T01:05:57.009-0700][gc,heap       ] GC(1176) Old regions: 177->178
[2020-04-15T01:05:57.009-0700][gc,heap       ] GC(1176) Humongous regions: 130->130
[2020-04-15T01:05:57.009-0700][gc,metaspace  ] GC(1176) Metaspace: 28288K->28288K(1075200K)
[2020-04-15T01:05:57.009-0700][gc            ] GC(1176) Pause Young (Normal) (G1 Evacuation Pause) 356M->311M(1024M) 36.514ms
[2020-04-15T01:05:57.010-0700][gc,cpu        ] GC(1176) User=0.09s Sys=0.00s Real=0.04s
[2020-04-15T01:06:11.420-0700][gc,start      ] GC(1177) Pause Young (Normal) (G1 Evacuation Pause)
[2020-04-15T01:06:11.420-0700][gc,task       ] GC(1177) Using 4 workers of 4 for evacuation
[2020-04-15T01:06:11.444-0700][gc,mmu        ] GC(1177) MMU target violated: 21.0ms (20.0ms/21.0ms)
[2020-04-15T01:06:11.444-0700][gc,phases     ] GC(1177)   Pre Evacuate Collection Set: 0.1ms
[2020-04-15T01:06:11.444-0700][gc,phases     ] GC(1177)   Evacuate Collection Set: 23.3ms
[2020-04-15T01:06:11.444-0700][gc,phases     ] GC(1177)   Post Evacuate Collection Set: 0.6ms
[2020-04-15T01:06:11.444-0700][gc,phases     ] GC(1177)   Other: 0.5ms
[2020-04-15T01:06:11.444-0700][gc,heap       ] GC(1177) Eden regions: 47->0(47)
[2020-04-15T01:06:11.445-0700][gc,heap       ] GC(1177) Survivor regions: 4->4(7)
[2020-04-15T01:06:11.445-0700][gc,heap       ] GC(1177) Old regions: 178->179
[2020-04-15T01:06:11.445-0700][gc,heap       ] GC(1177) Humongous regions: 130->130
[2020-04-15T01:06:11.445-0700][gc,metaspace  ] GC(1177) Metaspace: 28288K->28288K(1075200K)
[2020-04-15T01:06:11.445-0700][gc            ] GC(1177) Pause Young (Normal) (G1 Evacuation Pause) 358M->311M(1024M) 24.600ms
[2020-04-15T01:06:11.445-0700][gc,cpu        ] GC(1177) User=0.09s Sys=0.00s Real=0.02s
[2020-04-15T01:06:25.785-0700][gc,start      ] GC(1178) Pause Young (Normal) (G1 Evacuation Pause)
[2020-04-15T01:06:25.785-0700][gc,task       ] GC(1178) Using 4 workers of 4 for evacuation
[2020-04-15T01:06:25.808-0700][gc,mmu        ] GC(1178) MMU target violated: 21.0ms (20.0ms/21.0ms)
[2020-04-15T01:06:25.808-0700][gc,phases     ] GC(1178)   Pre Evacuate Collection Set: 0.0ms
[2020-04-15T01:06:25.808-0700][gc,phases     ] GC(1178)   Evacuate Collection Set: 21.9ms
[2020-04-15T01:06:25.808-0700][gc,phases     ] GC(1178)   Post Evacuate Collection Set: 0.7ms
[2020-04-15T01:06:25.809-0700][gc,phases     ] GC(1178)   Other: 0.6ms
[2020-04-15T01:06:25.809-0700][gc,heap       ] GC(1178) Eden regions: 47->0(46)
[2020-04-15T01:06:25.809-0700][gc,heap       ] GC(1178) Survivor regions: 4->5(7)
[2020-04-15T01:06:25.809-0700][gc,heap       ] GC(1178) Old regions: 179->179
[2020-04-15T01:06:25.809-0700][gc,heap       ] GC(1178) Humongous regions: 130->130
[2020-04-15T01:06:25.809-0700][gc,metaspace  ] GC(1178) Metaspace: 28288K->28288K(1075200K)
[2020-04-15T01:06:25.809-0700][gc            ] GC(1178) Pause Young (Normal) (G1 Evacuation Pause) 358M->312M(1024M) 23.348ms
[2020-04-15T01:06:25.809-0700][gc,cpu        ] GC(1178) User=0.09s Sys=0.00s Real=0.02s
[2020-04-15T01:06:39.778-0700][gc,start      ] GC(1179) Pause Young (Normal) (G1 Evacuation Pause)
[2020-04-15T01:06:39.778-0700][gc,task       ] GC(1179) Using 4 workers of 4 for evacuation
[2020-04-15T01:06:39.803-0700][gc,mmu        ] GC(1179) MMU target violated: 21.0ms (20.0ms/21.0ms)
[2020-04-15T01:06:39.803-0700][gc,phases     ] GC(1179)   Pre Evacuate Collection Set: 0.0ms
[2020-04-15T01:06:39.803-0700][gc,phases     ] GC(1179)   Evacuate Collection Set: 23.6ms
[2020-04-15T01:06:39.803-0700][gc,phases     ] GC(1179)   Post Evacuate Collection Set: 0.5ms
[2020-04-15T01:06:39.803-0700][gc,phases     ] GC(1179)   Other: 0.5ms
[2020-04-15T01:06:39.803-0700][gc,heap       ] GC(1179) Eden regions: 46->0(47)
[2020-04-15T01:06:39.803-0700][gc,heap       ] GC(1179) Survivor regions: 5->4(7)
[2020-04-15T01:06:39.803-0700][gc,heap       ] GC(1179) Old regions: 179->179
[2020-04-15T01:06:39.803-0700][gc,heap       ] GC(1179) Humongous regions: 130->130
[2020-04-15T01:06:39.803-0700][gc,metaspace  ] GC(1179) Metaspace: 28288K->28288K(1075200K)
[2020-04-15T01:06:39.803-0700][gc            ] GC(1179) Pause Young (Normal) (G1 Evacuation Pause) 358M->312M(1024M) 24.776ms
[2020-04-15T01:06:39.803-0700][gc,cpu        ] GC(1179) User=0.09s Sys=0.00s Real=0.02s
[2020-04-15T01:06:54.110-0700][gc,start      ] GC(1180) Pause Young (Normal) (G1 Evacuation Pause)
[2020-04-15T01:06:54.110-0700][gc,task       ] GC(1180) Using 4 workers of 4 for evacuation
[2020-04-15T01:06:54.132-0700][gc,mmu        ] GC(1180) MMU target violated: 21.0ms (20.0ms/21.0ms)
[2020-04-15T01:06:54.132-0700][gc,phases     ] GC(1180)   Pre Evacuate Collection Set: 0.0ms
[2020-04-15T01:06:54.132-0700][gc,phases     ] GC(1180)   Evacuate Collection Set: 21.3ms
[2020-04-15T01:06:54.132-0700][gc,phases     ] GC(1180)   Post Evacuate Collection Set: 0.4ms
[2020-04-15T01:06:54.132-0700][gc,phases     ] GC(1180)   Other: 0.4ms
[2020-04-15T01:06:54.132-0700][gc,heap       ] GC(1180) Eden regions: 47->0(47)
[2020-04-15T01:06:54.132-0700][gc,heap       ] GC(1180) Survivor regions: 4->4(7)
[2020-04-15T01:06:54.132-0700][gc,heap       ] GC(1180) Old regions: 179->180
[2020-04-15T01:06:54.132-0700][gc,heap       ] GC(1180) Humongous regions: 130->130
[2020-04-15T01:06:54.132-0700][gc,metaspace  ] GC(1180) Metaspace: 28288K->28288K(1075200K)
[2020-04-15T01:06:54.133-0700][gc            ] GC(1180) Pause Young (Normal) (G1 Evacuation Pause) 359M->313M(1024M) 22.222ms
[2020-04-15T01:06:54.133-0700][gc,cpu        ] GC(1180) User=0.08s Sys=0.00s Real=0.02s
[2020-04-15T01:07:08.506-0700][gc,start      ] GC(1181) Pause Young (Normal) (G1 Evacuation Pause)
[2020-04-15T01:07:08.506-0700][gc,task       ] GC(1181) Using 4 workers of 4 for evacuation
[2020-04-15T01:07:08.529-0700][gc,mmu        ] GC(1181) MMU target violated: 21.0ms (20.0ms/21.0ms)
[2020-04-15T01:07:08.529-0700][gc,phases     ] GC(1181)   Pre Evacuate Collection Set: 0.0ms
[2020-04-15T01:07:08.529-0700][gc,phases     ] GC(1181)   Evacuate Collection Set: 22.1ms
[2020-04-15T01:07:08.529-0700][gc,phases     ] GC(1181)   Post Evacuate Collection Set: 0.5ms
[2020-04-15T01:07:08.529-0700][gc,phases     ] GC(1181)   Other: 0.5ms
[2020-04-15T01:07:08.529-0700][gc,heap       ] GC(1181) Eden regions: 47->0(47)
[2020-04-15T01:07:08.529-0700][gc,heap       ] GC(1181) Survivor regions: 4->4(7)
[2020-04-15T01:07:08.529-0700][gc,heap       ] GC(1181) Old regions: 180->180
[2020-04-15T01:07:08.529-0700][gc,heap       ] GC(1181) Humongous regions: 130->130
[2020-04-15T01:07:08.529-0700][gc,metaspace  ] GC(1181) Metaspace: 28288K->28288K(1075200K)
[2020-04-15T01:07:08.529-0700][gc            ] GC(1181) Pause Young (Normal) (G1 Evacuation Pause) 360M->313M(1024M) 23.213ms
[2020-04-15T01:07:08.529-0700][gc,cpu        ] GC(1181) User=0.09s Sys=0.00s Real=0.02s
[2020-04-15T01:07:22.815-0700][gc,start      ] GC(1182) Pause Young (Normal) (G1 Evacuation Pause)
[2020-04-15T01:07:22.815-0700][gc,task       ] GC(1182) Using 4 workers of 4 for evacuation
[2020-04-15T01:07:22.843-0700][gc,mmu        ] GC(1182) MMU target violated: 21.0ms (20.0ms/21.0ms)
[2020-04-15T01:07:22.843-0700][gc,phases     ] GC(1182)   Pre Evacuate Collection Set: 0.0ms
[2020-04-15T01:07:22.843-0700][gc,phases     ] GC(1182)   Evacuate Collection Set: 27.1ms
[2020-04-15T01:07:22.843-0700][gc,phases     ] GC(1182)   Post Evacuate Collection Set: 0.5ms
[2020-04-15T01:07:22.843-0700][gc,phases     ] GC(1182)   Other: 0.5ms
[2020-04-15T01:07:22.843-0700][gc,heap       ] GC(1182) Eden regions: 47->0(47)
[2020-04-15T01:07:22.843-0700][gc,heap       ] GC(1182) Survivor regions: 4->4(7)
[2020-04-15T01:07:22.843-0700][gc,heap       ] GC(1182) Old regions: 180->180
[2020-04-15T01:07:22.843-0700][gc,heap       ] GC(1182) Humongous regions: 130->130
[2020-04-15T01:07:22.843-0700][gc,metaspace  ] GC(1182) Metaspace: 28288K->28288K(1075200K)
[2020-04-15T01:07:22.843-0700][gc            ] GC(1182) Pause Young (Normal) (G1 Evacuation Pause) 360M->313M(1024M) 28.315ms
[2020-04-15T01:07:22.843-0700][gc,cpu        ] GC(1182) User=0.10s Sys=0.00s Real=0.03s
[2020-04-15T01:07:37.102-0700][gc,start      ] GC(1183) Pause Young (Normal) (G1 Evacuation Pause)
[2020-04-15T01:07:37.102-0700][gc,task       ] GC(1183) Using 4 workers of 4 for evacuation
[2020-04-15T01:07:37.120-0700][gc,phases     ] GC(1183)   Pre Evacuate Collection Set: 0.0ms
[2020-04-15T01:07:37.120-0700][gc,phases     ] GC(1183)   Evacuate Collection Set: 17.3ms
[2020-04-15T01:07:37.120-0700][gc,phases     ] GC(1183)   Post Evacuate Collection Set: 0.3ms
[2020-04-15T01:07:37.120-0700][gc,phases     ] GC(1183)   Other: 0.3ms
[2020-04-15T01:07:37.120-0700][gc,heap       ] GC(1183) Eden regions: 47->0(47)
[2020-04-15T01:07:37.120-0700][gc,heap       ] GC(1183) Survivor regions: 4->4(7)
[2020-04-15T01:07:37.120-0700][gc,heap       ] GC(1183) Old regions: 180->180
[2020-04-15T01:07:37.120-0700][gc,heap       ] GC(1183) Humongous regions: 130->130
[2020-04-15T01:07:37.120-0700][gc,metaspace  ] GC(1183) Metaspace: 28288K->28288K(1075200K)
[2020-04-15T01:07:37.120-0700][gc            ] GC(1183) Pause Young (Normal) (G1 Evacuation Pause) 360M->313M(1024M) 18.102ms
[2020-04-15T01:07:37.120-0700][gc,cpu        ] GC(1183) User=0.06s Sys=0.00s Real=0.02s
[2020-04-15T01:07:51.283-0700][gc,start      ] GC(1184) Pause Young (Normal) (G1 Evacuation Pause)
[2020-04-15T01:07:51.283-0700][gc,task       ] GC(1184) Using 4 workers of 4 for evacuation
[2020-04-15T01:07:51.294-0700][gc,phases     ] GC(1184)   Pre Evacuate Collection Set: 0.0ms
[2020-04-15T01:07:51.294-0700][gc,phases     ] GC(1184)   Evacuate Collection Set: 10.4ms
[2020-04-15T01:07:51.294-0700][gc,phases     ] GC(1184)   Post Evacuate Collection Set: 0.3ms
[2020-04-15T01:07:51.294-0700][gc,phases     ] GC(1184)   Other: 0.2ms
[2020-04-15T01:07:51.294-0700][gc,heap       ] GC(1184) Eden regions: 47->0(47)
[2020-04-15T01:07:51.294-0700][gc,heap       ] GC(1184) Survivor regions: 4->4(7)
[2020-04-15T01:07:51.294-0700][gc,heap       ] GC(1184) Old regions: 180->181
[2020-04-15T01:07:51.294-0700][gc,heap       ] GC(1184) Humongous regions: 130->130
[2020-04-15T01:07:51.294-0700][gc,metaspace  ] GC(1184) Metaspace: 28288K->28288K(1075200K)
[2020-04-15T01:07:51.294-0700][gc            ] GC(1184) Pause Young (Normal) (G1 Evacuation Pause) 360M->314M(1024M) 11.039ms
[2020-04-15T01:07:51.294-0700][gc,cpu        ] GC(1184) User=0.02s Sys=0.01s Real=0.01s
[2020-04-15T01:08:05.529-0700][gc,start      ] GC(1185) Pause Young (Normal) (G1 Evacuation Pause)
[2020-04-15T01:08:05.529-0700][gc,task       ] GC(1185) Using 4 workers of 4 for evacuation
[2020-04-15T01:08:05.552-0700][gc,mmu        ] GC(1185) MMU target violated: 21.0ms (20.0ms/21.0ms)
[2020-04-15T01:08:05.552-0700][gc,phases     ] GC(1185)   Pre Evacuate Collection Set: 0.0ms
[2020-04-15T01:08:05.552-0700][gc,phases     ] GC(1185)   Evacuate Collection Set: 21.8ms
[2020-04-15T01:08:05.552-0700][gc,phases     ] GC(1185)   Post Evacuate Collection Set: 0.5ms
[2020-04-15T01:08:05.552-0700][gc,phases     ] GC(1185)   Other: 0.4ms
[2020-04-15T01:08:05.552-0700][gc,heap       ] GC(1185) Eden regions: 47->0(47)
[2020-04-15T01:08:05.552-0700][gc,heap       ] GC(1185) Survivor regions: 4->4(7)
[2020-04-15T01:08:05.552-0700][gc,heap       ] GC(1185) Old regions: 181->181
[2020-04-15T01:08:05.552-0700][gc,heap       ] GC(1185) Humongous regions: 130->130
[2020-04-15T01:08:05.552-0700][gc,metaspace  ] GC(1185) Metaspace: 28288K->28288K(1075200K)
[2020-04-15T01:08:05.552-0700][gc            ] GC(1185) Pause Young (Normal) (G1 Evacuation Pause) 361M->314M(1024M) 22.848ms
[2020-04-15T01:08:05.552-0700][gc,cpu        ] GC(1185) User=0.08s Sys=0.00s Real=0.03s
[2020-04-15T01:08:19.967-0700][gc,start      ] GC(1186) Pause Young (Normal) (G1 Evacuation Pause)
[2020-04-15T01:08:19.967-0700][gc,task       ] GC(1186) Using 4 workers of 4 for evacuation
[2020-04-15T01:08:19.999-0700][gc,mmu        ] GC(1186) MMU target violated: 21.0ms (20.0ms/21.0ms)
[2020-04-15T01:08:19.999-0700][gc,phases     ] GC(1186)   Pre Evacuate Collection Set: 0.1ms
[2020-04-15T01:08:19.999-0700][gc,phases     ] GC(1186)   Evacuate Collection Set: 31.2ms
[2020-04-15T01:08:19.999-0700][gc,phases     ] GC(1186)   Post Evacuate Collection Set: 0.4ms
[2020-04-15T01:08:19.999-0700][gc,phases     ] GC(1186)   Other: 0.6ms
[2020-04-15T01:08:19.999-0700][gc,heap       ] GC(1186) Eden regions: 47->0(45)
[2020-04-15T01:08:19.999-0700][gc,heap       ] GC(1186) Survivor regions: 4->6(7)
[2020-04-15T01:08:19.999-0700][gc,heap       ] GC(1186) Old regions: 181->181
[2020-04-15T01:08:19.999-0700][gc,heap       ] GC(1186) Humongous regions: 130->130
[2020-04-15T01:08:19.999-0700][gc,metaspace  ] GC(1186) Metaspace: 28288K->28288K(1075200K)
[2020-04-15T01:08:19.999-0700][gc            ] GC(1186) Pause Young (Normal) (G1 Evacuation Pause) 361M->315M(1024M) 32.407ms
[2020-04-15T01:08:19.999-0700][gc,cpu        ] GC(1186) User=0.11s Sys=0.00s Real=0.04s
[2020-04-15T01:08:34.475-0700][gc,start      ] GC(1187) Pause Young (Normal) (G1 Evacuation Pause)
[2020-04-15T01:08:34.475-0700][gc,task       ] GC(1187) Using 4 workers of 4 for evacuation
[2020-04-15T01:08:34.509-0700][gc,mmu        ] GC(1187) MMU target violated: 21.0ms (20.0ms/21.0ms)
[2020-04-15T01:08:34.510-0700][gc,phases     ] GC(1187)   Pre Evacuate Collection Set: 0.0ms
[2020-04-15T01:08:34.510-0700][gc,phases     ] GC(1187)   Evacuate Collection Set: 33.1ms
[2020-04-15T01:08:34.510-0700][gc,phases     ] GC(1187)   Post Evacuate Collection Set: 0.6ms
[2020-04-15T01:08:34.510-0700][gc,phases     ] GC(1187)   Other: 0.5ms
[2020-04-15T01:08:34.510-0700][gc,heap       ] GC(1187) Eden regions: 45->0(47)
[2020-04-15T01:08:34.510-0700][gc,heap       ] GC(1187) Survivor regions: 6->4(7)
[2020-04-15T01:08:34.510-0700][gc,heap       ] GC(1187) Old regions: 181->183
[2020-04-15T01:08:34.510-0700][gc,heap       ] GC(1187) Humongous regions: 130->130
[2020-04-15T01:08:34.510-0700][gc,metaspace  ] GC(1187) Metaspace: 28288K->28288K(1075200K)
[2020-04-15T01:08:34.510-0700][gc            ] GC(1187) Pause Young (Normal) (G1 Evacuation Pause) 360M->316M(1024M) 34.452ms
[2020-04-15T01:08:34.510-0700][gc,cpu        ] GC(1187) User=0.12s Sys=0.00s Real=0.04s
[2020-04-15T01:08:48.895-0700][gc,start      ] GC(1188) Pause Young (Normal) (G1 Evacuation Pause)
[2020-04-15T01:08:48.896-0700][gc,task       ] GC(1188) Using 4 workers of 4 for evacuation
[2020-04-15T01:08:48.923-0700][gc,mmu        ] GC(1188) MMU target violated: 21.0ms (20.0ms/21.0ms)
[2020-04-15T01:08:48.923-0700][gc,phases     ] GC(1188)   Pre Evacuate Collection Set: 0.0ms
[2020-04-15T01:08:48.923-0700][gc,phases     ] GC(1188)   Evacuate Collection Set: 26.6ms
[2020-04-15T01:08:48.923-0700][gc,phases     ] GC(1188)   Post Evacuate Collection Set: 0.6ms
[2020-04-15T01:08:48.923-0700][gc,phases     ] GC(1188)   Other: 0.5ms
[2020-04-15T01:08:48.923-0700][gc,heap       ] GC(1188) Eden regions: 47->0(47)
[2020-04-15T01:08:48.923-0700][gc,heap       ] GC(1188) Survivor regions: 4->4(7)
[2020-04-15T01:08:48.923-0700][gc,heap       ] GC(1188) Old regions: 183->183
[2020-04-15T01:08:48.923-0700][gc,heap       ] GC(1188) Humongous regions: 130->130
[2020-04-15T01:08:48.923-0700][gc,metaspace  ] GC(1188) Metaspace: 28288K->28288K(1075200K)
[2020-04-15T01:08:48.923-0700][gc            ] GC(1188) Pause Young (Normal) (G1 Evacuation Pause) 363M->316M(1024M) 27.843ms
[2020-04-15T01:08:48.923-0700][gc,cpu        ] GC(1188) User=0.09s Sys=0.00s Real=0.03s
[2020-04-15T01:09:03.527-0700][gc,start      ] GC(1189) Pause Young (Normal) (G1 Evacuation Pause)
[2020-04-15T01:09:03.527-0700][gc,task       ] GC(1189) Using 4 workers of 4 for evacuation
[2020-04-15T01:09:03.554-0700][gc,mmu        ] GC(1189) MMU target violated: 21.0ms (20.0ms/21.0ms)
[2020-04-15T01:09:03.554-0700][gc,phases     ] GC(1189)   Pre Evacuate Collection Set: 0.1ms
[2020-04-15T01:09:03.554-0700][gc,phases     ] GC(1189)   Evacuate Collection Set: 26.4ms
[2020-04-15T01:09:03.554-0700][gc,phases     ] GC(1189)   Post Evacuate Collection Set: 0.5ms
[2020-04-15T01:09:03.554-0700][gc,phases     ] GC(1189)   Other: 0.5ms
[2020-04-15T01:09:03.554-0700][gc,heap       ] GC(1189) Eden regions: 47->0(47)
[2020-04-15T01:09:03.554-0700][gc,heap       ] GC(1189) Survivor regions: 4->4(7)
[2020-04-15T01:09:03.554-0700][gc,heap       ] GC(1189) Old regions: 183->184
[2020-04-15T01:09:03.554-0700][gc,heap       ] GC(1189) Humongous regions: 130->130
[2020-04-15T01:09:03.554-0700][gc,metaspace  ] GC(1189) Metaspace: 28288K->28288K(1075200K)
[2020-04-15T01:09:03.554-0700][gc            ] GC(1189) Pause Young (Normal) (G1 Evacuation Pause) 363M->316M(1024M) 27.530ms
[2020-04-15T01:09:03.554-0700][gc,cpu        ] GC(1189) User=0.10s Sys=0.00s Real=0.03s
[2020-04-15T01:09:17.982-0700][gc,start      ] GC(1190) Pause Young (Normal) (G1 Evacuation Pause)
[2020-04-15T01:09:17.982-0700][gc,task       ] GC(1190) Using 4 workers of 4 for evacuation
[2020-04-15T01:09:18.011-0700][gc,mmu        ] GC(1190) MMU target violated: 21.0ms (20.0ms/21.0ms)
[2020-04-15T01:09:18.011-0700][gc,phases     ] GC(1190)   Pre Evacuate Collection Set: 0.1ms
[2020-04-15T01:09:18.011-0700][gc,phases     ] GC(1190)   Evacuate Collection Set: 28.8ms
[2020-04-15T01:09:18.011-0700][gc,phases     ] GC(1190)   Post Evacuate Collection Set: 0.5ms
[2020-04-15T01:09:18.011-0700][gc,phases     ] GC(1190)   Other: 0.5ms
[2020-04-15T01:09:18.011-0700][gc,heap       ] GC(1190) Eden regions: 47->0(47)
[2020-04-15T01:09:18.011-0700][gc,heap       ] GC(1190) Survivor regions: 4->4(7)
[2020-04-15T01:09:18.011-0700][gc,heap       ] GC(1190) Old regions: 184->184
[2020-04-15T01:09:18.011-0700][gc,heap       ] GC(1190) Humongous regions: 130->130
[2020-04-15T01:09:18.011-0700][gc,metaspace  ] GC(1190) Metaspace: 28288K->28288K(1075200K)
[2020-04-15T01:09:18.012-0700][gc            ] GC(1190) Pause Young (Normal) (G1 Evacuation Pause) 363M->317M(1024M) 30.004ms
[2020-04-15T01:09:18.012-0700][gc,cpu        ] GC(1190) User=0.10s Sys=0.00s Real=0.03s
[2020-04-15T01:09:32.393-0700][gc,start      ] GC(1191) Pause Young (Normal) (G1 Evacuation Pause)
[2020-04-15T01:09:32.393-0700][gc,task       ] GC(1191) Using 4 workers of 4 for evacuation
[2020-04-15T01:09:32.419-0700][gc,mmu        ] GC(1191) MMU target violated: 21.0ms (20.0ms/21.0ms)
[2020-04-15T01:09:32.419-0700][gc,phases     ] GC(1191)   Pre Evacuate Collection Set: 0.0ms
[2020-04-15T01:09:32.419-0700][gc,phases     ] GC(1191)   Evacuate Collection Set: 25.7ms
[2020-04-15T01:09:32.419-0700][gc,phases     ] GC(1191)   Post Evacuate Collection Set: 0.5ms
[2020-04-15T01:09:32.419-0700][gc,phases     ] GC(1191)   Other: 0.5ms
[2020-04-15T01:09:32.419-0700][gc,heap       ] GC(1191) Eden regions: 47->0(47)
[2020-04-15T01:09:32.419-0700][gc,heap       ] GC(1191) Survivor regions: 4->4(7)
[2020-04-15T01:09:32.419-0700][gc,heap       ] GC(1191) Old regions: 184->184
[2020-04-15T01:09:32.419-0700][gc,heap       ] GC(1191) Humongous regions: 130->130
[2020-04-15T01:09:32.419-0700][gc,metaspace  ] GC(1191) Metaspace: 28288K->28288K(1075200K)
[2020-04-15T01:09:32.419-0700][gc            ] GC(1191) Pause Young (Normal) (G1 Evacuation Pause) 364M->317M(1024M) 26.803ms
[2020-04-15T01:09:32.419-0700][gc,cpu        ] GC(1191) User=0.10s Sys=0.00s Real=0.03s
[2020-04-15T01:09:46.833-0700][gc,start      ] GC(1192) Pause Young (Normal) (G1 Evacuation Pause)
[2020-04-15T01:09:46.833-0700][gc,task       ] GC(1192) Using 4 workers of 4 for evacuation
[2020-04-15T01:09:46.862-0700][gc,mmu        ] GC(1192) MMU target violated: 21.0ms (20.0ms/21.0ms)
[2020-04-15T01:09:46.862-0700][gc,phases     ] GC(1192)   Pre Evacuate Collection Set: 0.1ms
[2020-04-15T01:09:46.862-0700][gc,phases     ] GC(1192)   Evacuate Collection Set: 27.5ms
[2020-04-15T01:09:46.862-0700][gc,phases     ] GC(1192)   Post Evacuate Collection Set: 0.6ms
[2020-04-15T01:09:46.862-0700][gc,phases     ] GC(1192)   Other: 0.8ms
[2020-04-15T01:09:46.862-0700][gc,heap       ] GC(1192) Eden regions: 47->0(47)
[2020-04-15T01:09:46.862-0700][gc,heap       ] GC(1192) Survivor regions: 4->4(7)
[2020-04-15T01:09:46.862-0700][gc,heap       ] GC(1192) Old regions: 184->184
[2020-04-15T01:09:46.862-0700][gc,heap       ] GC(1192) Humongous regions: 130->130
[2020-04-15T01:09:46.862-0700][gc,metaspace  ] GC(1192) Metaspace: 28288K->28288K(1075200K)
[2020-04-15T01:09:46.862-0700][gc            ] GC(1192) Pause Young (Normal) (G1 Evacuation Pause) 364M->317M(1024M) 29.152ms
[2020-04-15T01:09:46.862-0700][gc,cpu        ] GC(1192) User=0.10s Sys=0.00s Real=0.03s
[2020-04-15T01:10:01.256-0700][gc,start      ] GC(1193) Pause Young (Normal) (G1 Evacuation Pause)
[2020-04-15T01:10:01.256-0700][gc,task       ] GC(1193) Using 4 workers of 4 for evacuation
[2020-04-15T01:10:01.283-0700][gc,mmu        ] GC(1193) MMU target violated: 21.0ms (20.0ms/21.0ms)
[2020-04-15T01:10:01.283-0700][gc,phases     ] GC(1193)   Pre Evacuate Collection Set: 0.0ms
[2020-04-15T01:10:01.283-0700][gc,phases     ] GC(1193)   Evacuate Collection Set: 25.5ms
[2020-04-15T01:10:01.283-0700][gc,phases     ] GC(1193)   Post Evacuate Collection Set: 0.5ms
[2020-04-15T01:10:01.283-0700][gc,phases     ] GC(1193)   Other: 0.5ms
[2020-04-15T01:10:01.283-0700][gc,heap       ] GC(1193) Eden regions: 47->0(47)
[2020-04-15T01:10:01.283-0700][gc,heap       ] GC(1193) Survivor regions: 4->4(7)
[2020-04-15T01:10:01.283-0700][gc,heap       ] GC(1193) Old regions: 184->185
[2020-04-15T01:10:01.283-0700][gc,heap       ] GC(1193) Humongous regions: 130->130
[2020-04-15T01:10:01.283-0700][gc,metaspace  ] GC(1193) Metaspace: 28288K->28288K(1075200K)
[2020-04-15T01:10:01.283-0700][gc            ] GC(1193) Pause Young (Normal) (G1 Evacuation Pause) 364M->318M(1024M) 26.709ms
[2020-04-15T01:10:01.283-0700][gc,cpu        ] GC(1193) User=0.10s Sys=0.00s Real=0.03s
[2020-04-15T01:10:15.666-0700][gc,start      ] GC(1194) Pause Young (Normal) (G1 Evacuation Pause)
[2020-04-15T01:10:15.666-0700][gc,task       ] GC(1194) Using 4 workers of 4 for evacuation
[2020-04-15T01:10:15.692-0700][gc,mmu        ] GC(1194) MMU target violated: 21.0ms (20.0ms/21.0ms)
[2020-04-15T01:10:15.692-0700][gc,phases     ] GC(1194)   Pre Evacuate Collection Set: 0.1ms
[2020-04-15T01:10:15.692-0700][gc,phases     ] GC(1194)   Evacuate Collection Set: 25.1ms
[2020-04-15T01:10:15.692-0700][gc,phases     ] GC(1194)   Post Evacuate Collection Set: 0.6ms
[2020-04-15T01:10:15.692-0700][gc,phases     ] GC(1194)   Other: 0.7ms
[2020-04-15T01:10:15.692-0700][gc,heap       ] GC(1194) Eden regions: 47->0(47)
[2020-04-15T01:10:15.692-0700][gc,heap       ] GC(1194) Survivor regions: 4->4(7)
[2020-04-15T01:10:15.692-0700][gc,heap       ] GC(1194) Old regions: 185->185
[2020-04-15T01:10:15.692-0700][gc,heap       ] GC(1194) Humongous regions: 130->130
[2020-04-15T01:10:15.692-0700][gc,metaspace  ] GC(1194) Metaspace: 28288K->28288K(1075200K)
[2020-04-15T01:10:15.692-0700][gc            ] GC(1194) Pause Young (Normal) (G1 Evacuation Pause) 365M->318M(1024M) 26.585ms
[2020-04-15T01:10:15.692-0700][gc,cpu        ] GC(1194) User=0.10s Sys=0.00s Real=0.03s
[2020-04-15T01:10:30.082-0700][gc,start      ] GC(1195) Pause Young (Normal) (G1 Evacuation Pause)
[2020-04-15T01:10:30.082-0700][gc,task       ] GC(1195) Using 4 workers of 4 for evacuation
[2020-04-15T01:10:30.112-0700][gc,mmu        ] GC(1195) MMU target violated: 21.0ms (20.0ms/21.0ms)
[2020-04-15T01:10:30.112-0700][gc,phases     ] GC(1195)   Pre Evacuate Collection Set: 0.1ms
[2020-04-15T01:10:30.112-0700][gc,phases     ] GC(1195)   Evacuate Collection Set: 28.7ms
[2020-04-15T01:10:30.112-0700][gc,phases     ] GC(1195)   Post Evacuate Collection Set: 0.5ms
[2020-04-15T01:10:30.112-0700][gc,phases     ] GC(1195)   Other: 0.7ms
[2020-04-15T01:10:30.112-0700][gc,heap       ] GC(1195) Eden regions: 47->0(47)
[2020-04-15T01:10:30.112-0700][gc,heap       ] GC(1195) Survivor regions: 4->4(7)
[2020-04-15T01:10:30.112-0700][gc,heap       ] GC(1195) Old regions: 185->186
[2020-04-15T01:10:30.112-0700][gc,heap       ] GC(1195) Humongous regions: 130->130
[2020-04-15T01:10:30.112-0700][gc,metaspace  ] GC(1195) Metaspace: 28288K->28288K(1075200K)
[2020-04-15T01:10:30.112-0700][gc            ] GC(1195) Pause Young (Normal) (G1 Evacuation Pause) 365M->319M(1024M) 30.076ms
[2020-04-15T01:10:30.112-0700][gc,cpu        ] GC(1195) User=0.09s Sys=0.00s Real=0.03s
[2020-04-15T01:10:44.503-0700][gc,start      ] GC(1196) Pause Young (Normal) (G1 Evacuation Pause)
[2020-04-15T01:10:44.503-0700][gc,task       ] GC(1196) Using 4 workers of 4 for evacuation
[2020-04-15T01:10:44.529-0700][gc,mmu        ] GC(1196) MMU target violated: 21.0ms (20.0ms/21.0ms)
[2020-04-15T01:10:44.529-0700][gc,phases     ] GC(1196)   Pre Evacuate Collection Set: 0.0ms
[2020-04-15T01:10:44.529-0700][gc,phases     ] GC(1196)   Evacuate Collection Set: 24.7ms
[2020-04-15T01:10:44.529-0700][gc,phases     ] GC(1196)   Post Evacuate Collection Set: 0.5ms
[2020-04-15T01:10:44.529-0700][gc,phases     ] GC(1196)   Other: 0.4ms
[2020-04-15T01:10:44.529-0700][gc,heap       ] GC(1196) Eden regions: 47->0(47)
[2020-04-15T01:10:44.529-0700][gc,heap       ] GC(1196) Survivor regions: 4->4(7)
[2020-04-15T01:10:44.529-0700][gc,heap       ] GC(1196) Old regions: 186->186
[2020-04-15T01:10:44.529-0700][gc,heap       ] GC(1196) Humongous regions: 130->130
[2020-04-15T01:10:44.529-0700][gc,metaspace  ] GC(1196) Metaspace: 28288K->28288K(1075200K)
[2020-04-15T01:10:44.529-0700][gc            ] GC(1196) Pause Young (Normal) (G1 Evacuation Pause) 366M->319M(1024M) 25.815ms
[2020-04-15T01:10:44.529-0700][gc,cpu        ] GC(1196) User=0.09s Sys=0.00s Real=0.02s
[2020-04-15T01:10:58.816-0700][gc,start      ] GC(1197) Pause Young (Normal) (G1 Evacuation Pause)
[2020-04-15T01:10:58.816-0700][gc,task       ] GC(1197) Using 4 workers of 4 for evacuation
[2020-04-15T01:10:58.841-0700][gc,mmu        ] GC(1197) MMU target violated: 21.0ms (20.0ms/21.0ms)
[2020-04-15T01:10:58.841-0700][gc,phases     ] GC(1197)   Pre Evacuate Collection Set: 0.0ms
[2020-04-15T01:10:58.841-0700][gc,phases     ] GC(1197)   Evacuate Collection Set: 23.8ms
[2020-04-15T01:10:58.841-0700][gc,phases     ] GC(1197)   Post Evacuate Collection Set: 0.5ms
[2020-04-15T01:10:58.841-0700][gc,phases     ] GC(1197)   Other: 0.5ms
[2020-04-15T01:10:58.841-0700][gc,heap       ] GC(1197) Eden regions: 47->0(47)
[2020-04-15T01:10:58.841-0700][gc,heap       ] GC(1197) Survivor regions: 4->4(7)
[2020-04-15T01:10:58.841-0700][gc,heap       ] GC(1197) Old regions: 186->187
[2020-04-15T01:10:58.841-0700][gc,heap       ] GC(1197) Humongous regions: 130->130
[2020-04-15T01:10:58.841-0700][gc,metaspace  ] GC(1197) Metaspace: 28288K->28288K(1075200K)
[2020-04-15T01:10:58.841-0700][gc            ] GC(1197) Pause Young (Normal) (G1 Evacuation Pause) 366M->319M(1024M) 24.892ms
[2020-04-15T01:10:58.841-0700][gc,cpu        ] GC(1197) User=0.09s Sys=0.00s Real=0.03s
[2020-04-15T01:11:13.385-0700][gc,start      ] GC(1198) Pause Young (Normal) (G1 Evacuation Pause)
[2020-04-15T01:11:13.385-0700][gc,task       ] GC(1198) Using 4 workers of 4 for evacuation
[2020-04-15T01:11:13.410-0700][gc,mmu        ] GC(1198) MMU target violated: 21.0ms (20.0ms/21.0ms)
[2020-04-15T01:11:13.410-0700][gc,phases     ] GC(1198)   Pre Evacuate Collection Set: 0.1ms
[2020-04-15T01:11:13.411-0700][gc,phases     ] GC(1198)   Evacuate Collection Set: 24.7ms
[2020-04-15T01:11:13.411-0700][gc,phases     ] GC(1198)   Post Evacuate Collection Set: 0.6ms
[2020-04-15T01:11:13.411-0700][gc,phases     ] GC(1198)   Other: 0.5ms
[2020-04-15T01:11:13.411-0700][gc,heap       ] GC(1198) Eden regions: 47->0(47)
[2020-04-15T01:11:13.411-0700][gc,heap       ] GC(1198) Survivor regions: 4->4(7)
[2020-04-15T01:11:13.411-0700][gc,heap       ] GC(1198) Old regions: 187->187
[2020-04-15T01:11:13.411-0700][gc,heap       ] GC(1198) Humongous regions: 130->130
[2020-04-15T01:11:13.411-0700][gc,metaspace  ] GC(1198) Metaspace: 28288K->28288K(1075200K)
[2020-04-15T01:11:13.411-0700][gc            ] GC(1198) Pause Young (Normal) (G1 Evacuation Pause) 366M->320M(1024M) 26.020ms
[2020-04-15T01:11:13.411-0700][gc,cpu        ] GC(1198) User=0.10s Sys=0.00s Real=0.03s
[2020-04-15T01:11:27.762-0700][gc,start      ] GC(1199) Pause Young (Normal) (G1 Evacuation Pause)
[2020-04-15T01:11:27.762-0700][gc,task       ] GC(1199) Using 4 workers of 4 for evacuation
[2020-04-15T01:11:27.789-0700][gc,mmu        ] GC(1199) MMU target violated: 21.0ms (20.0ms/21.0ms)
[2020-04-15T01:11:27.789-0700][gc,phases     ] GC(1199)   Pre Evacuate Collection Set: 0.0ms
[2020-04-15T01:11:27.789-0700][gc,phases     ] GC(1199)   Evacuate Collection Set: 25.9ms
[2020-04-15T01:11:27.789-0700][gc,phases     ] GC(1199)   Post Evacuate Collection Set: 0.7ms
[2020-04-15T01:11:27.789-0700][gc,phases     ] GC(1199)   Other: 0.6ms
[2020-04-15T01:11:27.789-0700][gc,heap       ] GC(1199) Eden regions: 47->0(47)
[2020-04-15T01:11:27.789-0700][gc,heap       ] GC(1199) Survivor regions: 4->4(7)
[2020-04-15T01:11:27.789-0700][gc,heap       ] GC(1199) Old regions: 187->187
[2020-04-15T01:11:27.789-0700][gc,heap       ] GC(1199) Humongous regions: 130->130
[2020-04-15T01:11:27.789-0700][gc,metaspace  ] GC(1199) Metaspace: 28288K->28288K(1075200K)
[2020-04-15T01:11:27.789-0700][gc            ] GC(1199) Pause Young (Normal) (G1 Evacuation Pause) 367M->320M(1024M) 27.252ms
[2020-04-15T01:11:27.789-0700][gc,cpu        ] GC(1199) User=0.10s Sys=0.00s Real=0.02s
[2020-04-15T01:11:42.351-0700][gc,start      ] GC(1200) Pause Young (Normal) (G1 Evacuation Pause)
[2020-04-15T01:11:42.351-0700][gc,task       ] GC(1200) Using 4 workers of 4 for evacuation
[2020-04-15T01:11:42.380-0700][gc,mmu        ] GC(1200) MMU target violated: 21.0ms (20.0ms/21.0ms)
[2020-04-15T01:11:42.381-0700][gc,phases     ] GC(1200)   Pre Evacuate Collection Set: 0.1ms
[2020-04-15T01:11:42.381-0700][gc,phases     ] GC(1200)   Evacuate Collection Set: 27.9ms
[2020-04-15T01:11:42.381-0700][gc,phases     ] GC(1200)   Post Evacuate Collection Set: 0.8ms
[2020-04-15T01:11:42.381-0700][gc,phases     ] GC(1200)   Other: 0.6ms
[2020-04-15T01:11:42.381-0700][gc,heap       ] GC(1200) Eden regions: 47->0(47)
[2020-04-15T01:11:42.381-0700][gc,heap       ] GC(1200) Survivor regions: 4->4(7)
[2020-04-15T01:11:42.381-0700][gc,heap       ] GC(1200) Old regions: 187->187
[2020-04-15T01:11:42.381-0700][gc,heap       ] GC(1200) Humongous regions: 130->130
[2020-04-15T01:11:42.381-0700][gc,metaspace  ] GC(1200) Metaspace: 28288K->28288K(1075200K)
[2020-04-15T01:11:42.381-0700][gc            ] GC(1200) Pause Young (Normal) (G1 Evacuation Pause) 367M->320M(1024M) 29.437ms
[2020-04-15T01:11:42.381-0700][gc,cpu        ] GC(1200) User=0.10s Sys=0.00s Real=0.03s
[2020-04-15T01:11:56.881-0700][gc,start      ] GC(1201) Pause Young (Normal) (G1 Evacuation Pause)
[2020-04-15T01:11:56.881-0700][gc,task       ] GC(1201) Using 4 workers of 4 for evacuation
[2020-04-15T01:11:56.910-0700][gc,mmu        ] GC(1201) MMU target violated: 21.0ms (20.0ms/21.0ms)
[2020-04-15T01:11:56.911-0700][gc,phases     ] GC(1201)   Pre Evacuate Collection Set: 0.1ms
[2020-04-15T01:11:56.911-0700][gc,phases     ] GC(1201)   Evacuate Collection Set: 28.1ms
[2020-04-15T01:11:56.911-0700][gc,phases     ] GC(1201)   Post Evacuate Collection Set: 0.6ms
[2020-04-15T01:11:56.911-0700][gc,phases     ] GC(1201)   Other: 0.7ms
[2020-04-15T01:11:56.911-0700][gc,heap       ] GC(1201) Eden regions: 47->0(47)
[2020-04-15T01:11:56.911-0700][gc,heap       ] GC(1201) Survivor regions: 4->4(7)
[2020-04-15T01:11:56.911-0700][gc,heap       ] GC(1201) Old regions: 187->188
[2020-04-15T01:11:56.911-0700][gc,heap       ] GC(1201) Humongous regions: 130->130
[2020-04-15T01:11:56.911-0700][gc,metaspace  ] GC(1201) Metaspace: 28288K->28288K(1075200K)
[2020-04-15T01:11:56.911-0700][gc            ] GC(1201) Pause Young (Normal) (G1 Evacuation Pause) 367M->321M(1024M) 29.757ms
[2020-04-15T01:11:56.911-0700][gc,cpu        ] GC(1201) User=0.10s Sys=0.00s Real=0.03s
[2020-04-15T01:12:11.875-0700][gc,start      ] GC(1202) Pause Young (Normal) (G1 Evacuation Pause)
[2020-04-15T01:12:11.875-0700][gc,task       ] GC(1202) Using 4 workers of 4 for evacuation
[2020-04-15T01:12:11.909-0700][gc,mmu        ] GC(1202) MMU target violated: 21.0ms (20.0ms/21.0ms)
[2020-04-15T01:12:11.909-0700][gc,phases     ] GC(1202)   Pre Evacuate Collection Set: 0.1ms
[2020-04-15T01:12:11.909-0700][gc,phases     ] GC(1202)   Evacuate Collection Set: 32.5ms
[2020-04-15T01:12:11.909-0700][gc,phases     ] GC(1202)   Post Evacuate Collection Set: 0.6ms
[2020-04-15T01:12:11.909-0700][gc,phases     ] GC(1202)   Other: 0.7ms
[2020-04-15T01:12:11.909-0700][gc,heap       ] GC(1202) Eden regions: 47->0(46)
[2020-04-15T01:12:11.909-0700][gc,heap       ] GC(1202) Survivor regions: 4->5(7)
[2020-04-15T01:12:11.909-0700][gc,heap       ] GC(1202) Old regions: 188->188
[2020-04-15T01:12:11.909-0700][gc,heap       ] GC(1202) Humongous regions: 130->130
[2020-04-15T01:12:11.909-0700][gc,metaspace  ] GC(1202) Metaspace: 28288K->28288K(1075200K)
[2020-04-15T01:12:11.909-0700][gc            ] GC(1202) Pause Young (Normal) (G1 Evacuation Pause) 368M->322M(1024M) 33.993ms
[2020-04-15T01:12:11.909-0700][gc,cpu        ] GC(1202) User=0.12s Sys=0.00s Real=0.03s
[2020-04-15T01:12:26.066-0700][gc,start      ] GC(1203) Pause Young (Normal) (G1 Evacuation Pause)
[2020-04-15T01:12:26.066-0700][gc,task       ] GC(1203) Using 4 workers of 4 for evacuation
[2020-04-15T01:12:26.115-0700][gc,mmu        ] GC(1203) MMU target violated: 21.0ms (20.0ms/21.0ms)
[2020-04-15T01:12:26.115-0700][gc,phases     ] GC(1203)   Pre Evacuate Collection Set: 0.0ms
[2020-04-15T01:12:26.115-0700][gc,phases     ] GC(1203)   Evacuate Collection Set: 47.1ms
[2020-04-15T01:12:26.115-0700][gc,phases     ] GC(1203)   Post Evacuate Collection Set: 0.6ms
[2020-04-15T01:12:26.115-0700][gc,phases     ] GC(1203)   Other: 0.6ms
[2020-04-15T01:12:26.115-0700][gc,heap       ] GC(1203) Eden regions: 46->0(46)
[2020-04-15T01:12:26.115-0700][gc,heap       ] GC(1203) Survivor regions: 5->5(7)
[2020-04-15T01:12:26.115-0700][gc,heap       ] GC(1203) Old regions: 188->189
[2020-04-15T01:12:26.115-0700][gc,heap       ] GC(1203) Humongous regions: 130->130
[2020-04-15T01:12:26.115-0700][gc,metaspace  ] GC(1203) Metaspace: 28288K->28288K(1075200K)
[2020-04-15T01:12:26.115-0700][gc            ] GC(1203) Pause Young (Normal) (G1 Evacuation Pause) 368M->323M(1024M) 48.526ms
[2020-04-15T01:12:26.115-0700][gc,cpu        ] GC(1203) User=0.12s Sys=0.00s Real=0.05s
[2020-04-15T01:12:40.684-0700][gc,start      ] GC(1204) Pause Young (Normal) (G1 Evacuation Pause)
[2020-04-15T01:12:40.684-0700][gc,task       ] GC(1204) Using 4 workers of 4 for evacuation
[2020-04-15T01:12:40.711-0700][gc,mmu        ] GC(1204) MMU target violated: 21.0ms (20.0ms/21.0ms)
[2020-04-15T01:12:40.711-0700][gc,phases     ] GC(1204)   Pre Evacuate Collection Set: 0.0ms
[2020-04-15T01:12:40.711-0700][gc,phases     ] GC(1204)   Evacuate Collection Set: 26.2ms
[2020-04-15T01:12:40.711-0700][gc,phases     ] GC(1204)   Post Evacuate Collection Set: 0.5ms
[2020-04-15T01:12:40.711-0700][gc,phases     ] GC(1204)   Other: 0.5ms
[2020-04-15T01:12:40.711-0700][gc,heap       ] GC(1204) Eden regions: 46->0(47)
[2020-04-15T01:12:40.712-0700][gc,heap       ] GC(1204) Survivor regions: 5->4(7)
[2020-04-15T01:12:40.712-0700][gc,heap       ] GC(1204) Old regions: 189->190
[2020-04-15T01:12:40.712-0700][gc,heap       ] GC(1204) Humongous regions: 130->130
[2020-04-15T01:12:40.712-0700][gc,metaspace  ] GC(1204) Metaspace: 28288K->28288K(1075200K)
[2020-04-15T01:12:40.712-0700][gc            ] GC(1204) Pause Young (Normal) (G1 Evacuation Pause) 369M->323M(1024M) 27.269ms
[2020-04-15T01:12:40.712-0700][gc,cpu        ] GC(1204) User=0.10s Sys=0.00s Real=0.03s
[2020-04-15T01:12:55.167-0700][gc,start      ] GC(1205) Pause Young (Normal) (G1 Evacuation Pause)
[2020-04-15T01:12:55.167-0700][gc,task       ] GC(1205) Using 4 workers of 4 for evacuation
[2020-04-15T01:12:55.199-0700][gc,mmu        ] GC(1205) MMU target violated: 21.0ms (20.0ms/21.0ms)
[2020-04-15T01:12:55.199-0700][gc,phases     ] GC(1205)   Pre Evacuate Collection Set: 0.1ms
[2020-04-15T01:12:55.199-0700][gc,phases     ] GC(1205)   Evacuate Collection Set: 30.5ms
[2020-04-15T01:12:55.199-0700][gc,phases     ] GC(1205)   Post Evacuate Collection Set: 0.7ms
[2020-04-15T01:12:55.199-0700][gc,phases     ] GC(1205)   Other: 0.6ms
[2020-04-15T01:12:55.199-0700][gc,heap       ] GC(1205) Eden regions: 47->0(47)
[2020-04-15T01:12:55.199-0700][gc,heap       ] GC(1205) Survivor regions: 4->4(7)
[2020-04-15T01:12:55.199-0700][gc,heap       ] GC(1205) Old regions: 190->190
[2020-04-15T01:12:55.199-0700][gc,heap       ] GC(1205) Humongous regions: 130->130
[2020-04-15T01:12:55.199-0700][gc,metaspace  ] GC(1205) Metaspace: 28288K->28288K(1075200K)
[2020-04-15T01:12:55.199-0700][gc            ] GC(1205) Pause Young (Normal) (G1 Evacuation Pause) 370M->323M(1024M) 31.937ms
[2020-04-15T01:12:55.199-0700][gc,cpu        ] GC(1205) User=0.09s Sys=0.00s Real=0.04s
[2020-04-15T01:13:10.355-0700][gc,start      ] GC(1206) Pause Young (Normal) (G1 Evacuation Pause)
[2020-04-15T01:13:10.355-0700][gc,task       ] GC(1206) Using 4 workers of 4 for evacuation
[2020-04-15T01:13:10.386-0700][gc,mmu        ] GC(1206) MMU target violated: 21.0ms (20.0ms/21.0ms)
[2020-04-15T01:13:10.386-0700][gc,phases     ] GC(1206)   Pre Evacuate Collection Set: 0.1ms
[2020-04-15T01:13:10.386-0700][gc,phases     ] GC(1206)   Evacuate Collection Set: 30.8ms
[2020-04-15T01:13:10.386-0700][gc,phases     ] GC(1206)   Post Evacuate Collection Set: 0.5ms
[2020-04-15T01:13:10.386-0700][gc,phases     ] GC(1206)   Other: 0.6ms
[2020-04-15T01:13:10.386-0700][gc,heap       ] GC(1206) Eden regions: 47->0(47)
[2020-04-15T01:13:10.386-0700][gc,heap       ] GC(1206) Survivor regions: 4->4(7)
[2020-04-15T01:13:10.386-0700][gc,heap       ] GC(1206) Old regions: 190->190
[2020-04-15T01:13:10.386-0700][gc,heap       ] GC(1206) Humongous regions: 130->130
[2020-04-15T01:13:10.386-0700][gc,metaspace  ] GC(1206) Metaspace: 28288K->28288K(1075200K)
[2020-04-15T01:13:10.386-0700][gc            ] GC(1206) Pause Young (Normal) (G1 Evacuation Pause) 370M->323M(1024M) 31.979ms
[2020-04-15T01:13:10.387-0700][gc,cpu        ] GC(1206) User=0.11s Sys=0.00s Real=0.03s
[2020-04-15T01:13:24.663-0700][gc,start      ] GC(1207) Pause Young (Normal) (G1 Evacuation Pause)
[2020-04-15T01:13:24.663-0700][gc,task       ] GC(1207) Using 4 workers of 4 for evacuation
[2020-04-15T01:13:24.681-0700][gc,phases     ] GC(1207)   Pre Evacuate Collection Set: 0.0ms
[2020-04-15T01:13:24.681-0700][gc,phases     ] GC(1207)   Evacuate Collection Set: 17.2ms
[2020-04-15T01:13:24.681-0700][gc,phases     ] GC(1207)   Post Evacuate Collection Set: 0.4ms
[2020-04-15T01:13:24.681-0700][gc,phases     ] GC(1207)   Other: 0.3ms
[2020-04-15T01:13:24.681-0700][gc,heap       ] GC(1207) Eden regions: 47->0(47)
[2020-04-15T01:13:24.681-0700][gc,heap       ] GC(1207) Survivor regions: 4->4(7)
[2020-04-15T01:13:24.681-0700][gc,heap       ] GC(1207) Old regions: 190->191
[2020-04-15T01:13:24.681-0700][gc,heap       ] GC(1207) Humongous regions: 130->130
[2020-04-15T01:13:24.681-0700][gc,metaspace  ] GC(1207) Metaspace: 28288K->28288K(1075200K)
[2020-04-15T01:13:24.681-0700][gc            ] GC(1207) Pause Young (Normal) (G1 Evacuation Pause) 370M->324M(1024M) 18.070ms
[2020-04-15T01:13:24.681-0700][gc,cpu        ] GC(1207) User=0.06s Sys=0.00s Real=0.02s
[2020-04-15T01:13:39.025-0700][gc,start      ] GC(1208) Pause Young (Normal) (G1 Evacuation Pause)
[2020-04-15T01:13:39.117-0700][gc,task       ] GC(1208) Using 4 workers of 4 for evacuation
[2020-04-15T01:13:39.145-0700][gc,mmu        ] GC(1208) MMU target violated: 21.0ms (20.0ms/21.0ms)
[2020-04-15T01:13:39.145-0700][gc,phases     ] GC(1208)   Pre Evacuate Collection Set: 0.1ms
[2020-04-15T01:13:39.145-0700][gc,phases     ] GC(1208)   Evacuate Collection Set: 27.3ms
[2020-04-15T01:13:39.145-0700][gc,phases     ] GC(1208)   Post Evacuate Collection Set: 0.6ms
[2020-04-15T01:13:39.145-0700][gc,phases     ] GC(1208)   Other: 91.7ms
[2020-04-15T01:13:39.145-0700][gc,heap       ] GC(1208) Eden regions: 47->0(47)
[2020-04-15T01:13:39.145-0700][gc,heap       ] GC(1208) Survivor regions: 4->4(7)
[2020-04-15T01:13:39.145-0700][gc,heap       ] GC(1208) Old regions: 191->191
[2020-04-15T01:13:39.145-0700][gc,heap       ] GC(1208) Humongous regions: 130->130
[2020-04-15T01:13:39.145-0700][gc,metaspace  ] GC(1208) Metaspace: 28288K->28288K(1075200K)
[2020-04-15T01:13:39.145-0700][gc            ] GC(1208) Pause Young (Normal) (G1 Evacuation Pause) 371M->324M(1024M) 119.749ms
[2020-04-15T01:13:39.145-0700][gc,cpu        ] GC(1208) User=0.10s Sys=0.00s Real=0.12s
[2020-04-15T01:13:53.460-0700][gc,start      ] GC(1209) Pause Young (Normal) (G1 Evacuation Pause)
[2020-04-15T01:13:53.460-0700][gc,task       ] GC(1209) Using 4 workers of 4 for evacuation
[2020-04-15T01:13:53.493-0700][gc,mmu        ] GC(1209) MMU target violated: 21.0ms (20.0ms/21.0ms)
[2020-04-15T01:13:53.494-0700][gc,phases     ] GC(1209)   Pre Evacuate Collection Set: 0.0ms
[2020-04-15T01:13:53.494-0700][gc,phases     ] GC(1209)   Evacuate Collection Set: 32.5ms
[2020-04-15T01:13:53.494-0700][gc,phases     ] GC(1209)   Post Evacuate Collection Set: 0.6ms
[2020-04-15T01:13:53.494-0700][gc,phases     ] GC(1209)   Other: 0.5ms
[2020-04-15T01:13:53.494-0700][gc,heap       ] GC(1209) Eden regions: 47->0(47)
[2020-04-15T01:13:53.494-0700][gc,heap       ] GC(1209) Survivor regions: 4->4(7)
[2020-04-15T01:13:53.494-0700][gc,heap       ] GC(1209) Old regions: 191->192
[2020-04-15T01:13:53.494-0700][gc,heap       ] GC(1209) Humongous regions: 130->130
[2020-04-15T01:13:53.494-0700][gc,metaspace  ] GC(1209) Metaspace: 28288K->28288K(1075200K)
[2020-04-15T01:13:53.494-0700][gc            ] GC(1209) Pause Young (Normal) (G1 Evacuation Pause) 371M->324M(1024M) 33.953ms
[2020-04-15T01:13:53.494-0700][gc,cpu        ] GC(1209) User=0.09s Sys=0.00s Real=0.03s
[2020-04-15T01:14:08.569-0700][gc,start      ] GC(1210) Pause Young (Normal) (G1 Evacuation Pause)
[2020-04-15T01:14:08.570-0700][gc,task       ] GC(1210) Using 4 workers of 4 for evacuation
[2020-04-15T01:14:08.599-0700][gc,mmu        ] GC(1210) MMU target violated: 21.0ms (20.0ms/21.0ms)
[2020-04-15T01:14:08.599-0700][gc,phases     ] GC(1210)   Pre Evacuate Collection Set: 0.1ms
[2020-04-15T01:14:08.599-0700][gc,phases     ] GC(1210)   Evacuate Collection Set: 28.4ms
[2020-04-15T01:14:08.599-0700][gc,phases     ] GC(1210)   Post Evacuate Collection Set: 0.5ms
[2020-04-15T01:14:08.599-0700][gc,phases     ] GC(1210)   Other: 0.5ms
[2020-04-15T01:14:08.599-0700][gc,heap       ] GC(1210) Eden regions: 47->0(47)
[2020-04-15T01:14:08.599-0700][gc,heap       ] GC(1210) Survivor regions: 4->4(7)
[2020-04-15T01:14:08.599-0700][gc,heap       ] GC(1210) Old regions: 192->192
[2020-04-15T01:14:08.599-0700][gc,heap       ] GC(1210) Humongous regions: 130->130
[2020-04-15T01:14:08.599-0700][gc,metaspace  ] GC(1210) Metaspace: 28288K->28288K(1075200K)
[2020-04-15T01:14:08.599-0700][gc            ] GC(1210) Pause Young (Normal) (G1 Evacuation Pause) 371M->325M(1024M) 29.590ms
[2020-04-15T01:14:08.599-0700][gc,cpu        ] GC(1210) User=0.10s Sys=0.00s Real=0.03s
[2020-04-15T01:14:25.561-0700][gc,start      ] GC(1211) Pause Young (Normal) (G1 Evacuation Pause)
[2020-04-15T01:14:25.561-0700][gc,task       ] GC(1211) Using 4 workers of 4 for evacuation
[2020-04-15T01:14:25.599-0700][gc,mmu        ] GC(1211) MMU target violated: 21.0ms (20.0ms/21.0ms)
[2020-04-15T01:14:25.599-0700][gc,phases     ] GC(1211)   Pre Evacuate Collection Set: 0.1ms
[2020-04-15T01:14:25.599-0700][gc,phases     ] GC(1211)   Evacuate Collection Set: 36.4ms
[2020-04-15T01:14:25.599-0700][gc,phases     ] GC(1211)   Post Evacuate Collection Set: 0.8ms
[2020-04-15T01:14:25.599-0700][gc,phases     ] GC(1211)   Other: 1.0ms
[2020-04-15T01:14:25.599-0700][gc,heap       ] GC(1211) Eden regions: 47->0(46)
[2020-04-15T01:14:25.599-0700][gc,heap       ] GC(1211) Survivor regions: 4->5(7)
[2020-04-15T01:14:25.599-0700][gc,heap       ] GC(1211) Old regions: 192->192
[2020-04-15T01:14:25.599-0700][gc,heap       ] GC(1211) Humongous regions: 130->130
[2020-04-15T01:14:25.599-0700][gc,metaspace  ] GC(1211) Metaspace: 28288K->28288K(1075200K)
[2020-04-15T01:14:25.599-0700][gc            ] GC(1211) Pause Young (Normal) (G1 Evacuation Pause) 372M->325M(1024M) 38.367ms
[2020-04-15T01:14:25.599-0700][gc,cpu        ] GC(1211) User=0.10s Sys=0.01s Real=0.04s
[2020-04-15T01:14:40.294-0700][gc,start      ] GC(1212) Pause Young (Normal) (G1 Evacuation Pause)
[2020-04-15T01:14:40.295-0700][gc,task       ] GC(1212) Using 4 workers of 4 for evacuation
[2020-04-15T01:14:40.325-0700][gc,mmu        ] GC(1212) MMU target violated: 21.0ms (20.0ms/21.0ms)
[2020-04-15T01:14:40.325-0700][gc,phases     ] GC(1212)   Pre Evacuate Collection Set: 0.1ms
[2020-04-15T01:14:40.325-0700][gc,phases     ] GC(1212)   Evacuate Collection Set: 29.4ms
[2020-04-15T01:14:40.325-0700][gc,phases     ] GC(1212)   Post Evacuate Collection Set: 0.5ms
[2020-04-15T01:14:40.325-0700][gc,phases     ] GC(1212)   Other: 0.5ms
[2020-04-15T01:14:40.325-0700][gc,heap       ] GC(1212) Eden regions: 46->0(47)
[2020-04-15T01:14:40.325-0700][gc,heap       ] GC(1212) Survivor regions: 5->4(7)
[2020-04-15T01:14:40.325-0700][gc,heap       ] GC(1212) Old regions: 192->192
[2020-04-15T01:14:40.325-0700][gc,heap       ] GC(1212) Humongous regions: 130->130
[2020-04-15T01:14:40.325-0700][gc,metaspace  ] GC(1212) Metaspace: 28288K->28288K(1075200K)
[2020-04-15T01:14:40.325-0700][gc            ] GC(1212) Pause Young (Normal) (G1 Evacuation Pause) 371M->325M(1024M) 30.699ms
[2020-04-15T01:14:40.325-0700][gc,cpu        ] GC(1212) User=0.10s Sys=0.01s Real=0.03s
[2020-04-15T01:14:55.095-0700][gc,start      ] GC(1213) Pause Young (Normal) (G1 Evacuation Pause)
[2020-04-15T01:14:55.095-0700][gc,task       ] GC(1213) Using 4 workers of 4 for evacuation
[2020-04-15T01:14:55.126-0700][gc,mmu        ] GC(1213) MMU target violated: 21.0ms (20.0ms/21.0ms)
[2020-04-15T01:14:55.126-0700][gc,phases     ] GC(1213)   Pre Evacuate Collection Set: 0.1ms
[2020-04-15T01:14:55.126-0700][gc,phases     ] GC(1213)   Evacuate Collection Set: 30.4ms
[2020-04-15T01:14:55.126-0700][gc,phases     ] GC(1213)   Post Evacuate Collection Set: 0.6ms
[2020-04-15T01:14:55.126-0700][gc,phases     ] GC(1213)   Other: 0.7ms
[2020-04-15T01:14:55.126-0700][gc,heap       ] GC(1213) Eden regions: 47->0(46)
[2020-04-15T01:14:55.126-0700][gc,heap       ] GC(1213) Survivor regions: 4->5(7)
[2020-04-15T01:14:55.127-0700][gc,heap       ] GC(1213) Old regions: 192->193
[2020-04-15T01:14:55.127-0700][gc,heap       ] GC(1213) Humongous regions: 130->130
[2020-04-15T01:14:55.127-0700][gc,metaspace  ] GC(1213) Metaspace: 28288K->28288K(1075200K)
[2020-04-15T01:14:55.127-0700][gc            ] GC(1213) Pause Young (Normal) (G1 Evacuation Pause) 372M->327M(1024M) 31.862ms
[2020-04-15T01:14:55.127-0700][gc,cpu        ] GC(1213) User=0.11s Sys=0.00s Real=0.03s
[2020-04-15T01:15:09.228-0700][gc,start      ] GC(1214) Pause Young (Normal) (G1 Evacuation Pause)
[2020-04-15T01:15:09.228-0700][gc,task       ] GC(1214) Using 4 workers of 4 for evacuation
[2020-04-15T01:15:09.260-0700][gc,mmu        ] GC(1214) MMU target violated: 21.0ms (20.0ms/21.0ms)
[2020-04-15T01:15:09.260-0700][gc,phases     ] GC(1214)   Pre Evacuate Collection Set: 0.1ms
[2020-04-15T01:15:09.260-0700][gc,phases     ] GC(1214)   Evacuate Collection Set: 31.4ms
[2020-04-15T01:15:09.260-0700][gc,phases     ] GC(1214)   Post Evacuate Collection Set: 0.5ms
[2020-04-15T01:15:09.260-0700][gc,phases     ] GC(1214)   Other: 0.6ms
[2020-04-15T01:15:09.260-0700][gc,heap       ] GC(1214) Eden regions: 46->0(47)
[2020-04-15T01:15:09.260-0700][gc,heap       ] GC(1214) Survivor regions: 5->4(7)
[2020-04-15T01:15:09.260-0700][gc,heap       ] GC(1214) Old regions: 193->194
[2020-04-15T01:15:09.260-0700][gc,heap       ] GC(1214) Humongous regions: 130->130
[2020-04-15T01:15:09.260-0700][gc,metaspace  ] GC(1214) Metaspace: 28288K->28288K(1075200K)
[2020-04-15T01:15:09.260-0700][gc            ] GC(1214) Pause Young (Normal) (G1 Evacuation Pause) 373M->327M(1024M) 32.697ms
[2020-04-15T01:15:09.260-0700][gc,cpu        ] GC(1214) User=0.12s Sys=0.00s Real=0.04s
[2020-04-15T01:15:23.744-0700][gc,start      ] GC(1215) Pause Young (Normal) (G1 Evacuation Pause)
[2020-04-15T01:15:23.745-0700][gc,task       ] GC(1215) Using 4 workers of 4 for evacuation
[2020-04-15T01:15:23.776-0700][gc,mmu        ] GC(1215) MMU target violated: 21.0ms (20.0ms/21.0ms)
[2020-04-15T01:15:23.777-0700][gc,phases     ] GC(1215)   Pre Evacuate Collection Set: 0.1ms
[2020-04-15T01:15:23.777-0700][gc,phases     ] GC(1215)   Evacuate Collection Set: 30.8ms
[2020-04-15T01:15:23.777-0700][gc,phases     ] GC(1215)   Post Evacuate Collection Set: 0.6ms
[2020-04-15T01:15:23.777-0700][gc,phases     ] GC(1215)   Other: 0.7ms
[2020-04-15T01:15:23.777-0700][gc,heap       ] GC(1215) Eden regions: 47->0(46)
[2020-04-15T01:15:23.777-0700][gc,heap       ] GC(1215) Survivor regions: 4->5(7)
[2020-04-15T01:15:23.777-0700][gc,heap       ] GC(1215) Old regions: 194->194
[2020-04-15T01:15:23.777-0700][gc,heap       ] GC(1215) Humongous regions: 130->130
[2020-04-15T01:15:23.777-0700][gc,metaspace  ] GC(1215) Metaspace: 28288K->28288K(1075200K)
[2020-04-15T01:15:23.777-0700][gc            ] GC(1215) Pause Young (Normal) (G1 Evacuation Pause) 374M->328M(1024M) 32.220ms
[2020-04-15T01:15:23.777-0700][gc,cpu        ] GC(1215) User=0.10s Sys=0.00s Real=0.03s
[2020-04-15T01:15:38.284-0700][gc,start      ] GC(1216) Pause Young (Normal) (G1 Evacuation Pause)
[2020-04-15T01:15:38.284-0700][gc,task       ] GC(1216) Using 4 workers of 4 for evacuation
[2020-04-15T01:15:38.431-0700][gc,mmu        ] GC(1216) MMU target violated: 21.0ms (20.0ms/21.0ms)
[2020-04-15T01:15:38.431-0700][gc,phases     ] GC(1216)   Pre Evacuate Collection Set: 0.0ms
[2020-04-15T01:15:38.431-0700][gc,phases     ] GC(1216)   Evacuate Collection Set: 26.2ms
[2020-04-15T01:15:38.431-0700][gc,phases     ] GC(1216)   Post Evacuate Collection Set: 0.5ms
[2020-04-15T01:15:38.431-0700][gc,phases     ] GC(1216)   Other: 120.9ms
[2020-04-15T01:15:38.431-0700][gc,heap       ] GC(1216) Eden regions: 46->0(47)
[2020-04-15T01:15:38.431-0700][gc,heap       ] GC(1216) Survivor regions: 5->4(7)
[2020-04-15T01:15:38.431-0700][gc,heap       ] GC(1216) Old regions: 194->195
[2020-04-15T01:15:38.431-0700][gc,heap       ] GC(1216) Humongous regions: 130->130
[2020-04-15T01:15:38.431-0700][gc,metaspace  ] GC(1216) Metaspace: 28288K->28288K(1075200K)
[2020-04-15T01:15:38.431-0700][gc            ] GC(1216) Pause Young (Normal) (G1 Evacuation Pause) 374M->328M(1024M) 147.883ms
[2020-04-15T01:15:38.431-0700][gc,cpu        ] GC(1216) User=0.09s Sys=0.00s Real=0.15s
[2020-04-15T01:15:55.576-0700][gc,start      ] GC(1217) Pause Young (Normal) (G1 Evacuation Pause)
[2020-04-15T01:15:55.576-0700][gc,task       ] GC(1217) Using 4 workers of 4 for evacuation
[2020-04-15T01:15:55.605-0700][gc,mmu        ] GC(1217) MMU target violated: 21.0ms (20.0ms/21.0ms)
[2020-04-15T01:15:55.605-0700][gc,phases     ] GC(1217)   Pre Evacuate Collection Set: 0.1ms
[2020-04-15T01:15:55.605-0700][gc,phases     ] GC(1217)   Evacuate Collection Set: 28.0ms
[2020-04-15T01:15:55.605-0700][gc,phases     ] GC(1217)   Post Evacuate Collection Set: 0.5ms
[2020-04-15T01:15:55.605-0700][gc,phases     ] GC(1217)   Other: 0.5ms
[2020-04-15T01:15:55.605-0700][gc,heap       ] GC(1217) Eden regions: 47->0(47)
[2020-04-15T01:15:55.605-0700][gc,heap       ] GC(1217) Survivor regions: 4->4(7)
[2020-04-15T01:15:55.605-0700][gc,heap       ] GC(1217) Old regions: 195->195
[2020-04-15T01:15:55.605-0700][gc,heap       ] GC(1217) Humongous regions: 130->130
[2020-04-15T01:15:55.605-0700][gc,metaspace  ] GC(1217) Metaspace: 28288K->28288K(1075200K)
[2020-04-15T01:15:55.605-0700][gc            ] GC(1217) Pause Young (Normal) (G1 Evacuation Pause) 375M->328M(1024M) 29.220ms
[2020-04-15T01:15:55.605-0700][gc,cpu        ] GC(1217) User=0.11s Sys=0.00s Real=0.03s
[2020-04-15T01:16:11.239-0700][gc,start      ] GC(1218) Pause Young (Normal) (G1 Evacuation Pause)
[2020-04-15T01:16:11.239-0700][gc,task       ] GC(1218) Using 4 workers of 4 for evacuation
[2020-04-15T01:16:11.268-0700][gc,mmu        ] GC(1218) MMU target violated: 21.0ms (20.0ms/21.0ms)
[2020-04-15T01:16:11.268-0700][gc,phases     ] GC(1218)   Pre Evacuate Collection Set: 0.0ms
[2020-04-15T01:16:11.268-0700][gc,phases     ] GC(1218)   Evacuate Collection Set: 28.1ms
[2020-04-15T01:16:11.268-0700][gc,phases     ] GC(1218)   Post Evacuate Collection Set: 0.6ms
[2020-04-15T01:16:11.268-0700][gc,phases     ] GC(1218)   Other: 0.5ms
[2020-04-15T01:16:11.268-0700][gc,heap       ] GC(1218) Eden regions: 47->0(47)
[2020-04-15T01:16:11.268-0700][gc,heap       ] GC(1218) Survivor regions: 4->4(7)
[2020-04-15T01:16:11.268-0700][gc,heap       ] GC(1218) Old regions: 195->196
[2020-04-15T01:16:11.268-0700][gc,heap       ] GC(1218) Humongous regions: 130->130
[2020-04-15T01:16:11.268-0700][gc,metaspace  ] GC(1218) Metaspace: 28288K->28288K(1075200K)
[2020-04-15T01:16:11.268-0700][gc            ] GC(1218) Pause Young (Normal) (G1 Evacuation Pause) 375M->329M(1024M) 29.414ms
[2020-04-15T01:16:11.269-0700][gc,cpu        ] GC(1218) User=0.10s Sys=0.00s Real=0.02s
[2020-04-15T01:16:25.654-0700][gc,start      ] GC(1219) Pause Young (Normal) (G1 Evacuation Pause)
[2020-04-15T01:16:25.654-0700][gc,task       ] GC(1219) Using 4 workers of 4 for evacuation
[2020-04-15T01:16:25.680-0700][gc,mmu        ] GC(1219) MMU target violated: 21.0ms (20.0ms/21.0ms)
[2020-04-15T01:16:25.681-0700][gc,phases     ] GC(1219)   Pre Evacuate Collection Set: 0.0ms
[2020-04-15T01:16:25.681-0700][gc,phases     ] GC(1219)   Evacuate Collection Set: 25.7ms
[2020-04-15T01:16:25.681-0700][gc,phases     ] GC(1219)   Post Evacuate Collection Set: 0.5ms
[2020-04-15T01:16:25.681-0700][gc,phases     ] GC(1219)   Other: 0.6ms
[2020-04-15T01:16:25.681-0700][gc,heap       ] GC(1219) Eden regions: 47->0(47)
[2020-04-15T01:16:25.681-0700][gc,heap       ] GC(1219) Survivor regions: 4->4(7)
[2020-04-15T01:16:25.681-0700][gc,heap       ] GC(1219) Old regions: 196->196
[2020-04-15T01:16:25.681-0700][gc,heap       ] GC(1219) Humongous regions: 130->130
[2020-04-15T01:16:25.681-0700][gc,metaspace  ] GC(1219) Metaspace: 28288K->28288K(1075200K)
[2020-04-15T01:16:25.681-0700][gc            ] GC(1219) Pause Young (Normal) (G1 Evacuation Pause) 376M->329M(1024M) 27.076ms
[2020-04-15T01:16:25.681-0700][gc,cpu        ] GC(1219) User=0.10s Sys=0.00s Real=0.03s
[2020-04-15T01:16:39.967-0700][gc,start      ] GC(1220) Pause Young (Normal) (G1 Evacuation Pause)
[2020-04-15T01:16:39.967-0700][gc,task       ] GC(1220) Using 4 workers of 4 for evacuation
[2020-04-15T01:16:40.041-0700][gc,mmu        ] GC(1220) MMU target violated: 21.0ms (20.0ms/21.0ms)
[2020-04-15T01:16:40.041-0700][gc,phases     ] GC(1220)   Pre Evacuate Collection Set: 0.1ms
[2020-04-15T01:16:40.041-0700][gc,phases     ] GC(1220)   Evacuate Collection Set: 72.6ms
[2020-04-15T01:16:40.041-0700][gc,phases     ] GC(1220)   Post Evacuate Collection Set: 0.4ms
[2020-04-15T01:16:40.041-0700][gc,phases     ] GC(1220)   Other: 0.6ms
[2020-04-15T01:16:40.041-0700][gc,heap       ] GC(1220) Eden regions: 47->0(46)
[2020-04-15T01:16:40.041-0700][gc,heap       ] GC(1220) Survivor regions: 4->5(7)
[2020-04-15T01:16:40.041-0700][gc,heap       ] GC(1220) Old regions: 196->196
[2020-04-15T01:16:40.041-0700][gc,heap       ] GC(1220) Humongous regions: 130->130
[2020-04-15T01:16:40.041-0700][gc,metaspace  ] GC(1220) Metaspace: 28288K->28288K(1075200K)
[2020-04-15T01:16:40.041-0700][gc            ] GC(1220) Pause Young (Normal) (G1 Evacuation Pause) 376M->329M(1024M) 73.792ms
[2020-04-15T01:16:40.041-0700][gc,cpu        ] GC(1220) User=0.08s Sys=0.00s Real=0.08s
[2020-04-15T01:16:54.226-0700][gc,start      ] GC(1221) Pause Young (Normal) (G1 Evacuation Pause)
[2020-04-15T01:16:54.227-0700][gc,task       ] GC(1221) Using 4 workers of 4 for evacuation
[2020-04-15T01:16:54.253-0700][gc,mmu        ] GC(1221) MMU target violated: 21.0ms (20.0ms/21.0ms)
[2020-04-15T01:16:54.253-0700][gc,phases     ] GC(1221)   Pre Evacuate Collection Set: 0.0ms
[2020-04-15T01:16:54.253-0700][gc,phases     ] GC(1221)   Evacuate Collection Set: 26.0ms
[2020-04-15T01:16:54.253-0700][gc,phases     ] GC(1221)   Post Evacuate Collection Set: 0.6ms
[2020-04-15T01:16:54.254-0700][gc,phases     ] GC(1221)   Other: 0.5ms
[2020-04-15T01:16:54.254-0700][gc,heap       ] GC(1221) Eden regions: 46->0(47)
[2020-04-15T01:16:54.254-0700][gc,heap       ] GC(1221) Survivor regions: 5->4(7)
[2020-04-15T01:16:54.254-0700][gc,heap       ] GC(1221) Old regions: 196->197
[2020-04-15T01:16:54.254-0700][gc,heap       ] GC(1221) Humongous regions: 130->130
[2020-04-15T01:16:54.254-0700][gc,metaspace  ] GC(1221) Metaspace: 28288K->28288K(1075200K)
[2020-04-15T01:16:54.254-0700][gc            ] GC(1221) Pause Young (Normal) (G1 Evacuation Pause) 375M->329M(1024M) 27.151ms
[2020-04-15T01:16:54.254-0700][gc,cpu        ] GC(1221) User=0.09s Sys=0.00s Real=0.03s
[2020-04-15T01:17:10.427-0700][gc,start      ] GC(1222) Pause Young (Normal) (G1 Evacuation Pause)
[2020-04-15T01:17:10.427-0700][gc,task       ] GC(1222) Using 4 workers of 4 for evacuation
[2020-04-15T01:17:10.463-0700][gc,mmu        ] GC(1222) MMU target violated: 21.0ms (20.0ms/21.0ms)
[2020-04-15T01:17:10.463-0700][gc,phases     ] GC(1222)   Pre Evacuate Collection Set: 0.1ms
[2020-04-15T01:17:10.463-0700][gc,phases     ] GC(1222)   Evacuate Collection Set: 35.4ms
[2020-04-15T01:17:10.463-0700][gc,phases     ] GC(1222)   Post Evacuate Collection Set: 0.6ms
[2020-04-15T01:17:10.463-0700][gc,phases     ] GC(1222)   Other: 0.8ms
[2020-04-15T01:17:10.463-0700][gc,heap       ] GC(1222) Eden regions: 47->0(47)
[2020-04-15T01:17:10.463-0700][gc,heap       ] GC(1222) Survivor regions: 4->4(7)
[2020-04-15T01:17:10.463-0700][gc,heap       ] GC(1222) Old regions: 197->197
[2020-04-15T01:17:10.463-0700][gc,heap       ] GC(1222) Humongous regions: 130->130
[2020-04-15T01:17:10.464-0700][gc,metaspace  ] GC(1222) Metaspace: 28288K->28288K(1075200K)
[2020-04-15T01:17:10.464-0700][gc            ] GC(1222) Pause Young (Normal) (G1 Evacuation Pause) 376M->330M(1024M) 37.043ms
[2020-04-15T01:17:10.464-0700][gc,cpu        ] GC(1222) User=0.11s Sys=0.01s Real=0.04s
[2020-04-15T01:17:25.893-0700][gc,start      ] GC(1223) Pause Young (Normal) (G1 Evacuation Pause)
[2020-04-15T01:17:25.893-0700][gc,task       ] GC(1223) Using 4 workers of 4 for evacuation
[2020-04-15T01:17:25.924-0700][gc,mmu        ] GC(1223) MMU target violated: 21.0ms (20.0ms/21.0ms)
[2020-04-15T01:17:25.924-0700][gc,phases     ] GC(1223)   Pre Evacuate Collection Set: 0.0ms
[2020-04-15T01:17:25.924-0700][gc,phases     ] GC(1223)   Evacuate Collection Set: 29.7ms
[2020-04-15T01:17:25.924-0700][gc,phases     ] GC(1223)   Post Evacuate Collection Set: 0.5ms
[2020-04-15T01:17:25.924-0700][gc,phases     ] GC(1223)   Other: 0.6ms
[2020-04-15T01:17:25.924-0700][gc,heap       ] GC(1223) Eden regions: 47->0(47)
[2020-04-15T01:17:25.924-0700][gc,heap       ] GC(1223) Survivor regions: 4->4(7)
[2020-04-15T01:17:25.924-0700][gc,heap       ] GC(1223) Old regions: 197->197
[2020-04-15T01:17:25.924-0700][gc,heap       ] GC(1223) Humongous regions: 130->130
[2020-04-15T01:17:25.924-0700][gc,metaspace  ] GC(1223) Metaspace: 28288K->28288K(1075200K)
[2020-04-15T01:17:25.924-0700][gc            ] GC(1223) Pause Young (Normal) (G1 Evacuation Pause) 377M->330M(1024M) 30.880ms
[2020-04-15T01:17:25.924-0700][gc,cpu        ] GC(1223) User=0.11s Sys=0.00s Real=0.03s
[2020-04-15T01:17:41.041-0700][gc,start      ] GC(1224) Pause Young (Normal) (G1 Evacuation Pause)
[2020-04-15T01:17:41.041-0700][gc,task       ] GC(1224) Using 4 workers of 4 for evacuation
[2020-04-15T01:17:41.068-0700][gc,mmu        ] GC(1224) MMU target violated: 21.0ms (20.0ms/21.0ms)
[2020-04-15T01:17:41.068-0700][gc,phases     ] GC(1224)   Pre Evacuate Collection Set: 0.1ms
[2020-04-15T01:17:41.068-0700][gc,phases     ] GC(1224)   Evacuate Collection Set: 26.5ms
[2020-04-15T01:17:41.068-0700][gc,phases     ] GC(1224)   Post Evacuate Collection Set: 0.5ms
[2020-04-15T01:17:41.068-0700][gc,phases     ] GC(1224)   Other: 0.5ms
[2020-04-15T01:17:41.068-0700][gc,heap       ] GC(1224) Eden regions: 47->0(47)
[2020-04-15T01:17:41.068-0700][gc,heap       ] GC(1224) Survivor regions: 4->4(7)
[2020-04-15T01:17:41.068-0700][gc,heap       ] GC(1224) Old regions: 197->198
[2020-04-15T01:17:41.068-0700][gc,heap       ] GC(1224) Humongous regions: 130->130
[2020-04-15T01:17:41.068-0700][gc,metaspace  ] GC(1224) Metaspace: 28288K->28288K(1075200K)
[2020-04-15T01:17:41.069-0700][gc            ] GC(1224) Pause Young (Normal) (G1 Evacuation Pause) 377M->331M(1024M) 27.700ms
[2020-04-15T01:17:41.069-0700][gc,cpu        ] GC(1224) User=0.10s Sys=0.00s Real=0.02s
[2020-04-15T01:17:55.816-0700][gc,start      ] GC(1225) Pause Young (Normal) (G1 Evacuation Pause)
[2020-04-15T01:17:55.817-0700][gc,task       ] GC(1225) Using 4 workers of 4 for evacuation
[2020-04-15T01:17:55.844-0700][gc,mmu        ] GC(1225) MMU target violated: 21.0ms (20.0ms/21.0ms)
[2020-04-15T01:17:55.845-0700][gc,phases     ] GC(1225)   Pre Evacuate Collection Set: 0.1ms
[2020-04-15T01:17:55.845-0700][gc,phases     ] GC(1225)   Evacuate Collection Set: 27.1ms
[2020-04-15T01:17:55.845-0700][gc,phases     ] GC(1225)   Post Evacuate Collection Set: 0.5ms
[2020-04-15T01:17:55.845-0700][gc,phases     ] GC(1225)   Other: 0.6ms
[2020-04-15T01:17:55.845-0700][gc,heap       ] GC(1225) Eden regions: 47->0(46)
[2020-04-15T01:17:55.845-0700][gc,heap       ] GC(1225) Survivor regions: 4->5(7)
[2020-04-15T01:17:55.845-0700][gc,heap       ] GC(1225) Old regions: 198->198
[2020-04-15T01:17:55.845-0700][gc,heap       ] GC(1225) Humongous regions: 130->130
[2020-04-15T01:17:55.845-0700][gc,metaspace  ] GC(1225) Metaspace: 28288K->28288K(1075200K)
[2020-04-15T01:17:55.845-0700][gc            ] GC(1225) Pause Young (Normal) (G1 Evacuation Pause) 378M->331M(1024M) 28.323ms
[2020-04-15T01:17:55.845-0700][gc,cpu        ] GC(1225) User=0.09s Sys=0.00s Real=0.03s
[2020-04-15T01:18:10.593-0700][gc,start      ] GC(1226) Pause Young (Normal) (G1 Evacuation Pause)
[2020-04-15T01:18:10.593-0700][gc,task       ] GC(1226) Using 4 workers of 4 for evacuation
[2020-04-15T01:18:10.627-0700][gc,mmu        ] GC(1226) MMU target violated: 21.0ms (20.0ms/21.0ms)
[2020-04-15T01:18:10.627-0700][gc,phases     ] GC(1226)   Pre Evacuate Collection Set: 0.1ms
[2020-04-15T01:18:10.627-0700][gc,phases     ] GC(1226)   Evacuate Collection Set: 32.5ms
[2020-04-15T01:18:10.627-0700][gc,phases     ] GC(1226)   Post Evacuate Collection Set: 0.5ms
[2020-04-15T01:18:10.627-0700][gc,phases     ] GC(1226)   Other: 0.6ms
[2020-04-15T01:18:10.627-0700][gc,heap       ] GC(1226) Eden regions: 46->0(45)
[2020-04-15T01:18:10.627-0700][gc,heap       ] GC(1226) Survivor regions: 5->6(7)
[2020-04-15T01:18:10.627-0700][gc,heap       ] GC(1226) Old regions: 198->198
[2020-04-15T01:18:10.627-0700][gc,heap       ] GC(1226) Humongous regions: 130->130
[2020-04-15T01:18:10.627-0700][gc,metaspace  ] GC(1226) Metaspace: 28288K->28288K(1075200K)
[2020-04-15T01:18:10.627-0700][gc            ] GC(1226) Pause Young (Normal) (G1 Evacuation Pause) 377M->332M(1024M) 33.841ms
[2020-04-15T01:18:10.627-0700][gc,cpu        ] GC(1226) User=0.11s Sys=0.00s Real=0.03s
[2020-04-15T01:18:24.534-0700][gc,start      ] GC(1227) Pause Young (Normal) (G1 Evacuation Pause)
[2020-04-15T01:18:24.534-0700][gc,task       ] GC(1227) Using 4 workers of 4 for evacuation
[2020-04-15T01:18:24.567-0700][gc,mmu        ] GC(1227) MMU target violated: 21.0ms (20.0ms/21.0ms)
[2020-04-15T01:18:24.567-0700][gc,phases     ] GC(1227)   Pre Evacuate Collection Set: 0.0ms
[2020-04-15T01:18:24.567-0700][gc,phases     ] GC(1227)   Evacuate Collection Set: 32.0ms
[2020-04-15T01:18:24.567-0700][gc,phases     ] GC(1227)   Post Evacuate Collection Set: 0.5ms
[2020-04-15T01:18:24.567-0700][gc,phases     ] GC(1227)   Other: 0.5ms
[2020-04-15T01:18:24.567-0700][gc,heap       ] GC(1227) Eden regions: 45->0(47)
[2020-04-15T01:18:24.567-0700][gc,heap       ] GC(1227) Survivor regions: 6->4(7)
[2020-04-15T01:18:24.567-0700][gc,heap       ] GC(1227) Old regions: 198->200
[2020-04-15T01:18:24.567-0700][gc,heap       ] GC(1227) Humongous regions: 130->130
[2020-04-15T01:18:24.567-0700][gc,metaspace  ] GC(1227) Metaspace: 28288K->28288K(1075200K)
[2020-04-15T01:18:24.567-0700][gc            ] GC(1227) Pause Young (Normal) (G1 Evacuation Pause) 377M->333M(1024M) 33.132ms
[2020-04-15T01:18:24.567-0700][gc,cpu        ] GC(1227) User=0.12s Sys=0.00s Real=0.03s
[2020-04-15T01:18:39.049-0700][gc,start      ] GC(1228) Pause Young (Normal) (G1 Evacuation Pause)
[2020-04-15T01:18:39.049-0700][gc,task       ] GC(1228) Using 4 workers of 4 for evacuation
[2020-04-15T01:18:39.075-0700][gc,mmu        ] GC(1228) MMU target violated: 21.0ms (20.0ms/21.0ms)
[2020-04-15T01:18:39.075-0700][gc,phases     ] GC(1228)   Pre Evacuate Collection Set: 0.0ms
[2020-04-15T01:18:39.075-0700][gc,phases     ] GC(1228)   Evacuate Collection Set: 24.4ms
[2020-04-15T01:18:39.075-0700][gc,phases     ] GC(1228)   Post Evacuate Collection Set: 0.6ms
[2020-04-15T01:18:39.075-0700][gc,phases     ] GC(1228)   Other: 0.5ms
[2020-04-15T01:18:39.075-0700][gc,heap       ] GC(1228) Eden regions: 47->0(47)
[2020-04-15T01:18:39.075-0700][gc,heap       ] GC(1228) Survivor regions: 4->4(7)
[2020-04-15T01:18:39.075-0700][gc,heap       ] GC(1228) Old regions: 200->200
[2020-04-15T01:18:39.075-0700][gc,heap       ] GC(1228) Humongous regions: 130->130
[2020-04-15T01:18:39.075-0700][gc,metaspace  ] GC(1228) Metaspace: 28288K->28288K(1075200K)
[2020-04-15T01:18:39.075-0700][gc            ] GC(1228) Pause Young (Normal) (G1 Evacuation Pause) 380M->333M(1024M) 25.642ms
[2020-04-15T01:18:39.075-0700][gc,cpu        ] GC(1228) User=0.09s Sys=0.00s Real=0.02s
[2020-04-15T01:18:53.428-0700][gc,start      ] GC(1229) Pause Young (Normal) (G1 Evacuation Pause)
[2020-04-15T01:18:53.428-0700][gc,task       ] GC(1229) Using 4 workers of 4 for evacuation
[2020-04-15T01:18:53.491-0700][gc,mmu        ] GC(1229) MMU target violated: 21.0ms (20.0ms/21.0ms)
[2020-04-15T01:18:53.491-0700][gc,phases     ] GC(1229)   Pre Evacuate Collection Set: 0.1ms
[2020-04-15T01:18:53.491-0700][gc,phases     ] GC(1229)   Evacuate Collection Set: 61.3ms
[2020-04-15T01:18:53.491-0700][gc,phases     ] GC(1229)   Post Evacuate Collection Set: 0.8ms
[2020-04-15T01:18:53.491-0700][gc,phases     ] GC(1229)   Other: 1.0ms
[2020-04-15T01:18:53.491-0700][gc,heap       ] GC(1229) Eden regions: 47->0(47)
[2020-04-15T01:18:53.491-0700][gc,heap       ] GC(1229) Survivor regions: 4->4(7)
[2020-04-15T01:18:53.491-0700][gc,heap       ] GC(1229) Old regions: 200->200
