[2020-04-15T01:41:43.111-0700][gc,phases     ] GC(1312)   Other: 0.2ms
[2020-04-15T01:41:43.111-0700][gc,heap       ] GC(1312) Eden regions: 47->0(47)
[2020-04-15T01:41:43.111-0700][gc,heap       ] GC(1312) Survivor regions: 4->4(7)
[2020-04-15T01:41:43.111-0700][gc,heap       ] GC(1312) Old regions: 71->72
[2020-04-15T01:41:43.111-0700][gc,heap       ] GC(1312) Humongous regions: 130->130
[2020-04-15T01:41:43.111-0700][gc,metaspace  ] GC(1312) Metaspace: 28288K->28288K(1075200K)
[2020-04-15T01:41:43.111-0700][gc            ] GC(1312) Pause Young (Normal) (G1 Evacuation Pause) 251M->205M(1024M) 12.195ms
[2020-04-15T01:41:43.111-0700][gc,cpu        ] GC(1312) User=0.03s Sys=0.00s Real=0.01s
[2020-04-15T01:41:58.014-0700][gc,start      ] GC(1313) Pause Young (Normal) (G1 Evacuation Pause)
[2020-04-15T01:41:58.014-0700][gc,task       ] GC(1313) Using 4 workers of 4 for evacuation
[2020-04-15T01:41:58.026-0700][gc,phases     ] GC(1313)   Pre Evacuate Collection Set: 0.0ms
[2020-04-15T01:41:58.026-0700][gc,phases     ] GC(1313)   Evacuate Collection Set: 11.3ms
[2020-04-15T01:41:58.026-0700][gc,phases     ] GC(1313)   Post Evacuate Collection Set: 0.4ms
[2020-04-15T01:41:58.026-0700][gc,phases     ] GC(1313)   Other: 0.2ms
[2020-04-15T01:41:58.026-0700][gc,heap       ] GC(1313) Eden regions: 47->0(48)
[2020-04-15T01:41:58.026-0700][gc,heap       ] GC(1313) Survivor regions: 4->5(7)
[2020-04-15T01:41:58.026-0700][gc,heap       ] GC(1313) Old regions: 72->72
[2020-04-15T01:41:58.026-0700][gc,heap       ] GC(1313) Humongous regions: 130->130
[2020-04-15T01:41:58.026-0700][gc,metaspace  ] GC(1313) Metaspace: 28288K->28288K(1075200K)
[2020-04-15T01:41:58.027-0700][gc            ] GC(1313) Pause Young (Normal) (G1 Evacuation Pause) 252M->206M(1024M) 12.116ms
[2020-04-15T01:41:58.027-0700][gc,cpu        ] GC(1313) User=0.05s Sys=0.00s Real=0.01s
[2020-04-15T01:42:12.711-0700][gc,start      ] GC(1314) Pause Young (Normal) (G1 Evacuation Pause)
[2020-04-15T01:42:12.712-0700][gc,task       ] GC(1314) Using 4 workers of 4 for evacuation
[2020-04-15T01:42:12.741-0700][gc,mmu        ] GC(1314) MMU target violated: 21.0ms (20.0ms/21.0ms)
[2020-04-15T01:42:12.741-0700][gc,phases     ] GC(1314)   Pre Evacuate Collection Set: 0.0ms
[2020-04-15T01:42:12.741-0700][gc,phases     ] GC(1314)   Evacuate Collection Set: 28.8ms
[2020-04-15T01:42:12.741-0700][gc,phases     ] GC(1314)   Post Evacuate Collection Set: 0.5ms
[2020-04-15T01:42:12.741-0700][gc,phases     ] GC(1314)   Other: 0.5ms
[2020-04-15T01:42:12.741-0700][gc,heap       ] GC(1314) Eden regions: 48->0(48)
[2020-04-15T01:42:12.741-0700][gc,heap       ] GC(1314) Survivor regions: 5->3(7)
[2020-04-15T01:42:12.741-0700][gc,heap       ] GC(1314) Old regions: 72->74
[2020-04-15T01:42:12.741-0700][gc,heap       ] GC(1314) Humongous regions: 130->130
[2020-04-15T01:42:12.741-0700][gc,metaspace  ] GC(1314) Metaspace: 28288K->28288K(1075200K)
[2020-04-15T01:42:12.741-0700][gc            ] GC(1314) Pause Young (Normal) (G1 Evacuation Pause) 254M->206M(1024M) 29.980ms
[2020-04-15T01:42:12.741-0700][gc,cpu        ] GC(1314) User=0.10s Sys=0.00s Real=0.03s
[2020-04-15T01:42:27.627-0700][gc,start      ] GC(1315) Pause Young (Normal) (G1 Evacuation Pause)
[2020-04-15T01:42:27.627-0700][gc,task       ] GC(1315) Using 4 workers of 4 for evacuation
[2020-04-15T01:42:27.644-0700][gc,phases     ] GC(1315)   Pre Evacuate Collection Set: 0.0ms
[2020-04-15T01:42:27.644-0700][gc,phases     ] GC(1315)   Evacuate Collection Set: 15.4ms
[2020-04-15T01:42:27.644-0700][gc,phases     ] GC(1315)   Post Evacuate Collection Set: 0.4ms
[2020-04-15T01:42:27.644-0700][gc,phases     ] GC(1315)   Other: 0.3ms
[2020-04-15T01:42:27.644-0700][gc,heap       ] GC(1315) Eden regions: 48->0(47)
[2020-04-15T01:42:27.644-0700][gc,heap       ] GC(1315) Survivor regions: 3->4(7)
[2020-04-15T01:42:27.644-0700][gc,heap       ] GC(1315) Old regions: 74->74
[2020-04-15T01:42:27.644-0700][gc,heap       ] GC(1315) Humongous regions: 130->130
[2020-04-15T01:42:27.644-0700][gc,metaspace  ] GC(1315) Metaspace: 28288K->28288K(1075200K)
[2020-04-15T01:42:27.644-0700][gc            ] GC(1315) Pause Young (Normal) (G1 Evacuation Pause) 254M->206M(1024M) 16.295ms
[2020-04-15T01:42:27.644-0700][gc,cpu        ] GC(1315) User=0.04s Sys=0.00s Real=0.02s
[2020-04-15T01:42:42.099-0700][gc,start      ] GC(1316) Pause Young (Normal) (G1 Evacuation Pause)
[2020-04-15T01:42:42.099-0700][gc,task       ] GC(1316) Using 4 workers of 4 for evacuation
[2020-04-15T01:42:42.109-0700][gc,phases     ] GC(1316)   Pre Evacuate Collection Set: 0.0ms
[2020-04-15T01:42:42.109-0700][gc,phases     ] GC(1316)   Evacuate Collection Set: 9.6ms
[2020-04-15T01:42:42.109-0700][gc,phases     ] GC(1316)   Post Evacuate Collection Set: 0.3ms
[2020-04-15T01:42:42.110-0700][gc,phases     ] GC(1316)   Other: 0.2ms
[2020-04-15T01:42:42.110-0700][gc,heap       ] GC(1316) Eden regions: 47->0(48)
[2020-04-15T01:42:42.110-0700][gc,heap       ] GC(1316) Survivor regions: 4->4(7)
[2020-04-15T01:42:42.110-0700][gc,heap       ] GC(1316) Old regions: 74->74
[2020-04-15T01:42:42.110-0700][gc,heap       ] GC(1316) Humongous regions: 130->130
[2020-04-15T01:42:42.110-0700][gc,metaspace  ] GC(1316) Metaspace: 28288K->28288K(1075200K)
[2020-04-15T01:42:42.110-0700][gc            ] GC(1316) Pause Young (Normal) (G1 Evacuation Pause) 253M->206M(1024M) 10.377ms
[2020-04-15T01:42:42.110-0700][gc,cpu        ] GC(1316) User=0.03s Sys=0.00s Real=0.01s
[2020-04-15T01:42:59.715-0700][gc,start      ] GC(1317) Pause Young (Normal) (G1 Evacuation Pause)
[2020-04-15T01:42:59.715-0700][gc,task       ] GC(1317) Using 4 workers of 4 for evacuation
[2020-04-15T01:42:59.748-0700][gc,mmu        ] GC(1317) MMU target violated: 21.0ms (20.0ms/21.0ms)
[2020-04-15T01:42:59.748-0700][gc,phases     ] GC(1317)   Pre Evacuate Collection Set: 0.1ms
[2020-04-15T01:42:59.748-0700][gc,phases     ] GC(1317)   Evacuate Collection Set: 32.7ms
[2020-04-15T01:42:59.748-0700][gc,phases     ] GC(1317)   Post Evacuate Collection Set: 0.4ms
[2020-04-15T01:42:59.749-0700][gc,phases     ] GC(1317)   Other: 0.5ms
[2020-04-15T01:42:59.749-0700][gc,heap       ] GC(1317) Eden regions: 48->0(47)
[2020-04-15T01:42:59.749-0700][gc,heap       ] GC(1317) Survivor regions: 4->4(7)
[2020-04-15T01:42:59.749-0700][gc,heap       ] GC(1317) Old regions: 74->74
[2020-04-15T01:42:59.749-0700][gc,heap       ] GC(1317) Humongous regions: 130->130
[2020-04-15T01:42:59.749-0700][gc,metaspace  ] GC(1317) Metaspace: 28288K->28288K(1075200K)
[2020-04-15T01:42:59.749-0700][gc            ] GC(1317) Pause Young (Normal) (G1 Evacuation Pause) 254M->207M(1024M) 33.759ms
[2020-04-15T01:42:59.749-0700][gc,cpu        ] GC(1317) User=0.09s Sys=0.00s Real=0.03s
[2020-04-15T01:43:14.419-0700][gc,start      ] GC(1318) Pause Young (Normal) (G1 Evacuation Pause)
[2020-04-15T01:43:14.420-0700][gc,task       ] GC(1318) Using 4 workers of 4 for evacuation
[2020-04-15T01:43:14.458-0700][gc,mmu        ] GC(1318) MMU target violated: 21.0ms (20.0ms/21.0ms)
[2020-04-15T01:43:14.458-0700][gc,phases     ] GC(1318)   Pre Evacuate Collection Set: 0.1ms
[2020-04-15T01:43:14.458-0700][gc,phases     ] GC(1318)   Evacuate Collection Set: 37.4ms
[2020-04-15T01:43:14.458-0700][gc,phases     ] GC(1318)   Post Evacuate Collection Set: 0.5ms
[2020-04-15T01:43:14.458-0700][gc,phases     ] GC(1318)   Other: 0.5ms
[2020-04-15T01:43:14.458-0700][gc,heap       ] GC(1318) Eden regions: 47->0(46)
[2020-04-15T01:43:14.458-0700][gc,heap       ] GC(1318) Survivor regions: 4->5(7)
[2020-04-15T01:43:14.458-0700][gc,heap       ] GC(1318) Old regions: 74->74
[2020-04-15T01:43:14.458-0700][gc,heap       ] GC(1318) Humongous regions: 130->130
[2020-04-15T01:43:14.458-0700][gc,metaspace  ] GC(1318) Metaspace: 28288K->28288K(1075200K)
[2020-04-15T01:43:14.458-0700][gc            ] GC(1318) Pause Young (Normal) (G1 Evacuation Pause) 254M->208M(1024M) 38.538ms
[2020-04-15T01:43:14.458-0700][gc,cpu        ] GC(1318) User=0.11s Sys=0.00s Real=0.04s
[2020-04-15T01:43:29.080-0700][gc,start      ] GC(1319) Pause Young (Normal) (G1 Evacuation Pause)
[2020-04-15T01:43:29.080-0700][gc,task       ] GC(1319) Using 4 workers of 4 for evacuation
[2020-04-15T01:43:29.116-0700][gc,mmu        ] GC(1319) MMU target violated: 21.0ms (20.0ms/21.0ms)
[2020-04-15T01:43:29.116-0700][gc,phases     ] GC(1319)   Pre Evacuate Collection Set: 0.1ms
[2020-04-15T01:43:29.116-0700][gc,phases     ] GC(1319)   Evacuate Collection Set: 34.9ms
[2020-04-15T01:43:29.116-0700][gc,phases     ] GC(1319)   Post Evacuate Collection Set: 0.6ms
[2020-04-15T01:43:29.116-0700][gc,phases     ] GC(1319)   Other: 0.7ms
[2020-04-15T01:43:29.116-0700][gc,heap       ] GC(1319) Eden regions: 46->0(47)
[2020-04-15T01:43:29.116-0700][gc,heap       ] GC(1319) Survivor regions: 5->4(7)
[2020-04-15T01:43:29.116-0700][gc,heap       ] GC(1319) Old regions: 74->76
[2020-04-15T01:43:29.116-0700][gc,heap       ] GC(1319) Humongous regions: 130->130
[2020-04-15T01:43:29.116-0700][gc,metaspace  ] GC(1319) Metaspace: 28288K->28288K(1075200K)
[2020-04-15T01:43:29.117-0700][gc            ] GC(1319) Pause Young (Normal) (G1 Evacuation Pause) 254M->209M(1024M) 36.555ms
[2020-04-15T01:43:29.117-0700][gc,cpu        ] GC(1319) User=0.11s Sys=0.00s Real=0.03s
[2020-04-15T01:43:43.381-0700][gc,start      ] GC(1320) Pause Young (Normal) (G1 Evacuation Pause)
[2020-04-15T01:43:43.381-0700][gc,task       ] GC(1320) Using 4 workers of 4 for evacuation
[2020-04-15T01:43:43.424-0700][gc,mmu        ] GC(1320) MMU target violated: 21.0ms (20.0ms/21.0ms)
[2020-04-15T01:43:43.424-0700][gc,phases     ] GC(1320)   Pre Evacuate Collection Set: 0.1ms
[2020-04-15T01:43:43.424-0700][gc,phases     ] GC(1320)   Evacuate Collection Set: 40.6ms
[2020-04-15T01:43:43.424-0700][gc,phases     ] GC(1320)   Post Evacuate Collection Set: 1.9ms
[2020-04-15T01:43:43.424-0700][gc,phases     ] GC(1320)   Other: 0.7ms
[2020-04-15T01:43:43.424-0700][gc,heap       ] GC(1320) Eden regions: 47->0(47)
[2020-04-15T01:43:43.424-0700][gc,heap       ] GC(1320) Survivor regions: 4->4(7)
[2020-04-15T01:43:43.424-0700][gc,heap       ] GC(1320) Old regions: 76->76
[2020-04-15T01:43:43.424-0700][gc,heap       ] GC(1320) Humongous regions: 130->130
[2020-04-15T01:43:43.424-0700][gc,metaspace  ] GC(1320) Metaspace: 28288K->28288K(1075200K)
[2020-04-15T01:43:43.424-0700][gc            ] GC(1320) Pause Young (Normal) (G1 Evacuation Pause) 256M->209M(1024M) 43.312ms
[2020-04-15T01:43:43.424-0700][gc,cpu        ] GC(1320) User=0.10s Sys=0.00s Real=0.04s
[2020-04-15T01:43:57.975-0700][gc,start      ] GC(1321) Pause Young (Normal) (G1 Evacuation Pause)
[2020-04-15T01:43:57.975-0700][gc,task       ] GC(1321) Using 4 workers of 4 for evacuation
[2020-04-15T01:43:58.003-0700][gc,mmu        ] GC(1321) MMU target violated: 21.0ms (20.0ms/21.0ms)
[2020-04-15T01:43:58.003-0700][gc,phases     ] GC(1321)   Pre Evacuate Collection Set: 0.1ms
[2020-04-15T01:43:58.003-0700][gc,phases     ] GC(1321)   Evacuate Collection Set: 26.8ms
[2020-04-15T01:43:58.003-0700][gc,phases     ] GC(1321)   Post Evacuate Collection Set: 0.7ms
[2020-04-15T01:43:58.003-0700][gc,phases     ] GC(1321)   Other: 0.6ms
[2020-04-15T01:43:58.003-0700][gc,heap       ] GC(1321) Eden regions: 47->0(47)
[2020-04-15T01:43:58.003-0700][gc,heap       ] GC(1321) Survivor regions: 4->4(7)
[2020-04-15T01:43:58.003-0700][gc,heap       ] GC(1321) Old regions: 76->76
[2020-04-15T01:43:58.003-0700][gc,heap       ] GC(1321) Humongous regions: 130->130
[2020-04-15T01:43:58.003-0700][gc,metaspace  ] GC(1321) Metaspace: 28288K->28288K(1075200K)
[2020-04-15T01:43:58.003-0700][gc            ] GC(1321) Pause Young (Normal) (G1 Evacuation Pause) 256M->209M(1024M) 28.285ms
[2020-04-15T01:43:58.003-0700][gc,cpu        ] GC(1321) User=0.10s Sys=0.00s Real=0.03s
[2020-04-15T01:44:12.736-0700][gc,start      ] GC(1322) Pause Young (Normal) (G1 Evacuation Pause)
[2020-04-15T01:44:12.736-0700][gc,task       ] GC(1322) Using 4 workers of 4 for evacuation
[2020-04-15T01:44:12.767-0700][gc,mmu        ] GC(1322) MMU target violated: 21.0ms (20.0ms/21.0ms)
[2020-04-15T01:44:12.767-0700][gc,phases     ] GC(1322)   Pre Evacuate Collection Set: 0.0ms
[2020-04-15T01:44:12.767-0700][gc,phases     ] GC(1322)   Evacuate Collection Set: 29.1ms
[2020-04-15T01:44:12.767-0700][gc,phases     ] GC(1322)   Post Evacuate Collection Set: 0.7ms
[2020-04-15T01:44:12.767-0700][gc,phases     ] GC(1322)   Other: 1.1ms
[2020-04-15T01:44:12.767-0700][gc,heap       ] GC(1322) Eden regions: 47->0(47)
[2020-04-15T01:44:12.767-0700][gc,heap       ] GC(1322) Survivor regions: 4->4(7)
[2020-04-15T01:44:12.767-0700][gc,heap       ] GC(1322) Old regions: 76->76
[2020-04-15T01:44:12.767-0700][gc,heap       ] GC(1322) Humongous regions: 130->130
[2020-04-15T01:44:12.767-0700][gc,metaspace  ] GC(1322) Metaspace: 28288K->28288K(1075200K)
[2020-04-15T01:44:12.767-0700][gc            ] GC(1322) Pause Young (Normal) (G1 Evacuation Pause) 256M->210M(1024M) 31.100ms
[2020-04-15T01:44:12.767-0700][gc,cpu        ] GC(1322) User=0.11s Sys=0.00s Real=0.03s
[2020-04-15T01:44:27.627-0700][gc,start      ] GC(1323) Pause Young (Normal) (G1 Evacuation Pause)
[2020-04-15T01:44:27.627-0700][gc,task       ] GC(1323) Using 4 workers of 4 for evacuation
[2020-04-15T01:44:27.661-0700][gc,mmu        ] GC(1323) MMU target violated: 21.0ms (20.0ms/21.0ms)
[2020-04-15T01:44:27.661-0700][gc,phases     ] GC(1323)   Pre Evacuate Collection Set: 0.1ms
[2020-04-15T01:44:27.661-0700][gc,phases     ] GC(1323)   Evacuate Collection Set: 32.8ms
[2020-04-15T01:44:27.661-0700][gc,phases     ] GC(1323)   Post Evacuate Collection Set: 1.2ms
[2020-04-15T01:44:27.661-0700][gc,phases     ] GC(1323)   Other: 0.6ms
[2020-04-15T01:44:27.661-0700][gc,heap       ] GC(1323) Eden regions: 47->0(47)
[2020-04-15T01:44:27.661-0700][gc,heap       ] GC(1323) Survivor regions: 4->4(7)
[2020-04-15T01:44:27.661-0700][gc,heap       ] GC(1323) Old regions: 76->77
[2020-04-15T01:44:27.661-0700][gc,heap       ] GC(1323) Humongous regions: 130->130
[2020-04-15T01:44:27.661-0700][gc,metaspace  ] GC(1323) Metaspace: 28288K->28288K(1075200K)
[2020-04-15T01:44:27.661-0700][gc            ] GC(1323) Pause Young (Normal) (G1 Evacuation Pause) 257M->210M(1024M) 34.804ms
[2020-04-15T01:44:27.661-0700][gc,cpu        ] GC(1323) User=0.10s Sys=0.00s Real=0.04s
[2020-04-15T01:44:42.734-0700][gc,start      ] GC(1324) Pause Young (Normal) (G1 Evacuation Pause)
[2020-04-15T01:44:42.734-0700][gc,task       ] GC(1324) Using 4 workers of 4 for evacuation
[2020-04-15T01:44:42.760-0700][gc,mmu        ] GC(1324) MMU target violated: 21.0ms (20.0ms/21.0ms)
[2020-04-15T01:44:42.760-0700][gc,phases     ] GC(1324)   Pre Evacuate Collection Set: 0.1ms
[2020-04-15T01:44:42.760-0700][gc,phases     ] GC(1324)   Evacuate Collection Set: 24.5ms
[2020-04-15T01:44:42.760-0700][gc,phases     ] GC(1324)   Post Evacuate Collection Set: 0.6ms
[2020-04-15T01:44:42.760-0700][gc,phases     ] GC(1324)   Other: 0.5ms
[2020-04-15T01:44:42.760-0700][gc,heap       ] GC(1324) Eden regions: 47->0(47)
[2020-04-15T01:44:42.760-0700][gc,heap       ] GC(1324) Survivor regions: 4->4(7)
[2020-04-15T01:44:42.760-0700][gc,heap       ] GC(1324) Old regions: 77->77
[2020-04-15T01:44:42.760-0700][gc,heap       ] GC(1324) Humongous regions: 130->130
[2020-04-15T01:44:42.760-0700][gc,metaspace  ] GC(1324) Metaspace: 28288K->28288K(1075200K)
[2020-04-15T01:44:42.760-0700][gc            ] GC(1324) Pause Young (Normal) (G1 Evacuation Pause) 257M->210M(1024M) 25.834ms
[2020-04-15T01:44:42.760-0700][gc,cpu        ] GC(1324) User=0.09s Sys=0.00s Real=0.03s
[2020-04-15T01:44:57.160-0700][gc,start      ] GC(1325) Pause Young (Normal) (G1 Evacuation Pause)
[2020-04-15T01:44:57.160-0700][gc,task       ] GC(1325) Using 4 workers of 4 for evacuation
[2020-04-15T01:44:57.189-0700][gc,mmu        ] GC(1325) MMU target violated: 21.0ms (20.0ms/21.0ms)
[2020-04-15T01:44:57.189-0700][gc,phases     ] GC(1325)   Pre Evacuate Collection Set: 0.0ms
[2020-04-15T01:44:57.189-0700][gc,phases     ] GC(1325)   Evacuate Collection Set: 28.8ms
[2020-04-15T01:44:57.189-0700][gc,phases     ] GC(1325)   Post Evacuate Collection Set: 0.6ms
[2020-04-15T01:44:57.190-0700][gc,phases     ] GC(1325)   Other: 0.5ms
[2020-04-15T01:44:57.190-0700][gc,heap       ] GC(1325) Eden regions: 47->0(47)
[2020-04-15T01:44:57.190-0700][gc,heap       ] GC(1325) Survivor regions: 4->4(7)
[2020-04-15T01:44:57.190-0700][gc,heap       ] GC(1325) Old regions: 77->77
[2020-04-15T01:44:57.190-0700][gc,heap       ] GC(1325) Humongous regions: 130->130
[2020-04-15T01:44:57.190-0700][gc,metaspace  ] GC(1325) Metaspace: 28288K->28288K(1075200K)
[2020-04-15T01:44:57.190-0700][gc            ] GC(1325) Pause Young (Normal) (G1 Evacuation Pause) 257M->210M(1024M) 30.053ms
[2020-04-15T01:44:57.190-0700][gc,cpu        ] GC(1325) User=0.08s Sys=0.00s Real=0.03s
[2020-04-15T01:45:11.564-0700][gc,start      ] GC(1326) Pause Young (Normal) (G1 Evacuation Pause)
[2020-04-15T01:45:11.564-0700][gc,task       ] GC(1326) Using 4 workers of 4 for evacuation
[2020-04-15T01:45:11.595-0700][gc,mmu        ] GC(1326) MMU target violated: 21.0ms (20.0ms/21.0ms)
[2020-04-15T01:45:11.595-0700][gc,phases     ] GC(1326)   Pre Evacuate Collection Set: 0.0ms
[2020-04-15T01:45:11.595-0700][gc,phases     ] GC(1326)   Evacuate Collection Set: 30.3ms
[2020-04-15T01:45:11.595-0700][gc,phases     ] GC(1326)   Post Evacuate Collection Set: 0.7ms
[2020-04-15T01:45:11.595-0700][gc,phases     ] GC(1326)   Other: 0.5ms
[2020-04-15T01:45:11.595-0700][gc,heap       ] GC(1326) Eden regions: 47->0(47)
[2020-04-15T01:45:11.595-0700][gc,heap       ] GC(1326) Survivor regions: 4->4(7)
[2020-04-15T01:45:11.595-0700][gc,heap       ] GC(1326) Old regions: 77->78
[2020-04-15T01:45:11.595-0700][gc,heap       ] GC(1326) Humongous regions: 130->130
[2020-04-15T01:45:11.596-0700][gc,metaspace  ] GC(1326) Metaspace: 28288K->28288K(1075200K)
[2020-04-15T01:45:11.596-0700][gc            ] GC(1326) Pause Young (Normal) (G1 Evacuation Pause) 257M->211M(1024M) 31.694ms
[2020-04-15T01:45:11.596-0700][gc,cpu        ] GC(1326) User=0.10s Sys=0.00s Real=0.03s
[2020-04-15T01:45:26.171-0700][gc,start      ] GC(1327) Pause Young (Normal) (G1 Evacuation Pause)
[2020-04-15T01:45:26.171-0700][gc,task       ] GC(1327) Using 4 workers of 4 for evacuation
[2020-04-15T01:45:26.204-0700][gc,mmu        ] GC(1327) MMU target violated: 21.0ms (20.0ms/21.0ms)
[2020-04-15T01:45:26.204-0700][gc,phases     ] GC(1327)   Pre Evacuate Collection Set: 0.0ms
[2020-04-15T01:45:26.204-0700][gc,phases     ] GC(1327)   Evacuate Collection Set: 31.7ms
[2020-04-15T01:45:26.204-0700][gc,phases     ] GC(1327)   Post Evacuate Collection Set: 0.6ms
[2020-04-15T01:45:26.204-0700][gc,phases     ] GC(1327)   Other: 0.5ms
[2020-04-15T01:45:26.204-0700][gc,heap       ] GC(1327) Eden regions: 47->0(47)
[2020-04-15T01:45:26.204-0700][gc,heap       ] GC(1327) Survivor regions: 4->4(7)
[2020-04-15T01:45:26.204-0700][gc,heap       ] GC(1327) Old regions: 78->78
[2020-04-15T01:45:26.204-0700][gc,heap       ] GC(1327) Humongous regions: 130->130
[2020-04-15T01:45:26.204-0700][gc,metaspace  ] GC(1327) Metaspace: 28288K->28288K(1075200K)
[2020-04-15T01:45:26.204-0700][gc            ] GC(1327) Pause Young (Normal) (G1 Evacuation Pause) 258M->211M(1024M) 33.037ms
[2020-04-15T01:45:26.204-0700][gc,cpu        ] GC(1327) User=0.09s Sys=0.00s Real=0.03s
[2020-04-15T01:45:40.511-0700][gc,start      ] GC(1328) Pause Young (Normal) (G1 Evacuation Pause)
[2020-04-15T01:45:40.511-0700][gc,task       ] GC(1328) Using 4 workers of 4 for evacuation
[2020-04-15T01:45:40.539-0700][gc,mmu        ] GC(1328) MMU target violated: 21.0ms (20.0ms/21.0ms)
[2020-04-15T01:45:40.539-0700][gc,phases     ] GC(1328)   Pre Evacuate Collection Set: 0.0ms
[2020-04-15T01:45:40.539-0700][gc,phases     ] GC(1328)   Evacuate Collection Set: 27.1ms
[2020-04-15T01:45:40.539-0700][gc,phases     ] GC(1328)   Post Evacuate Collection Set: 0.6ms
[2020-04-15T01:45:40.539-0700][gc,phases     ] GC(1328)   Other: 0.5ms
[2020-04-15T01:45:40.539-0700][gc,heap       ] GC(1328) Eden regions: 47->0(47)
[2020-04-15T01:45:40.539-0700][gc,heap       ] GC(1328) Survivor regions: 4->4(7)
[2020-04-15T01:45:40.539-0700][gc,heap       ] GC(1328) Old regions: 78->79
[2020-04-15T01:45:40.539-0700][gc,heap       ] GC(1328) Humongous regions: 130->130
[2020-04-15T01:45:40.539-0700][gc,metaspace  ] GC(1328) Metaspace: 28288K->28288K(1075200K)
[2020-04-15T01:45:40.539-0700][gc            ] GC(1328) Pause Young (Normal) (G1 Evacuation Pause) 258M->211M(1024M) 28.443ms
[2020-04-15T01:45:40.540-0700][gc,cpu        ] GC(1328) User=0.09s Sys=0.00s Real=0.03s
[2020-04-15T01:45:54.842-0700][gc,start      ] GC(1329) Pause Young (Normal) (G1 Evacuation Pause)
[2020-04-15T01:45:54.842-0700][gc,task       ] GC(1329) Using 4 workers of 4 for evacuation
[2020-04-15T01:45:54.868-0700][gc,mmu        ] GC(1329) MMU target violated: 21.0ms (20.0ms/21.0ms)
[2020-04-15T01:45:54.869-0700][gc,phases     ] GC(1329)   Pre Evacuate Collection Set: 0.0ms
[2020-04-15T01:45:54.869-0700][gc,phases     ] GC(1329)   Evacuate Collection Set: 25.7ms
[2020-04-15T01:45:54.869-0700][gc,phases     ] GC(1329)   Post Evacuate Collection Set: 0.5ms
[2020-04-15T01:45:54.869-0700][gc,phases     ] GC(1329)   Other: 0.5ms
[2020-04-15T01:45:54.869-0700][gc,heap       ] GC(1329) Eden regions: 47->0(47)
[2020-04-15T01:45:54.869-0700][gc,heap       ] GC(1329) Survivor regions: 4->4(7)
[2020-04-15T01:45:54.869-0700][gc,heap       ] GC(1329) Old regions: 79->79
[2020-04-15T01:45:54.869-0700][gc,heap       ] GC(1329) Humongous regions: 130->130
[2020-04-15T01:45:54.869-0700][gc,metaspace  ] GC(1329) Metaspace: 28288K->28288K(1075200K)
[2020-04-15T01:45:54.869-0700][gc            ] GC(1329) Pause Young (Normal) (G1 Evacuation Pause) 258M->212M(1024M) 26.874ms
[2020-04-15T01:45:54.869-0700][gc,cpu        ] GC(1329) User=0.09s Sys=0.00s Real=0.02s
[2020-04-15T01:46:09.262-0700][gc,start      ] GC(1330) Pause Young (Normal) (G1 Evacuation Pause)
[2020-04-15T01:46:09.262-0700][gc,task       ] GC(1330) Using 4 workers of 4 for evacuation
[2020-04-15T01:46:09.283-0700][gc,mmu        ] GC(1330) MMU target violated: 20.8ms (20.0ms/21.0ms)
[2020-04-15T01:46:09.283-0700][gc,phases     ] GC(1330)   Pre Evacuate Collection Set: 0.0ms
[2020-04-15T01:46:09.283-0700][gc,phases     ] GC(1330)   Evacuate Collection Set: 20.1ms
[2020-04-15T01:46:09.283-0700][gc,phases     ] GC(1330)   Post Evacuate Collection Set: 0.4ms
[2020-04-15T01:46:09.283-0700][gc,phases     ] GC(1330)   Other: 0.5ms
[2020-04-15T01:46:09.283-0700][gc,heap       ] GC(1330) Eden regions: 47->0(47)
[2020-04-15T01:46:09.283-0700][gc,heap       ] GC(1330) Survivor regions: 4->4(7)
[2020-04-15T01:46:09.283-0700][gc,heap       ] GC(1330) Old regions: 79->79
[2020-04-15T01:46:09.283-0700][gc,heap       ] GC(1330) Humongous regions: 130->130
[2020-04-15T01:46:09.283-0700][gc,metaspace  ] GC(1330) Metaspace: 28288K->28288K(1075200K)
[2020-04-15T01:46:09.283-0700][gc            ] GC(1330) Pause Young (Normal) (G1 Evacuation Pause) 259M->212M(1024M) 21.168ms
[2020-04-15T01:46:09.283-0700][gc,cpu        ] GC(1330) User=0.07s Sys=0.00s Real=0.02s
[2020-04-15T01:46:23.617-0700][gc,start      ] GC(1331) Pause Young (Normal) (G1 Evacuation Pause)
[2020-04-15T01:46:23.617-0700][gc,task       ] GC(1331) Using 4 workers of 4 for evacuation
[2020-04-15T01:46:23.645-0700][gc,mmu        ] GC(1331) MMU target violated: 21.0ms (20.0ms/21.0ms)
[2020-04-15T01:46:23.646-0700][gc,phases     ] GC(1331)   Pre Evacuate Collection Set: 0.0ms
[2020-04-15T01:46:23.646-0700][gc,phases     ] GC(1331)   Evacuate Collection Set: 26.9ms
[2020-04-15T01:46:23.646-0700][gc,phases     ] GC(1331)   Post Evacuate Collection Set: 0.7ms
[2020-04-15T01:46:23.646-0700][gc,phases     ] GC(1331)   Other: 0.6ms
[2020-04-15T01:46:23.646-0700][gc,heap       ] GC(1331) Eden regions: 47->0(47)
[2020-04-15T01:46:23.646-0700][gc,heap       ] GC(1331) Survivor regions: 4->4(7)
[2020-04-15T01:46:23.646-0700][gc,heap       ] GC(1331) Old regions: 79->79
[2020-04-15T01:46:23.646-0700][gc,heap       ] GC(1331) Humongous regions: 130->130
[2020-04-15T01:46:23.646-0700][gc,metaspace  ] GC(1331) Metaspace: 28288K->28288K(1075200K)
[2020-04-15T01:46:23.646-0700][gc            ] GC(1331) Pause Young (Normal) (G1 Evacuation Pause) 259M->212M(1024M) 28.372ms
[2020-04-15T01:46:23.646-0700][gc,cpu        ] GC(1331) User=0.10s Sys=0.00s Real=0.02s
[2020-04-15T01:46:38.120-0700][gc,start      ] GC(1332) Pause Young (Normal) (G1 Evacuation Pause)
[2020-04-15T01:46:38.121-0700][gc,task       ] GC(1332) Using 4 workers of 4 for evacuation
[2020-04-15T01:46:38.147-0700][gc,mmu        ] GC(1332) MMU target violated: 21.0ms (20.0ms/21.0ms)
[2020-04-15T01:46:38.147-0700][gc,phases     ] GC(1332)   Pre Evacuate Collection Set: 0.0ms
[2020-04-15T01:46:38.147-0700][gc,phases     ] GC(1332)   Evacuate Collection Set: 25.3ms
[2020-04-15T01:46:38.147-0700][gc,phases     ] GC(1332)   Post Evacuate Collection Set: 0.5ms
[2020-04-15T01:46:38.147-0700][gc,phases     ] GC(1332)   Other: 0.5ms
[2020-04-15T01:46:38.147-0700][gc,heap       ] GC(1332) Eden regions: 47->0(47)
[2020-04-15T01:46:38.147-0700][gc,heap       ] GC(1332) Survivor regions: 4->4(7)
[2020-04-15T01:46:38.147-0700][gc,heap       ] GC(1332) Old regions: 79->80
[2020-04-15T01:46:38.147-0700][gc,heap       ] GC(1332) Humongous regions: 130->130
[2020-04-15T01:46:38.147-0700][gc,metaspace  ] GC(1332) Metaspace: 28288K->28288K(1075200K)
[2020-04-15T01:46:38.147-0700][gc            ] GC(1332) Pause Young (Normal) (G1 Evacuation Pause) 259M->213M(1024M) 26.474ms
[2020-04-15T01:46:38.147-0700][gc,cpu        ] GC(1332) User=0.10s Sys=0.00s Real=0.02s
[2020-04-15T01:46:52.774-0700][gc,start      ] GC(1333) Pause Young (Normal) (G1 Evacuation Pause)
[2020-04-15T01:46:52.774-0700][gc,task       ] GC(1333) Using 4 workers of 4 for evacuation
[2020-04-15T01:46:52.830-0700][gc,mmu        ] GC(1333) MMU target violated: 21.0ms (20.0ms/21.0ms)
[2020-04-15T01:46:52.830-0700][gc,phases     ] GC(1333)   Pre Evacuate Collection Set: 0.1ms
[2020-04-15T01:46:52.830-0700][gc,phases     ] GC(1333)   Evacuate Collection Set: 54.1ms
[2020-04-15T01:46:52.830-0700][gc,phases     ] GC(1333)   Post Evacuate Collection Set: 1.2ms
[2020-04-15T01:46:52.830-0700][gc,phases     ] GC(1333)   Other: 0.7ms
[2020-04-15T01:46:52.830-0700][gc,heap       ] GC(1333) Eden regions: 47->0(46)
[2020-04-15T01:46:52.830-0700][gc,heap       ] GC(1333) Survivor regions: 4->5(7)
[2020-04-15T01:46:52.830-0700][gc,heap       ] GC(1333) Old regions: 80->80
[2020-04-15T01:46:52.830-0700][gc,heap       ] GC(1333) Humongous regions: 130->130
[2020-04-15T01:46:52.830-0700][gc,metaspace  ] GC(1333) Metaspace: 28288K->28288K(1075200K)
[2020-04-15T01:46:52.830-0700][gc            ] GC(1333) Pause Young (Normal) (G1 Evacuation Pause) 260M->214M(1024M) 56.238ms
[2020-04-15T01:46:52.830-0700][gc,cpu        ] GC(1333) User=0.13s Sys=0.00s Real=0.06s
[2020-04-15T01:47:07.459-0700][gc,start      ] GC(1334) Pause Young (Normal) (G1 Evacuation Pause)
[2020-04-15T01:47:07.459-0700][gc,task       ] GC(1334) Using 4 workers of 4 for evacuation
[2020-04-15T01:47:07.486-0700][gc,mmu        ] GC(1334) MMU target violated: 21.0ms (20.0ms/21.0ms)
[2020-04-15T01:47:07.486-0700][gc,phases     ] GC(1334)   Pre Evacuate Collection Set: 0.0ms
[2020-04-15T01:47:07.486-0700][gc,phases     ] GC(1334)   Evacuate Collection Set: 25.8ms
[2020-04-15T01:47:07.486-0700][gc,phases     ] GC(1334)   Post Evacuate Collection Set: 0.5ms
[2020-04-15T01:47:07.486-0700][gc,phases     ] GC(1334)   Other: 0.5ms
[2020-04-15T01:47:07.486-0700][gc,heap       ] GC(1334) Eden regions: 46->0(47)
[2020-04-15T01:47:07.486-0700][gc,heap       ] GC(1334) Survivor regions: 5->4(7)
[2020-04-15T01:47:07.486-0700][gc,heap       ] GC(1334) Old regions: 80->82
[2020-04-15T01:47:07.486-0700][gc,heap       ] GC(1334) Humongous regions: 130->130
[2020-04-15T01:47:07.486-0700][gc,metaspace  ] GC(1334) Metaspace: 28288K->28288K(1075200K)
[2020-04-15T01:47:07.486-0700][gc            ] GC(1334) Pause Young (Normal) (G1 Evacuation Pause) 260M->215M(1024M) 26.933ms
[2020-04-15T01:47:07.486-0700][gc,cpu        ] GC(1334) User=0.11s Sys=0.00s Real=0.02s
[2020-04-15T01:47:22.047-0700][gc,start      ] GC(1335) Pause Young (Normal) (G1 Evacuation Pause)
[2020-04-15T01:47:22.047-0700][gc,task       ] GC(1335) Using 4 workers of 4 for evacuation
[2020-04-15T01:47:22.073-0700][gc,mmu        ] GC(1335) MMU target violated: 21.0ms (20.0ms/21.0ms)
[2020-04-15T01:47:22.073-0700][gc,phases     ] GC(1335)   Pre Evacuate Collection Set: 0.1ms
[2020-04-15T01:47:22.073-0700][gc,phases     ] GC(1335)   Evacuate Collection Set: 24.8ms
[2020-04-15T01:47:22.073-0700][gc,phases     ] GC(1335)   Post Evacuate Collection Set: 0.5ms
[2020-04-15T01:47:22.073-0700][gc,phases     ] GC(1335)   Other: 0.7ms
[2020-04-15T01:47:22.073-0700][gc,heap       ] GC(1335) Eden regions: 47->0(47)
[2020-04-15T01:47:22.073-0700][gc,heap       ] GC(1335) Survivor regions: 4->4(7)
[2020-04-15T01:47:22.073-0700][gc,heap       ] GC(1335) Old regions: 82->82
[2020-04-15T01:47:22.073-0700][gc,heap       ] GC(1335) Humongous regions: 130->130
[2020-04-15T01:47:22.073-0700][gc,metaspace  ] GC(1335) Metaspace: 28288K->28288K(1075200K)
[2020-04-15T01:47:22.073-0700][gc            ] GC(1335) Pause Young (Normal) (G1 Evacuation Pause) 262M->215M(1024M) 26.228ms
[2020-04-15T01:47:22.073-0700][gc,cpu        ] GC(1335) User=0.10s Sys=0.00s Real=0.03s
[2020-04-15T01:47:37.267-0700][gc,start      ] GC(1336) Pause Young (Normal) (G1 Evacuation Pause)
[2020-04-15T01:47:37.267-0700][gc,task       ] GC(1336) Using 4 workers of 4 for evacuation
[2020-04-15T01:47:37.297-0700][gc,mmu        ] GC(1336) MMU target violated: 21.0ms (20.0ms/21.0ms)
[2020-04-15T01:47:37.298-0700][gc,phases     ] GC(1336)   Pre Evacuate Collection Set: 0.0ms
[2020-04-15T01:47:37.298-0700][gc,phases     ] GC(1336)   Evacuate Collection Set: 29.6ms
[2020-04-15T01:47:37.298-0700][gc,phases     ] GC(1336)   Post Evacuate Collection Set: 0.8ms
[2020-04-15T01:47:37.298-0700][gc,phases     ] GC(1336)   Other: 0.5ms
[2020-04-15T01:47:37.298-0700][gc,heap       ] GC(1336) Eden regions: 47->0(47)
[2020-04-15T01:47:37.298-0700][gc,heap       ] GC(1336) Survivor regions: 4->4(7)
[2020-04-15T01:47:37.298-0700][gc,heap       ] GC(1336) Old regions: 82->82
[2020-04-15T01:47:37.298-0700][gc,heap       ] GC(1336) Humongous regions: 130->130
[2020-04-15T01:47:37.298-0700][gc,metaspace  ] GC(1336) Metaspace: 28288K->28288K(1075200K)
[2020-04-15T01:47:37.298-0700][gc            ] GC(1336) Pause Young (Normal) (G1 Evacuation Pause) 262M->215M(1024M) 31.069ms
[2020-04-15T01:47:37.298-0700][gc,cpu        ] GC(1336) User=0.10s Sys=0.00s Real=0.04s
[2020-04-15T01:47:51.644-0700][gc,start      ] GC(1337) Pause Young (Normal) (G1 Evacuation Pause)
[2020-04-15T01:47:51.644-0700][gc,task       ] GC(1337) Using 4 workers of 4 for evacuation
[2020-04-15T01:47:51.669-0700][gc,mmu        ] GC(1337) MMU target violated: 21.0ms (20.0ms/21.0ms)
[2020-04-15T01:47:51.669-0700][gc,phases     ] GC(1337)   Pre Evacuate Collection Set: 0.1ms
[2020-04-15T01:47:51.669-0700][gc,phases     ] GC(1337)   Evacuate Collection Set: 24.2ms
[2020-04-15T01:47:51.669-0700][gc,phases     ] GC(1337)   Post Evacuate Collection Set: 0.5ms
[2020-04-15T01:47:51.669-0700][gc,phases     ] GC(1337)   Other: 0.5ms
[2020-04-15T01:47:51.669-0700][gc,heap       ] GC(1337) Eden regions: 47->0(47)
[2020-04-15T01:47:51.669-0700][gc,heap       ] GC(1337) Survivor regions: 4->4(7)
[2020-04-15T01:47:51.669-0700][gc,heap       ] GC(1337) Old regions: 82->83
[2020-04-15T01:47:51.669-0700][gc,heap       ] GC(1337) Humongous regions: 130->130
[2020-04-15T01:47:51.669-0700][gc,metaspace  ] GC(1337) Metaspace: 28288K->28288K(1075200K)
[2020-04-15T01:47:51.669-0700][gc            ] GC(1337) Pause Young (Normal) (G1 Evacuation Pause) 262M->216M(1024M) 25.306ms
[2020-04-15T01:47:51.669-0700][gc,cpu        ] GC(1337) User=0.09s Sys=0.00s Real=0.02s
[2020-04-15T01:48:06.304-0700][gc,start      ] GC(1338) Pause Young (Normal) (G1 Evacuation Pause)
[2020-04-15T01:48:06.304-0700][gc,task       ] GC(1338) Using 4 workers of 4 for evacuation
[2020-04-15T01:48:06.347-0700][gc,mmu        ] GC(1338) MMU target violated: 21.0ms (20.0ms/21.0ms)
[2020-04-15T01:48:06.348-0700][gc,phases     ] GC(1338)   Pre Evacuate Collection Set: 0.0ms
[2020-04-15T01:48:06.348-0700][gc,phases     ] GC(1338)   Evacuate Collection Set: 42.8ms
[2020-04-15T01:48:06.348-0700][gc,phases     ] GC(1338)   Post Evacuate Collection Set: 0.6ms
[2020-04-15T01:48:06.348-0700][gc,phases     ] GC(1338)   Other: 0.5ms
[2020-04-15T01:48:06.348-0700][gc,heap       ] GC(1338) Eden regions: 47->0(47)
[2020-04-15T01:48:06.348-0700][gc,heap       ] GC(1338) Survivor regions: 4->4(7)
[2020-04-15T01:48:06.348-0700][gc,heap       ] GC(1338) Old regions: 83->83
[2020-04-15T01:48:06.348-0700][gc,heap       ] GC(1338) Humongous regions: 130->130
[2020-04-15T01:48:06.348-0700][gc,metaspace  ] GC(1338) Metaspace: 28288K->28288K(1075200K)
[2020-04-15T01:48:06.348-0700][gc            ] GC(1338) Pause Young (Normal) (G1 Evacuation Pause) 263M->216M(1024M) 44.218ms
[2020-04-15T01:48:06.348-0700][gc,cpu        ] GC(1338) User=0.12s Sys=0.00s Real=0.04s
[2020-04-15T01:48:21.073-0700][gc,start      ] GC(1339) Pause Young (Normal) (G1 Evacuation Pause)
[2020-04-15T01:48:21.073-0700][gc,task       ] GC(1339) Using 4 workers of 4 for evacuation
[2020-04-15T01:48:21.096-0700][gc,mmu        ] GC(1339) MMU target violated: 21.0ms (20.0ms/21.0ms)
[2020-04-15T01:48:21.096-0700][gc,phases     ] GC(1339)   Pre Evacuate Collection Set: 0.0ms
[2020-04-15T01:48:21.096-0700][gc,phases     ] GC(1339)   Evacuate Collection Set: 22.0ms
[2020-04-15T01:48:21.096-0700][gc,phases     ] GC(1339)   Post Evacuate Collection Set: 0.5ms
[2020-04-15T01:48:21.096-0700][gc,phases     ] GC(1339)   Other: 0.5ms
[2020-04-15T01:48:21.096-0700][gc,heap       ] GC(1339) Eden regions: 47->0(46)
[2020-04-15T01:48:21.096-0700][gc,heap       ] GC(1339) Survivor regions: 4->5(7)
[2020-04-15T01:48:21.096-0700][gc,heap       ] GC(1339) Old regions: 83->83
[2020-04-15T01:48:21.096-0700][gc,heap       ] GC(1339) Humongous regions: 130->130
[2020-04-15T01:48:21.096-0700][gc,metaspace  ] GC(1339) Metaspace: 28288K->28288K(1075200K)
[2020-04-15T01:48:21.096-0700][gc            ] GC(1339) Pause Young (Normal) (G1 Evacuation Pause) 263M->217M(1024M) 23.208ms
[2020-04-15T01:48:21.096-0700][gc,cpu        ] GC(1339) User=0.09s Sys=0.00s Real=0.02s
[2020-04-15T01:48:35.850-0700][gc,start      ] GC(1340) Pause Young (Normal) (G1 Evacuation Pause)
[2020-04-15T01:48:35.850-0700][gc,task       ] GC(1340) Using 4 workers of 4 for evacuation
[2020-04-15T01:48:35.875-0700][gc,mmu        ] GC(1340) MMU target violated: 21.0ms (20.0ms/21.0ms)
[2020-04-15T01:48:35.876-0700][gc,phases     ] GC(1340)   Pre Evacuate Collection Set: 0.0ms
[2020-04-15T01:48:35.876-0700][gc,phases     ] GC(1340)   Evacuate Collection Set: 24.5ms
[2020-04-15T01:48:35.876-0700][gc,phases     ] GC(1340)   Post Evacuate Collection Set: 0.5ms
[2020-04-15T01:48:35.876-0700][gc,phases     ] GC(1340)   Other: 0.4ms
[2020-04-15T01:48:35.876-0700][gc,heap       ] GC(1340) Eden regions: 46->0(47)
[2020-04-15T01:48:35.876-0700][gc,heap       ] GC(1340) Survivor regions: 5->4(7)
[2020-04-15T01:48:35.876-0700][gc,heap       ] GC(1340) Old regions: 83->84
[2020-04-15T01:48:35.876-0700][gc,heap       ] GC(1340) Humongous regions: 130->130
[2020-04-15T01:48:35.876-0700][gc,metaspace  ] GC(1340) Metaspace: 28288K->28288K(1075200K)
[2020-04-15T01:48:35.876-0700][gc            ] GC(1340) Pause Young (Normal) (G1 Evacuation Pause) 263M->217M(1024M) 25.578ms
[2020-04-15T01:48:35.876-0700][gc,cpu        ] GC(1340) User=0.09s Sys=0.00s Real=0.02s
[2020-04-15T01:48:51.307-0700][gc,start      ] GC(1341) Pause Young (Normal) (G1 Evacuation Pause)
[2020-04-15T01:48:51.307-0700][gc,task       ] GC(1341) Using 4 workers of 4 for evacuation
[2020-04-15T01:48:51.335-0700][gc,mmu        ] GC(1341) MMU target violated: 21.0ms (20.0ms/21.0ms)
[2020-04-15T01:48:51.335-0700][gc,phases     ] GC(1341)   Pre Evacuate Collection Set: 0.0ms
[2020-04-15T01:48:51.335-0700][gc,phases     ] GC(1341)   Evacuate Collection Set: 26.5ms
[2020-04-15T01:48:51.335-0700][gc,phases     ] GC(1341)   Post Evacuate Collection Set: 0.6ms
[2020-04-15T01:48:51.335-0700][gc,phases     ] GC(1341)   Other: 0.5ms
[2020-04-15T01:48:51.335-0700][gc,heap       ] GC(1341) Eden regions: 47->0(47)
[2020-04-15T01:48:51.335-0700][gc,heap       ] GC(1341) Survivor regions: 4->4(7)
[2020-04-15T01:48:51.335-0700][gc,heap       ] GC(1341) Old regions: 84->84
[2020-04-15T01:48:51.335-0700][gc,heap       ] GC(1341) Humongous regions: 130->130
[2020-04-15T01:48:51.335-0700][gc,metaspace  ] GC(1341) Metaspace: 28288K->28288K(1075200K)
[2020-04-15T01:48:51.335-0700][gc            ] GC(1341) Pause Young (Normal) (G1 Evacuation Pause) 264M->217M(1024M) 27.758ms
[2020-04-15T01:48:51.335-0700][gc,cpu        ] GC(1341) User=0.10s Sys=0.00s Real=0.03s
[2020-04-15T01:49:05.943-0700][gc,start      ] GC(1342) Pause Young (Normal) (G1 Evacuation Pause)
[2020-04-15T01:49:05.943-0700][gc,task       ] GC(1342) Using 4 workers of 4 for evacuation
[2020-04-15T01:49:05.990-0700][gc,mmu        ] GC(1342) MMU target violated: 21.0ms (20.0ms/21.0ms)
[2020-04-15T01:49:05.990-0700][gc,phases     ] GC(1342)   Pre Evacuate Collection Set: 0.1ms
[2020-04-15T01:49:05.990-0700][gc,phases     ] GC(1342)   Evacuate Collection Set: 45.6ms
[2020-04-15T01:49:05.990-0700][gc,phases     ] GC(1342)   Post Evacuate Collection Set: 0.7ms
[2020-04-15T01:49:05.990-0700][gc,phases     ] GC(1342)   Other: 0.6ms
[2020-04-15T01:49:05.990-0700][gc,heap       ] GC(1342) Eden regions: 47->0(47)
[2020-04-15T01:49:05.990-0700][gc,heap       ] GC(1342) Survivor regions: 4->4(7)
[2020-04-15T01:49:05.990-0700][gc,heap       ] GC(1342) Old regions: 84->85
[2020-04-15T01:49:05.990-0700][gc,heap       ] GC(1342) Humongous regions: 130->130
[2020-04-15T01:49:05.990-0700][gc,metaspace  ] GC(1342) Metaspace: 28288K->28288K(1075200K)
[2020-04-15T01:49:05.990-0700][gc            ] GC(1342) Pause Young (Normal) (G1 Evacuation Pause) 264M->218M(1024M) 47.001ms
[2020-04-15T01:49:05.990-0700][gc,cpu        ] GC(1342) User=0.11s Sys=0.00s Real=0.05s
[2020-04-15T01:49:20.284-0700][gc,start      ] GC(1343) Pause Young (Normal) (G1 Evacuation Pause)
[2020-04-15T01:49:20.284-0700][gc,task       ] GC(1343) Using 4 workers of 4 for evacuation
[2020-04-15T01:49:20.315-0700][gc,mmu        ] GC(1343) MMU target violated: 21.0ms (20.0ms/21.0ms)
[2020-04-15T01:49:20.315-0700][gc,phases     ] GC(1343)   Pre Evacuate Collection Set: 0.0ms
[2020-04-15T01:49:20.315-0700][gc,phases     ] GC(1343)   Evacuate Collection Set: 29.2ms
[2020-04-15T01:49:20.315-0700][gc,phases     ] GC(1343)   Post Evacuate Collection Set: 0.6ms
[2020-04-15T01:49:20.315-0700][gc,phases     ] GC(1343)   Other: 0.6ms
[2020-04-15T01:49:20.315-0700][gc,heap       ] GC(1343) Eden regions: 47->0(47)
[2020-04-15T01:49:20.315-0700][gc,heap       ] GC(1343) Survivor regions: 4->4(7)
[2020-04-15T01:49:20.315-0700][gc,heap       ] GC(1343) Old regions: 85->85
[2020-04-15T01:49:20.315-0700][gc,heap       ] GC(1343) Humongous regions: 130->130
[2020-04-15T01:49:20.315-0700][gc,metaspace  ] GC(1343) Metaspace: 28288K->28288K(1075200K)
[2020-04-15T01:49:20.315-0700][gc            ] GC(1343) Pause Young (Normal) (G1 Evacuation Pause) 265M->218M(1024M) 30.535ms
[2020-04-15T01:49:20.315-0700][gc,cpu        ] GC(1343) User=0.10s Sys=0.00s Real=0.03s
[2020-04-15T01:49:34.652-0700][gc,start      ] GC(1344) Pause Young (Normal) (G1 Evacuation Pause)
[2020-04-15T01:49:34.652-0700][gc,task       ] GC(1344) Using 4 workers of 4 for evacuation
[2020-04-15T01:49:34.678-0700][gc,mmu        ] GC(1344) MMU target violated: 21.0ms (20.0ms/21.0ms)
[2020-04-15T01:49:34.678-0700][gc,phases     ] GC(1344)   Pre Evacuate Collection Set: 0.0ms
[2020-04-15T01:49:34.678-0700][gc,phases     ] GC(1344)   Evacuate Collection Set: 25.6ms
[2020-04-15T01:49:34.678-0700][gc,phases     ] GC(1344)   Post Evacuate Collection Set: 0.5ms
[2020-04-15T01:49:34.678-0700][gc,phases     ] GC(1344)   Other: 0.5ms
[2020-04-15T01:49:34.678-0700][gc,heap       ] GC(1344) Eden regions: 47->0(47)
[2020-04-15T01:49:34.678-0700][gc,heap       ] GC(1344) Survivor regions: 4->4(7)
[2020-04-15T01:49:34.678-0700][gc,heap       ] GC(1344) Old regions: 85->85
[2020-04-15T01:49:34.678-0700][gc,heap       ] GC(1344) Humongous regions: 130->130
[2020-04-15T01:49:34.678-0700][gc,metaspace  ] GC(1344) Metaspace: 28288K->28288K(1075200K)
[2020-04-15T01:49:34.678-0700][gc            ] GC(1344) Pause Young (Normal) (G1 Evacuation Pause) 265M->218M(1024M) 26.707ms
[2020-04-15T01:49:34.678-0700][gc,cpu        ] GC(1344) User=0.09s Sys=0.00s Real=0.03s
[2020-04-15T01:49:48.942-0700][gc,start      ] GC(1345) Pause Young (Normal) (G1 Evacuation Pause)
[2020-04-15T01:49:48.942-0700][gc,task       ] GC(1345) Using 4 workers of 4 for evacuation
[2020-04-15T01:49:48.969-0700][gc,mmu        ] GC(1345) MMU target violated: 21.0ms (20.0ms/21.0ms)
[2020-04-15T01:49:48.969-0700][gc,phases     ] GC(1345)   Pre Evacuate Collection Set: 0.0ms
[2020-04-15T01:49:48.969-0700][gc,phases     ] GC(1345)   Evacuate Collection Set: 26.0ms
[2020-04-15T01:49:48.969-0700][gc,phases     ] GC(1345)   Post Evacuate Collection Set: 0.4ms
[2020-04-15T01:49:48.969-0700][gc,phases     ] GC(1345)   Other: 0.5ms
[2020-04-15T01:49:48.969-0700][gc,heap       ] GC(1345) Eden regions: 47->0(47)
[2020-04-15T01:49:48.969-0700][gc,heap       ] GC(1345) Survivor regions: 4->4(7)
[2020-04-15T01:49:48.969-0700][gc,heap       ] GC(1345) Old regions: 85->85
[2020-04-15T01:49:48.969-0700][gc,heap       ] GC(1345) Humongous regions: 130->130
[2020-04-15T01:49:48.969-0700][gc,metaspace  ] GC(1345) Metaspace: 28288K->28288K(1075200K)
[2020-04-15T01:49:48.970-0700][gc            ] GC(1345) Pause Young (Normal) (G1 Evacuation Pause) 265M->218M(1024M) 27.144ms
[2020-04-15T01:49:48.970-0700][gc,cpu        ] GC(1345) User=0.08s Sys=0.00s Real=0.03s
[2020-04-15T01:50:03.383-0700][gc,start      ] GC(1346) Pause Young (Normal) (G1 Evacuation Pause)
[2020-04-15T01:50:03.383-0700][gc,task       ] GC(1346) Using 4 workers of 4 for evacuation
[2020-04-15T01:50:03.392-0700][gc,phases     ] GC(1346)   Pre Evacuate Collection Set: 0.0ms
[2020-04-15T01:50:03.392-0700][gc,phases     ] GC(1346)   Evacuate Collection Set: 8.3ms
[2020-04-15T01:50:03.392-0700][gc,phases     ] GC(1346)   Post Evacuate Collection Set: 0.5ms
[2020-04-15T01:50:03.392-0700][gc,phases     ] GC(1346)   Other: 0.3ms
[2020-04-15T01:50:03.392-0700][gc,heap       ] GC(1346) Eden regions: 47->0(47)
[2020-04-15T01:50:03.392-0700][gc,heap       ] GC(1346) Survivor regions: 4->4(7)
[2020-04-15T01:50:03.392-0700][gc,heap       ] GC(1346) Old regions: 85->86
[2020-04-15T01:50:03.392-0700][gc,heap       ] GC(1346) Humongous regions: 130->130
[2020-04-15T01:50:03.392-0700][gc,metaspace  ] GC(1346) Metaspace: 28288K->28288K(1075200K)
[2020-04-15T01:50:03.392-0700][gc            ] GC(1346) Pause Young (Normal) (G1 Evacuation Pause) 265M->219M(1024M) 9.201ms
[2020-04-15T01:50:03.392-0700][gc,cpu        ] GC(1346) User=0.03s Sys=0.00s Real=0.01s
[2020-04-15T01:50:18.410-0700][gc,start      ] GC(1347) Pause Young (Normal) (G1 Evacuation Pause)
[2020-04-15T01:50:18.410-0700][gc,task       ] GC(1347) Using 4 workers of 4 for evacuation
[2020-04-15T01:50:18.435-0700][gc,mmu        ] GC(1347) MMU target violated: 21.0ms (20.0ms/21.0ms)
[2020-04-15T01:50:18.436-0700][gc,phases     ] GC(1347)   Pre Evacuate Collection Set: 0.0ms
[2020-04-15T01:50:18.436-0700][gc,phases     ] GC(1347)   Evacuate Collection Set: 24.7ms
[2020-04-15T01:50:18.436-0700][gc,phases     ] GC(1347)   Post Evacuate Collection Set: 0.6ms
[2020-04-15T01:50:18.436-0700][gc,phases     ] GC(1347)   Other: 0.5ms
[2020-04-15T01:50:18.436-0700][gc,heap       ] GC(1347) Eden regions: 47->0(47)
[2020-04-15T01:50:18.436-0700][gc,heap       ] GC(1347) Survivor regions: 4->4(7)
[2020-04-15T01:50:18.436-0700][gc,heap       ] GC(1347) Old regions: 86->86
[2020-04-15T01:50:18.436-0700][gc,heap       ] GC(1347) Humongous regions: 130->130
[2020-04-15T01:50:18.436-0700][gc,metaspace  ] GC(1347) Metaspace: 28288K->28288K(1075200K)
[2020-04-15T01:50:18.436-0700][gc            ] GC(1347) Pause Young (Normal) (G1 Evacuation Pause) 266M->219M(1024M) 25.980ms
[2020-04-15T01:50:18.436-0700][gc,cpu        ] GC(1347) User=0.09s Sys=0.00s Real=0.02s
[2020-04-15T01:50:33.593-0700][gc,start      ] GC(1348) Pause Young (Normal) (G1 Evacuation Pause)
[2020-04-15T01:50:33.593-0700][gc,task       ] GC(1348) Using 4 workers of 4 for evacuation
[2020-04-15T01:50:33.619-0700][gc,mmu        ] GC(1348) MMU target violated: 21.0ms (20.0ms/21.0ms)
[2020-04-15T01:50:33.619-0700][gc,phases     ] GC(1348)   Pre Evacuate Collection Set: 0.0ms
[2020-04-15T01:50:33.619-0700][gc,phases     ] GC(1348)   Evacuate Collection Set: 25.2ms
[2020-04-15T01:50:33.619-0700][gc,phases     ] GC(1348)   Post Evacuate Collection Set: 0.5ms
[2020-04-15T01:50:33.619-0700][gc,phases     ] GC(1348)   Other: 0.5ms
[2020-04-15T01:50:33.619-0700][gc,heap       ] GC(1348) Eden regions: 47->0(45)
[2020-04-15T01:50:33.619-0700][gc,heap       ] GC(1348) Survivor regions: 4->6(7)
[2020-04-15T01:50:33.619-0700][gc,heap       ] GC(1348) Old regions: 86->87
[2020-04-15T01:50:33.619-0700][gc,heap       ] GC(1348) Humongous regions: 130->130
[2020-04-15T01:50:33.619-0700][gc,metaspace  ] GC(1348) Metaspace: 28288K->28288K(1075200K)
[2020-04-15T01:50:33.619-0700][gc            ] GC(1348) Pause Young (Normal) (G1 Evacuation Pause) 266M->221M(1024M) 26.391ms
[2020-04-15T01:50:33.619-0700][gc,cpu        ] GC(1348) User=0.11s Sys=0.00s Real=0.03s
[2020-04-15T01:50:47.266-0700][gc,start      ] GC(1349) Pause Young (Normal) (G1 Evacuation Pause)
[2020-04-15T01:50:47.266-0700][gc,task       ] GC(1349) Using 4 workers of 4 for evacuation
[2020-04-15T01:50:47.279-0700][gc,phases     ] GC(1349)   Pre Evacuate Collection Set: 0.0ms
[2020-04-15T01:50:47.279-0700][gc,phases     ] GC(1349)   Evacuate Collection Set: 12.0ms
[2020-04-15T01:50:47.279-0700][gc,phases     ] GC(1349)   Post Evacuate Collection Set: 0.3ms
[2020-04-15T01:50:47.279-0700][gc,phases     ] GC(1349)   Other: 0.2ms
[2020-04-15T01:50:47.279-0700][gc,heap       ] GC(1349) Eden regions: 45->0(47)
[2020-04-15T01:50:47.279-0700][gc,heap       ] GC(1349) Survivor regions: 6->4(7)
[2020-04-15T01:50:47.279-0700][gc,heap       ] GC(1349) Old regions: 87->88
[2020-04-15T01:50:47.279-0700][gc,heap       ] GC(1349) Humongous regions: 130->130
[2020-04-15T01:50:47.279-0700][gc,metaspace  ] GC(1349) Metaspace: 28288K->28288K(1075200K)
[2020-04-15T01:50:47.279-0700][gc            ] GC(1349) Pause Young (Normal) (G1 Evacuation Pause) 266M->221M(1024M) 12.659ms
[2020-04-15T01:50:47.279-0700][gc,cpu        ] GC(1349) User=0.04s Sys=0.00s Real=0.02s
[2020-04-15T01:51:02.410-0700][gc,start      ] GC(1350) Pause Young (Normal) (G1 Evacuation Pause)
[2020-04-15T01:51:02.410-0700][gc,task       ] GC(1350) Using 4 workers of 4 for evacuation
[2020-04-15T01:51:02.438-0700][gc,mmu        ] GC(1350) MMU target violated: 21.0ms (20.0ms/21.0ms)
[2020-04-15T01:51:02.438-0700][gc,phases     ] GC(1350)   Pre Evacuate Collection Set: 0.1ms
[2020-04-15T01:51:02.438-0700][gc,phases     ] GC(1350)   Evacuate Collection Set: 26.8ms
[2020-04-15T01:51:02.438-0700][gc,phases     ] GC(1350)   Post Evacuate Collection Set: 0.5ms
[2020-04-15T01:51:02.438-0700][gc,phases     ] GC(1350)   Other: 0.5ms
[2020-04-15T01:51:02.438-0700][gc,heap       ] GC(1350) Eden regions: 47->0(47)
[2020-04-15T01:51:02.438-0700][gc,heap       ] GC(1350) Survivor regions: 4->4(7)
[2020-04-15T01:51:02.438-0700][gc,heap       ] GC(1350) Old regions: 88->88
[2020-04-15T01:51:02.438-0700][gc,heap       ] GC(1350) Humongous regions: 130->130
[2020-04-15T01:51:02.438-0700][gc,metaspace  ] GC(1350) Metaspace: 28288K->28288K(1075200K)
[2020-04-15T01:51:02.438-0700][gc            ] GC(1350) Pause Young (Normal) (G1 Evacuation Pause) 268M->221M(1024M) 27.906ms
[2020-04-15T01:51:02.438-0700][gc,cpu        ] GC(1350) User=0.09s Sys=0.00s Real=0.03s
[2020-04-15T01:51:16.992-0700][gc,start      ] GC(1351) Pause Young (Normal) (G1 Evacuation Pause)
[2020-04-15T01:51:16.992-0700][gc,task       ] GC(1351) Using 4 workers of 4 for evacuation
[2020-04-15T01:51:17.030-0700][gc,mmu        ] GC(1351) MMU target violated: 21.0ms (20.0ms/21.0ms)
[2020-04-15T01:51:17.030-0700][gc,phases     ] GC(1351)   Pre Evacuate Collection Set: 0.0ms
[2020-04-15T01:51:17.030-0700][gc,phases     ] GC(1351)   Evacuate Collection Set: 37.1ms
[2020-04-15T01:51:17.030-0700][gc,phases     ] GC(1351)   Post Evacuate Collection Set: 0.5ms
[2020-04-15T01:51:17.030-0700][gc,phases     ] GC(1351)   Other: 0.5ms
[2020-04-15T01:51:17.030-0700][gc,heap       ] GC(1351) Eden regions: 47->0(47)
[2020-04-15T01:51:17.030-0700][gc,heap       ] GC(1351) Survivor regions: 4->4(7)
[2020-04-15T01:51:17.030-0700][gc,heap       ] GC(1351) Old regions: 88->89
[2020-04-15T01:51:17.030-0700][gc,heap       ] GC(1351) Humongous regions: 130->130
[2020-04-15T01:51:17.030-0700][gc,metaspace  ] GC(1351) Metaspace: 28288K->28288K(1075200K)
[2020-04-15T01:51:17.030-0700][gc            ] GC(1351) Pause Young (Normal) (G1 Evacuation Pause) 268M->221M(1024M) 38.228ms
[2020-04-15T01:51:17.030-0700][gc,cpu        ] GC(1351) User=0.10s Sys=0.00s Real=0.04s
[2020-04-15T01:51:32.903-0700][gc,start      ] GC(1352) Pause Young (Normal) (G1 Evacuation Pause)
[2020-04-15T01:51:32.903-0700][gc,task       ] GC(1352) Using 4 workers of 4 for evacuation
[2020-04-15T01:51:32.927-0700][gc,mmu        ] GC(1352) MMU target violated: 21.0ms (20.0ms/21.0ms)
[2020-04-15T01:51:32.927-0700][gc,phases     ] GC(1352)   Pre Evacuate Collection Set: 0.0ms
[2020-04-15T01:51:32.927-0700][gc,phases     ] GC(1352)   Evacuate Collection Set: 23.7ms
[2020-04-15T01:51:32.927-0700][gc,phases     ] GC(1352)   Post Evacuate Collection Set: 0.6ms
[2020-04-15T01:51:32.927-0700][gc,phases     ] GC(1352)   Other: 0.4ms
[2020-04-15T01:51:32.927-0700][gc,heap       ] GC(1352) Eden regions: 47->0(47)
[2020-04-15T01:51:32.927-0700][gc,heap       ] GC(1352) Survivor regions: 4->4(7)
[2020-04-15T01:51:32.927-0700][gc,heap       ] GC(1352) Old regions: 89->89
[2020-04-15T01:51:32.927-0700][gc,heap       ] GC(1352) Humongous regions: 130->130
[2020-04-15T01:51:32.927-0700][gc,metaspace  ] GC(1352) Metaspace: 28288K->28288K(1075200K)
[2020-04-15T01:51:32.927-0700][gc            ] GC(1352) Pause Young (Normal) (G1 Evacuation Pause) 268M->222M(1024M) 24.908ms
[2020-04-15T01:51:32.927-0700][gc,cpu        ] GC(1352) User=0.08s Sys=0.00s Real=0.02s
[2020-04-15T01:51:47.427-0700][gc,start      ] GC(1353) Pause Young (Normal) (G1 Evacuation Pause)
[2020-04-15T01:51:47.427-0700][gc,task       ] GC(1353) Using 4 workers of 4 for evacuation
[2020-04-15T01:51:47.459-0700][gc,mmu        ] GC(1353) MMU target violated: 21.0ms (20.0ms/21.0ms)
[2020-04-15T01:51:47.459-0700][gc,phases     ] GC(1353)   Pre Evacuate Collection Set: 0.0ms
[2020-04-15T01:51:47.459-0700][gc,phases     ] GC(1353)   Evacuate Collection Set: 30.8ms
[2020-04-15T01:51:47.459-0700][gc,phases     ] GC(1353)   Post Evacuate Collection Set: 0.6ms
[2020-04-15T01:51:47.459-0700][gc,phases     ] GC(1353)   Other: 0.4ms
[2020-04-15T01:51:47.459-0700][gc,heap       ] GC(1353) Eden regions: 47->0(47)
[2020-04-15T01:51:47.459-0700][gc,heap       ] GC(1353) Survivor regions: 4->4(7)
[2020-04-15T01:51:47.459-0700][gc,heap       ] GC(1353) Old regions: 89->89
[2020-04-15T01:51:47.459-0700][gc,heap       ] GC(1353) Humongous regions: 130->130
[2020-04-15T01:51:47.459-0700][gc,metaspace  ] GC(1353) Metaspace: 28288K->28288K(1075200K)
[2020-04-15T01:51:47.459-0700][gc            ] GC(1353) Pause Young (Normal) (G1 Evacuation Pause) 269M->222M(1024M) 31.986ms
[2020-04-15T01:51:47.459-0700][gc,cpu        ] GC(1353) User=0.10s Sys=0.00s Real=0.04s
[2020-04-15T01:52:02.671-0700][gc,start      ] GC(1354) Pause Young (Normal) (G1 Evacuation Pause)
[2020-04-15T01:52:02.671-0700][gc,task       ] GC(1354) Using 4 workers of 4 for evacuation
[2020-04-15T01:52:02.715-0700][gc,mmu        ] GC(1354) MMU target violated: 21.0ms (20.0ms/21.0ms)
[2020-04-15T01:52:02.715-0700][gc,phases     ] GC(1354)   Pre Evacuate Collection Set: 0.1ms
[2020-04-15T01:52:02.715-0700][gc,phases     ] GC(1354)   Evacuate Collection Set: 42.6ms
[2020-04-15T01:52:02.715-0700][gc,phases     ] GC(1354)   Post Evacuate Collection Set: 0.6ms
[2020-04-15T01:52:02.715-0700][gc,phases     ] GC(1354)   Other: 0.6ms
[2020-04-15T01:52:02.715-0700][gc,heap       ] GC(1354) Eden regions: 47->0(47)
[2020-04-15T01:52:02.715-0700][gc,heap       ] GC(1354) Survivor regions: 4->4(7)
[2020-04-15T01:52:02.715-0700][gc,heap       ] GC(1354) Old regions: 89->89
[2020-04-15T01:52:02.715-0700][gc,heap       ] GC(1354) Humongous regions: 130->130
[2020-04-15T01:52:02.715-0700][gc,metaspace  ] GC(1354) Metaspace: 28288K->28288K(1075200K)
[2020-04-15T01:52:02.715-0700][gc            ] GC(1354) Pause Young (Normal) (G1 Evacuation Pause) 269M->222M(1024M) 43.903ms
[2020-04-15T01:52:02.715-0700][gc,cpu        ] GC(1354) User=0.12s Sys=0.00s Real=0.04s
[2020-04-15T01:52:17.603-0700][gc,start      ] GC(1355) Pause Young (Normal) (G1 Evacuation Pause)
[2020-04-15T01:52:17.603-0700][gc,task       ] GC(1355) Using 4 workers of 4 for evacuation
[2020-04-15T01:52:17.631-0700][gc,mmu        ] GC(1355) MMU target violated: 21.0ms (20.0ms/21.0ms)
[2020-04-15T01:52:17.631-0700][gc,phases     ] GC(1355)   Pre Evacuate Collection Set: 0.1ms
[2020-04-15T01:52:17.631-0700][gc,phases     ] GC(1355)   Evacuate Collection Set: 26.6ms
[2020-04-15T01:52:17.631-0700][gc,phases     ] GC(1355)   Post Evacuate Collection Set: 0.7ms
[2020-04-15T01:52:17.631-0700][gc,phases     ] GC(1355)   Other: 0.7ms
[2020-04-15T01:52:17.631-0700][gc,heap       ] GC(1355) Eden regions: 47->0(47)
[2020-04-15T01:52:17.631-0700][gc,heap       ] GC(1355) Survivor regions: 4->4(7)
[2020-04-15T01:52:17.631-0700][gc,heap       ] GC(1355) Old regions: 89->90
[2020-04-15T01:52:17.631-0700][gc,heap       ] GC(1355) Humongous regions: 130->130
[2020-04-15T01:52:17.631-0700][gc,metaspace  ] GC(1355) Metaspace: 28288K->28288K(1075200K)
[2020-04-15T01:52:17.631-0700][gc            ] GC(1355) Pause Young (Normal) (G1 Evacuation Pause) 269M->223M(1024M) 28.150ms
[2020-04-15T01:52:17.631-0700][gc,cpu        ] GC(1355) User=0.11s Sys=0.00s Real=0.03s
[2020-04-15T01:52:32.552-0700][gc,start      ] GC(1356) Pause Young (Normal) (G1 Evacuation Pause)
[2020-04-15T01:52:32.552-0700][gc,task       ] GC(1356) Using 4 workers of 4 for evacuation
[2020-04-15T01:52:32.580-0700][gc,mmu        ] GC(1356) MMU target violated: 21.0ms (20.0ms/21.0ms)
[2020-04-15T01:52:32.580-0700][gc,phases     ] GC(1356)   Pre Evacuate Collection Set: 0.0ms
[2020-04-15T01:52:32.580-0700][gc,phases     ] GC(1356)   Evacuate Collection Set: 26.3ms
[2020-04-15T01:52:32.580-0700][gc,phases     ] GC(1356)   Post Evacuate Collection Set: 0.6ms
[2020-04-15T01:52:32.580-0700][gc,phases     ] GC(1356)   Other: 0.5ms
[2020-04-15T01:52:32.580-0700][gc,heap       ] GC(1356) Eden regions: 47->0(47)
[2020-04-15T01:52:32.580-0700][gc,heap       ] GC(1356) Survivor regions: 4->4(7)
[2020-04-15T01:52:32.580-0700][gc,heap       ] GC(1356) Old regions: 90->90
[2020-04-15T01:52:32.580-0700][gc,heap       ] GC(1356) Humongous regions: 130->130
[2020-04-15T01:52:32.580-0700][gc,metaspace  ] GC(1356) Metaspace: 28288K->28288K(1075200K)
[2020-04-15T01:52:32.580-0700][gc            ] GC(1356) Pause Young (Normal) (G1 Evacuation Pause) 270M->223M(1024M) 27.601ms
[2020-04-15T01:52:32.580-0700][gc,cpu        ] GC(1356) User=0.10s Sys=0.00s Real=0.03s
[2020-04-15T01:52:48.909-0700][gc,start      ] GC(1357) Pause Young (Normal) (G1 Evacuation Pause)
[2020-04-15T01:52:48.909-0700][gc,task       ] GC(1357) Using 4 workers of 4 for evacuation
[2020-04-15T01:52:48.939-0700][gc,mmu        ] GC(1357) MMU target violated: 21.0ms (20.0ms/21.0ms)
[2020-04-15T01:52:48.939-0700][gc,phases     ] GC(1357)   Pre Evacuate Collection Set: 0.1ms
[2020-04-15T01:52:48.939-0700][gc,phases     ] GC(1357)   Evacuate Collection Set: 29.2ms
[2020-04-15T01:52:48.939-0700][gc,phases     ] GC(1357)   Post Evacuate Collection Set: 0.5ms
[2020-04-15T01:52:48.939-0700][gc,phases     ] GC(1357)   Other: 0.7ms
[2020-04-15T01:52:48.939-0700][gc,heap       ] GC(1357) Eden regions: 47->0(47)
[2020-04-15T01:52:48.939-0700][gc,heap       ] GC(1357) Survivor regions: 4->4(7)
[2020-04-15T01:52:48.939-0700][gc,heap       ] GC(1357) Old regions: 90->91
[2020-04-15T01:52:48.939-0700][gc,heap       ] GC(1357) Humongous regions: 130->130
[2020-04-15T01:52:48.939-0700][gc,metaspace  ] GC(1357) Metaspace: 28288K->28288K(1075200K)
[2020-04-15T01:52:48.939-0700][gc            ] GC(1357) Pause Young (Normal) (G1 Evacuation Pause) 270M->223M(1024M) 30.553ms
[2020-04-15T01:52:48.939-0700][gc,cpu        ] GC(1357) User=0.09s Sys=0.00s Real=0.04s
[2020-04-15T01:53:03.320-0700][gc,start      ] GC(1358) Pause Young (Normal) (G1 Evacuation Pause)
[2020-04-15T01:53:03.320-0700][gc,task       ] GC(1358) Using 4 workers of 4 for evacuation
[2020-04-15T01:53:03.355-0700][gc,mmu        ] GC(1358) MMU target violated: 21.0ms (20.0ms/21.0ms)
[2020-04-15T01:53:03.355-0700][gc,phases     ] GC(1358)   Pre Evacuate Collection Set: 0.1ms
[2020-04-15T01:53:03.355-0700][gc,phases     ] GC(1358)   Evacuate Collection Set: 34.0ms
[2020-04-15T01:53:03.355-0700][gc,phases     ] GC(1358)   Post Evacuate Collection Set: 0.5ms
[2020-04-15T01:53:03.355-0700][gc,phases     ] GC(1358)   Other: 0.7ms
[2020-04-15T01:53:03.355-0700][gc,heap       ] GC(1358) Eden regions: 47->0(47)
[2020-04-15T01:53:03.355-0700][gc,heap       ] GC(1358) Survivor regions: 4->4(7)
[2020-04-15T01:53:03.355-0700][gc,heap       ] GC(1358) Old regions: 91->91
[2020-04-15T01:53:03.355-0700][gc,heap       ] GC(1358) Humongous regions: 130->130
[2020-04-15T01:53:03.355-0700][gc,metaspace  ] GC(1358) Metaspace: 28288K->28288K(1075200K)
[2020-04-15T01:53:03.355-0700][gc            ] GC(1358) Pause Young (Normal) (G1 Evacuation Pause) 270M->224M(1024M) 35.385ms
[2020-04-15T01:53:03.355-0700][gc,cpu        ] GC(1358) User=0.10s Sys=0.00s Real=0.03s
[2020-04-15T01:53:18.360-0700][gc,start      ] GC(1359) Pause Young (Normal) (G1 Evacuation Pause)
[2020-04-15T01:53:18.360-0700][gc,task       ] GC(1359) Using 4 workers of 4 for evacuation
[2020-04-15T01:53:18.443-0700][gc,mmu        ] GC(1359) MMU target violated: 21.0ms (20.0ms/21.0ms)
[2020-04-15T01:53:18.443-0700][gc,phases     ] GC(1359)   Pre Evacuate Collection Set: 0.1ms
[2020-04-15T01:53:18.443-0700][gc,phases     ] GC(1359)   Evacuate Collection Set: 82.7ms
[2020-04-15T01:53:18.443-0700][gc,phases     ] GC(1359)   Post Evacuate Collection Set: 0.3ms
[2020-04-15T01:53:18.443-0700][gc,phases     ] GC(1359)   Other: 0.5ms
[2020-04-15T01:53:18.443-0700][gc,heap       ] GC(1359) Eden regions: 47->0(46)
[2020-04-15T01:53:18.443-0700][gc,heap       ] GC(1359) Survivor regions: 4->5(7)
[2020-04-15T01:53:18.443-0700][gc,heap       ] GC(1359) Old regions: 91->91
[2020-04-15T01:53:18.443-0700][gc,heap       ] GC(1359) Humongous regions: 130->130
[2020-04-15T01:53:18.443-0700][gc,metaspace  ] GC(1359) Metaspace: 28288K->28288K(1075200K)
[2020-04-15T01:53:18.443-0700][gc            ] GC(1359) Pause Young (Normal) (G1 Evacuation Pause) 271M->224M(1024M) 83.687ms
[2020-04-15T01:53:18.443-0700][gc,cpu        ] GC(1359) User=0.07s Sys=0.00s Real=0.08s
[2020-04-15T01:53:32.965-0700][gc,start      ] GC(1360) Pause Young (Normal) (G1 Evacuation Pause)
[2020-04-15T01:53:32.965-0700][gc,task       ] GC(1360) Using 4 workers of 4 for evacuation
[2020-04-15T01:53:33.000-0700][gc,mmu        ] GC(1360) MMU target violated: 21.0ms (20.0ms/21.0ms)
[2020-04-15T01:53:33.000-0700][gc,phases     ] GC(1360)   Pre Evacuate Collection Set: 0.1ms
[2020-04-15T01:53:33.000-0700][gc,phases     ] GC(1360)   Evacuate Collection Set: 33.5ms
[2020-04-15T01:53:33.000-0700][gc,phases     ] GC(1360)   Post Evacuate Collection Set: 0.5ms
[2020-04-15T01:53:33.000-0700][gc,phases     ] GC(1360)   Other: 0.6ms
[2020-04-15T01:53:33.000-0700][gc,heap       ] GC(1360) Eden regions: 46->0(47)
[2020-04-15T01:53:33.000-0700][gc,heap       ] GC(1360) Survivor regions: 5->4(7)
[2020-04-15T01:53:33.000-0700][gc,heap       ] GC(1360) Old regions: 91->92
[2020-04-15T01:53:33.000-0700][gc,heap       ] GC(1360) Humongous regions: 130->130
[2020-04-15T01:53:33.000-0700][gc,metaspace  ] GC(1360) Metaspace: 28288K->28288K(1075200K)
[2020-04-15T01:53:33.000-0700][gc            ] GC(1360) Pause Young (Normal) (G1 Evacuation Pause) 270M->225M(1024M) 34.897ms
[2020-04-15T01:53:33.000-0700][gc,cpu        ] GC(1360) User=0.09s Sys=0.00s Real=0.04s
[2020-04-15T01:53:48.050-0700][gc,start      ] GC(1361) Pause Young (Normal) (G1 Evacuation Pause)
[2020-04-15T01:53:48.050-0700][gc,task       ] GC(1361) Using 4 workers of 4 for evacuation
[2020-04-15T01:53:48.064-0700][gc,phases     ] GC(1361)   Pre Evacuate Collection Set: 0.0ms
[2020-04-15T01:53:48.064-0700][gc,phases     ] GC(1361)   Evacuate Collection Set: 13.6ms
[2020-04-15T01:53:48.064-0700][gc,phases     ] GC(1361)   Post Evacuate Collection Set: 0.3ms
[2020-04-15T01:53:48.064-0700][gc,phases     ] GC(1361)   Other: 0.2ms
[2020-04-15T01:53:48.064-0700][gc,heap       ] GC(1361) Eden regions: 47->0(46)
[2020-04-15T01:53:48.064-0700][gc,heap       ] GC(1361) Survivor regions: 4->5(7)
[2020-04-15T01:53:48.064-0700][gc,heap       ] GC(1361) Old regions: 92->92
[2020-04-15T01:53:48.064-0700][gc,heap       ] GC(1361) Humongous regions: 130->130
[2020-04-15T01:53:48.064-0700][gc,metaspace  ] GC(1361) Metaspace: 28288K->28288K(1075200K)
[2020-04-15T01:53:48.064-0700][gc            ] GC(1361) Pause Young (Normal) (G1 Evacuation Pause) 272M->226M(1024M) 14.216ms
[2020-04-15T01:53:48.064-0700][gc,cpu        ] GC(1361) User=0.03s Sys=0.00s Real=0.01s
[2020-04-15T01:54:02.476-0700][gc,start      ] GC(1362) Pause Young (Normal) (G1 Evacuation Pause)
[2020-04-15T01:54:02.476-0700][gc,task       ] GC(1362) Using 4 workers of 4 for evacuation
[2020-04-15T01:54:02.520-0700][gc,mmu        ] GC(1362) MMU target violated: 21.0ms (20.0ms/21.0ms)
[2020-04-15T01:54:02.520-0700][gc,phases     ] GC(1362)   Pre Evacuate Collection Set: 0.0ms
[2020-04-15T01:54:02.520-0700][gc,phases     ] GC(1362)   Evacuate Collection Set: 42.9ms
[2020-04-15T01:54:02.520-0700][gc,phases     ] GC(1362)   Post Evacuate Collection Set: 0.7ms
[2020-04-15T01:54:02.520-0700][gc,phases     ] GC(1362)   Other: 0.5ms
[2020-04-15T01:54:02.520-0700][gc,heap       ] GC(1362) Eden regions: 46->0(47)
[2020-04-15T01:54:02.520-0700][gc,heap       ] GC(1362) Survivor regions: 5->4(7)
[2020-04-15T01:54:02.520-0700][gc,heap       ] GC(1362) Old regions: 92->94
[2020-04-15T01:54:02.520-0700][gc,heap       ] GC(1362) Humongous regions: 130->130
[2020-04-15T01:54:02.520-0700][gc,metaspace  ] GC(1362) Metaspace: 28288K->28288K(1075200K)
[2020-04-15T01:54:02.520-0700][gc            ] GC(1362) Pause Young (Normal) (G1 Evacuation Pause) 272M->227M(1024M) 44.317ms
[2020-04-15T01:54:02.520-0700][gc,cpu        ] GC(1362) User=0.09s Sys=0.00s Real=0.05s
[2020-04-15T01:54:17.208-0700][gc,start      ] GC(1363) Pause Young (Normal) (G1 Evacuation Pause)
[2020-04-15T01:54:17.208-0700][gc,task       ] GC(1363) Using 4 workers of 4 for evacuation
[2020-04-15T01:54:17.216-0700][gc,phases     ] GC(1363)   Pre Evacuate Collection Set: 0.0ms
[2020-04-15T01:54:17.216-0700][gc,phases     ] GC(1363)   Evacuate Collection Set: 7.7ms
[2020-04-15T01:54:17.216-0700][gc,phases     ] GC(1363)   Post Evacuate Collection Set: 0.3ms
[2020-04-15T01:54:17.216-0700][gc,phases     ] GC(1363)   Other: 0.2ms
[2020-04-15T01:54:17.216-0700][gc,heap       ] GC(1363) Eden regions: 47->0(47)
[2020-04-15T01:54:17.216-0700][gc,heap       ] GC(1363) Survivor regions: 4->4(7)
[2020-04-15T01:54:17.216-0700][gc,heap       ] GC(1363) Old regions: 94->94
[2020-04-15T01:54:17.216-0700][gc,heap       ] GC(1363) Humongous regions: 130->130
[2020-04-15T01:54:17.216-0700][gc,metaspace  ] GC(1363) Metaspace: 28288K->28288K(1075200K)
[2020-04-15T01:54:17.216-0700][gc            ] GC(1363) Pause Young (Normal) (G1 Evacuation Pause) 274M->227M(1024M) 8.276ms
[2020-04-15T01:54:17.216-0700][gc,cpu        ] GC(1363) User=0.03s Sys=0.00s Real=0.01s
[2020-04-15T01:54:31.622-0700][gc,start      ] GC(1364) Pause Young (Normal) (G1 Evacuation Pause)
[2020-04-15T01:54:31.623-0700][gc,task       ] GC(1364) Using 4 workers of 4 for evacuation
[2020-04-15T01:54:31.707-0700][gc,mmu        ] GC(1364) MMU target violated: 21.0ms (20.0ms/21.0ms)
[2020-04-15T01:54:31.707-0700][gc,phases     ] GC(1364)   Pre Evacuate Collection Set: 0.0ms
[2020-04-15T01:54:31.707-0700][gc,phases     ] GC(1364)   Evacuate Collection Set: 34.8ms
[2020-04-15T01:54:31.707-0700][gc,phases     ] GC(1364)   Post Evacuate Collection Set: 0.6ms
[2020-04-15T01:54:31.707-0700][gc,phases     ] GC(1364)   Other: 48.8ms
[2020-04-15T01:54:31.707-0700][gc,heap       ] GC(1364) Eden regions: 47->0(47)
[2020-04-15T01:54:31.707-0700][gc,heap       ] GC(1364) Survivor regions: 4->4(7)
[2020-04-15T01:54:31.707-0700][gc,heap       ] GC(1364) Old regions: 94->94
[2020-04-15T01:54:31.707-0700][gc,heap       ] GC(1364) Humongous regions: 130->130
[2020-04-15T01:54:31.707-0700][gc,metaspace  ] GC(1364) Metaspace: 28288K->28288K(1075200K)
[2020-04-15T01:54:31.707-0700][gc            ] GC(1364) Pause Young (Normal) (G1 Evacuation Pause) 274M->227M(1024M) 84.533ms
[2020-04-15T01:54:31.707-0700][gc,cpu        ] GC(1364) User=0.11s Sys=0.00s Real=0.08s
[2020-04-15T01:54:46.025-0700][gc,start      ] GC(1365) Pause Young (Normal) (G1 Evacuation Pause)
[2020-04-15T01:54:46.025-0700][gc,task       ] GC(1365) Using 4 workers of 4 for evacuation
[2020-04-15T01:54:46.057-0700][gc,mmu        ] GC(1365) MMU target violated: 21.0ms (20.0ms/21.0ms)
[2020-04-15T01:54:46.057-0700][gc,phases     ] GC(1365)   Pre Evacuate Collection Set: 0.1ms
[2020-04-15T01:54:46.057-0700][gc,phases     ] GC(1365)   Evacuate Collection Set: 31.0ms
[2020-04-15T01:54:46.058-0700][gc,phases     ] GC(1365)   Post Evacuate Collection Set: 0.7ms
[2020-04-15T01:54:46.058-0700][gc,phases     ] GC(1365)   Other: 0.6ms
[2020-04-15T01:54:46.058-0700][gc,heap       ] GC(1365) Eden regions: 47->0(47)
[2020-04-15T01:54:46.058-0700][gc,heap       ] GC(1365) Survivor regions: 4->4(7)
[2020-04-15T01:54:46.058-0700][gc,heap       ] GC(1365) Old regions: 94->94
[2020-04-15T01:54:46.058-0700][gc,heap       ] GC(1365) Humongous regions: 130->130
[2020-04-15T01:54:46.058-0700][gc,metaspace  ] GC(1365) Metaspace: 28288K->28288K(1075200K)
[2020-04-15T01:54:46.058-0700][gc            ] GC(1365) Pause Young (Normal) (G1 Evacuation Pause) 274M->227M(1024M) 32.438ms
[2020-04-15T01:54:46.058-0700][gc,cpu        ] GC(1365) User=0.10s Sys=0.00s Real=0.04s
[2020-04-15T01:55:00.374-0700][gc,start      ] GC(1366) Pause Young (Normal) (G1 Evacuation Pause)
[2020-04-15T01:55:00.374-0700][gc,task       ] GC(1366) Using 4 workers of 4 for evacuation
[2020-04-15T01:55:00.396-0700][gc,mmu        ] GC(1366) MMU target violated: 21.0ms (20.0ms/21.0ms)
[2020-04-15T01:55:00.396-0700][gc,phases     ] GC(1366)   Pre Evacuate Collection Set: 0.0ms
[2020-04-15T01:55:00.396-0700][gc,phases     ] GC(1366)   Evacuate Collection Set: 21.5ms
[2020-04-15T01:55:00.396-0700][gc,phases     ] GC(1366)   Post Evacuate Collection Set: 0.6ms
[2020-04-15T01:55:00.396-0700][gc,phases     ] GC(1366)   Other: 0.5ms
[2020-04-15T01:55:00.396-0700][gc,heap       ] GC(1366) Eden regions: 47->0(47)
[2020-04-15T01:55:00.396-0700][gc,heap       ] GC(1366) Survivor regions: 4->4(7)
[2020-04-15T01:55:00.396-0700][gc,heap       ] GC(1366) Old regions: 94->95
[2020-04-15T01:55:00.396-0700][gc,heap       ] GC(1366) Humongous regions: 130->130
[2020-04-15T01:55:00.396-0700][gc,metaspace  ] GC(1366) Metaspace: 28288K->28288K(1075200K)
[2020-04-15T01:55:00.396-0700][gc            ] GC(1366) Pause Young (Normal) (G1 Evacuation Pause) 274M->228M(1024M) 22.690ms
[2020-04-15T01:55:00.396-0700][gc,cpu        ] GC(1366) User=0.09s Sys=0.00s Real=0.02s
[2020-04-15T01:55:15.844-0700][gc,start      ] GC(1367) Pause Young (Normal) (G1 Evacuation Pause)
[2020-04-15T01:55:15.844-0700][gc,task       ] GC(1367) Using 4 workers of 4 for evacuation
[2020-04-15T01:55:15.869-0700][gc,mmu        ] GC(1367) MMU target violated: 21.0ms (20.0ms/21.0ms)
[2020-04-15T01:55:15.869-0700][gc,phases     ] GC(1367)   Pre Evacuate Collection Set: 0.0ms
[2020-04-15T01:55:15.869-0700][gc,phases     ] GC(1367)   Evacuate Collection Set: 23.3ms
[2020-04-15T01:55:15.869-0700][gc,phases     ] GC(1367)   Post Evacuate Collection Set: 0.8ms
[2020-04-15T01:55:15.869-0700][gc,phases     ] GC(1367)   Other: 0.4ms
[2020-04-15T01:55:15.869-0700][gc,heap       ] GC(1367) Eden regions: 47->0(47)
[2020-04-15T01:55:15.869-0700][gc,heap       ] GC(1367) Survivor regions: 4->4(7)
[2020-04-15T01:55:15.869-0700][gc,heap       ] GC(1367) Old regions: 95->95
[2020-04-15T01:55:15.869-0700][gc,heap       ] GC(1367) Humongous regions: 130->130
[2020-04-15T01:55:15.869-0700][gc,metaspace  ] GC(1367) Metaspace: 28288K->28288K(1075200K)
[2020-04-15T01:55:15.869-0700][gc            ] GC(1367) Pause Young (Normal) (G1 Evacuation Pause) 275M->228M(1024M) 24.660ms
[2020-04-15T01:55:15.869-0700][gc,cpu        ] GC(1367) User=0.09s Sys=0.00s Real=0.02s
[2020-04-15T01:55:30.219-0700][gc,start      ] GC(1368) Pause Young (Normal) (G1 Evacuation Pause)
[2020-04-15T01:55:30.219-0700][gc,task       ] GC(1368) Using 4 workers of 4 for evacuation
[2020-04-15T01:55:30.234-0700][gc,phases     ] GC(1368)   Pre Evacuate Collection Set: 0.0ms
[2020-04-15T01:55:30.234-0700][gc,phases     ] GC(1368)   Evacuate Collection Set: 13.7ms
[2020-04-15T01:55:30.234-0700][gc,phases     ] GC(1368)   Post Evacuate Collection Set: 0.4ms
[2020-04-15T01:55:30.234-0700][gc,phases     ] GC(1368)   Other: 0.3ms
[2020-04-15T01:55:30.234-0700][gc,heap       ] GC(1368) Eden regions: 47->0(47)
[2020-04-15T01:55:30.234-0700][gc,heap       ] GC(1368) Survivor regions: 4->4(7)
[2020-04-15T01:55:30.234-0700][gc,heap       ] GC(1368) Old regions: 95->95
[2020-04-15T01:55:30.234-0700][gc,heap       ] GC(1368) Humongous regions: 130->130
[2020-04-15T01:55:30.234-0700][gc,metaspace  ] GC(1368) Metaspace: 28288K->28288K(1075200K)
[2020-04-15T01:55:30.234-0700][gc            ] GC(1368) Pause Young (Normal) (G1 Evacuation Pause) 275M->228M(1024M) 14.490ms
[2020-04-15T01:55:30.234-0700][gc,cpu        ] GC(1368) User=0.03s Sys=0.00s Real=0.01s
[2020-04-15T01:55:44.562-0700][gc,start      ] GC(1369) Pause Young (Normal) (G1 Evacuation Pause)
[2020-04-15T01:55:44.562-0700][gc,task       ] GC(1369) Using 4 workers of 4 for evacuation
[2020-04-15T01:55:44.599-0700][gc,mmu        ] GC(1369) MMU target violated: 21.0ms (20.0ms/21.0ms)
[2020-04-15T01:55:44.600-0700][gc,phases     ] GC(1369)   Pre Evacuate Collection Set: 0.1ms
[2020-04-15T01:55:44.600-0700][gc,phases     ] GC(1369)   Evacuate Collection Set: 36.7ms
[2020-04-15T01:55:44.600-0700][gc,phases     ] GC(1369)   Post Evacuate Collection Set: 0.7ms
[2020-04-15T01:55:44.600-0700][gc,phases     ] GC(1369)   Other: 0.5ms
[2020-04-15T01:55:44.600-0700][gc,heap       ] GC(1369) Eden regions: 47->0(47)
[2020-04-15T01:55:44.600-0700][gc,heap       ] GC(1369) Survivor regions: 4->4(7)
[2020-04-15T01:55:44.600-0700][gc,heap       ] GC(1369) Old regions: 95->96
[2020-04-15T01:55:44.600-0700][gc,heap       ] GC(1369) Humongous regions: 130->130
[2020-04-15T01:55:44.600-0700][gc,metaspace  ] GC(1369) Metaspace: 28288K->28288K(1075200K)
[2020-04-15T01:55:44.600-0700][gc            ] GC(1369) Pause Young (Normal) (G1 Evacuation Pause) 275M->229M(1024M) 37.991ms
[2020-04-15T01:55:44.600-0700][gc,cpu        ] GC(1369) User=0.13s Sys=0.00s Real=0.04s
[2020-04-15T01:55:59.023-0700][gc,start      ] GC(1370) Pause Young (Normal) (G1 Evacuation Pause)
[2020-04-15T01:55:59.023-0700][gc,task       ] GC(1370) Using 4 workers of 4 for evacuation
[2020-04-15T01:55:59.052-0700][gc,mmu        ] GC(1370) MMU target violated: 21.0ms (20.0ms/21.0ms)
[2020-04-15T01:55:59.052-0700][gc,phases     ] GC(1370)   Pre Evacuate Collection Set: 0.0ms
[2020-04-15T01:55:59.052-0700][gc,phases     ] GC(1370)   Evacuate Collection Set: 27.9ms
[2020-04-15T01:55:59.052-0700][gc,phases     ] GC(1370)   Post Evacuate Collection Set: 0.6ms
[2020-04-15T01:55:59.053-0700][gc,phases     ] GC(1370)   Other: 0.5ms
[2020-04-15T01:55:59.053-0700][gc,heap       ] GC(1370) Eden regions: 47->0(47)
[2020-04-15T01:55:59.053-0700][gc,heap       ] GC(1370) Survivor regions: 4->4(7)
[2020-04-15T01:55:59.053-0700][gc,heap       ] GC(1370) Old regions: 96->96
[2020-04-15T01:55:59.053-0700][gc,heap       ] GC(1370) Humongous regions: 130->130
[2020-04-15T01:55:59.053-0700][gc,metaspace  ] GC(1370) Metaspace: 28288K->28288K(1075200K)
[2020-04-15T01:55:59.053-0700][gc            ] GC(1370) Pause Young (Normal) (G1 Evacuation Pause) 276M->229M(1024M) 29.306ms
[2020-04-15T01:55:59.053-0700][gc,cpu        ] GC(1370) User=0.09s Sys=0.00s Real=0.03s
[2020-04-15T01:56:13.451-0700][gc,start      ] GC(1371) Pause Young (Normal) (G1 Evacuation Pause)
[2020-04-15T01:56:13.452-0700][gc,task       ] GC(1371) Using 4 workers of 4 for evacuation
[2020-04-15T01:56:13.475-0700][gc,mmu        ] GC(1371) MMU target violated: 21.0ms (20.0ms/21.0ms)
[2020-04-15T01:56:13.475-0700][gc,phases     ] GC(1371)   Pre Evacuate Collection Set: 0.0ms
[2020-04-15T01:56:13.475-0700][gc,phases     ] GC(1371)   Evacuate Collection Set: 22.9ms
[2020-04-15T01:56:13.475-0700][gc,phases     ] GC(1371)   Post Evacuate Collection Set: 0.6ms
[2020-04-15T01:56:13.475-0700][gc,phases     ] GC(1371)   Other: 0.5ms
[2020-04-15T01:56:13.475-0700][gc,heap       ] GC(1371) Eden regions: 47->0(47)
[2020-04-15T01:56:13.476-0700][gc,heap       ] GC(1371) Survivor regions: 4->4(7)
[2020-04-15T01:56:13.476-0700][gc,heap       ] GC(1371) Old regions: 96->97
[2020-04-15T01:56:13.476-0700][gc,heap       ] GC(1371) Humongous regions: 130->130
[2020-04-15T01:56:13.476-0700][gc,metaspace  ] GC(1371) Metaspace: 28288K->28288K(1075200K)
[2020-04-15T01:56:13.476-0700][gc            ] GC(1371) Pause Young (Normal) (G1 Evacuation Pause) 276M->229M(1024M) 24.176ms
[2020-04-15T01:56:13.476-0700][gc,cpu        ] GC(1371) User=0.09s Sys=0.00s Real=0.02s
[2020-04-15T01:56:27.903-0700][gc,start      ] GC(1372) Pause Young (Normal) (G1 Evacuation Pause)
[2020-04-15T01:56:27.903-0700][gc,task       ] GC(1372) Using 4 workers of 4 for evacuation
[2020-04-15T01:56:27.932-0700][gc,mmu        ] GC(1372) MMU target violated: 21.0ms (20.0ms/21.0ms)
[2020-04-15T01:56:27.932-0700][gc,phases     ] GC(1372)   Pre Evacuate Collection Set: 0.1ms
[2020-04-15T01:56:27.932-0700][gc,phases     ] GC(1372)   Evacuate Collection Set: 27.8ms
[2020-04-15T01:56:27.932-0700][gc,phases     ] GC(1372)   Post Evacuate Collection Set: 0.5ms
[2020-04-15T01:56:27.932-0700][gc,phases     ] GC(1372)   Other: 0.7ms
[2020-04-15T01:56:27.932-0700][gc,heap       ] GC(1372) Eden regions: 47->0(47)
[2020-04-15T01:56:27.932-0700][gc,heap       ] GC(1372) Survivor regions: 4->4(7)
[2020-04-15T01:56:27.932-0700][gc,heap       ] GC(1372) Old regions: 97->97
[2020-04-15T01:56:27.932-0700][gc,heap       ] GC(1372) Humongous regions: 130->130
[2020-04-15T01:56:27.932-0700][gc,metaspace  ] GC(1372) Metaspace: 28288K->28288K(1075200K)
[2020-04-15T01:56:27.932-0700][gc            ] GC(1372) Pause Young (Normal) (G1 Evacuation Pause) 276M->230M(1024M) 29.100ms
[2020-04-15T01:56:27.932-0700][gc,cpu        ] GC(1372) User=0.10s Sys=0.00s Real=0.03s
[2020-04-15T01:56:42.206-0700][gc,start      ] GC(1373) Pause Young (Normal) (G1 Evacuation Pause)
[2020-04-15T01:56:42.206-0700][gc,task       ] GC(1373) Using 4 workers of 4 for evacuation
[2020-04-15T01:56:42.245-0700][gc,mmu        ] GC(1373) MMU target violated: 21.0ms (20.0ms/21.0ms)
[2020-04-15T01:56:42.245-0700][gc,phases     ] GC(1373)   Pre Evacuate Collection Set: 0.1ms
[2020-04-15T01:56:42.245-0700][gc,phases     ] GC(1373)   Evacuate Collection Set: 37.8ms
[2020-04-15T01:56:42.245-0700][gc,phases     ] GC(1373)   Post Evacuate Collection Set: 0.6ms
[2020-04-15T01:56:42.245-0700][gc,phases     ] GC(1373)   Other: 0.8ms
[2020-04-15T01:56:42.245-0700][gc,heap       ] GC(1373) Eden regions: 47->0(47)
[2020-04-15T01:56:42.245-0700][gc,heap       ] GC(1373) Survivor regions: 4->4(7)
[2020-04-15T01:56:42.245-0700][gc,heap       ] GC(1373) Old regions: 97->97
[2020-04-15T01:56:42.245-0700][gc,heap       ] GC(1373) Humongous regions: 130->130
[2020-04-15T01:56:42.245-0700][gc,metaspace  ] GC(1373) Metaspace: 28288K->28288K(1075200K)
[2020-04-15T01:56:42.246-0700][gc            ] GC(1373) Pause Young (Normal) (G1 Evacuation Pause) 277M->230M(1024M) 39.439ms
[2020-04-15T01:56:42.246-0700][gc,cpu        ] GC(1373) User=0.10s Sys=0.00s Real=0.04s
[2020-04-15T01:56:56.679-0700][gc,start      ] GC(1374) Pause Young (Normal) (G1 Evacuation Pause)
[2020-04-15T01:56:56.679-0700][gc,task       ] GC(1374) Using 4 workers of 4 for evacuation
[2020-04-15T01:56:56.732-0700][gc,mmu        ] GC(1374) MMU target violated: 21.0ms (20.0ms/21.0ms)
[2020-04-15T01:56:56.732-0700][gc,phases     ] GC(1374)   Pre Evacuate Collection Set: 0.1ms
[2020-04-15T01:56:56.732-0700][gc,phases     ] GC(1374)   Evacuate Collection Set: 51.7ms
[2020-04-15T01:56:56.732-0700][gc,phases     ] GC(1374)   Post Evacuate Collection Set: 0.6ms
[2020-04-15T01:56:56.732-0700][gc,phases     ] GC(1374)   Other: 0.6ms
[2020-04-15T01:56:56.732-0700][gc,heap       ] GC(1374) Eden regions: 47->0(47)
[2020-04-15T01:56:56.732-0700][gc,heap       ] GC(1374) Survivor regions: 4->4(7)
[2020-04-15T01:56:56.732-0700][gc,heap       ] GC(1374) Old regions: 97->97
[2020-04-15T01:56:56.732-0700][gc,heap       ] GC(1374) Humongous regions: 130->130
[2020-04-15T01:56:56.732-0700][gc,metaspace  ] GC(1374) Metaspace: 28288K->28288K(1075200K)
[2020-04-15T01:56:56.732-0700][gc            ] GC(1374) Pause Young (Normal) (G1 Evacuation Pause) 277M->230M(1024M) 53.145ms
[2020-04-15T01:56:56.732-0700][gc,cpu        ] GC(1374) User=0.12s Sys=0.00s Real=0.05s
[2020-04-15T01:57:11.084-0700][gc,start      ] GC(1375) Pause Young (Normal) (G1 Evacuation Pause)
[2020-04-15T01:57:11.084-0700][gc,task       ] GC(1375) Using 4 workers of 4 for evacuation
[2020-04-15T01:57:11.109-0700][gc,mmu        ] GC(1375) MMU target violated: 21.0ms (20.0ms/21.0ms)
[2020-04-15T01:57:11.109-0700][gc,phases     ] GC(1375)   Pre Evacuate Collection Set: 0.0ms
[2020-04-15T01:57:11.109-0700][gc,phases     ] GC(1375)   Evacuate Collection Set: 23.7ms
[2020-04-15T01:57:11.109-0700][gc,phases     ] GC(1375)   Post Evacuate Collection Set: 0.6ms
[2020-04-15T01:57:11.109-0700][gc,phases     ] GC(1375)   Other: 0.5ms
[2020-04-15T01:57:11.109-0700][gc,heap       ] GC(1375) Eden regions: 47->0(47)
[2020-04-15T01:57:11.109-0700][gc,heap       ] GC(1375) Survivor regions: 4->4(7)
[2020-04-15T01:57:11.109-0700][gc,heap       ] GC(1375) Old regions: 97->98
[2020-04-15T01:57:11.109-0700][gc,heap       ] GC(1375) Humongous regions: 130->130
[2020-04-15T01:57:11.109-0700][gc,metaspace  ] GC(1375) Metaspace: 28288K->28288K(1075200K)
[2020-04-15T01:57:11.109-0700][gc            ] GC(1375) Pause Young (Normal) (G1 Evacuation Pause) 277M->231M(1024M) 24.983ms
[2020-04-15T01:57:11.109-0700][gc,cpu        ] GC(1375) User=0.09s Sys=0.00s Real=0.03s
[2020-04-15T01:57:25.453-0700][gc,start      ] GC(1376) Pause Young (Normal) (G1 Evacuation Pause)
[2020-04-15T01:57:25.453-0700][gc,task       ] GC(1376) Using 4 workers of 4 for evacuation
[2020-04-15T01:57:25.478-0700][gc,mmu        ] GC(1376) MMU target violated: 21.0ms (20.0ms/21.0ms)
[2020-04-15T01:57:25.478-0700][gc,phases     ] GC(1376)   Pre Evacuate Collection Set: 0.0ms
[2020-04-15T01:57:25.478-0700][gc,phases     ] GC(1376)   Evacuate Collection Set: 24.0ms
[2020-04-15T01:57:25.478-0700][gc,phases     ] GC(1376)   Post Evacuate Collection Set: 0.5ms
[2020-04-15T01:57:25.478-0700][gc,phases     ] GC(1376)   Other: 0.5ms
[2020-04-15T01:57:25.478-0700][gc,heap       ] GC(1376) Eden regions: 47->0(47)
[2020-04-15T01:57:25.478-0700][gc,heap       ] GC(1376) Survivor regions: 4->4(7)
[2020-04-15T01:57:25.478-0700][gc,heap       ] GC(1376) Old regions: 98->98
[2020-04-15T01:57:25.478-0700][gc,heap       ] GC(1376) Humongous regions: 130->130
[2020-04-15T01:57:25.478-0700][gc,metaspace  ] GC(1376) Metaspace: 28288K->28288K(1075200K)
[2020-04-15T01:57:25.478-0700][gc            ] GC(1376) Pause Young (Normal) (G1 Evacuation Pause) 278M->231M(1024M) 25.179ms
[2020-04-15T01:57:25.478-0700][gc,cpu        ] GC(1376) User=0.09s Sys=0.00s Real=0.03s
[2020-04-15T01:57:39.821-0700][gc,start      ] GC(1377) Pause Young (Normal) (G1 Evacuation Pause)
[2020-04-15T01:57:39.821-0700][gc,task       ] GC(1377) Using 4 workers of 4 for evacuation
[2020-04-15T01:57:39.849-0700][gc,mmu        ] GC(1377) MMU target violated: 21.0ms (20.0ms/21.0ms)
[2020-04-15T01:57:39.849-0700][gc,phases     ] GC(1377)   Pre Evacuate Collection Set: 0.0ms
[2020-04-15T01:57:39.849-0700][gc,phases     ] GC(1377)   Evacuate Collection Set: 27.1ms
[2020-04-15T01:57:39.849-0700][gc,phases     ] GC(1377)   Post Evacuate Collection Set: 0.4ms
[2020-04-15T01:57:39.849-0700][gc,phases     ] GC(1377)   Other: 0.5ms
[2020-04-15T01:57:39.849-0700][gc,heap       ] GC(1377) Eden regions: 47->0(46)
[2020-04-15T01:57:39.849-0700][gc,heap       ] GC(1377) Survivor regions: 4->5(7)
[2020-04-15T01:57:39.849-0700][gc,heap       ] GC(1377) Old regions: 98->99
[2020-04-15T01:57:39.849-0700][gc,heap       ] GC(1377) Humongous regions: 130->130
[2020-04-15T01:57:39.849-0700][gc,metaspace  ] GC(1377) Metaspace: 28288K->28288K(1075200K)
[2020-04-15T01:57:39.849-0700][gc            ] GC(1377) Pause Young (Normal) (G1 Evacuation Pause) 278M->233M(1024M) 28.154ms
[2020-04-15T01:57:39.849-0700][gc,cpu        ] GC(1377) User=0.10s Sys=0.00s Real=0.02s
[2020-04-15T01:57:53.840-0700][gc,start      ] GC(1378) Pause Young (Normal) (G1 Evacuation Pause)
[2020-04-15T01:57:53.840-0700][gc,task       ] GC(1378) Using 4 workers of 4 for evacuation
[2020-04-15T01:57:53.870-0700][gc,mmu        ] GC(1378) MMU target violated: 21.0ms (20.0ms/21.0ms)
[2020-04-15T01:57:53.870-0700][gc,phases     ] GC(1378)   Pre Evacuate Collection Set: 0.0ms
[2020-04-15T01:57:53.870-0700][gc,phases     ] GC(1378)   Evacuate Collection Set: 28.8ms
[2020-04-15T01:57:53.870-0700][gc,phases     ] GC(1378)   Post Evacuate Collection Set: 0.8ms
[2020-04-15T01:57:53.870-0700][gc,phases     ] GC(1378)   Other: 0.5ms
[2020-04-15T01:57:53.870-0700][gc,heap       ] GC(1378) Eden regions: 46->0(46)
[2020-04-15T01:57:53.870-0700][gc,heap       ] GC(1378) Survivor regions: 5->5(7)
[2020-04-15T01:57:53.870-0700][gc,heap       ] GC(1378) Old regions: 99->100
[2020-04-15T01:57:53.870-0700][gc,heap       ] GC(1378) Humongous regions: 130->130
[2020-04-15T01:57:53.870-0700][gc,metaspace  ] GC(1378) Metaspace: 28288K->28288K(1075200K)
[2020-04-15T01:57:53.870-0700][gc            ] GC(1378) Pause Young (Normal) (G1 Evacuation Pause) 279M->233M(1024M) 30.267ms
[2020-04-15T01:57:53.870-0700][gc,cpu        ] GC(1378) User=0.10s Sys=0.00s Real=0.03s
[2020-04-15T01:58:07.911-0700][gc,start      ] GC(1379) Pause Young (Normal) (G1 Evacuation Pause)
[2020-04-15T01:58:07.911-0700][gc,task       ] GC(1379) Using 4 workers of 4 for evacuation
[2020-04-15T01:58:07.943-0700][gc,mmu        ] GC(1379) MMU target violated: 21.0ms (20.0ms/21.0ms)
[2020-04-15T01:58:07.943-0700][gc,phases     ] GC(1379)   Pre Evacuate Collection Set: 0.1ms
[2020-04-15T01:58:07.943-0700][gc,phases     ] GC(1379)   Evacuate Collection Set: 30.6ms
[2020-04-15T01:58:07.943-0700][gc,phases     ] GC(1379)   Post Evacuate Collection Set: 0.7ms
[2020-04-15T01:58:07.943-0700][gc,phases     ] GC(1379)   Other: 0.5ms
[2020-04-15T01:58:07.943-0700][gc,heap       ] GC(1379) Eden regions: 46->0(47)
[2020-04-15T01:58:07.943-0700][gc,heap       ] GC(1379) Survivor regions: 5->4(7)
[2020-04-15T01:58:07.943-0700][gc,heap       ] GC(1379) Old regions: 100->100
[2020-04-15T01:58:07.943-0700][gc,heap       ] GC(1379) Humongous regions: 130->130
[2020-04-15T01:58:07.943-0700][gc,metaspace  ] GC(1379) Metaspace: 28288K->28288K(1075200K)
[2020-04-15T01:58:07.943-0700][gc            ] GC(1379) Pause Young (Normal) (G1 Evacuation Pause) 279M->233M(1024M) 32.021ms
[2020-04-15T01:58:07.943-0700][gc,cpu        ] GC(1379) User=0.10s Sys=0.00s Real=0.03s
[2020-04-15T01:58:22.561-0700][gc,start      ] GC(1380) Pause Young (Normal) (G1 Evacuation Pause)
[2020-04-15T01:58:22.561-0700][gc,task       ] GC(1380) Using 4 workers of 4 for evacuation
[2020-04-15T01:58:22.767-0700][gc,mmu        ] GC(1380) MMU target violated: 21.0ms (20.0ms/21.0ms)
[2020-04-15T01:58:22.767-0700][gc,phases     ] GC(1380)   Pre Evacuate Collection Set: 0.1ms
[2020-04-15T01:58:22.767-0700][gc,phases     ] GC(1380)   Evacuate Collection Set: 24.3ms
[2020-04-15T01:58:22.767-0700][gc,phases     ] GC(1380)   Post Evacuate Collection Set: 0.6ms
[2020-04-15T01:58:22.767-0700][gc,phases     ] GC(1380)   Other: 181.3ms
[2020-04-15T01:58:22.767-0700][gc,heap       ] GC(1380) Eden regions: 47->0(46)
[2020-04-15T01:58:22.767-0700][gc,heap       ] GC(1380) Survivor regions: 4->5(7)
[2020-04-15T01:58:22.767-0700][gc,heap       ] GC(1380) Old regions: 100->100
[2020-04-15T01:58:22.767-0700][gc,heap       ] GC(1380) Humongous regions: 130->130
[2020-04-15T01:58:22.767-0700][gc,metaspace  ] GC(1380) Metaspace: 28288K->28288K(1075200K)
[2020-04-15T01:58:22.767-0700][gc            ] GC(1380) Pause Young (Normal) (G1 Evacuation Pause) 280M->234M(1024M) 206.353ms
[2020-04-15T01:58:22.767-0700][gc,cpu        ] GC(1380) User=0.10s Sys=0.00s Real=0.20s
[2020-04-15T01:58:37.200-0700][gc,start      ] GC(1381) Pause Young (Normal) (G1 Evacuation Pause)
[2020-04-15T01:58:37.200-0700][gc,task       ] GC(1381) Using 4 workers of 4 for evacuation
[2020-04-15T01:58:37.228-0700][gc,mmu        ] GC(1381) MMU target violated: 21.0ms (20.0ms/21.0ms)
[2020-04-15T01:58:37.228-0700][gc,phases     ] GC(1381)   Pre Evacuate Collection Set: 0.0ms
[2020-04-15T01:58:37.228-0700][gc,phases     ] GC(1381)   Evacuate Collection Set: 27.6ms
[2020-04-15T01:58:37.228-0700][gc,phases     ] GC(1381)   Post Evacuate Collection Set: 0.6ms
[2020-04-15T01:58:37.228-0700][gc,phases     ] GC(1381)   Other: 0.4ms
[2020-04-15T01:58:37.228-0700][gc,heap       ] GC(1381) Eden regions: 46->0(47)
[2020-04-15T01:58:37.228-0700][gc,heap       ] GC(1381) Survivor regions: 5->4(7)
[2020-04-15T01:58:37.228-0700][gc,heap       ] GC(1381) Old regions: 100->101
[2020-04-15T01:58:37.228-0700][gc,heap       ] GC(1381) Humongous regions: 130->130
[2020-04-15T01:58:37.228-0700][gc,metaspace  ] GC(1381) Metaspace: 28288K->28288K(1075200K)
[2020-04-15T01:58:37.228-0700][gc            ] GC(1381) Pause Young (Normal) (G1 Evacuation Pause) 280M->234M(1024M) 28.736ms
[2020-04-15T01:58:37.228-0700][gc,cpu        ] GC(1381) User=0.09s Sys=0.00s Real=0.02s
[2020-04-15T01:58:51.663-0700][gc,start      ] GC(1382) Pause Young (Normal) (G1 Evacuation Pause)
[2020-04-15T01:58:51.663-0700][gc,task       ] GC(1382) Using 4 workers of 4 for evacuation
[2020-04-15T01:58:51.692-0700][gc,mmu        ] GC(1382) MMU target violated: 21.0ms (20.0ms/21.0ms)
[2020-04-15T01:58:51.692-0700][gc,phases     ] GC(1382)   Pre Evacuate Collection Set: 0.0ms
[2020-04-15T01:58:51.692-0700][gc,phases     ] GC(1382)   Evacuate Collection Set: 27.8ms
[2020-04-15T01:58:51.692-0700][gc,phases     ] GC(1382)   Post Evacuate Collection Set: 0.6ms
[2020-04-15T01:58:51.692-0700][gc,phases     ] GC(1382)   Other: 0.6ms
[2020-04-15T01:58:51.692-0700][gc,heap       ] GC(1382) Eden regions: 47->0(47)
[2020-04-15T01:58:51.692-0700][gc,heap       ] GC(1382) Survivor regions: 4->4(7)
[2020-04-15T01:58:51.692-0700][gc,heap       ] GC(1382) Old regions: 101->101
[2020-04-15T01:58:51.692-0700][gc,heap       ] GC(1382) Humongous regions: 130->130
[2020-04-15T01:58:51.692-0700][gc,metaspace  ] GC(1382) Metaspace: 28288K->28288K(1075200K)
[2020-04-15T01:58:51.692-0700][gc            ] GC(1382) Pause Young (Normal) (G1 Evacuation Pause) 281M->234M(1024M) 29.163ms
[2020-04-15T01:58:51.692-0700][gc,cpu        ] GC(1382) User=0.11s Sys=0.00s Real=0.03s
[2020-04-15T01:59:06.104-0700][gc,start      ] GC(1383) Pause Young (Normal) (G1 Evacuation Pause)
[2020-04-15T01:59:06.104-0700][gc,task       ] GC(1383) Using 4 workers of 4 for evacuation
[2020-04-15T01:59:06.131-0700][gc,mmu        ] GC(1383) MMU target violated: 21.0ms (20.0ms/21.0ms)
[2020-04-15T01:59:06.131-0700][gc,phases     ] GC(1383)   Pre Evacuate Collection Set: 0.0ms
[2020-04-15T01:59:06.131-0700][gc,phases     ] GC(1383)   Evacuate Collection Set: 25.6ms
[2020-04-15T01:59:06.131-0700][gc,phases     ] GC(1383)   Post Evacuate Collection Set: 0.6ms
[2020-04-15T01:59:06.131-0700][gc,phases     ] GC(1383)   Other: 0.6ms
[2020-04-15T01:59:06.131-0700][gc,heap       ] GC(1383) Eden regions: 47->0(47)
[2020-04-15T01:59:06.131-0700][gc,heap       ] GC(1383) Survivor regions: 4->4(7)
[2020-04-15T01:59:06.131-0700][gc,heap       ] GC(1383) Old regions: 101->102
[2020-04-15T01:59:06.131-0700][gc,heap       ] GC(1383) Humongous regions: 130->130
[2020-04-15T01:59:06.131-0700][gc,metaspace  ] GC(1383) Metaspace: 28288K->28288K(1075200K)
[2020-04-15T01:59:06.131-0700][gc            ] GC(1383) Pause Young (Normal) (G1 Evacuation Pause) 281M->235M(1024M) 26.978ms
[2020-04-15T01:59:06.131-0700][gc,cpu        ] GC(1383) User=0.10s Sys=0.00s Real=0.03s
[2020-04-15T01:59:21.208-0700][gc,start      ] GC(1384) Pause Young (Normal) (G1 Evacuation Pause)
[2020-04-15T01:59:21.208-0700][gc,task       ] GC(1384) Using 4 workers of 4 for evacuation
[2020-04-15T01:59:21.233-0700][gc,mmu        ] GC(1384) MMU target violated: 21.0ms (20.0ms/21.0ms)
[2020-04-15T01:59:21.234-0700][gc,phases     ] GC(1384)   Pre Evacuate Collection Set: 0.0ms
[2020-04-15T01:59:21.234-0700][gc,phases     ] GC(1384)   Evacuate Collection Set: 24.1ms
[2020-04-15T01:59:21.234-0700][gc,phases     ] GC(1384)   Post Evacuate Collection Set: 0.5ms
[2020-04-15T01:59:21.234-0700][gc,phases     ] GC(1384)   Other: 0.5ms
[2020-04-15T01:59:21.234-0700][gc,heap       ] GC(1384) Eden regions: 47->0(47)
[2020-04-15T01:59:21.234-0700][gc,heap       ] GC(1384) Survivor regions: 4->4(7)
[2020-04-15T01:59:21.234-0700][gc,heap       ] GC(1384) Old regions: 102->102
[2020-04-15T01:59:21.234-0700][gc,heap       ] GC(1384) Humongous regions: 130->130
[2020-04-15T01:59:21.234-0700][gc,metaspace  ] GC(1384) Metaspace: 28288K->28288K(1075200K)
[2020-04-15T01:59:21.234-0700][gc            ] GC(1384) Pause Young (Normal) (G1 Evacuation Pause) 282M->235M(1024M) 25.351ms
[2020-04-15T01:59:21.234-0700][gc,cpu        ] GC(1384) User=0.09s Sys=0.00s Real=0.03s
[2020-04-15T01:59:35.650-0700][gc,start      ] GC(1385) Pause Young (Normal) (G1 Evacuation Pause)
[2020-04-15T01:59:35.650-0700][gc,task       ] GC(1385) Using 4 workers of 4 for evacuation
[2020-04-15T01:59:35.674-0700][gc,mmu        ] GC(1385) MMU target violated: 21.0ms (20.0ms/21.0ms)
[2020-04-15T01:59:35.674-0700][gc,phases     ] GC(1385)   Pre Evacuate Collection Set: 0.0ms
[2020-04-15T01:59:35.675-0700][gc,phases     ] GC(1385)   Evacuate Collection Set: 23.4ms
[2020-04-15T01:59:35.675-0700][gc,phases     ] GC(1385)   Post Evacuate Collection Set: 0.6ms
[2020-04-15T01:59:35.675-0700][gc,phases     ] GC(1385)   Other: 0.5ms
[2020-04-15T01:59:35.675-0700][gc,heap       ] GC(1385) Eden regions: 47->0(46)
[2020-04-15T01:59:35.675-0700][gc,heap       ] GC(1385) Survivor regions: 4->5(7)
[2020-04-15T01:59:35.675-0700][gc,heap       ] GC(1385) Old regions: 102->102
[2020-04-15T01:59:35.675-0700][gc,heap       ] GC(1385) Humongous regions: 130->130
[2020-04-15T01:59:35.675-0700][gc,metaspace  ] GC(1385) Metaspace: 28288K->28288K(1075200K)
[2020-04-15T01:59:35.675-0700][gc            ] GC(1385) Pause Young (Normal) (G1 Evacuation Pause) 282M->235M(1024M) 24.537ms
[2020-04-15T01:59:35.675-0700][gc,cpu        ] GC(1385) User=0.09s Sys=0.00s Real=0.02s
[2020-04-15T01:59:49.767-0700][gc,start      ] GC(1386) Pause Young (Normal) (G1 Evacuation Pause)
[2020-04-15T01:59:49.767-0700][gc,task       ] GC(1386) Using 4 workers of 4 for evacuation
[2020-04-15T01:59:49.795-0700][gc,mmu        ] GC(1386) MMU target violated: 21.0ms (20.0ms/21.0ms)
[2020-04-15T01:59:49.795-0700][gc,phases     ] GC(1386)   Pre Evacuate Collection Set: 0.0ms
[2020-04-15T01:59:49.795-0700][gc,phases     ] GC(1386)   Evacuate Collection Set: 26.3ms
[2020-04-15T01:59:49.795-0700][gc,phases     ] GC(1386)   Post Evacuate Collection Set: 0.5ms
[2020-04-15T01:59:49.795-0700][gc,phases     ] GC(1386)   Other: 0.6ms
[2020-04-15T01:59:49.795-0700][gc,heap       ] GC(1386) Eden regions: 46->0(47)
[2020-04-15T01:59:49.795-0700][gc,heap       ] GC(1386) Survivor regions: 5->4(7)
[2020-04-15T01:59:49.795-0700][gc,heap       ] GC(1386) Old regions: 102->102
[2020-04-15T01:59:49.795-0700][gc,heap       ] GC(1386) Humongous regions: 130->130
[2020-04-15T01:59:49.795-0700][gc,metaspace  ] GC(1386) Metaspace: 28288K->28288K(1075200K)
[2020-04-15T01:59:49.795-0700][gc            ] GC(1386) Pause Young (Normal) (G1 Evacuation Pause) 281M->235M(1024M) 27.560ms
[2020-04-15T01:59:49.795-0700][gc,cpu        ] GC(1386) User=0.10s Sys=0.00s Real=0.03s
[2020-04-15T02:00:04.642-0700][gc,start      ] GC(1387) Pause Young (Normal) (G1 Evacuation Pause)
[2020-04-15T02:00:04.642-0700][gc,task       ] GC(1387) Using 4 workers of 4 for evacuation
[2020-04-15T02:00:04.679-0700][gc,mmu        ] GC(1387) MMU target violated: 21.0ms (20.0ms/21.0ms)
[2020-04-15T02:00:04.679-0700][gc,phases     ] GC(1387)   Pre Evacuate Collection Set: 0.0ms
[2020-04-15T02:00:04.679-0700][gc,phases     ] GC(1387)   Evacuate Collection Set: 35.8ms
[2020-04-15T02:00:04.679-0700][gc,phases     ] GC(1387)   Post Evacuate Collection Set: 1.3ms
[2020-04-15T02:00:04.679-0700][gc,phases     ] GC(1387)   Other: 0.5ms
[2020-04-15T02:00:04.679-0700][gc,heap       ] GC(1387) Eden regions: 47->0(47)
[2020-04-15T02:00:04.679-0700][gc,heap       ] GC(1387) Survivor regions: 4->4(7)
[2020-04-15T02:00:04.679-0700][gc,heap       ] GC(1387) Old regions: 102->103
[2020-04-15T02:00:04.679-0700][gc,heap       ] GC(1387) Humongous regions: 130->130
[2020-04-15T02:00:04.679-0700][gc,metaspace  ] GC(1387) Metaspace: 28288K->28288K(1075200K)
[2020-04-15T02:00:04.679-0700][gc            ] GC(1387) Pause Young (Normal) (G1 Evacuation Pause) 282M->236M(1024M) 37.700ms
[2020-04-15T02:00:04.679-0700][gc,cpu        ] GC(1387) User=0.10s Sys=0.00s Real=0.04s
[2020-04-15T02:00:20.292-0700][gc,start      ] GC(1388) Pause Young (Normal) (G1 Evacuation Pause)
[2020-04-15T02:00:20.292-0700][gc,task       ] GC(1388) Using 4 workers of 4 for evacuation
[2020-04-15T02:00:20.322-0700][gc,mmu        ] GC(1388) MMU target violated: 21.0ms (20.0ms/21.0ms)
[2020-04-15T02:00:20.322-0700][gc,phases     ] GC(1388)   Pre Evacuate Collection Set: 0.1ms
[2020-04-15T02:00:20.322-0700][gc,phases     ] GC(1388)   Evacuate Collection Set: 28.2ms
[2020-04-15T02:00:20.322-0700][gc,phases     ] GC(1388)   Post Evacuate Collection Set: 0.5ms
[2020-04-15T02:00:20.322-0700][gc,phases     ] GC(1388)   Other: 0.7ms
[2020-04-15T02:00:20.322-0700][gc,heap       ] GC(1388) Eden regions: 47->0(47)
[2020-04-15T02:00:20.322-0700][gc,heap       ] GC(1388) Survivor regions: 4->4(7)
[2020-04-15T02:00:20.322-0700][gc,heap       ] GC(1388) Old regions: 103->103
[2020-04-15T02:00:20.322-0700][gc,heap       ] GC(1388) Humongous regions: 130->130
[2020-04-15T02:00:20.322-0700][gc,metaspace  ] GC(1388) Metaspace: 28288K->28288K(1075200K)
[2020-04-15T02:00:20.322-0700][gc            ] GC(1388) Pause Young (Normal) (G1 Evacuation Pause) 283M->236M(1024M) 29.674ms
[2020-04-15T02:00:20.322-0700][gc,cpu        ] GC(1388) User=0.10s Sys=0.00s Real=0.03s
[2020-04-15T02:00:35.644-0700][gc,start      ] GC(1389) Pause Young (Normal) (G1 Evacuation Pause)
[2020-04-15T02:00:35.644-0700][gc,task       ] GC(1389) Using 4 workers of 4 for evacuation
[2020-04-15T02:00:35.654-0700][gc,phases     ] GC(1389)   Pre Evacuate Collection Set: 0.0ms
[2020-04-15T02:00:35.654-0700][gc,phases     ] GC(1389)   Evacuate Collection Set: 9.5ms
[2020-04-15T02:00:35.654-0700][gc,phases     ] GC(1389)   Post Evacuate Collection Set: 0.3ms
[2020-04-15T02:00:35.654-0700][gc,phases     ] GC(1389)   Other: 0.2ms
[2020-04-15T02:00:35.654-0700][gc,heap       ] GC(1389) Eden regions: 47->0(47)
[2020-04-15T02:00:35.654-0700][gc,heap       ] GC(1389) Survivor regions: 4->4(7)
[2020-04-15T02:00:35.654-0700][gc,heap       ] GC(1389) Old regions: 103->104
[2020-04-15T02:00:35.654-0700][gc,heap       ] GC(1389) Humongous regions: 130->130
[2020-04-15T02:00:35.654-0700][gc,metaspace  ] GC(1389) Metaspace: 28288K->28288K(1075200K)
[2020-04-15T02:00:35.654-0700][gc            ] GC(1389) Pause Young (Normal) (G1 Evacuation Pause) 283M->237M(1024M) 10.244ms
[2020-04-15T02:00:35.654-0700][gc,cpu        ] GC(1389) User=0.03s Sys=0.00s Real=0.01s
[2020-04-15T02:00:50.499-0700][gc,start      ] GC(1390) Pause Young (Normal) (G1 Evacuation Pause)
[2020-04-15T02:00:50.499-0700][gc,task       ] GC(1390) Using 4 workers of 4 for evacuation
[2020-04-15T02:00:50.527-0700][gc,mmu        ] GC(1390) MMU target violated: 21.0ms (20.0ms/21.0ms)
[2020-04-15T02:00:50.527-0700][gc,phases     ] GC(1390)   Pre Evacuate Collection Set: 0.0ms
[2020-04-15T02:00:50.527-0700][gc,phases     ] GC(1390)   Evacuate Collection Set: 27.0ms
[2020-04-15T02:00:50.527-0700][gc,phases     ] GC(1390)   Post Evacuate Collection Set: 0.6ms
[2020-04-15T02:00:50.527-0700][gc,phases     ] GC(1390)   Other: 0.5ms
[2020-04-15T02:00:50.527-0700][gc,heap       ] GC(1390) Eden regions: 47->0(46)
[2020-04-15T02:00:50.527-0700][gc,heap       ] GC(1390) Survivor regions: 4->5(7)
[2020-04-15T02:00:50.527-0700][gc,heap       ] GC(1390) Old regions: 104->104
[2020-04-15T02:00:50.527-0700][gc,heap       ] GC(1390) Humongous regions: 130->130
[2020-04-15T02:00:50.527-0700][gc,metaspace  ] GC(1390) Metaspace: 28288K->28288K(1075200K)
[2020-04-15T02:00:50.527-0700][gc            ] GC(1390) Pause Young (Normal) (G1 Evacuation Pause) 284M->238M(1024M) 28.316ms
[2020-04-15T02:00:50.527-0700][gc,cpu        ] GC(1390) User=0.11s Sys=0.00s Real=0.02s
[2020-04-15T02:01:04.612-0700][gc,start      ] GC(1391) Pause Young (Normal) (G1 Evacuation Pause)
[2020-04-15T02:01:04.612-0700][gc,task       ] GC(1391) Using 4 workers of 4 for evacuation
[2020-04-15T02:01:04.637-0700][gc,mmu        ] GC(1391) MMU target violated: 21.0ms (20.0ms/21.0ms)
[2020-04-15T02:01:04.638-0700][gc,phases     ] GC(1391)   Pre Evacuate Collection Set: 0.0ms
[2020-04-15T02:01:04.638-0700][gc,phases     ] GC(1391)   Evacuate Collection Set: 24.8ms
[2020-04-15T02:01:04.638-0700][gc,phases     ] GC(1391)   Post Evacuate Collection Set: 0.5ms
[2020-04-15T02:01:04.638-0700][gc,phases     ] GC(1391)   Other: 0.5ms
[2020-04-15T02:01:04.638-0700][gc,heap       ] GC(1391) Eden regions: 46->0(47)
[2020-04-15T02:01:04.638-0700][gc,heap       ] GC(1391) Survivor regions: 5->4(7)
[2020-04-15T02:01:04.638-0700][gc,heap       ] GC(1391) Old regions: 104->106
[2020-04-15T02:01:04.638-0700][gc,heap       ] GC(1391) Humongous regions: 130->130
[2020-04-15T02:01:04.638-0700][gc,metaspace  ] GC(1391) Metaspace: 28288K->28288K(1075200K)
[2020-04-15T02:01:04.638-0700][gc            ] GC(1391) Pause Young (Normal) (G1 Evacuation Pause) 284M->239M(1024M) 25.935ms
[2020-04-15T02:01:04.638-0700][gc,cpu        ] GC(1391) User=0.10s Sys=0.00s Real=0.03s
[2020-04-15T02:01:18.245-0700][gc,start      ] GC(1392) Pause Young (Normal) (G1 Evacuation Pause)
[2020-04-15T02:01:18.245-0700][gc,task       ] GC(1392) Using 4 workers of 4 for evacuation
[2020-04-15T02:01:18.299-0700][gc,mmu        ] GC(1392) MMU target violated: 21.0ms (20.0ms/21.0ms)
[2020-04-15T02:01:18.299-0700][gc,phases     ] GC(1392)   Pre Evacuate Collection Set: 0.0ms
[2020-04-15T02:01:18.299-0700][gc,phases     ] GC(1392)   Evacuate Collection Set: 52.0ms
[2020-04-15T02:01:18.299-0700][gc,phases     ] GC(1392)   Post Evacuate Collection Set: 1.4ms
[2020-04-15T02:01:18.299-0700][gc,phases     ] GC(1392)   Other: 0.6ms
[2020-04-15T02:01:18.299-0700][gc,heap       ] GC(1392) Eden regions: 47->0(45)
[2020-04-15T02:01:18.299-0700][gc,heap       ] GC(1392) Survivor regions: 4->6(7)
[2020-04-15T02:01:18.299-0700][gc,heap       ] GC(1392) Old regions: 106->106
[2020-04-15T02:01:18.299-0700][gc,heap       ] GC(1392) Humongous regions: 130->130
[2020-04-15T02:01:18.299-0700][gc,metaspace  ] GC(1392) Metaspace: 28289K->28289K(1075200K)
[2020-04-15T02:01:18.299-0700][gc            ] GC(1392) Pause Young (Normal) (G1 Evacuation Pause) 286M->240M(1024M) 54.122ms
[2020-04-15T02:01:18.299-0700][gc,cpu        ] GC(1392) User=0.13s Sys=0.00s Real=0.06s
[2020-04-15T02:01:32.881-0700][gc,start      ] GC(1393) Pause Young (Normal) (G1 Evacuation Pause)
[2020-04-15T02:01:32.881-0700][gc,task       ] GC(1393) Using 4 workers of 4 for evacuation
[2020-04-15T02:01:32.900-0700][gc,phases     ] GC(1393)   Pre Evacuate Collection Set: 0.0ms
[2020-04-15T02:01:32.900-0700][gc,phases     ] GC(1393)   Evacuate Collection Set: 17.8ms
[2020-04-15T02:01:32.900-0700][gc,phases     ] GC(1393)   Post Evacuate Collection Set: 0.7ms
[2020-04-15T02:01:32.900-0700][gc,phases     ] GC(1393)   Other: 0.3ms
[2020-04-15T02:01:32.900-0700][gc,heap       ] GC(1393) Eden regions: 45->0(47)
[2020-04-15T02:01:32.900-0700][gc,heap       ] GC(1393) Survivor regions: 6->4(7)
[2020-04-15T02:01:32.900-0700][gc,heap       ] GC(1393) Old regions: 106->108
[2020-04-15T02:01:32.900-0700][gc,heap       ] GC(1393) Humongous regions: 130->130
[2020-04-15T02:01:32.900-0700][gc,metaspace  ] GC(1393) Metaspace: 28289K->28289K(1075200K)
[2020-04-15T02:01:32.900-0700][gc            ] GC(1393) Pause Young (Normal) (G1 Evacuation Pause) 285M->240M(1024M) 18.993ms
[2020-04-15T02:01:32.900-0700][gc,cpu        ] GC(1393) User=0.04s Sys=0.00s Real=0.02s
[2020-04-15T02:01:47.232-0700][gc,start      ] GC(1394) Pause Young (Normal) (G1 Evacuation Pause)
