[2020-03-30T18:04:12.903-0700][gc,heap] Heap region size: 1M
[2020-03-30T18:04:12.912-0700][gc     ] Using G1
[2020-03-30T18:04:12.912-0700][gc,heap,coops] Heap address: 0x00000000e0000000, size: 512 MB, Compressed Oops mode: 32-bit
[2020-03-30T18:19:08.670-0700][gc,start     ] GC(0) Pause Young (Normal) (G1 Evacuation Pause)
[2020-03-30T18:19:08.670-0700][gc,task      ] GC(0) Using 4 workers of 4 for evacuation
[2020-03-30T18:19:08.689-0700][gc,phases    ] GC(0)   Pre Evacuate Collection Set: 0.0ms
[2020-03-30T18:19:08.689-0700][gc,phases    ] GC(0)   Evacuate Collection Set: 17.8ms
[2020-03-30T18:19:08.689-0700][gc,phases    ] GC(0)   Post Evacuate Collection Set: 0.8ms
[2020-03-30T18:19:08.689-0700][gc,phases    ] GC(0)   Other: 0.6ms
[2020-03-30T18:19:08.689-0700][gc,heap      ] GC(0) Eden regions: 25->0(21)
[2020-03-30T18:19:08.689-0700][gc,heap      ] GC(0) Survivor regions: 0->4(4)
[2020-03-30T18:19:08.689-0700][gc,heap      ] GC(0) Old regions: 0->2
[2020-03-30T18:19:08.689-0700][gc,heap      ] GC(0) Humongous regions: 1->1
[2020-03-30T18:19:08.689-0700][gc,metaspace ] GC(0) Metaspace: 7700K->7700K(1056768K)
[2020-03-30T18:19:08.689-0700][gc           ] GC(0) Pause Young (Normal) (G1 Evacuation Pause) 26M->6M(512M) 19.348ms
[2020-03-30T18:19:08.689-0700][gc,cpu       ] GC(0) User=0.03s Sys=0.00s Real=0.02s
[2020-03-30T19:09:26.047-0700][gc,start     ] GC(1) Pause Young (Normal) (G1 Evacuation Pause)
[2020-03-30T19:09:26.047-0700][gc,task      ] GC(1) Using 4 workers of 4 for evacuation
[2020-03-30T19:09:26.062-0700][gc,phases    ] GC(1)   Pre Evacuate Collection Set: 0.0ms
[2020-03-30T19:09:26.062-0700][gc,phases    ] GC(1)   Evacuate Collection Set: 13.5ms
[2020-03-30T19:09:26.062-0700][gc,phases    ] GC(1)   Post Evacuate Collection Set: 0.9ms
[2020-03-30T19:09:26.062-0700][gc,phases    ] GC(1)   Other: 0.4ms
[2020-03-30T19:09:26.062-0700][gc,heap      ] GC(1) Eden regions: 21->0(24)
[2020-03-30T19:09:26.062-0700][gc,heap      ] GC(1) Survivor regions: 4->1(4)
[2020-03-30T19:09:26.062-0700][gc,heap      ] GC(1) Old regions: 2->6
[2020-03-30T19:09:26.062-0700][gc,heap      ] GC(1) Humongous regions: 1->1
[2020-03-30T19:09:26.062-0700][gc,metaspace ] GC(1) Metaspace: 7734K->7734K(1056768K)
[2020-03-30T19:09:26.063-0700][gc           ] GC(1) Pause Young (Normal) (G1 Evacuation Pause) 27M->7M(512M) 15.231ms
[2020-03-30T19:09:26.063-0700][gc,cpu       ] GC(1) User=0.05s Sys=0.01s Real=0.01s
[2020-03-30T19:56:42.076-0700][gc,start     ] GC(2) Pause Young (Normal) (G1 Evacuation Pause)
[2020-03-30T19:56:42.076-0700][gc,task      ] GC(2) Using 4 workers of 4 for evacuation
[2020-03-30T19:56:42.078-0700][gc,phases    ] GC(2)   Pre Evacuate Collection Set: 0.0ms
[2020-03-30T19:56:42.078-0700][gc,phases    ] GC(2)   Evacuate Collection Set: 1.1ms
[2020-03-30T19:56:42.078-0700][gc,phases    ] GC(2)   Post Evacuate Collection Set: 0.5ms
[2020-03-30T19:56:42.078-0700][gc,phases    ] GC(2)   Other: 0.2ms
[2020-03-30T19:56:42.078-0700][gc,heap      ] GC(2) Eden regions: 24->0(24)
[2020-03-30T19:56:42.078-0700][gc,heap      ] GC(2) Survivor regions: 1->1(4)
[2020-03-30T19:56:42.078-0700][gc,heap      ] GC(2) Old regions: 6->6
[2020-03-30T19:56:42.078-0700][gc,heap      ] GC(2) Humongous regions: 1->1
[2020-03-30T19:56:42.078-0700][gc,metaspace ] GC(2) Metaspace: 7774K->7774K(1056768K)
[2020-03-30T19:56:42.078-0700][gc           ] GC(2) Pause Young (Normal) (G1 Evacuation Pause) 31M->7M(512M) 2.070ms
[2020-03-30T19:56:42.078-0700][gc,cpu       ] GC(2) User=0.00s Sys=0.00s Real=0.00s
[2020-03-30T20:44:02.910-0700][gc,start     ] GC(3) Pause Young (Normal) (G1 Evacuation Pause)
[2020-03-30T20:44:02.910-0700][gc,task      ] GC(3) Using 4 workers of 4 for evacuation
[2020-03-30T20:44:02.912-0700][gc,phases    ] GC(3)   Pre Evacuate Collection Set: 0.0ms
[2020-03-30T20:44:02.912-0700][gc,phases    ] GC(3)   Evacuate Collection Set: 1.8ms
[2020-03-30T20:44:02.912-0700][gc,phases    ] GC(3)   Post Evacuate Collection Set: 0.7ms
[2020-03-30T20:44:02.913-0700][gc,phases    ] GC(3)   Other: 0.3ms
[2020-03-30T20:44:02.913-0700][gc,heap      ] GC(3) Eden regions: 24->0(24)
[2020-03-30T20:44:02.913-0700][gc,heap      ] GC(3) Survivor regions: 1->1(4)
[2020-03-30T20:44:02.913-0700][gc,heap      ] GC(3) Old regions: 6->6
[2020-03-30T20:44:02.913-0700][gc,heap      ] GC(3) Humongous regions: 1->1
[2020-03-30T20:44:02.913-0700][gc,metaspace ] GC(3) Metaspace: 7779K->7779K(1056768K)
[2020-03-30T20:44:02.913-0700][gc           ] GC(3) Pause Young (Normal) (G1 Evacuation Pause) 31M->7M(512M) 3.023ms
[2020-03-30T20:44:02.913-0700][gc,cpu       ] GC(3) User=0.01s Sys=0.00s Real=0.01s
[2020-03-30T21:32:10.192-0700][gc,start     ] GC(4) Pause Young (Normal) (G1 Evacuation Pause)
[2020-03-30T21:32:10.192-0700][gc,task      ] GC(4) Using 4 workers of 4 for evacuation
[2020-03-30T21:32:10.195-0700][gc,phases    ] GC(4)   Pre Evacuate Collection Set: 0.0ms
[2020-03-30T21:32:10.195-0700][gc,phases    ] GC(4)   Evacuate Collection Set: 2.9ms
[2020-03-30T21:32:10.195-0700][gc,phases    ] GC(4)   Post Evacuate Collection Set: 0.4ms
[2020-03-30T21:32:10.196-0700][gc,phases    ] GC(4)   Other: 0.2ms
[2020-03-30T21:32:10.196-0700][gc,heap      ] GC(4) Eden regions: 24->0(24)
[2020-03-30T21:32:10.196-0700][gc,heap      ] GC(4) Survivor regions: 1->1(4)
[2020-03-30T21:32:10.196-0700][gc,heap      ] GC(4) Old regions: 6->6
[2020-03-30T21:32:10.196-0700][gc,heap      ] GC(4) Humongous regions: 1->1
[2020-03-30T21:32:10.196-0700][gc,metaspace ] GC(4) Metaspace: 7781K->7781K(1056768K)
[2020-03-30T21:32:10.196-0700][gc           ] GC(4) Pause Young (Normal) (G1 Evacuation Pause) 31M->7M(512M) 3.690ms
[2020-03-30T21:32:10.196-0700][gc,cpu       ] GC(4) User=0.00s Sys=0.00s Real=0.00s
[2020-03-30T22:20:29.344-0700][gc,start     ] GC(5) Pause Young (Normal) (G1 Evacuation Pause)
[2020-03-30T22:20:29.344-0700][gc,task      ] GC(5) Using 4 workers of 4 for evacuation
[2020-03-30T22:20:29.347-0700][gc,phases    ] GC(5)   Pre Evacuate Collection Set: 0.0ms
[2020-03-30T22:20:29.347-0700][gc,phases    ] GC(5)   Evacuate Collection Set: 2.1ms
[2020-03-30T22:20:29.347-0700][gc,phases    ] GC(5)   Post Evacuate Collection Set: 0.5ms
[2020-03-30T22:20:29.347-0700][gc,phases    ] GC(5)   Other: 0.3ms
[2020-03-30T22:20:29.347-0700][gc,heap      ] GC(5) Eden regions: 24->0(24)
[2020-03-30T22:20:29.347-0700][gc,heap      ] GC(5) Survivor regions: 1->1(4)
[2020-03-30T22:20:29.347-0700][gc,heap      ] GC(5) Old regions: 6->6
[2020-03-30T22:20:29.347-0700][gc,heap      ] GC(5) Humongous regions: 1->1
[2020-03-30T22:20:29.347-0700][gc,metaspace ] GC(5) Metaspace: 7796K->7796K(1056768K)
[2020-03-30T22:20:29.347-0700][gc           ] GC(5) Pause Young (Normal) (G1 Evacuation Pause) 31M->7M(512M) 3.109ms
[2020-03-30T22:20:29.347-0700][gc,cpu       ] GC(5) User=0.00s Sys=0.00s Real=0.00s
[2020-03-30T23:17:47.525-0700][gc,start     ] GC(6) Pause Young (Normal) (G1 Evacuation Pause)
[2020-03-30T23:17:47.525-0700][gc,task      ] GC(6) Using 4 workers of 4 for evacuation
[2020-03-30T23:17:47.527-0700][gc,phases    ] GC(6)   Pre Evacuate Collection Set: 0.0ms
[2020-03-30T23:17:47.527-0700][gc,phases    ] GC(6)   Evacuate Collection Set: 1.4ms
[2020-03-30T23:17:47.527-0700][gc,phases    ] GC(6)   Post Evacuate Collection Set: 0.7ms
[2020-03-30T23:17:47.527-0700][gc,phases    ] GC(6)   Other: 0.2ms
[2020-03-30T23:17:47.527-0700][gc,heap      ] GC(6) Eden regions: 24->0(25)
[2020-03-30T23:17:47.527-0700][gc,heap      ] GC(6) Survivor regions: 1->1(4)
[2020-03-30T23:17:47.527-0700][gc,heap      ] GC(6) Old regions: 6->6
[2020-03-30T23:17:47.527-0700][gc,heap      ] GC(6) Humongous regions: 1->1
[2020-03-30T23:17:47.527-0700][gc,metaspace ] GC(6) Metaspace: 7821K->7821K(1056768K)
[2020-03-30T23:17:47.527-0700][gc           ] GC(6) Pause Young (Normal) (G1 Evacuation Pause) 31M->7M(512M) 2.598ms
[2020-03-30T23:17:47.527-0700][gc,cpu       ] GC(6) User=0.00s Sys=0.00s Real=0.00s
[2020-03-31T00:02:15.787-0700][gc,start     ] GC(7) Pause Young (Normal) (G1 Evacuation Pause)
[2020-03-31T00:02:15.787-0700][gc,task      ] GC(7) Using 4 workers of 4 for evacuation
[2020-03-31T00:02:15.789-0700][gc,phases    ] GC(7)   Pre Evacuate Collection Set: 0.0ms
[2020-03-31T00:02:15.789-0700][gc,phases    ] GC(7)   Evacuate Collection Set: 1.5ms
[2020-03-31T00:02:15.789-0700][gc,phases    ] GC(7)   Post Evacuate Collection Set: 0.6ms
[2020-03-31T00:02:15.789-0700][gc,phases    ] GC(7)   Other: 0.2ms
[2020-03-31T00:02:15.789-0700][gc,heap      ] GC(7) Eden regions: 25->0(33)
[2020-03-31T00:02:15.789-0700][gc,heap      ] GC(7) Survivor regions: 1->1(4)
[2020-03-31T00:02:15.789-0700][gc,heap      ] GC(7) Old regions: 6->6
[2020-03-31T00:02:15.789-0700][gc,heap      ] GC(7) Humongous regions: 1->1
[2020-03-31T00:02:15.789-0700][gc,metaspace ] GC(7) Metaspace: 7838K->7838K(1056768K)
[2020-03-31T00:02:15.789-0700][gc           ] GC(7) Pause Young (Normal) (G1 Evacuation Pause) 32M->7M(512M) 2.610ms
[2020-03-31T00:02:15.790-0700][gc,cpu       ] GC(7) User=0.01s Sys=0.00s Real=0.00s
[2020-03-31T00:47:49.364-0700][gc,start     ] GC(8) Pause Young (Normal) (G1 Evacuation Pause)
[2020-03-31T00:47:49.378-0700][gc,task      ] GC(8) Using 4 workers of 4 for evacuation
[2020-03-31T00:47:49.379-0700][gc,phases    ] GC(8)   Pre Evacuate Collection Set: 0.0ms
[2020-03-31T00:47:49.379-0700][gc,phases    ] GC(8)   Evacuate Collection Set: 0.9ms
[2020-03-31T00:47:49.379-0700][gc,phases    ] GC(8)   Post Evacuate Collection Set: 0.4ms
[2020-03-31T00:47:49.379-0700][gc,phases    ] GC(8)   Other: 13.8ms
[2020-03-31T00:47:49.379-0700][gc,heap      ] GC(8) Eden regions: 33->0(56)
[2020-03-31T00:47:49.379-0700][gc,heap      ] GC(8) Survivor regions: 1->1(5)
[2020-03-31T00:47:49.379-0700][gc,heap      ] GC(8) Old regions: 6->6
[2020-03-31T00:47:49.379-0700][gc,heap      ] GC(8) Humongous regions: 1->1
[2020-03-31T00:47:49.379-0700][gc,metaspace ] GC(8) Metaspace: 7861K->7861K(1056768K)
[2020-03-31T00:47:49.379-0700][gc           ] GC(8) Pause Young (Normal) (G1 Evacuation Pause) 40M->7M(512M) 15.307ms
[2020-03-31T00:47:49.379-0700][gc,cpu       ] GC(8) User=0.00s Sys=0.01s Real=0.01s
[2020-03-31T02:09:17.506-0700][gc,start     ] GC(9) Pause Young (Normal) (G1 Evacuation Pause)
[2020-03-31T02:09:17.515-0700][gc,task      ] GC(9) Using 4 workers of 4 for evacuation
[2020-03-31T02:09:17.518-0700][gc,phases    ] GC(9)   Pre Evacuate Collection Set: 0.0ms
[2020-03-31T02:09:17.518-0700][gc,phases    ] GC(9)   Evacuate Collection Set: 1.7ms
[2020-03-31T02:09:17.518-0700][gc,phases    ] GC(9)   Post Evacuate Collection Set: 0.6ms
[2020-03-31T02:09:17.518-0700][gc,phases    ] GC(9)   Other: 9.9ms
[2020-03-31T02:09:17.518-0700][gc,heap      ] GC(9) Eden regions: 56->0(77)
[2020-03-31T02:09:17.518-0700][gc,heap      ] GC(9) Survivor regions: 1->1(8)
[2020-03-31T02:09:17.518-0700][gc,heap      ] GC(9) Old regions: 6->6
[2020-03-31T02:09:17.518-0700][gc,heap      ] GC(9) Humongous regions: 1->1
[2020-03-31T02:09:17.518-0700][gc,metaspace ] GC(9) Metaspace: 7861K->7861K(1056768K)
[2020-03-31T02:09:17.518-0700][gc           ] GC(9) Pause Young (Normal) (G1 Evacuation Pause) 63M->7M(512M) 12.469ms
[2020-03-31T02:09:17.518-0700][gc,cpu       ] GC(9) User=0.00s Sys=0.00s Real=0.01s
[2020-03-31T03:51:21.614-0700][gc,start     ] GC(10) Pause Young (Normal) (G1 Evacuation Pause)
[2020-03-31T03:51:22.218-0700][gc,task      ] GC(10) Using 4 workers of 4 for evacuation
[2020-03-31T03:51:22.222-0700][gc,phases    ] GC(10)   Pre Evacuate Collection Set: 0.0ms
[2020-03-31T03:51:22.222-0700][gc,phases    ] GC(10)   Evacuate Collection Set: 2.6ms
[2020-03-31T03:51:22.222-0700][gc,phases    ] GC(10)   Post Evacuate Collection Set: 0.8ms
[2020-03-31T03:51:22.222-0700][gc,phases    ] GC(10)   Other: 604.7ms
[2020-03-31T03:51:22.222-0700][gc,heap      ] GC(10) Eden regions: 77->0(107)
[2020-03-31T03:51:22.222-0700][gc,heap      ] GC(10) Survivor regions: 1->1(10)
[2020-03-31T03:51:22.222-0700][gc,heap      ] GC(10) Old regions: 6->6
[2020-03-31T03:51:22.222-0700][gc,heap      ] GC(10) Humongous regions: 1->1
[2020-03-31T03:51:22.222-0700][gc,metaspace ] GC(10) Metaspace: 7873K->7873K(1056768K)
[2020-03-31T03:51:22.222-0700][gc           ] GC(10) Pause Young (Normal) (G1 Evacuation Pause) 84M->7M(512M) 608.426ms
[2020-03-31T03:51:22.222-0700][gc,cpu       ] GC(10) User=0.01s Sys=0.00s Real=0.60s
[2020-03-31T04:24:21.404-0700][gc,heap,exit ] Heap
[2020-03-31T04:24:21.457-0700][gc,heap,exit ]  garbage-first heap   total 524288K, used 42229K [0x00000000e0000000, 0x0000000100000000)
[2020-03-31T04:24:21.457-0700][gc,heap,exit ]   region size 1024K, 36 young (36864K), 1 survivors (1024K)
[2020-03-31T04:24:21.457-0700][gc,heap,exit ]  Metaspace       used 7913K, capacity 8143K, committed 8448K, reserved 1056768K
[2020-03-31T04:24:21.457-0700][gc,heap,exit ]   class space    used 836K, capacity 930K, committed 1024K, reserved 1048576K
