[2020-03-31T15:57:58.203-0700][gc,heap] Heap region size: 1M
[2020-03-31T15:57:58.212-0700][gc     ] Using G1
[2020-03-31T15:57:58.212-0700][gc,heap,coops] Heap address: 0x00000000e0000000, size: 512 MB, Compressed Oops mode: 32-bit
[2020-03-31T17:46:17.089-0700][gc,start     ] GC(0) Pause Young (Normal) (G1 Evacuation Pause)
[2020-03-31T17:46:17.090-0700][gc,task      ] GC(0) Using 4 workers of 4 for evacuation
[2020-03-31T17:46:17.106-0700][gc,phases    ] GC(0)   Pre Evacuate Collection Set: 0.0ms
[2020-03-31T17:46:17.106-0700][gc,phases    ] GC(0)   Evacuate Collection Set: 14.8ms
[2020-03-31T17:46:17.106-0700][gc,phases    ] GC(0)   Post Evacuate Collection Set: 0.9ms
[2020-03-31T17:46:17.106-0700][gc,phases    ] GC(0)   Other: 1.2ms
[2020-03-31T17:46:17.106-0700][gc,heap      ] GC(0) Eden regions: 25->0(21)
[2020-03-31T17:46:17.106-0700][gc,heap      ] GC(0) Survivor regions: 0->4(4)
[2020-03-31T17:46:17.106-0700][gc,heap      ] GC(0) Old regions: 0->2
[2020-03-31T17:46:17.106-0700][gc,heap      ] GC(0) Humongous regions: 1->1
[2020-03-31T17:46:17.106-0700][gc,metaspace ] GC(0) Metaspace: 7648K->7648K(1056768K)
[2020-03-31T17:46:17.106-0700][gc           ] GC(0) Pause Young (Normal) (G1 Evacuation Pause) 26M->6M(512M) 17.190ms
[2020-03-31T17:46:17.106-0700][gc,cpu       ] GC(0) User=0.05s Sys=0.00s Real=0.02s
[2020-03-31T18:07:39.064-0700][gc,start     ] GC(1) Pause Young (Normal) (G1 Evacuation Pause)
[2020-03-31T18:07:39.064-0700][gc,task      ] GC(1) Using 4 workers of 4 for evacuation
[2020-03-31T18:07:39.080-0700][gc,phases    ] GC(1)   Pre Evacuate Collection Set: 0.0ms
[2020-03-31T18:07:39.080-0700][gc,phases    ] GC(1)   Evacuate Collection Set: 15.8ms
[2020-03-31T18:07:39.080-0700][gc,phases    ] GC(1)   Post Evacuate Collection Set: 0.7ms
[2020-03-31T18:07:39.081-0700][gc,phases    ] GC(1)   Other: 0.3ms
[2020-03-31T18:07:39.081-0700][gc,heap      ] GC(1) Eden regions: 21->0(24)
[2020-03-31T18:07:39.081-0700][gc,heap      ] GC(1) Survivor regions: 4->1(4)
[2020-03-31T18:07:39.081-0700][gc,heap      ] GC(1) Old regions: 2->6
[2020-03-31T18:07:39.081-0700][gc,heap      ] GC(1) Humongous regions: 1->1
[2020-03-31T18:07:39.081-0700][gc,metaspace ] GC(1) Metaspace: 7784K->7784K(1056768K)
[2020-03-31T18:07:39.081-0700][gc           ] GC(1) Pause Young (Normal) (G1 Evacuation Pause) 27M->7M(512M) 17.014ms
[2020-03-31T18:07:39.081-0700][gc,cpu       ] GC(1) User=0.03s Sys=0.01s Real=0.02s
[2020-03-31T18:29:42.699-0700][gc,start     ] GC(2) Pause Young (Normal) (G1 Evacuation Pause)
[2020-03-31T18:29:42.699-0700][gc,task      ] GC(2) Using 4 workers of 4 for evacuation
[2020-03-31T18:29:42.702-0700][gc,phases    ] GC(2)   Pre Evacuate Collection Set: 0.0ms
[2020-03-31T18:29:42.702-0700][gc,phases    ] GC(2)   Evacuate Collection Set: 2.8ms
[2020-03-31T18:29:42.702-0700][gc,phases    ] GC(2)   Post Evacuate Collection Set: 0.5ms
[2020-03-31T18:29:42.702-0700][gc,phases    ] GC(2)   Other: 0.3ms
[2020-03-31T18:29:42.703-0700][gc,heap      ] GC(2) Eden regions: 24->0(24)
[2020-03-31T18:29:42.703-0700][gc,heap      ] GC(2) Survivor regions: 1->1(4)
[2020-03-31T18:29:42.703-0700][gc,heap      ] GC(2) Old regions: 6->6
[2020-03-31T18:29:42.703-0700][gc,heap      ] GC(2) Humongous regions: 1->1
[2020-03-31T18:29:42.703-0700][gc,metaspace ] GC(2) Metaspace: 7800K->7800K(1056768K)
[2020-03-31T18:29:42.703-0700][gc           ] GC(2) Pause Young (Normal) (G1 Evacuation Pause) 31M->7M(512M) 3.942ms
[2020-03-31T18:29:42.703-0700][gc,cpu       ] GC(2) User=0.00s Sys=0.00s Real=0.00s
[2020-03-31T18:53:30.461-0700][gc,start     ] GC(3) Pause Young (Normal) (G1 Evacuation Pause)
[2020-03-31T18:53:30.461-0700][gc,task      ] GC(3) Using 4 workers of 4 for evacuation
[2020-03-31T18:53:30.463-0700][gc,phases    ] GC(3)   Pre Evacuate Collection Set: 0.0ms
[2020-03-31T18:53:30.463-0700][gc,phases    ] GC(3)   Evacuate Collection Set: 1.6ms
[2020-03-31T18:53:30.463-0700][gc,phases    ] GC(3)   Post Evacuate Collection Set: 0.6ms
[2020-03-31T18:53:30.463-0700][gc,phases    ] GC(3)   Other: 0.2ms
[2020-03-31T18:53:30.463-0700][gc,heap      ] GC(3) Eden regions: 24->0(24)
[2020-03-31T18:53:30.463-0700][gc,heap      ] GC(3) Survivor regions: 1->1(4)
[2020-03-31T18:53:30.463-0700][gc,heap      ] GC(3) Old regions: 6->6
[2020-03-31T18:53:30.463-0700][gc,heap      ] GC(3) Humongous regions: 1->1
[2020-03-31T18:53:30.463-0700][gc,metaspace ] GC(3) Metaspace: 7811K->7811K(1056768K)
[2020-03-31T18:53:30.463-0700][gc           ] GC(3) Pause Young (Normal) (G1 Evacuation Pause) 31M->7M(512M) 2.700ms
[2020-03-31T18:53:30.463-0700][gc,cpu       ] GC(3) User=0.01s Sys=0.00s Real=0.00s
[2020-03-31T19:16:38.738-0700][gc,start     ] GC(4) Pause Young (Normal) (G1 Evacuation Pause)
[2020-03-31T19:16:38.738-0700][gc,task      ] GC(4) Using 4 workers of 4 for evacuation
[2020-03-31T19:16:38.742-0700][gc,phases    ] GC(4)   Pre Evacuate Collection Set: 0.0ms
[2020-03-31T19:16:38.742-0700][gc,phases    ] GC(4)   Evacuate Collection Set: 4.1ms
[2020-03-31T19:16:38.742-0700][gc,phases    ] GC(4)   Post Evacuate Collection Set: 0.4ms
[2020-03-31T19:16:38.742-0700][gc,phases    ] GC(4)   Other: 0.1ms
[2020-03-31T19:16:38.742-0700][gc,heap      ] GC(4) Eden regions: 24->0(24)
[2020-03-31T19:16:38.742-0700][gc,heap      ] GC(4) Survivor regions: 1->1(4)
[2020-03-31T19:16:38.742-0700][gc,heap      ] GC(4) Old regions: 6->6
[2020-03-31T19:16:38.742-0700][gc,heap      ] GC(4) Humongous regions: 1->1
[2020-03-31T19:16:38.742-0700][gc,metaspace ] GC(4) Metaspace: 7816K->7816K(1056768K)
[2020-03-31T19:16:38.742-0700][gc           ] GC(4) Pause Young (Normal) (G1 Evacuation Pause) 31M->7M(512M) 4.730ms
[2020-03-31T19:16:38.742-0700][gc,cpu       ] GC(4) User=0.00s Sys=0.00s Real=0.00s
[2020-03-31T19:40:46.122-0700][gc,start     ] GC(5) Pause Young (Normal) (G1 Evacuation Pause)
[2020-03-31T19:40:46.122-0700][gc,task      ] GC(5) Using 4 workers of 4 for evacuation
[2020-03-31T19:40:46.125-0700][gc,phases    ] GC(5)   Pre Evacuate Collection Set: 0.0ms
[2020-03-31T19:40:46.125-0700][gc,phases    ] GC(5)   Evacuate Collection Set: 1.6ms
[2020-03-31T19:40:46.125-0700][gc,phases    ] GC(5)   Post Evacuate Collection Set: 0.6ms
[2020-03-31T19:40:46.125-0700][gc,phases    ] GC(5)   Other: 0.2ms
[2020-03-31T19:40:46.125-0700][gc,heap      ] GC(5) Eden regions: 24->0(24)
[2020-03-31T19:40:46.125-0700][gc,heap      ] GC(5) Survivor regions: 1->1(4)
[2020-03-31T19:40:46.125-0700][gc,heap      ] GC(5) Old regions: 6->6
[2020-03-31T19:40:46.125-0700][gc,heap      ] GC(5) Humongous regions: 1->1
[2020-03-31T19:40:46.125-0700][gc,metaspace ] GC(5) Metaspace: 7860K->7860K(1056768K)
[2020-03-31T19:40:46.125-0700][gc           ] GC(5) Pause Young (Normal) (G1 Evacuation Pause) 31M->7M(512M) 2.659ms
[2020-03-31T19:40:46.125-0700][gc,cpu       ] GC(5) User=0.00s Sys=0.00s Real=0.00s
[2020-03-31T20:06:56.055-0700][gc,start     ] GC(6) Pause Young (Normal) (G1 Evacuation Pause)
[2020-03-31T20:06:56.055-0700][gc,task      ] GC(6) Using 4 workers of 4 for evacuation
[2020-03-31T20:06:56.057-0700][gc,phases    ] GC(6)   Pre Evacuate Collection Set: 0.0ms
[2020-03-31T20:06:56.057-0700][gc,phases    ] GC(6)   Evacuate Collection Set: 1.5ms
[2020-03-31T20:06:56.057-0700][gc,phases    ] GC(6)   Post Evacuate Collection Set: 0.6ms
[2020-03-31T20:06:56.058-0700][gc,phases    ] GC(6)   Other: 0.2ms
[2020-03-31T20:06:56.058-0700][gc,heap      ] GC(6) Eden regions: 24->0(24)
[2020-03-31T20:06:56.058-0700][gc,heap      ] GC(6) Survivor regions: 1->1(4)
[2020-03-31T20:06:56.058-0700][gc,heap      ] GC(6) Old regions: 6->6
[2020-03-31T20:06:56.058-0700][gc,heap      ] GC(6) Humongous regions: 1->1
[2020-03-31T20:06:56.058-0700][gc,metaspace ] GC(6) Metaspace: 7860K->7860K(1056768K)
[2020-03-31T20:06:56.058-0700][gc           ] GC(6) Pause Young (Normal) (G1 Evacuation Pause) 31M->7M(512M) 2.628ms
[2020-03-31T20:06:56.058-0700][gc,cpu       ] GC(6) User=0.00s Sys=0.00s Real=0.00s
[2020-03-31T20:33:02.666-0700][gc,start     ] GC(7) Pause Young (Normal) (G1 Evacuation Pause)
[2020-03-31T20:33:02.667-0700][gc,task      ] GC(7) Using 4 workers of 4 for evacuation
[2020-03-31T20:33:02.672-0700][gc,phases    ] GC(7)   Pre Evacuate Collection Set: 0.0ms
[2020-03-31T20:33:02.672-0700][gc,phases    ] GC(7)   Evacuate Collection Set: 4.2ms
[2020-03-31T20:33:02.672-0700][gc,phases    ] GC(7)   Post Evacuate Collection Set: 0.7ms
[2020-03-31T20:33:02.672-0700][gc,phases    ] GC(7)   Other: 0.3ms
[2020-03-31T20:33:02.672-0700][gc,heap      ] GC(7) Eden regions: 24->0(30)
[2020-03-31T20:33:02.672-0700][gc,heap      ] GC(7) Survivor regions: 1->1(4)
[2020-03-31T20:33:02.672-0700][gc,heap      ] GC(7) Old regions: 6->6
[2020-03-31T20:33:02.672-0700][gc,heap      ] GC(7) Humongous regions: 1->1
[2020-03-31T20:33:02.672-0700][gc,metaspace ] GC(7) Metaspace: 7862K->7862K(1056768K)
[2020-03-31T20:33:02.672-0700][gc           ] GC(7) Pause Young (Normal) (G1 Evacuation Pause) 31M->7M(512M) 5.579ms
[2020-03-31T20:33:02.672-0700][gc,cpu       ] GC(7) User=0.01s Sys=0.00s Real=0.00s
[2020-03-31T21:03:45.593-0700][gc,start     ] GC(8) Pause Young (Normal) (G1 Evacuation Pause)
[2020-03-31T21:03:45.593-0700][gc,task      ] GC(8) Using 4 workers of 4 for evacuation
[2020-03-31T21:03:45.595-0700][gc,phases    ] GC(8)   Pre Evacuate Collection Set: 0.0ms
[2020-03-31T21:03:45.595-0700][gc,phases    ] GC(8)   Evacuate Collection Set: 1.8ms
[2020-03-31T21:03:45.595-0700][gc,phases    ] GC(8)   Post Evacuate Collection Set: 0.5ms
[2020-03-31T21:03:45.596-0700][gc,phases    ] GC(8)   Other: 0.2ms
[2020-03-31T21:03:45.596-0700][gc,heap      ] GC(8) Eden regions: 30->0(41)
[2020-03-31T21:03:45.596-0700][gc,heap      ] GC(8) Survivor regions: 1->1(4)
[2020-03-31T21:03:45.596-0700][gc,heap      ] GC(8) Old regions: 6->6
[2020-03-31T21:03:45.596-0700][gc,heap      ] GC(8) Humongous regions: 1->1
[2020-03-31T21:03:45.596-0700][gc,metaspace ] GC(8) Metaspace: 7864K->7864K(1056768K)
[2020-03-31T21:03:45.596-0700][gc           ] GC(8) Pause Young (Normal) (G1 Evacuation Pause) 37M->7M(512M) 2.791ms
[2020-03-31T21:03:45.596-0700][gc,cpu       ] GC(8) User=0.01s Sys=0.00s Real=0.01s
[2020-03-31T21:41:06.003-0700][gc,start     ] GC(9) Pause Young (Normal) (G1 Evacuation Pause)
[2020-03-31T21:41:06.003-0700][gc,task      ] GC(9) Using 4 workers of 4 for evacuation
[2020-03-31T21:41:06.005-0700][gc,phases    ] GC(9)   Pre Evacuate Collection Set: 0.0ms
[2020-03-31T21:41:06.005-0700][gc,phases    ] GC(9)   Evacuate Collection Set: 1.6ms
[2020-03-31T21:41:06.005-0700][gc,phases    ] GC(9)   Post Evacuate Collection Set: 0.4ms
[2020-03-31T21:41:06.005-0700][gc,phases    ] GC(9)   Other: 0.2ms
[2020-03-31T21:41:06.005-0700][gc,heap      ] GC(9) Eden regions: 41->0(57)
[2020-03-31T21:41:06.005-0700][gc,heap      ] GC(9) Survivor regions: 1->1(6)
[2020-03-31T21:41:06.005-0700][gc,heap      ] GC(9) Old regions: 6->6
[2020-03-31T21:41:06.005-0700][gc,heap      ] GC(9) Humongous regions: 1->1
[2020-03-31T21:41:06.005-0700][gc,metaspace ] GC(9) Metaspace: 7872K->7872K(1056768K)
[2020-03-31T21:41:06.005-0700][gc           ] GC(9) Pause Young (Normal) (G1 Evacuation Pause) 48M->7M(512M) 2.453ms
[2020-03-31T21:41:06.005-0700][gc,cpu       ] GC(9) User=0.00s Sys=0.01s Real=0.00s
[2020-03-31T22:33:09.797-0700][gc,start     ] GC(10) Pause Young (Normal) (G1 Evacuation Pause)
[2020-03-31T22:33:09.797-0700][gc,task      ] GC(10) Using 4 workers of 4 for evacuation
[2020-03-31T22:33:09.799-0700][gc,phases    ] GC(10)   Pre Evacuate Collection Set: 0.0ms
[2020-03-31T22:33:09.799-0700][gc,phases    ] GC(10)   Evacuate Collection Set: 1.9ms
[2020-03-31T22:33:09.799-0700][gc,phases    ] GC(10)   Post Evacuate Collection Set: 0.6ms
[2020-03-31T22:33:09.799-0700][gc,phases    ] GC(10)   Other: 0.3ms
[2020-03-31T22:33:09.799-0700][gc,heap      ] GC(10) Eden regions: 57->0(77)
[2020-03-31T22:33:09.799-0700][gc,heap      ] GC(10) Survivor regions: 1->1(8)
[2020-03-31T22:33:09.799-0700][gc,heap      ] GC(10) Old regions: 6->6
[2020-03-31T22:33:09.800-0700][gc,heap      ] GC(10) Humongous regions: 1->1
[2020-03-31T22:33:09.800-0700][gc,metaspace ] GC(10) Metaspace: 7872K->7872K(1056768K)
[2020-03-31T22:33:09.800-0700][gc           ] GC(10) Pause Young (Normal) (G1 Evacuation Pause) 64M->7M(512M) 3.104ms
[2020-03-31T22:33:09.800-0700][gc,cpu       ] GC(10) User=0.01s Sys=0.00s Real=0.00s
[2020-03-31T23:44:22.916-0700][gc,start     ] GC(11) Pause Young (Normal) (G1 Evacuation Pause)
[2020-03-31T23:44:22.916-0700][gc,task      ] GC(11) Using 4 workers of 4 for evacuation
[2020-03-31T23:44:22.918-0700][gc,phases    ] GC(11)   Pre Evacuate Collection Set: 0.0ms
[2020-03-31T23:44:22.918-0700][gc,phases    ] GC(11)   Evacuate Collection Set: 1.4ms
[2020-03-31T23:44:22.918-0700][gc,phases    ] GC(11)   Post Evacuate Collection Set: 0.3ms
[2020-03-31T23:44:22.918-0700][gc,phases    ] GC(11)   Other: 0.1ms
[2020-03-31T23:44:22.918-0700][gc,heap      ] GC(11) Eden regions: 77->0(105)
[2020-03-31T23:44:22.918-0700][gc,heap      ] GC(11) Survivor regions: 1->1(10)
[2020-03-31T23:44:22.918-0700][gc,heap      ] GC(11) Old regions: 6->6
[2020-03-31T23:44:22.918-0700][gc,heap      ] GC(11) Humongous regions: 1->1
[2020-03-31T23:44:22.918-0700][gc,metaspace ] GC(11) Metaspace: 7874K->7874K(1056768K)
[2020-03-31T23:44:22.918-0700][gc           ] GC(11) Pause Young (Normal) (G1 Evacuation Pause) 84M->7M(512M) 1.887ms
[2020-03-31T23:44:22.918-0700][gc,cpu       ] GC(11) User=0.01s Sys=0.00s Real=0.00s
[2020-04-01T01:20:15.600-0700][gc,start     ] GC(12) Pause Young (Normal) (G1 Evacuation Pause)
[2020-04-01T01:20:15.600-0700][gc,task      ] GC(12) Using 4 workers of 4 for evacuation
[2020-04-01T01:20:15.603-0700][gc,phases    ] GC(12)   Pre Evacuate Collection Set: 0.2ms
[2020-04-01T01:20:15.603-0700][gc,phases    ] GC(12)   Evacuate Collection Set: 1.6ms
[2020-04-01T01:20:15.603-0700][gc,phases    ] GC(12)   Post Evacuate Collection Set: 0.6ms
[2020-04-01T01:20:15.603-0700][gc,phases    ] GC(12)   Other: 0.3ms
[2020-04-01T01:20:15.603-0700][gc,heap      ] GC(12) Eden regions: 105->0(137)
[2020-04-01T01:20:15.603-0700][gc,heap      ] GC(12) Survivor regions: 1->1(14)
[2020-04-01T01:20:15.603-0700][gc,heap      ] GC(12) Old regions: 6->6
[2020-04-01T01:20:15.603-0700][gc,heap      ] GC(12) Humongous regions: 1->1
[2020-04-01T01:20:15.603-0700][gc,metaspace ] GC(12) Metaspace: 7876K->7876K(1056768K)
[2020-04-01T01:20:15.603-0700][gc           ] GC(12) Pause Young (Normal) (G1 Evacuation Pause) 112M->7M(512M) 2.869ms
[2020-04-01T01:20:15.603-0700][gc,cpu       ] GC(12) User=0.00s Sys=0.00s Real=0.00s
[2020-04-01T03:17:54.000-0700][gc,start     ] GC(13) Pause Young (Normal) (G1 Evacuation Pause)
[2020-04-01T03:17:54.033-0700][gc,task      ] GC(13) Using 4 workers of 4 for evacuation
[2020-04-01T03:17:54.035-0700][gc,phases    ] GC(13)   Pre Evacuate Collection Set: 0.0ms
[2020-04-01T03:17:54.035-0700][gc,phases    ] GC(13)   Evacuate Collection Set: 2.0ms
[2020-04-01T03:17:54.035-0700][gc,phases    ] GC(13)   Post Evacuate Collection Set: 0.6ms
[2020-04-01T03:17:54.036-0700][gc,phases    ] GC(13)   Other: 32.4ms
[2020-04-01T03:17:54.036-0700][gc,heap      ] GC(13) Eden regions: 137->0(194)
[2020-04-01T03:17:54.036-0700][gc,heap      ] GC(13) Survivor regions: 1->1(18)
[2020-04-01T03:17:54.036-0700][gc,heap      ] GC(13) Old regions: 6->6
[2020-04-01T03:17:54.036-0700][gc,heap      ] GC(13) Humongous regions: 1->1
[2020-04-01T03:17:54.036-0700][gc,metaspace ] GC(13) Metaspace: 7955K->7955K(1056768K)
[2020-04-01T03:17:54.036-0700][gc           ] GC(13) Pause Young (Normal) (G1 Evacuation Pause) 144M->7M(512M) 35.182ms
[2020-04-01T03:17:54.036-0700][gc,cpu       ] GC(13) User=0.01s Sys=0.00s Real=0.04s
[2020-04-01T06:26:31.129-0700][gc,start     ] GC(14) Pause Young (Normal) (G1 Evacuation Pause)
[2020-04-01T06:26:31.165-0700][gc,task      ] GC(14) Using 4 workers of 4 for evacuation
[2020-04-01T06:26:31.168-0700][gc,phases    ] GC(14)   Pre Evacuate Collection Set: 0.0ms
[2020-04-01T06:26:31.169-0700][gc,phases    ] GC(14)   Evacuate Collection Set: 2.4ms
[2020-04-01T06:26:31.169-0700][gc,phases    ] GC(14)   Post Evacuate Collection Set: 0.9ms
[2020-04-01T06:26:31.169-0700][gc,phases    ] GC(14)   Other: 36.6ms
[2020-04-01T06:26:31.169-0700][gc,heap      ] GC(14) Eden regions: 194->0(230)
[2020-04-01T06:26:31.169-0700][gc,heap      ] GC(14) Survivor regions: 1->1(25)
[2020-04-01T06:26:31.169-0700][gc,heap      ] GC(14) Old regions: 6->6
[2020-04-01T06:26:31.169-0700][gc,heap      ] GC(14) Humongous regions: 1->1
[2020-04-01T06:26:31.169-0700][gc,metaspace ] GC(14) Metaspace: 8003K->8003K(1056768K)
[2020-04-01T06:26:31.169-0700][gc           ] GC(14) Pause Young (Normal) (G1 Evacuation Pause) 201M->7M(512M) 40.298ms
[2020-04-01T06:26:31.169-0700][gc,cpu       ] GC(14) User=0.01s Sys=0.00s Real=0.04s
[2020-04-01T06:37:36.726-0700][gc,heap,exit ] Heap
[2020-04-01T06:37:36.726-0700][gc,heap,exit ]  garbage-first heap   total 524288K, used 23943K [0x00000000e0000000, 0x0000000100000000)
[2020-04-01T06:37:36.726-0700][gc,heap,exit ]   region size 1024K, 18 young (18432K), 1 survivors (1024K)
[2020-04-01T06:37:36.726-0700][gc,heap,exit ]  Metaspace       used 8008K, capacity 8311K, committed 8448K, reserved 1056768K
[2020-04-01T06:37:36.726-0700][gc,heap,exit ]   class space    used 839K, capacity 962K, committed 1024K, reserved 1048576K
