[2020-04-14T20:00:51.102-0700][gc,heap] Heap region size: 1M
[2020-04-14T20:00:51.106-0700][gc     ] Using G1
[2020-04-14T20:00:51.106-0700][gc,heap,coops] Heap address: 0x00000000e0000000, size: 512 MB, Compressed Oops mode: 32-bit
[2020-04-14T20:00:51.734-0700][gc,start     ] GC(0) Pause Young (Normal) (G1 Evacuation Pause)
[2020-04-14T20:00:51.734-0700][gc,task      ] GC(0) Using 4 workers of 4 for evacuation
[2020-04-14T20:00:51.743-0700][gc,phases    ] GC(0)   Pre Evacuate Collection Set: 0.0ms
[2020-04-14T20:00:51.743-0700][gc,phases    ] GC(0)   Evacuate Collection Set: 8.1ms
[2020-04-14T20:00:51.743-0700][gc,phases    ] GC(0)   Post Evacuate Collection Set: 0.5ms
[2020-04-14T20:00:51.743-0700][gc,phases    ] GC(0)   Other: 0.7ms
[2020-04-14T20:00:51.743-0700][gc,heap      ] GC(0) Eden regions: 25->0(21)
[2020-04-14T20:00:51.743-0700][gc,heap      ] GC(0) Survivor regions: 0->4(4)
[2020-04-14T20:00:51.743-0700][gc,heap      ] GC(0) Old regions: 0->2
[2020-04-14T20:00:51.743-0700][gc,heap      ] GC(0) Humongous regions: 1->1
[2020-04-14T20:00:51.743-0700][gc,metaspace ] GC(0) Metaspace: 6645K->6645K(1056768K)
[2020-04-14T20:00:51.743-0700][gc           ] GC(0) Pause Young (Normal) (G1 Evacuation Pause) 26M->6M(512M) 9.408ms
[2020-04-14T20:00:51.743-0700][gc,cpu       ] GC(0) User=0.03s Sys=0.00s Real=0.01s
[2020-04-14T20:00:51.806-0700][gc,start     ] GC(1) Pause Young (Normal) (G1 Evacuation Pause)
[2020-04-14T20:00:51.806-0700][gc,task      ] GC(1) Using 4 workers of 4 for evacuation
[2020-04-14T20:00:51.812-0700][gc,phases    ] GC(1)   Pre Evacuate Collection Set: 0.0ms
[2020-04-14T20:00:51.812-0700][gc,phases    ] GC(1)   Evacuate Collection Set: 5.0ms
[2020-04-14T20:00:51.812-0700][gc,phases    ] GC(1)   Post Evacuate Collection Set: 0.2ms
[2020-04-14T20:00:51.812-0700][gc,phases    ] GC(1)   Other: 0.1ms
[2020-04-14T20:00:51.812-0700][gc,heap      ] GC(1) Eden regions: 21->0(24)
[2020-04-14T20:00:51.812-0700][gc,heap      ] GC(1) Survivor regions: 4->1(4)
[2020-04-14T20:00:51.812-0700][gc,heap      ] GC(1) Old regions: 2->6
[2020-04-14T20:00:51.812-0700][gc,heap      ] GC(1) Humongous regions: 1->1
[2020-04-14T20:00:51.812-0700][gc,metaspace ] GC(1) Metaspace: 6648K->6648K(1056768K)
[2020-04-14T20:00:51.812-0700][gc           ] GC(1) Pause Young (Normal) (G1 Evacuation Pause) 27M->6M(512M) 5.364ms
[2020-04-14T20:00:51.812-0700][gc,cpu       ] GC(1) User=0.02s Sys=0.00s Real=0.01s
[2020-04-14T20:00:51.852-0700][gc,start     ] GC(2) Pause Young (Normal) (G1 Evacuation Pause)
[2020-04-14T20:00:51.852-0700][gc,task      ] GC(2) Using 4 workers of 4 for evacuation
[2020-04-14T20:00:51.853-0700][gc,phases    ] GC(2)   Pre Evacuate Collection Set: 0.0ms
[2020-04-14T20:00:51.853-0700][gc,phases    ] GC(2)   Evacuate Collection Set: 0.8ms
[2020-04-14T20:00:51.853-0700][gc,phases    ] GC(2)   Post Evacuate Collection Set: 0.1ms
[2020-04-14T20:00:51.853-0700][gc,phases    ] GC(2)   Other: 0.1ms
[2020-04-14T20:00:51.853-0700][gc,heap      ] GC(2) Eden regions: 24->0(24)
[2020-04-14T20:00:51.853-0700][gc,heap      ] GC(2) Survivor regions: 1->1(4)
[2020-04-14T20:00:51.853-0700][gc,heap      ] GC(2) Old regions: 6->6
[2020-04-14T20:00:51.853-0700][gc,heap      ] GC(2) Humongous regions: 1->1
[2020-04-14T20:00:51.853-0700][gc,metaspace ] GC(2) Metaspace: 6654K->6654K(1056768K)
[2020-04-14T20:00:51.853-0700][gc           ] GC(2) Pause Young (Normal) (G1 Evacuation Pause) 30M->6M(512M) 1.103ms
[2020-04-14T20:00:51.853-0700][gc,cpu       ] GC(2) User=0.00s Sys=0.00s Real=0.00s
[2020-04-14T20:00:51.919-0700][gc,start     ] GC(3) Pause Young (Normal) (G1 Evacuation Pause)
[2020-04-14T20:00:51.919-0700][gc,task      ] GC(3) Using 4 workers of 4 for evacuation
[2020-04-14T20:00:51.920-0700][gc,phases    ] GC(3)   Pre Evacuate Collection Set: 0.0ms
[2020-04-14T20:00:51.920-0700][gc,phases    ] GC(3)   Evacuate Collection Set: 1.1ms
[2020-04-14T20:00:51.920-0700][gc,phases    ] GC(3)   Post Evacuate Collection Set: 0.1ms
[2020-04-14T20:00:51.920-0700][gc,phases    ] GC(3)   Other: 0.1ms
[2020-04-14T20:00:51.920-0700][gc,heap      ] GC(3) Eden regions: 24->0(24)
[2020-04-14T20:00:51.920-0700][gc,heap      ] GC(3) Survivor regions: 1->1(4)
[2020-04-14T20:00:51.920-0700][gc,heap      ] GC(3) Old regions: 6->6
[2020-04-14T20:00:51.920-0700][gc,heap      ] GC(3) Humongous regions: 1->1
[2020-04-14T20:00:51.920-0700][gc,metaspace ] GC(3) Metaspace: 6811K->6811K(1056768K)
[2020-04-14T20:00:51.920-0700][gc           ] GC(3) Pause Young (Normal) (G1 Evacuation Pause) 30M->6M(512M) 1.393ms
[2020-04-14T20:00:51.920-0700][gc,cpu       ] GC(3) User=0.01s Sys=0.00s Real=0.00s
[2020-04-14T20:00:51.963-0700][gc,start     ] GC(4) Pause Young (Normal) (G1 Evacuation Pause)
[2020-04-14T20:00:51.963-0700][gc,task      ] GC(4) Using 4 workers of 4 for evacuation
[2020-04-14T20:00:51.966-0700][gc,phases    ] GC(4)   Pre Evacuate Collection Set: 0.0ms
[2020-04-14T20:00:51.966-0700][gc,phases    ] GC(4)   Evacuate Collection Set: 1.8ms
[2020-04-14T20:00:51.966-0700][gc,phases    ] GC(4)   Post Evacuate Collection Set: 0.2ms
[2020-04-14T20:00:51.966-0700][gc,phases    ] GC(4)   Other: 0.1ms
[2020-04-14T20:00:51.966-0700][gc,heap      ] GC(4) Eden regions: 24->0(24)
[2020-04-14T20:00:51.966-0700][gc,heap      ] GC(4) Survivor regions: 1->1(4)
[2020-04-14T20:00:51.966-0700][gc,heap      ] GC(4) Old regions: 6->6
[2020-04-14T20:00:51.966-0700][gc,heap      ] GC(4) Humongous regions: 1->1
[2020-04-14T20:00:51.966-0700][gc,metaspace ] GC(4) Metaspace: 6811K->6811K(1056768K)
[2020-04-14T20:00:51.966-0700][gc           ] GC(4) Pause Young (Normal) (G1 Evacuation Pause) 30M->6M(512M) 2.256ms
[2020-04-14T20:00:51.966-0700][gc,cpu       ] GC(4) User=0.01s Sys=0.00s Real=0.00s
[2020-04-14T20:00:52.008-0700][gc,start     ] GC(5) Pause Young (Normal) (G1 Evacuation Pause)
[2020-04-14T20:00:52.008-0700][gc,task      ] GC(5) Using 4 workers of 4 for evacuation
[2020-04-14T20:00:52.009-0700][gc,phases    ] GC(5)   Pre Evacuate Collection Set: 0.0ms
[2020-04-14T20:00:52.009-0700][gc,phases    ] GC(5)   Evacuate Collection Set: 1.0ms
[2020-04-14T20:00:52.009-0700][gc,phases    ] GC(5)   Post Evacuate Collection Set: 0.1ms
[2020-04-14T20:00:52.009-0700][gc,phases    ] GC(5)   Other: 0.1ms
[2020-04-14T20:00:52.009-0700][gc,heap      ] GC(5) Eden regions: 24->0(24)
[2020-04-14T20:00:52.009-0700][gc,heap      ] GC(5) Survivor regions: 1->1(4)
[2020-04-14T20:00:52.009-0700][gc,heap      ] GC(5) Old regions: 6->6
[2020-04-14T20:00:52.009-0700][gc,heap      ] GC(5) Humongous regions: 1->1
[2020-04-14T20:00:52.009-0700][gc,metaspace ] GC(5) Metaspace: 6830K->6830K(1056768K)
[2020-04-14T20:00:52.009-0700][gc           ] GC(5) Pause Young (Normal) (G1 Evacuation Pause) 30M->6M(512M) 1.249ms
[2020-04-14T20:00:52.009-0700][gc,cpu       ] GC(5) User=0.01s Sys=0.00s Real=0.00s
[2020-04-14T20:00:52.046-0700][gc,start     ] GC(6) Pause Young (Normal) (G1 Evacuation Pause)
[2020-04-14T20:00:52.046-0700][gc,task      ] GC(6) Using 4 workers of 4 for evacuation
[2020-04-14T20:00:52.048-0700][gc,phases    ] GC(6)   Pre Evacuate Collection Set: 0.0ms
[2020-04-14T20:00:52.048-0700][gc,phases    ] GC(6)   Evacuate Collection Set: 1.8ms
[2020-04-14T20:00:52.048-0700][gc,phases    ] GC(6)   Post Evacuate Collection Set: 0.2ms
[2020-04-14T20:00:52.048-0700][gc,phases    ] GC(6)   Other: 0.1ms
[2020-04-14T20:00:52.048-0700][gc,heap      ] GC(6) Eden regions: 24->0(24)
[2020-04-14T20:00:52.048-0700][gc,heap      ] GC(6) Survivor regions: 1->1(4)
[2020-04-14T20:00:52.048-0700][gc,heap      ] GC(6) Old regions: 6->6
[2020-04-14T20:00:52.048-0700][gc,heap      ] GC(6) Humongous regions: 1->1
[2020-04-14T20:00:52.048-0700][gc,metaspace ] GC(6) Metaspace: 6830K->6830K(1056768K)
[2020-04-14T20:00:52.048-0700][gc           ] GC(6) Pause Young (Normal) (G1 Evacuation Pause) 30M->6M(512M) 2.211ms
[2020-04-14T20:00:52.048-0700][gc,cpu       ] GC(6) User=0.01s Sys=0.00s Real=0.00s
[2020-04-14T20:00:52.084-0700][gc,start     ] GC(7) Pause Young (Normal) (G1 Evacuation Pause)
[2020-04-14T20:00:52.084-0700][gc,task      ] GC(7) Using 4 workers of 4 for evacuation
[2020-04-14T20:00:52.088-0700][gc,phases    ] GC(7)   Pre Evacuate Collection Set: 0.0ms
[2020-04-14T20:00:52.088-0700][gc,phases    ] GC(7)   Evacuate Collection Set: 4.2ms
[2020-04-14T20:00:52.088-0700][gc,phases    ] GC(7)   Post Evacuate Collection Set: 0.2ms
[2020-04-14T20:00:52.088-0700][gc,phases    ] GC(7)   Other: 0.1ms
[2020-04-14T20:00:52.088-0700][gc,heap      ] GC(7) Eden regions: 24->0(35)
[2020-04-14T20:00:52.088-0700][gc,heap      ] GC(7) Survivor regions: 1->1(4)
[2020-04-14T20:00:52.088-0700][gc,heap      ] GC(7) Old regions: 6->6
[2020-04-14T20:00:52.088-0700][gc,heap      ] GC(7) Humongous regions: 1->1
[2020-04-14T20:00:52.088-0700][gc,metaspace ] GC(7) Metaspace: 6830K->6830K(1056768K)
[2020-04-14T20:00:52.088-0700][gc           ] GC(7) Pause Young (Normal) (G1 Evacuation Pause) 30M->6M(512M) 4.567ms
[2020-04-14T20:00:52.088-0700][gc,cpu       ] GC(7) User=0.01s Sys=0.00s Real=0.00s
[2020-04-14T20:00:52.140-0700][gc,start     ] GC(8) Pause Young (Normal) (G1 Evacuation Pause)
[2020-04-14T20:00:52.140-0700][gc,task      ] GC(8) Using 4 workers of 4 for evacuation
[2020-04-14T20:00:52.142-0700][gc,phases    ] GC(8)   Pre Evacuate Collection Set: 0.0ms
[2020-04-14T20:00:52.142-0700][gc,phases    ] GC(8)   Evacuate Collection Set: 1.8ms
[2020-04-14T20:00:52.142-0700][gc,phases    ] GC(8)   Post Evacuate Collection Set: 0.2ms
[2020-04-14T20:00:52.142-0700][gc,phases    ] GC(8)   Other: 0.1ms
[2020-04-14T20:00:52.142-0700][gc,heap      ] GC(8) Eden regions: 35->0(86)
[2020-04-14T20:00:52.142-0700][gc,heap      ] GC(8) Survivor regions: 1->1(5)
[2020-04-14T20:00:52.142-0700][gc,heap      ] GC(8) Old regions: 6->6
[2020-04-14T20:00:52.142-0700][gc,heap      ] GC(8) Humongous regions: 1->1
[2020-04-14T20:00:52.142-0700][gc,metaspace ] GC(8) Metaspace: 6830K->6830K(1056768K)
[2020-04-14T20:00:52.142-0700][gc           ] GC(8) Pause Young (Normal) (G1 Evacuation Pause) 41M->6M(512M) 2.222ms
[2020-04-14T20:00:52.142-0700][gc,cpu       ] GC(8) User=0.00s Sys=0.00s Real=0.00s
[2020-04-14T20:07:03.030-0700][gc,start     ] GC(9) Pause Young (Normal) (G1 Evacuation Pause)
[2020-04-14T20:07:03.030-0700][gc,task      ] GC(9) Using 4 workers of 4 for evacuation
[2020-04-14T20:07:03.035-0700][gc,phases    ] GC(9)   Pre Evacuate Collection Set: 0.0ms
[2020-04-14T20:07:03.035-0700][gc,phases    ] GC(9)   Evacuate Collection Set: 3.9ms
[2020-04-14T20:07:03.035-0700][gc,phases    ] GC(9)   Post Evacuate Collection Set: 0.3ms
[2020-04-14T20:07:03.035-0700][gc,phases    ] GC(9)   Other: 0.2ms
[2020-04-14T20:07:03.035-0700][gc,heap      ] GC(9) Eden regions: 86->0(181)
[2020-04-14T20:07:03.035-0700][gc,heap      ] GC(9) Survivor regions: 1->1(11)
[2020-04-14T20:07:03.035-0700][gc,heap      ] GC(9) Old regions: 6->6
[2020-04-14T20:07:03.035-0700][gc,heap      ] GC(9) Humongous regions: 1->1
[2020-04-14T20:07:03.035-0700][gc,metaspace ] GC(9) Metaspace: 7702K->7702K(1056768K)
[2020-04-14T20:07:03.035-0700][gc           ] GC(9) Pause Young (Normal) (G1 Evacuation Pause) 92M->6M(512M) 4.511ms
[2020-04-14T20:07:03.035-0700][gc,cpu       ] GC(9) User=0.00s Sys=0.00s Real=0.00s
[2020-04-14T21:14:27.283-0700][gc,start     ] GC(10) Pause Young (Normal) (G1 Evacuation Pause)
[2020-04-14T21:14:27.283-0700][gc,task      ] GC(10) Using 4 workers of 4 for evacuation
[2020-04-14T21:14:27.287-0700][gc,phases    ] GC(10)   Pre Evacuate Collection Set: 0.0ms
[2020-04-14T21:14:27.287-0700][gc,phases    ] GC(10)   Evacuate Collection Set: 3.5ms
[2020-04-14T21:14:27.287-0700][gc,phases    ] GC(10)   Post Evacuate Collection Set: 1.0ms
[2020-04-14T21:14:27.288-0700][gc,phases    ] GC(10)   Other: 0.4ms
[2020-04-14T21:14:27.288-0700][gc,heap      ] GC(10) Eden regions: 181->0(187)
[2020-04-14T21:14:27.288-0700][gc,heap      ] GC(10) Survivor regions: 1->1(23)
[2020-04-14T21:14:27.288-0700][gc,heap      ] GC(10) Old regions: 6->6
[2020-04-14T21:14:27.288-0700][gc,heap      ] GC(10) Humongous regions: 1->1
[2020-04-14T21:14:27.288-0700][gc,metaspace ] GC(10) Metaspace: 7778K->7778K(1056768K)
[2020-04-14T21:14:27.288-0700][gc           ] GC(10) Pause Young (Normal) (G1 Evacuation Pause) 187M->7M(512M) 5.211ms
[2020-04-14T21:14:27.288-0700][gc,cpu       ] GC(10) User=0.02s Sys=0.00s Real=0.00s
[2020-04-14T22:24:38.187-0700][gc,start     ] GC(11) Pause Young (Normal) (G1 Evacuation Pause)
[2020-04-14T22:24:38.187-0700][gc,task      ] GC(11) Using 4 workers of 4 for evacuation
[2020-04-14T22:24:38.192-0700][gc,phases    ] GC(11)   Pre Evacuate Collection Set: 0.0ms
[2020-04-14T22:24:38.192-0700][gc,phases    ] GC(11)   Evacuate Collection Set: 3.6ms
[2020-04-14T22:24:38.192-0700][gc,phases    ] GC(11)   Post Evacuate Collection Set: 1.2ms
[2020-04-14T22:24:38.192-0700][gc,phases    ] GC(11)   Other: 0.5ms
[2020-04-14T22:24:38.192-0700][gc,heap      ] GC(11) Eden regions: 187->0(192)
[2020-04-14T22:24:38.192-0700][gc,heap      ] GC(11) Survivor regions: 1->1(24)
[2020-04-14T22:24:38.192-0700][gc,heap      ] GC(11) Old regions: 6->6
[2020-04-14T22:24:38.192-0700][gc,heap      ] GC(11) Humongous regions: 1->1
[2020-04-14T22:24:38.192-0700][gc,metaspace ] GC(11) Metaspace: 7794K->7794K(1056768K)
[2020-04-14T22:24:38.192-0700][gc           ] GC(11) Pause Young (Normal) (G1 Evacuation Pause) 194M->7M(512M) 5.497ms
[2020-04-14T22:24:38.192-0700][gc,cpu       ] GC(11) User=0.02s Sys=0.00s Real=0.01s
[2020-04-14T23:36:16.439-0700][gc,start     ] GC(12) Pause Young (Normal) (G1 Evacuation Pause)
[2020-04-14T23:36:16.439-0700][gc,task      ] GC(12) Using 4 workers of 4 for evacuation
[2020-04-14T23:36:16.447-0700][gc,phases    ] GC(12)   Pre Evacuate Collection Set: 0.0ms
[2020-04-14T23:36:16.447-0700][gc,phases    ] GC(12)   Evacuate Collection Set: 6.8ms
[2020-04-14T23:36:16.447-0700][gc,phases    ] GC(12)   Post Evacuate Collection Set: 1.1ms
[2020-04-14T23:36:16.447-0700][gc,phases    ] GC(12)   Other: 0.4ms
[2020-04-14T23:36:16.447-0700][gc,heap      ] GC(12) Eden regions: 192->0(198)
[2020-04-14T23:36:16.447-0700][gc,heap      ] GC(12) Survivor regions: 1->1(25)
[2020-04-14T23:36:16.447-0700][gc,heap      ] GC(12) Old regions: 6->6
[2020-04-14T23:36:16.447-0700][gc,heap      ] GC(12) Humongous regions: 1->1
[2020-04-14T23:36:16.447-0700][gc,metaspace ] GC(12) Metaspace: 7824K->7824K(1056768K)
[2020-04-14T23:36:16.447-0700][gc           ] GC(12) Pause Young (Normal) (G1 Evacuation Pause) 199M->7M(512M) 8.609ms
[2020-04-14T23:36:16.447-0700][gc,cpu       ] GC(12) User=0.02s Sys=0.00s Real=0.00s
[2020-04-15T00:48:13.978-0700][gc,start     ] GC(13) Pause Young (Normal) (G1 Evacuation Pause)
[2020-04-15T00:48:13.978-0700][gc,task      ] GC(13) Using 4 workers of 4 for evacuation
[2020-04-15T00:48:13.982-0700][gc,phases    ] GC(13)   Pre Evacuate Collection Set: 0.1ms
[2020-04-15T00:48:13.982-0700][gc,phases    ] GC(13)   Evacuate Collection Set: 3.3ms
[2020-04-15T00:48:13.982-0700][gc,phases    ] GC(13)   Post Evacuate Collection Set: 0.9ms
[2020-04-15T00:48:13.982-0700][gc,phases    ] GC(13)   Other: 0.4ms
[2020-04-15T00:48:13.982-0700][gc,heap      ] GC(13) Eden regions: 198->0(205)
[2020-04-15T00:48:13.982-0700][gc,heap      ] GC(13) Survivor regions: 1->1(25)
[2020-04-15T00:48:13.982-0700][gc,heap      ] GC(13) Old regions: 6->6
[2020-04-15T00:48:13.982-0700][gc,heap      ] GC(13) Humongous regions: 1->1
[2020-04-15T00:48:13.982-0700][gc,metaspace ] GC(13) Metaspace: 7968K->7968K(1056768K)
[2020-04-15T00:48:13.983-0700][gc           ] GC(13) Pause Young (Normal) (G1 Evacuation Pause) 205M->7M(512M) 4.836ms
[2020-04-15T00:48:13.983-0700][gc,cpu       ] GC(13) User=0.01s Sys=0.01s Real=0.00s
[2020-04-15T02:00:33.338-0700][gc,start     ] GC(14) Pause Young (Normal) (G1 Evacuation Pause)
[2020-04-15T02:00:33.373-0700][gc,task      ] GC(14) Using 4 workers of 4 for evacuation
[2020-04-15T02:00:33.377-0700][gc,phases    ] GC(14)   Pre Evacuate Collection Set: 0.0ms
[2020-04-15T02:00:33.377-0700][gc,phases    ] GC(14)   Evacuate Collection Set: 3.2ms
[2020-04-15T02:00:33.377-0700][gc,phases    ] GC(14)   Post Evacuate Collection Set: 1.0ms
[2020-04-15T02:00:33.377-0700][gc,phases    ] GC(14)   Other: 34.6ms
[2020-04-15T02:00:33.377-0700][gc,heap      ] GC(14) Eden regions: 205->0(210)
[2020-04-15T02:00:33.377-0700][gc,heap      ] GC(14) Survivor regions: 1->1(26)
[2020-04-15T02:00:33.377-0700][gc,heap      ] GC(14) Old regions: 6->6
[2020-04-15T02:00:33.377-0700][gc,heap      ] GC(14) Humongous regions: 1->1
[2020-04-15T02:00:33.377-0700][gc,metaspace ] GC(14) Metaspace: 7973K->7973K(1056768K)
[2020-04-15T02:00:33.378-0700][gc           ] GC(14) Pause Young (Normal) (G1 Evacuation Pause) 212M->7M(512M) 39.147ms
[2020-04-15T02:00:33.378-0700][gc,cpu       ] GC(14) User=0.01s Sys=0.00s Real=0.04s
