[2020-04-06T18:21:58.561-0700][gc,heap] Heap region size: 1M
[2020-04-06T18:21:58.579-0700][gc     ] Using G1
[2020-04-06T18:21:58.579-0700][gc,heap,coops] Heap address: 0x00000000e0000000, size: 512 MB, Compressed Oops mode: 32-bit
[2020-04-06T18:21:59.140-0700][gc,start     ] GC(0) Pause Young (Normal) (G1 Evacuation Pause)
[2020-04-06T18:21:59.140-0700][gc,task      ] GC(0) Using 4 workers of 4 for evacuation
[2020-04-06T18:21:59.145-0700][gc,phases    ] GC(0)   Pre Evacuate Collection Set: 0.0ms
[2020-04-06T18:21:59.145-0700][gc,phases    ] GC(0)   Evacuate Collection Set: 4.8ms
[2020-04-06T18:21:59.145-0700][gc,phases    ] GC(0)   Post Evacuate Collection Set: 0.4ms
[2020-04-06T18:21:59.145-0700][gc,phases    ] GC(0)   Other: 0.4ms
[2020-04-06T18:21:59.145-0700][gc,heap      ] GC(0) Eden regions: 25->0(21)
[2020-04-06T18:21:59.145-0700][gc,heap      ] GC(0) Survivor regions: 0->4(4)
[2020-04-06T18:21:59.145-0700][gc,heap      ] GC(0) Old regions: 0->2
[2020-04-06T18:21:59.145-0700][gc,heap      ] GC(0) Humongous regions: 1->1
[2020-04-06T18:21:59.145-0700][gc,metaspace ] GC(0) Metaspace: 6646K->6646K(1056768K)
[2020-04-06T18:21:59.145-0700][gc           ] GC(0) Pause Young (Normal) (G1 Evacuation Pause) 26M->6M(512M) 5.649ms
[2020-04-06T18:21:59.145-0700][gc,cpu       ] GC(0) User=0.02s Sys=0.01s Real=0.00s
[2020-04-06T18:21:59.192-0700][gc,start     ] GC(1) Pause Young (Normal) (G1 Evacuation Pause)
[2020-04-06T18:21:59.192-0700][gc,task      ] GC(1) Using 4 workers of 4 for evacuation
[2020-04-06T18:21:59.197-0700][gc,phases    ] GC(1)   Pre Evacuate Collection Set: 0.0ms
[2020-04-06T18:21:59.197-0700][gc,phases    ] GC(1)   Evacuate Collection Set: 4.6ms
[2020-04-06T18:21:59.197-0700][gc,phases    ] GC(1)   Post Evacuate Collection Set: 0.2ms
[2020-04-06T18:21:59.197-0700][gc,phases    ] GC(1)   Other: 0.1ms
[2020-04-06T18:21:59.197-0700][gc,heap      ] GC(1) Eden regions: 21->0(24)
[2020-04-06T18:21:59.197-0700][gc,heap      ] GC(1) Survivor regions: 4->1(4)
[2020-04-06T18:21:59.197-0700][gc,heap      ] GC(1) Old regions: 2->6
[2020-04-06T18:21:59.197-0700][gc,heap      ] GC(1) Humongous regions: 1->1
[2020-04-06T18:21:59.197-0700][gc,metaspace ] GC(1) Metaspace: 6665K->6665K(1056768K)
[2020-04-06T18:21:59.197-0700][gc           ] GC(1) Pause Young (Normal) (G1 Evacuation Pause) 27M->6M(512M) 5.045ms
[2020-04-06T18:21:59.197-0700][gc,cpu       ] GC(1) User=0.02s Sys=0.00s Real=0.01s
[2020-04-06T18:21:59.238-0700][gc,start     ] GC(2) Pause Young (Normal) (G1 Evacuation Pause)
[2020-04-06T18:21:59.238-0700][gc,task      ] GC(2) Using 4 workers of 4 for evacuation
[2020-04-06T18:21:59.239-0700][gc,phases    ] GC(2)   Pre Evacuate Collection Set: 0.0ms
[2020-04-06T18:21:59.239-0700][gc,phases    ] GC(2)   Evacuate Collection Set: 0.8ms
[2020-04-06T18:21:59.239-0700][gc,phases    ] GC(2)   Post Evacuate Collection Set: 0.1ms
[2020-04-06T18:21:59.239-0700][gc,phases    ] GC(2)   Other: 0.1ms
[2020-04-06T18:21:59.239-0700][gc,heap      ] GC(2) Eden regions: 24->0(24)
[2020-04-06T18:21:59.239-0700][gc,heap      ] GC(2) Survivor regions: 1->1(4)
[2020-04-06T18:21:59.239-0700][gc,heap      ] GC(2) Old regions: 6->6
[2020-04-06T18:21:59.239-0700][gc,heap      ] GC(2) Humongous regions: 1->1
[2020-04-06T18:21:59.239-0700][gc,metaspace ] GC(2) Metaspace: 6672K->6672K(1056768K)
[2020-04-06T18:21:59.239-0700][gc           ] GC(2) Pause Young (Normal) (G1 Evacuation Pause) 30M->6M(512M) 1.007ms
[2020-04-06T18:21:59.239-0700][gc,cpu       ] GC(2) User=0.00s Sys=0.00s Real=0.00s
[2020-04-06T18:21:59.315-0700][gc,start     ] GC(3) Pause Young (Normal) (G1 Evacuation Pause)
[2020-04-06T18:21:59.315-0700][gc,task      ] GC(3) Using 4 workers of 4 for evacuation
[2020-04-06T18:21:59.316-0700][gc,phases    ] GC(3)   Pre Evacuate Collection Set: 0.0ms
[2020-04-06T18:21:59.316-0700][gc,phases    ] GC(3)   Evacuate Collection Set: 1.2ms
[2020-04-06T18:21:59.316-0700][gc,phases    ] GC(3)   Post Evacuate Collection Set: 0.1ms
[2020-04-06T18:21:59.316-0700][gc,phases    ] GC(3)   Other: 0.1ms
[2020-04-06T18:21:59.316-0700][gc,heap      ] GC(3) Eden regions: 24->0(24)
[2020-04-06T18:21:59.316-0700][gc,heap      ] GC(3) Survivor regions: 1->1(4)
[2020-04-06T18:21:59.316-0700][gc,heap      ] GC(3) Old regions: 6->6
[2020-04-06T18:21:59.316-0700][gc,heap      ] GC(3) Humongous regions: 1->1
[2020-04-06T18:21:59.316-0700][gc,metaspace ] GC(3) Metaspace: 6837K->6837K(1056768K)
[2020-04-06T18:21:59.317-0700][gc           ] GC(3) Pause Young (Normal) (G1 Evacuation Pause) 30M->6M(512M) 1.462ms
[2020-04-06T18:21:59.317-0700][gc,cpu       ] GC(3) User=0.00s Sys=0.00s Real=0.00s
[2020-04-06T18:21:59.344-0700][gc,start     ] GC(4) Pause Young (Normal) (G1 Evacuation Pause)
[2020-04-06T18:21:59.344-0700][gc,task      ] GC(4) Using 4 workers of 4 for evacuation
[2020-04-06T18:21:59.346-0700][gc,phases    ] GC(4)   Pre Evacuate Collection Set: 0.0ms
[2020-04-06T18:21:59.346-0700][gc,phases    ] GC(4)   Evacuate Collection Set: 1.1ms
[2020-04-06T18:21:59.346-0700][gc,phases    ] GC(4)   Post Evacuate Collection Set: 0.2ms
[2020-04-06T18:21:59.346-0700][gc,phases    ] GC(4)   Other: 0.1ms
[2020-04-06T18:21:59.346-0700][gc,heap      ] GC(4) Eden regions: 24->0(24)
[2020-04-06T18:21:59.346-0700][gc,heap      ] GC(4) Survivor regions: 1->1(4)
[2020-04-06T18:21:59.346-0700][gc,heap      ] GC(4) Old regions: 6->6
[2020-04-06T18:21:59.346-0700][gc,heap      ] GC(4) Humongous regions: 1->1
[2020-04-06T18:21:59.346-0700][gc,metaspace ] GC(4) Metaspace: 6839K->6839K(1056768K)
[2020-04-06T18:21:59.346-0700][gc           ] GC(4) Pause Young (Normal) (G1 Evacuation Pause) 30M->6M(512M) 1.551ms
[2020-04-06T18:21:59.346-0700][gc,cpu       ] GC(4) User=0.01s Sys=0.00s Real=0.00s
[2020-04-06T18:31:48.233-0700][gc,start     ] GC(5) Pause Young (Normal) (G1 Evacuation Pause)
[2020-04-06T18:31:48.233-0700][gc,task      ] GC(5) Using 4 workers of 4 for evacuation
[2020-04-06T18:31:48.237-0700][gc,phases    ] GC(5)   Pre Evacuate Collection Set: 0.0ms
[2020-04-06T18:31:48.237-0700][gc,phases    ] GC(5)   Evacuate Collection Set: 2.8ms
[2020-04-06T18:31:48.237-0700][gc,phases    ] GC(5)   Post Evacuate Collection Set: 0.7ms
[2020-04-06T18:31:48.237-0700][gc,phases    ] GC(5)   Other: 0.4ms
[2020-04-06T18:31:48.237-0700][gc,heap      ] GC(5) Eden regions: 24->0(24)
[2020-04-06T18:31:48.237-0700][gc,heap      ] GC(5) Survivor regions: 1->1(4)
[2020-04-06T18:31:48.237-0700][gc,heap      ] GC(5) Old regions: 6->6
[2020-04-06T18:31:48.237-0700][gc,heap      ] GC(5) Humongous regions: 1->1
[2020-04-06T18:31:48.237-0700][gc,metaspace ] GC(5) Metaspace: 7661K->7661K(1056768K)
[2020-04-06T18:31:48.237-0700][gc           ] GC(5) Pause Young (Normal) (G1 Evacuation Pause) 30M->7M(512M) 4.427ms
[2020-04-06T18:31:48.237-0700][gc,cpu       ] GC(5) User=0.00s Sys=0.01s Real=0.01s
[2020-04-06T18:44:19.529-0700][gc,start     ] GC(6) Pause Young (Normal) (G1 Evacuation Pause)
[2020-04-06T18:44:19.529-0700][gc,task      ] GC(6) Using 4 workers of 4 for evacuation
[2020-04-06T18:44:19.533-0700][gc,phases    ] GC(6)   Pre Evacuate Collection Set: 0.0ms
[2020-04-06T18:44:19.533-0700][gc,phases    ] GC(6)   Evacuate Collection Set: 2.9ms
[2020-04-06T18:44:19.533-0700][gc,phases    ] GC(6)   Post Evacuate Collection Set: 1.0ms
[2020-04-06T18:44:19.533-0700][gc,phases    ] GC(6)   Other: 0.4ms
[2020-04-06T18:44:19.533-0700][gc,heap      ] GC(6) Eden regions: 24->0(24)
[2020-04-06T18:44:19.533-0700][gc,heap      ] GC(6) Survivor regions: 1->1(4)
[2020-04-06T18:44:19.533-0700][gc,heap      ] GC(6) Old regions: 6->6
[2020-04-06T18:44:19.533-0700][gc,heap      ] GC(6) Humongous regions: 1->1
[2020-04-06T18:44:19.533-0700][gc,metaspace ] GC(6) Metaspace: 7718K->7718K(1056768K)
[2020-04-06T18:44:19.533-0700][gc           ] GC(6) Pause Young (Normal) (G1 Evacuation Pause) 31M->7M(512M) 4.598ms
[2020-04-06T18:44:19.534-0700][gc,cpu       ] GC(6) User=0.01s Sys=0.01s Real=0.00s
[2020-04-06T18:57:23.560-0700][gc,start     ] GC(7) Pause Young (Normal) (G1 Evacuation Pause)
[2020-04-06T18:57:23.561-0700][gc,task      ] GC(7) Using 4 workers of 4 for evacuation
[2020-04-06T18:57:23.565-0700][gc,phases    ] GC(7)   Pre Evacuate Collection Set: 0.1ms
[2020-04-06T18:57:23.565-0700][gc,phases    ] GC(7)   Evacuate Collection Set: 3.4ms
[2020-04-06T18:57:23.565-0700][gc,phases    ] GC(7)   Post Evacuate Collection Set: 0.7ms
[2020-04-06T18:57:23.565-0700][gc,phases    ] GC(7)   Other: 0.4ms
[2020-04-06T18:57:23.565-0700][gc,heap      ] GC(7) Eden regions: 24->0(29)
[2020-04-06T18:57:23.565-0700][gc,heap      ] GC(7) Survivor regions: 1->1(4)
[2020-04-06T18:57:23.565-0700][gc,heap      ] GC(7) Old regions: 6->6
[2020-04-06T18:57:23.565-0700][gc,heap      ] GC(7) Humongous regions: 1->1
[2020-04-06T18:57:23.565-0700][gc,metaspace ] GC(7) Metaspace: 7724K->7724K(1056768K)
[2020-04-06T18:57:23.565-0700][gc           ] GC(7) Pause Young (Normal) (G1 Evacuation Pause) 31M->7M(512M) 4.898ms
[2020-04-06T18:57:23.565-0700][gc,cpu       ] GC(7) User=0.02s Sys=0.00s Real=0.00s
[2020-04-06T19:13:30.487-0700][gc,start     ] GC(8) Pause Young (Normal) (G1 Evacuation Pause)
[2020-04-06T19:13:30.487-0700][gc,task      ] GC(8) Using 4 workers of 4 for evacuation
[2020-04-06T19:13:30.496-0700][gc,phases    ] GC(8)   Pre Evacuate Collection Set: 0.1ms
[2020-04-06T19:13:30.496-0700][gc,phases    ] GC(8)   Evacuate Collection Set: 8.5ms
[2020-04-06T19:13:30.496-0700][gc,phases    ] GC(8)   Post Evacuate Collection Set: 0.9ms
[2020-04-06T19:13:30.497-0700][gc,phases    ] GC(8)   Other: 0.4ms
[2020-04-06T19:13:30.497-0700][gc,heap      ] GC(8) Eden regions: 29->0(31)
[2020-04-06T19:13:30.497-0700][gc,heap      ] GC(8) Survivor regions: 1->1(4)
[2020-04-06T19:13:30.497-0700][gc,heap      ] GC(8) Old regions: 6->6
[2020-04-06T19:13:30.497-0700][gc,heap      ] GC(8) Humongous regions: 1->1
[2020-04-06T19:13:30.497-0700][gc,metaspace ] GC(8) Metaspace: 7765K->7765K(1056768K)
[2020-04-06T19:13:30.497-0700][gc           ] GC(8) Pause Young (Normal) (G1 Evacuation Pause) 36M->7M(512M) 10.120ms
[2020-04-06T19:13:30.497-0700][gc,cpu       ] GC(8) User=0.01s Sys=0.00s Real=0.02s
[2020-04-06T23:15:34.012-0700][gc,start     ] GC(9) Pause Young (Normal) (G1 Evacuation Pause)
[2020-04-06T23:15:34.012-0700][gc,task      ] GC(9) Using 4 workers of 4 for evacuation
[2020-04-06T23:15:34.014-0700][gc,phases    ] GC(9)   Pre Evacuate Collection Set: 0.0ms
[2020-04-06T23:15:34.014-0700][gc,phases    ] GC(9)   Evacuate Collection Set: 1.5ms
[2020-04-06T23:15:34.014-0700][gc,phases    ] GC(9)   Post Evacuate Collection Set: 0.4ms
[2020-04-06T23:15:34.014-0700][gc,phases    ] GC(9)   Other: 0.2ms
[2020-04-06T23:15:34.014-0700][gc,heap      ] GC(9) Eden regions: 31->0(37)
[2020-04-06T23:15:34.014-0700][gc,heap      ] GC(9) Survivor regions: 1->1(4)
[2020-04-06T23:15:34.014-0700][gc,heap      ] GC(9) Old regions: 6->6
[2020-04-06T23:15:34.014-0700][gc,heap      ] GC(9) Humongous regions: 1->1
[2020-04-06T23:15:34.014-0700][gc,metaspace ] GC(9) Metaspace: 7865K->7865K(1056768K)
[2020-04-06T23:15:34.014-0700][gc           ] GC(9) Pause Young (Normal) (G1 Evacuation Pause) 38M->7M(512M) 2.253ms
[2020-04-06T23:15:34.014-0700][gc,cpu       ] GC(9) User=0.01s Sys=0.00s Real=0.00s
[2020-04-06T23:59:20.831-0700][gc,start     ] GC(10) Pause Young (Normal) (G1 Evacuation Pause)
[2020-04-06T23:59:20.831-0700][gc,task      ] GC(10) Using 4 workers of 4 for evacuation
[2020-04-06T23:59:20.835-0700][gc,phases    ] GC(10)   Pre Evacuate Collection Set: 0.0ms
[2020-04-06T23:59:20.835-0700][gc,phases    ] GC(10)   Evacuate Collection Set: 3.4ms
[2020-04-06T23:59:20.835-0700][gc,phases    ] GC(10)   Post Evacuate Collection Set: 0.7ms
[2020-04-06T23:59:20.835-0700][gc,phases    ] GC(10)   Other: 0.3ms
[2020-04-06T23:59:20.835-0700][gc,heap      ] GC(10) Eden regions: 37->0(44)
[2020-04-06T23:59:20.835-0700][gc,heap      ] GC(10) Survivor regions: 1->1(5)
[2020-04-06T23:59:20.835-0700][gc,heap      ] GC(10) Old regions: 6->6
[2020-04-06T23:59:20.835-0700][gc,heap      ] GC(10) Humongous regions: 1->1
[2020-04-06T23:59:20.835-0700][gc,metaspace ] GC(10) Metaspace: 7929K->7929K(1056768K)
[2020-04-06T23:59:20.835-0700][gc           ] GC(10) Pause Young (Normal) (G1 Evacuation Pause) 44M->7M(512M) 4.662ms
[2020-04-06T23:59:20.835-0700][gc,cpu       ] GC(10) User=0.00s Sys=0.01s Real=0.01s
[2020-04-07T00:20:43.406-0700][gc,start     ] GC(11) Pause Young (Normal) (G1 Evacuation Pause)
[2020-04-07T00:20:43.406-0700][gc,task      ] GC(11) Using 4 workers of 4 for evacuation
[2020-04-07T00:20:43.411-0700][gc,phases    ] GC(11)   Pre Evacuate Collection Set: 0.0ms
[2020-04-07T00:20:43.411-0700][gc,phases    ] GC(11)   Evacuate Collection Set: 3.6ms
[2020-04-07T00:20:43.411-0700][gc,phases    ] GC(11)   Post Evacuate Collection Set: 0.8ms
[2020-04-07T00:20:43.411-0700][gc,phases    ] GC(11)   Other: 0.4ms
[2020-04-07T00:20:43.411-0700][gc,heap      ] GC(11) Eden regions: 44->0(51)
[2020-04-07T00:20:43.411-0700][gc,heap      ] GC(11) Survivor regions: 1->1(6)
[2020-04-07T00:20:43.411-0700][gc,heap      ] GC(11) Old regions: 6->6
[2020-04-07T00:20:43.411-0700][gc,heap      ] GC(11) Humongous regions: 1->1
[2020-04-07T00:20:43.411-0700][gc,metaspace ] GC(11) Metaspace: 7958K->7958K(1056768K)
[2020-04-07T00:20:43.411-0700][gc           ] GC(11) Pause Young (Normal) (G1 Evacuation Pause) 51M->7M(512M) 5.142ms
[2020-04-07T00:20:43.411-0700][gc,cpu       ] GC(11) User=0.02s Sys=0.00s Real=0.01s
[2020-04-07T00:46:41.375-0700][gc,start     ] GC(12) Pause Young (Normal) (G1 Evacuation Pause)
[2020-04-07T00:46:41.375-0700][gc,task      ] GC(12) Using 4 workers of 4 for evacuation
[2020-04-07T00:46:41.381-0700][gc,phases    ] GC(12)   Pre Evacuate Collection Set: 0.0ms
[2020-04-07T00:46:41.381-0700][gc,phases    ] GC(12)   Evacuate Collection Set: 4.3ms
[2020-04-07T00:46:41.381-0700][gc,phases    ] GC(12)   Post Evacuate Collection Set: 0.8ms
[2020-04-07T00:46:41.381-0700][gc,phases    ] GC(12)   Other: 0.3ms
[2020-04-07T00:46:41.381-0700][gc,heap      ] GC(12) Eden regions: 51->0(58)
[2020-04-07T00:46:41.381-0700][gc,heap      ] GC(12) Survivor regions: 1->1(7)
[2020-04-07T00:46:41.381-0700][gc,heap      ] GC(12) Old regions: 6->6
[2020-04-07T00:46:41.381-0700][gc,heap      ] GC(12) Humongous regions: 1->1
[2020-04-07T00:46:41.381-0700][gc,metaspace ] GC(12) Metaspace: 7972K->7972K(1056768K)
[2020-04-07T00:46:41.381-0700][gc           ] GC(12) Pause Young (Normal) (G1 Evacuation Pause) 58M->7M(512M) 5.682ms
[2020-04-07T00:46:41.381-0700][gc,cpu       ] GC(12) User=0.01s Sys=0.00s Real=0.00s
[2020-04-07T01:15:08.874-0700][gc,start     ] GC(13) Pause Young (Normal) (G1 Evacuation Pause)
[2020-04-07T01:15:08.874-0700][gc,task      ] GC(13) Using 4 workers of 4 for evacuation
[2020-04-07T01:15:08.878-0700][gc,phases    ] GC(13)   Pre Evacuate Collection Set: 0.0ms
[2020-04-07T01:15:08.879-0700][gc,phases    ] GC(13)   Evacuate Collection Set: 3.7ms
[2020-04-07T01:15:08.879-0700][gc,phases    ] GC(13)   Post Evacuate Collection Set: 0.9ms
[2020-04-07T01:15:08.879-0700][gc,phases    ] GC(13)   Other: 0.3ms
[2020-04-07T01:15:08.879-0700][gc,heap      ] GC(13) Eden regions: 58->0(66)
[2020-04-07T01:15:08.879-0700][gc,heap      ] GC(13) Survivor regions: 1->1(8)
[2020-04-07T01:15:08.879-0700][gc,heap      ] GC(13) Old regions: 6->6
[2020-04-07T01:15:08.879-0700][gc,heap      ] GC(13) Humongous regions: 1->1
[2020-04-07T01:15:08.879-0700][gc,metaspace ] GC(13) Metaspace: 7985K->7985K(1056768K)
[2020-04-07T01:15:08.879-0700][gc           ] GC(13) Pause Young (Normal) (G1 Evacuation Pause) 65M->7M(512M) 5.212ms
[2020-04-07T01:15:08.879-0700][gc,cpu       ] GC(13) User=0.01s Sys=0.00s Real=0.01s
[2020-04-07T01:46:41.732-0700][gc,start     ] GC(14) Pause Young (Normal) (G1 Evacuation Pause)
[2020-04-07T01:46:41.732-0700][gc,task      ] GC(14) Using 4 workers of 4 for evacuation
[2020-04-07T01:46:41.740-0700][gc,phases    ] GC(14)   Pre Evacuate Collection Set: 0.0ms
[2020-04-07T01:46:41.740-0700][gc,phases    ] GC(14)   Evacuate Collection Set: 7.2ms
[2020-04-07T01:46:41.740-0700][gc,phases    ] GC(14)   Post Evacuate Collection Set: 0.9ms
[2020-04-07T01:46:41.740-0700][gc,phases    ] GC(14)   Other: 0.3ms
[2020-04-07T01:46:41.741-0700][gc,heap      ] GC(14) Eden regions: 66->0(74)
[2020-04-07T01:46:41.741-0700][gc,heap      ] GC(14) Survivor regions: 1->1(9)
[2020-04-07T01:46:41.741-0700][gc,heap      ] GC(14) Old regions: 6->6
[2020-04-07T01:46:41.741-0700][gc,heap      ] GC(14) Humongous regions: 1->1
[2020-04-07T01:46:41.741-0700][gc,metaspace ] GC(14) Metaspace: 8000K->8000K(1056768K)
[2020-04-07T01:46:41.741-0700][gc           ] GC(14) Pause Young (Normal) (G1 Evacuation Pause) 73M->7M(512M) 8.885ms
[2020-04-07T01:46:41.741-0700][gc,cpu       ] GC(14) User=0.02s Sys=0.00s Real=0.01s
[2020-04-07T02:22:10.186-0700][gc,start     ] GC(15) Pause Young (Normal) (G1 Evacuation Pause)
[2020-04-07T02:22:10.186-0700][gc,task      ] GC(15) Using 4 workers of 4 for evacuation
[2020-04-07T02:22:10.192-0700][gc,phases    ] GC(15)   Pre Evacuate Collection Set: 0.0ms
[2020-04-07T02:22:10.192-0700][gc,phases    ] GC(15)   Evacuate Collection Set: 5.1ms
[2020-04-07T02:22:10.192-0700][gc,phases    ] GC(15)   Post Evacuate Collection Set: 0.9ms
[2020-04-07T02:22:10.192-0700][gc,phases    ] GC(15)   Other: 0.5ms
[2020-04-07T02:22:10.192-0700][gc,heap      ] GC(15) Eden regions: 74->0(80)
[2020-04-07T02:22:10.192-0700][gc,heap      ] GC(15) Survivor regions: 1->1(10)
[2020-04-07T02:22:10.192-0700][gc,heap      ] GC(15) Old regions: 6->6
[2020-04-07T02:22:10.192-0700][gc,heap      ] GC(15) Humongous regions: 1->1
[2020-04-07T02:22:10.192-0700][gc,metaspace ] GC(15) Metaspace: 8000K->8000K(1056768K)
[2020-04-07T02:22:10.193-0700][gc           ] GC(15) Pause Young (Normal) (G1 Evacuation Pause) 81M->7M(512M) 6.846ms
[2020-04-07T02:22:10.193-0700][gc,cpu       ] GC(15) User=0.02s Sys=0.00s Real=0.01s
[2020-04-07T02:58:01.578-0700][gc,start     ] GC(16) Pause Young (Normal) (G1 Evacuation Pause)
[2020-04-07T02:58:01.578-0700][gc,task      ] GC(16) Using 4 workers of 4 for evacuation
[2020-04-07T02:58:01.588-0700][gc,phases    ] GC(16)   Pre Evacuate Collection Set: 0.0ms
[2020-04-07T02:58:01.588-0700][gc,phases    ] GC(16)   Evacuate Collection Set: 9.1ms
[2020-04-07T02:58:01.588-0700][gc,phases    ] GC(16)   Post Evacuate Collection Set: 0.7ms
[2020-04-07T02:58:01.588-0700][gc,phases    ] GC(16)   Other: 0.4ms
[2020-04-07T02:58:01.588-0700][gc,heap      ] GC(16) Eden regions: 80->0(86)
[2020-04-07T02:58:01.588-0700][gc,heap      ] GC(16) Survivor regions: 1->1(11)
[2020-04-07T02:58:01.588-0700][gc,heap      ] GC(16) Old regions: 6->6
[2020-04-07T02:58:01.589-0700][gc,heap      ] GC(16) Humongous regions: 1->1
[2020-04-07T02:58:01.589-0700][gc,metaspace ] GC(16) Metaspace: 8035K->8035K(1056768K)
[2020-04-07T02:58:01.589-0700][gc           ] GC(16) Pause Young (Normal) (G1 Evacuation Pause) 87M->7M(512M) 10.518ms
[2020-04-07T02:58:01.589-0700][gc,cpu       ] GC(16) User=0.02s Sys=0.00s Real=0.01s
[2020-04-07T03:36:25.201-0700][gc,start     ] GC(17) Pause Young (Normal) (G1 Evacuation Pause)
[2020-04-07T03:36:25.201-0700][gc,task      ] GC(17) Using 4 workers of 4 for evacuation
[2020-04-07T03:36:25.209-0700][gc,phases    ] GC(17)   Pre Evacuate Collection Set: 0.0ms
[2020-04-07T03:36:25.209-0700][gc,phases    ] GC(17)   Evacuate Collection Set: 7.1ms
[2020-04-07T03:36:25.209-0700][gc,phases    ] GC(17)   Post Evacuate Collection Set: 0.7ms
[2020-04-07T03:36:25.209-0700][gc,phases    ] GC(17)   Other: 0.5ms
[2020-04-07T03:36:25.209-0700][gc,heap      ] GC(17) Eden regions: 86->0(93)
[2020-04-07T03:36:25.209-0700][gc,heap      ] GC(17) Survivor regions: 1->1(11)
[2020-04-07T03:36:25.209-0700][gc,heap      ] GC(17) Old regions: 6->6
[2020-04-07T03:36:25.209-0700][gc,heap      ] GC(17) Humongous regions: 1->1
[2020-04-07T03:36:25.209-0700][gc,metaspace ] GC(17) Metaspace: 8054K->8054K(1056768K)
[2020-04-07T03:36:25.209-0700][gc           ] GC(17) Pause Young (Normal) (G1 Evacuation Pause) 93M->7M(512M) 8.447ms
[2020-04-07T03:36:25.209-0700][gc,cpu       ] GC(17) User=0.02s Sys=0.00s Real=0.01s
[2020-04-07T04:17:39.230-0700][gc,start     ] GC(18) Pause Young (Normal) (G1 Evacuation Pause)
[2020-04-07T04:17:39.230-0700][gc,task      ] GC(18) Using 4 workers of 4 for evacuation
[2020-04-07T04:17:39.233-0700][gc,phases    ] GC(18)   Pre Evacuate Collection Set: 0.0ms
[2020-04-07T04:17:39.233-0700][gc,phases    ] GC(18)   Evacuate Collection Set: 2.3ms
[2020-04-07T04:17:39.233-0700][gc,phases    ] GC(18)   Post Evacuate Collection Set: 0.4ms
[2020-04-07T04:17:39.233-0700][gc,phases    ] GC(18)   Other: 0.2ms
[2020-04-07T04:17:39.233-0700][gc,heap      ] GC(18) Eden regions: 93->0(102)
[2020-04-07T04:17:39.233-0700][gc,heap      ] GC(18) Survivor regions: 1->1(12)
[2020-04-07T04:17:39.233-0700][gc,heap      ] GC(18) Old regions: 6->6
[2020-04-07T04:17:39.233-0700][gc,heap      ] GC(18) Humongous regions: 1->1
[2020-04-07T04:17:39.233-0700][gc,metaspace ] GC(18) Metaspace: 8079K->8079K(1056768K)
[2020-04-07T04:17:39.233-0700][gc           ] GC(18) Pause Young (Normal) (G1 Evacuation Pause) 100M->7M(512M) 2.999ms
[2020-04-07T04:17:39.233-0700][gc,cpu       ] GC(18) User=0.01s Sys=0.00s Real=0.00s
[2020-04-07T05:02:45.982-0700][gc,start     ] GC(19) Pause Young (Normal) (G1 Evacuation Pause)
[2020-04-07T05:02:45.982-0700][gc,task      ] GC(19) Using 4 workers of 4 for evacuation
[2020-04-07T05:02:45.995-0700][gc,phases    ] GC(19)   Pre Evacuate Collection Set: 0.0ms
[2020-04-07T05:02:45.995-0700][gc,phases    ] GC(19)   Evacuate Collection Set: 7.1ms
[2020-04-07T05:02:45.995-0700][gc,phases    ] GC(19)   Post Evacuate Collection Set: 5.0ms
[2020-04-07T05:02:45.995-0700][gc,phases    ] GC(19)   Other: 0.5ms
[2020-04-07T05:02:45.995-0700][gc,heap      ] GC(19) Eden regions: 102->0(107)
[2020-04-07T05:02:45.995-0700][gc,heap      ] GC(19) Survivor regions: 1->1(13)
[2020-04-07T05:02:45.995-0700][gc,heap      ] GC(19) Old regions: 6->6
[2020-04-07T05:02:45.995-0700][gc,heap      ] GC(19) Humongous regions: 1->1
[2020-04-07T05:02:45.995-0700][gc,metaspace ] GC(19) Metaspace: 8079K->8079K(1056768K)
[2020-04-07T05:02:45.995-0700][gc           ] GC(19) Pause Young (Normal) (G1 Evacuation Pause) 109M->7M(512M) 13.160ms
[2020-04-07T05:02:45.995-0700][gc,cpu       ] GC(19) User=0.03s Sys=0.00s Real=0.02s
[2020-04-07T05:49:54.368-0700][gc,start     ] GC(20) Pause Young (Normal) (G1 Evacuation Pause)
[2020-04-07T05:49:54.368-0700][gc,task      ] GC(20) Using 4 workers of 4 for evacuation
[2020-04-07T05:49:54.375-0700][gc,phases    ] GC(20)   Pre Evacuate Collection Set: 0.0ms
[2020-04-07T05:49:54.375-0700][gc,phases    ] GC(20)   Evacuate Collection Set: 6.2ms
[2020-04-07T05:49:54.375-0700][gc,phases    ] GC(20)   Post Evacuate Collection Set: 0.8ms
[2020-04-07T05:49:54.375-0700][gc,phases    ] GC(20)   Other: 0.3ms
[2020-04-07T05:49:54.375-0700][gc,heap      ] GC(20) Eden regions: 107->0(113)
[2020-04-07T05:49:54.375-0700][gc,heap      ] GC(20) Survivor regions: 1->1(14)
[2020-04-07T05:49:54.375-0700][gc,heap      ] GC(20) Old regions: 6->6
[2020-04-07T05:49:54.375-0700][gc,heap      ] GC(20) Humongous regions: 1->1
[2020-04-07T05:49:54.375-0700][gc,metaspace ] GC(20) Metaspace: 8079K->8079K(1056768K)
[2020-04-07T05:49:54.376-0700][gc           ] GC(20) Pause Young (Normal) (G1 Evacuation Pause) 114M->7M(512M) 7.734ms
[2020-04-07T05:49:54.376-0700][gc,cpu       ] GC(20) User=0.02s Sys=0.00s Real=0.01s
[2020-04-07T06:39:22.595-0700][gc,start     ] GC(21) Pause Young (Normal) (G1 Evacuation Pause)
[2020-04-07T06:39:22.595-0700][gc,task      ] GC(21) Using 4 workers of 4 for evacuation
[2020-04-07T06:39:22.599-0700][gc,phases    ] GC(21)   Pre Evacuate Collection Set: 0.0ms
[2020-04-07T06:39:22.599-0700][gc,phases    ] GC(21)   Evacuate Collection Set: 3.0ms
[2020-04-07T06:39:22.599-0700][gc,phases    ] GC(21)   Post Evacuate Collection Set: 0.9ms
[2020-04-07T06:39:22.599-0700][gc,phases    ] GC(21)   Other: 0.4ms
[2020-04-07T06:39:22.599-0700][gc,heap      ] GC(21) Eden regions: 113->0(123)
[2020-04-07T06:39:22.599-0700][gc,heap      ] GC(21) Survivor regions: 1->1(15)
[2020-04-07T06:39:22.599-0700][gc,heap      ] GC(21) Old regions: 6->6
[2020-04-07T06:39:22.599-0700][gc,heap      ] GC(21) Humongous regions: 1->1
[2020-04-07T06:39:22.599-0700][gc,metaspace ] GC(21) Metaspace: 8080K->8080K(1056768K)
[2020-04-07T06:39:22.599-0700][gc           ] GC(21) Pause Young (Normal) (G1 Evacuation Pause) 120M->7M(512M) 4.568ms
[2020-04-07T06:39:22.599-0700][gc,cpu       ] GC(21) User=0.00s Sys=0.01s Real=0.01s
[2020-04-07T07:33:12.056-0700][gc,start     ] GC(22) Pause Young (Normal) (G1 Evacuation Pause)
[2020-04-07T07:33:12.056-0700][gc,task      ] GC(22) Using 4 workers of 4 for evacuation
[2020-04-07T07:33:12.060-0700][gc,phases    ] GC(22)   Pre Evacuate Collection Set: 0.0ms
[2020-04-07T07:33:12.061-0700][gc,phases    ] GC(22)   Evacuate Collection Set: 3.1ms
[2020-04-07T07:33:12.061-0700][gc,phases    ] GC(22)   Post Evacuate Collection Set: 0.8ms
[2020-04-07T07:33:12.061-0700][gc,phases    ] GC(22)   Other: 0.4ms
[2020-04-07T07:33:12.061-0700][gc,heap      ] GC(22) Eden regions: 123->0(133)
[2020-04-07T07:33:12.061-0700][gc,heap      ] GC(22) Survivor regions: 1->1(16)
[2020-04-07T07:33:12.061-0700][gc,heap      ] GC(22) Old regions: 6->6
[2020-04-07T07:33:12.061-0700][gc,heap      ] GC(22) Humongous regions: 1->1
[2020-04-07T07:33:12.061-0700][gc,metaspace ] GC(22) Metaspace: 8080K->8080K(1056768K)
[2020-04-07T07:33:12.061-0700][gc           ] GC(22) Pause Young (Normal) (G1 Evacuation Pause) 130M->7M(512M) 4.674ms
[2020-04-07T07:33:12.061-0700][gc,cpu       ] GC(22) User=0.02s Sys=0.00s Real=0.00s
[2020-04-07T08:31:13.218-0700][gc,start     ] GC(23) Pause Young (Normal) (G1 Evacuation Pause)
[2020-04-07T08:31:13.218-0700][gc,task      ] GC(23) Using 4 workers of 4 for evacuation
[2020-04-07T08:31:13.223-0700][gc,phases    ] GC(23)   Pre Evacuate Collection Set: 0.0ms
[2020-04-07T08:31:13.223-0700][gc,phases    ] GC(23)   Evacuate Collection Set: 3.7ms
[2020-04-07T08:31:13.223-0700][gc,phases    ] GC(23)   Post Evacuate Collection Set: 0.9ms
[2020-04-07T08:31:13.223-0700][gc,phases    ] GC(23)   Other: 0.5ms
[2020-04-07T08:31:13.223-0700][gc,heap      ] GC(23) Eden regions: 133->0(143)
[2020-04-07T08:31:13.223-0700][gc,heap      ] GC(23) Survivor regions: 1->1(17)
[2020-04-07T08:31:13.223-0700][gc,heap      ] GC(23) Old regions: 6->6
[2020-04-07T08:31:13.223-0700][gc,heap      ] GC(23) Humongous regions: 1->1
[2020-04-07T08:31:13.223-0700][gc,metaspace ] GC(23) Metaspace: 8084K->8084K(1056768K)
[2020-04-07T08:31:13.223-0700][gc           ] GC(23) Pause Young (Normal) (G1 Evacuation Pause) 140M->7M(512M) 5.453ms
[2020-04-07T08:31:13.223-0700][gc,cpu       ] GC(23) User=0.01s Sys=0.00s Real=0.00s
[2020-04-07T09:33:53.523-0700][gc,start     ] GC(24) Pause Young (Normal) (G1 Evacuation Pause)
[2020-04-07T09:33:53.523-0700][gc,task      ] GC(24) Using 4 workers of 4 for evacuation
[2020-04-07T09:33:53.527-0700][gc,phases    ] GC(24)   Pre Evacuate Collection Set: 0.0ms
[2020-04-07T09:33:53.528-0700][gc,phases    ] GC(24)   Evacuate Collection Set: 2.7ms
[2020-04-07T09:33:53.528-0700][gc,phases    ] GC(24)   Post Evacuate Collection Set: 1.0ms
[2020-04-07T09:33:53.528-0700][gc,phases    ] GC(24)   Other: 0.4ms
[2020-04-07T09:33:53.528-0700][gc,heap      ] GC(24) Eden regions: 143->0(153)
[2020-04-07T09:33:53.528-0700][gc,heap      ] GC(24) Survivor regions: 1->1(18)
[2020-04-07T09:33:53.528-0700][gc,heap      ] GC(24) Old regions: 6->6
[2020-04-07T09:33:53.528-0700][gc,heap      ] GC(24) Humongous regions: 1->1
[2020-04-07T09:33:53.528-0700][gc,metaspace ] GC(24) Metaspace: 8084K->8084K(1056768K)
[2020-04-07T09:33:53.528-0700][gc           ] GC(24) Pause Young (Normal) (G1 Evacuation Pause) 150M->7M(512M) 4.590ms
[2020-04-07T09:33:53.528-0700][gc,cpu       ] GC(24) User=0.01s Sys=0.00s Real=0.01s
[2020-04-07T10:41:01.415-0700][gc,start     ] GC(25) Pause Young (Normal) (G1 Evacuation Pause)
[2020-04-07T10:41:01.415-0700][gc,task      ] GC(25) Using 4 workers of 4 for evacuation
[2020-04-07T10:41:01.419-0700][gc,phases    ] GC(25)   Pre Evacuate Collection Set: 0.0ms
[2020-04-07T10:41:01.419-0700][gc,phases    ] GC(25)   Evacuate Collection Set: 2.5ms
[2020-04-07T10:41:01.419-0700][gc,phases    ] GC(25)   Post Evacuate Collection Set: 0.9ms
[2020-04-07T10:41:01.419-0700][gc,phases    ] GC(25)   Other: 0.4ms
[2020-04-07T10:41:01.419-0700][gc,heap      ] GC(25) Eden regions: 153->0(167)
[2020-04-07T10:41:01.419-0700][gc,heap      ] GC(25) Survivor regions: 1->1(20)
[2020-04-07T10:41:01.419-0700][gc,heap      ] GC(25) Old regions: 6->6
[2020-04-07T10:41:01.419-0700][gc,heap      ] GC(25) Humongous regions: 1->1
[2020-04-07T10:41:01.419-0700][gc,metaspace ] GC(25) Metaspace: 8084K->8084K(1056768K)
[2020-04-07T10:41:01.419-0700][gc           ] GC(25) Pause Young (Normal) (G1 Evacuation Pause) 160M->7M(512M) 4.188ms
[2020-04-07T10:41:01.419-0700][gc,cpu       ] GC(25) User=0.00s Sys=0.00s Real=0.00s
[2020-04-07T11:54:03.698-0700][gc,start     ] GC(26) Pause Young (Normal) (G1 Evacuation Pause)
[2020-04-07T11:54:03.698-0700][gc,task      ] GC(26) Using 4 workers of 4 for evacuation
[2020-04-07T11:54:03.702-0700][gc,phases    ] GC(26)   Pre Evacuate Collection Set: 0.0ms
[2020-04-07T11:54:03.702-0700][gc,phases    ] GC(26)   Evacuate Collection Set: 2.7ms
[2020-04-07T11:54:03.702-0700][gc,phases    ] GC(26)   Post Evacuate Collection Set: 0.7ms
[2020-04-07T11:54:03.702-0700][gc,phases    ] GC(26)   Other: 0.5ms
[2020-04-07T11:54:03.702-0700][gc,heap      ] GC(26) Eden regions: 167->0(183)
[2020-04-07T11:54:03.702-0700][gc,heap      ] GC(26) Survivor regions: 1->1(21)
[2020-04-07T11:54:03.702-0700][gc,heap      ] GC(26) Old regions: 6->6
[2020-04-07T11:54:03.702-0700][gc,heap      ] GC(26) Humongous regions: 1->1
[2020-04-07T11:54:03.702-0700][gc,metaspace ] GC(26) Metaspace: 8084K->8084K(1056768K)
[2020-04-07T11:54:03.702-0700][gc           ] GC(26) Pause Young (Normal) (G1 Evacuation Pause) 174M->7M(512M) 4.216ms
[2020-04-07T11:54:03.702-0700][gc,cpu       ] GC(26) User=0.01s Sys=0.00s Real=0.00s
[2020-04-07T13:13:49.652-0700][gc,start     ] GC(27) Pause Young (Normal) (G1 Evacuation Pause)
[2020-04-07T13:13:49.652-0700][gc,task      ] GC(27) Using 4 workers of 4 for evacuation
[2020-04-07T13:13:49.660-0700][gc,phases    ] GC(27)   Pre Evacuate Collection Set: 0.0ms
[2020-04-07T13:13:49.660-0700][gc,phases    ] GC(27)   Evacuate Collection Set: 6.2ms
[2020-04-07T13:13:49.660-0700][gc,phases    ] GC(27)   Post Evacuate Collection Set: 1.2ms
[2020-04-07T13:13:49.660-0700][gc,phases    ] GC(27)   Other: 0.4ms
[2020-04-07T13:13:49.660-0700][gc,heap      ] GC(27) Eden regions: 183->0(201)
[2020-04-07T13:13:49.660-0700][gc,heap      ] GC(27) Survivor regions: 1->1(23)
[2020-04-07T13:13:49.660-0700][gc,heap      ] GC(27) Old regions: 6->6
[2020-04-07T13:13:49.660-0700][gc,heap      ] GC(27) Humongous regions: 1->1
[2020-04-07T13:13:49.660-0700][gc,metaspace ] GC(27) Metaspace: 8085K->8085K(1056768K)
[2020-04-07T13:13:49.660-0700][gc           ] GC(27) Pause Young (Normal) (G1 Evacuation Pause) 190M->7M(512M) 8.217ms
[2020-04-07T13:13:49.660-0700][gc,cpu       ] GC(27) User=0.02s Sys=0.00s Real=0.01s
[2020-04-07T14:41:09.001-0700][gc,start     ] GC(28) Pause Young (Normal) (G1 Evacuation Pause)
[2020-04-07T14:41:09.001-0700][gc,task      ] GC(28) Using 4 workers of 4 for evacuation
[2020-04-07T14:41:09.005-0700][gc,phases    ] GC(28)   Pre Evacuate Collection Set: 0.0ms
[2020-04-07T14:41:09.005-0700][gc,phases    ] GC(28)   Evacuate Collection Set: 2.5ms
[2020-04-07T14:41:09.005-0700][gc,phases    ] GC(28)   Post Evacuate Collection Set: 0.9ms
[2020-04-07T14:41:09.005-0700][gc,phases    ] GC(28)   Other: 0.4ms
[2020-04-07T14:41:09.005-0700][gc,heap      ] GC(28) Eden regions: 201->0(219)
[2020-04-07T14:41:09.005-0700][gc,heap      ] GC(28) Survivor regions: 1->1(26)
[2020-04-07T14:41:09.005-0700][gc,heap      ] GC(28) Old regions: 6->6
[2020-04-07T14:41:09.005-0700][gc,heap      ] GC(28) Humongous regions: 1->1
[2020-04-07T14:41:09.005-0700][gc,metaspace ] GC(28) Metaspace: 8085K->8085K(1056768K)
[2020-04-07T14:41:09.005-0700][gc           ] GC(28) Pause Young (Normal) (G1 Evacuation Pause) 208M->7M(512M) 4.152ms
[2020-04-07T14:41:09.005-0700][gc,cpu       ] GC(28) User=0.01s Sys=0.00s Real=0.00s
[2020-04-07T16:17:12.000-0700][gc,start     ] GC(29) Pause Young (Normal) (G1 Evacuation Pause)
[2020-04-07T16:17:12.000-0700][gc,task      ] GC(29) Using 4 workers of 4 for evacuation
[2020-04-07T16:17:12.011-0700][gc,phases    ] GC(29)   Pre Evacuate Collection Set: 0.0ms
[2020-04-07T16:17:12.011-0700][gc,phases    ] GC(29)   Evacuate Collection Set: 9.2ms
[2020-04-07T16:17:12.011-0700][gc,phases    ] GC(29)   Post Evacuate Collection Set: 0.9ms
[2020-04-07T16:17:12.011-0700][gc,phases    ] GC(29)   Other: 0.4ms
[2020-04-07T16:17:12.011-0700][gc,heap      ] GC(29) Eden regions: 219->0(240)
[2020-04-07T16:17:12.011-0700][gc,heap      ] GC(29) Survivor regions: 1->1(28)
[2020-04-07T16:17:12.011-0700][gc,heap      ] GC(29) Old regions: 6->6
[2020-04-07T16:17:12.011-0700][gc,heap      ] GC(29) Humongous regions: 1->1
[2020-04-07T16:17:12.011-0700][gc,metaspace ] GC(29) Metaspace: 8085K->8085K(1056768K)
[2020-04-07T16:17:12.011-0700][gc           ] GC(29) Pause Young (Normal) (G1 Evacuation Pause) 226M->7M(512M) 11.055ms
[2020-04-07T16:17:12.011-0700][gc,cpu       ] GC(29) User=0.02s Sys=0.00s Real=0.01s
[2020-04-07T18:02:21.689-0700][gc,start     ] GC(30) Pause Young (Normal) (G1 Evacuation Pause)
[2020-04-07T18:02:21.689-0700][gc,task      ] GC(30) Using 4 workers of 4 for evacuation
[2020-04-07T18:02:21.696-0700][gc,phases    ] GC(30)   Pre Evacuate Collection Set: 0.0ms
[2020-04-07T18:02:21.696-0700][gc,phases    ] GC(30)   Evacuate Collection Set: 5.7ms
[2020-04-07T18:02:21.696-0700][gc,phases    ] GC(30)   Post Evacuate Collection Set: 1.2ms
[2020-04-07T18:02:21.696-0700][gc,phases    ] GC(30)   Other: 0.4ms
[2020-04-07T18:02:21.696-0700][gc,heap      ] GC(30) Eden regions: 240->0(262)
[2020-04-07T18:02:21.696-0700][gc,heap      ] GC(30) Survivor regions: 1->1(31)
[2020-04-07T18:02:21.696-0700][gc,heap      ] GC(30) Old regions: 6->6
[2020-04-07T18:02:21.696-0700][gc,heap      ] GC(30) Humongous regions: 1->1
[2020-04-07T18:02:21.696-0700][gc,metaspace ] GC(30) Metaspace: 8086K->8086K(1056768K)
[2020-04-07T18:02:21.696-0700][gc           ] GC(30) Pause Young (Normal) (G1 Evacuation Pause) 247M->7M(512M) 7.608ms
[2020-04-07T18:02:21.696-0700][gc,cpu       ] GC(30) User=0.01s Sys=0.01s Real=0.01s
[2020-04-07T19:53:20.788-0700][gc,start     ] GC(31) Pause Young (Normal) (G1 Evacuation Pause)
[2020-04-07T19:53:20.841-0700][gc,task      ] GC(31) Using 4 workers of 4 for evacuation
[2020-04-07T19:53:20.844-0700][gc,phases    ] GC(31)   Pre Evacuate Collection Set: 0.0ms
[2020-04-07T19:53:20.844-0700][gc,phases    ] GC(31)   Evacuate Collection Set: 2.1ms
[2020-04-07T19:53:20.844-0700][gc,phases    ] GC(31)   Post Evacuate Collection Set: 0.5ms
[2020-04-07T19:53:20.844-0700][gc,phases    ] GC(31)   Other: 53.0ms
[2020-04-07T19:53:20.844-0700][gc,heap      ] GC(31) Eden regions: 262->0(306)
[2020-04-07T19:53:20.844-0700][gc,heap      ] GC(31) Survivor regions: 1->1(33)
[2020-04-07T19:53:20.844-0700][gc,heap      ] GC(31) Old regions: 6->6
[2020-04-07T19:53:20.844-0700][gc,heap      ] GC(31) Humongous regions: 1->1
[2020-04-07T19:53:20.844-0700][gc,metaspace ] GC(31) Metaspace: 8101K->8101K(1056768K)
[2020-04-07T19:53:20.844-0700][gc           ] GC(31) Pause Young (Normal) (G1 Evacuation Pause) 269M->7M(512M) 55.748ms
[2020-04-07T19:53:20.844-0700][gc,cpu       ] GC(31) User=0.01s Sys=0.00s Real=0.05s
[2020-04-07T22:02:01.064-0700][gc,start     ] GC(32) Pause Young (Normal) (G1 Evacuation Pause)
[2020-04-07T22:02:01.064-0700][gc,task      ] GC(32) Using 4 workers of 4 for evacuation
[2020-04-07T22:02:01.071-0700][gc,phases    ] GC(32)   Pre Evacuate Collection Set: 0.0ms
[2020-04-07T22:02:01.071-0700][gc,phases    ] GC(32)   Evacuate Collection Set: 2.6ms
[2020-04-07T22:02:01.071-0700][gc,phases    ] GC(32)   Post Evacuate Collection Set: 3.6ms
[2020-04-07T22:02:01.071-0700][gc,phases    ] GC(32)   Other: 0.5ms
[2020-04-07T22:02:01.071-0700][gc,heap      ] GC(32) Eden regions: 306->0(306)
[2020-04-07T22:02:01.071-0700][gc,heap      ] GC(32) Survivor regions: 1->1(39)
[2020-04-07T22:02:01.071-0700][gc,heap      ] GC(32) Old regions: 6->6
[2020-04-07T22:02:01.071-0700][gc,heap      ] GC(32) Humongous regions: 1->1
[2020-04-07T22:02:01.071-0700][gc,metaspace ] GC(32) Metaspace: 8101K->8101K(1056768K)
[2020-04-07T22:02:01.071-0700][gc           ] GC(32) Pause Young (Normal) (G1 Evacuation Pause) 313M->7M(512M) 7.009ms
[2020-04-07T22:02:01.071-0700][gc,cpu       ] GC(32) User=0.02s Sys=0.00s Real=0.01s
[2020-04-08T00:10:49.657-0700][gc,start     ] GC(33) Pause Young (Normal) (G1 Evacuation Pause)
[2020-04-08T00:10:49.693-0700][gc,task      ] GC(33) Using 4 workers of 4 for evacuation
[2020-04-08T00:10:49.697-0700][gc,phases    ] GC(33)   Pre Evacuate Collection Set: 0.0ms
[2020-04-08T00:10:49.697-0700][gc,phases    ] GC(33)   Evacuate Collection Set: 2.4ms
[2020-04-08T00:10:49.697-0700][gc,phases    ] GC(33)   Post Evacuate Collection Set: 1.1ms
[2020-04-08T00:10:49.697-0700][gc,phases    ] GC(33)   Other: 36.4ms
[2020-04-08T00:10:49.697-0700][gc,heap      ] GC(33) Eden regions: 306->0(306)
[2020-04-08T00:10:49.697-0700][gc,heap      ] GC(33) Survivor regions: 1->1(39)
[2020-04-08T00:10:49.697-0700][gc,heap      ] GC(33) Old regions: 6->6
[2020-04-08T00:10:49.697-0700][gc,heap      ] GC(33) Humongous regions: 1->1
[2020-04-08T00:10:49.697-0700][gc,metaspace ] GC(33) Metaspace: 8101K->8101K(1056768K)
[2020-04-08T00:10:49.697-0700][gc           ] GC(33) Pause Young (Normal) (G1 Evacuation Pause) 313M->7M(512M) 40.308ms
[2020-04-08T00:10:49.697-0700][gc,cpu       ] GC(33) User=0.01s Sys=0.00s Real=0.04s
[2020-04-08T02:14:56.274-0700][gc,start     ] GC(34) Pause Young (Normal) (G1 Evacuation Pause)
[2020-04-08T02:14:56.310-0700][gc,task      ] GC(34) Using 4 workers of 4 for evacuation
[2020-04-08T02:14:56.314-0700][gc,phases    ] GC(34)   Pre Evacuate Collection Set: 0.0ms
[2020-04-08T02:14:56.314-0700][gc,phases    ] GC(34)   Evacuate Collection Set: 2.6ms
[2020-04-08T02:14:56.314-0700][gc,phases    ] GC(34)   Post Evacuate Collection Set: 1.1ms
[2020-04-08T02:14:56.314-0700][gc,phases    ] GC(34)   Other: 37.0ms
[2020-04-08T02:14:56.314-0700][gc,heap      ] GC(34) Eden regions: 306->0(306)
[2020-04-08T02:14:56.314-0700][gc,heap      ] GC(34) Survivor regions: 1->1(39)
[2020-04-08T02:14:56.315-0700][gc,heap      ] GC(34) Old regions: 6->6
[2020-04-08T02:14:56.315-0700][gc,heap      ] GC(34) Humongous regions: 1->1
[2020-04-08T02:14:56.315-0700][gc,metaspace ] GC(34) Metaspace: 8123K->8123K(1056768K)
[2020-04-08T02:14:56.315-0700][gc           ] GC(34) Pause Young (Normal) (G1 Evacuation Pause) 313M->7M(512M) 41.066ms
[2020-04-08T02:14:56.315-0700][gc,cpu       ] GC(34) User=0.02s Sys=0.00s Real=0.04s
[2020-04-08T04:18:24.176-0700][gc,start     ] GC(35) Pause Young (Normal) (G1 Evacuation Pause)
[2020-04-08T04:18:24.176-0700][gc,task      ] GC(35) Using 4 workers of 4 for evacuation
[2020-04-08T04:18:24.182-0700][gc,phases    ] GC(35)   Pre Evacuate Collection Set: 0.0ms
[2020-04-08T04:18:24.182-0700][gc,phases    ] GC(35)   Evacuate Collection Set: 4.7ms
[2020-04-08T04:18:24.182-0700][gc,phases    ] GC(35)   Post Evacuate Collection Set: 0.8ms
[2020-04-08T04:18:24.182-0700][gc,phases    ] GC(35)   Other: 0.4ms
[2020-04-08T04:18:24.182-0700][gc,heap      ] GC(35) Eden regions: 306->0(306)
[2020-04-08T04:18:24.182-0700][gc,heap      ] GC(35) Survivor regions: 1->1(39)
[2020-04-08T04:18:24.182-0700][gc,heap      ] GC(35) Old regions: 6->6
[2020-04-08T04:18:24.182-0700][gc,heap      ] GC(35) Humongous regions: 1->1
[2020-04-08T04:18:24.182-0700][gc,metaspace ] GC(35) Metaspace: 8147K->8147K(1056768K)
[2020-04-08T04:18:24.182-0700][gc           ] GC(35) Pause Young (Normal) (G1 Evacuation Pause) 313M->7M(512M) 6.093ms
[2020-04-08T04:18:24.182-0700][gc,cpu       ] GC(35) User=0.01s Sys=0.00s Real=0.00s
[2020-04-08T06:19:16.678-0700][gc,start     ] GC(36) Pause Young (Normal) (G1 Evacuation Pause)
[2020-04-08T06:19:16.678-0700][gc,task      ] GC(36) Using 4 workers of 4 for evacuation
[2020-04-08T06:19:16.681-0700][gc,phases    ] GC(36)   Pre Evacuate Collection Set: 0.0ms
[2020-04-08T06:19:16.681-0700][gc,phases    ] GC(36)   Evacuate Collection Set: 2.4ms
[2020-04-08T06:19:16.682-0700][gc,phases    ] GC(36)   Post Evacuate Collection Set: 1.1ms
[2020-04-08T06:19:16.682-0700][gc,phases    ] GC(36)   Other: 0.4ms
[2020-04-08T06:19:16.682-0700][gc,heap      ] GC(36) Eden regions: 306->0(306)
[2020-04-08T06:19:16.682-0700][gc,heap      ] GC(36) Survivor regions: 1->1(39)
[2020-04-08T06:19:16.682-0700][gc,heap      ] GC(36) Old regions: 6->6
[2020-04-08T06:19:16.682-0700][gc,heap      ] GC(36) Humongous regions: 1->1
[2020-04-08T06:19:16.682-0700][gc,metaspace ] GC(36) Metaspace: 8174K->8174K(1056768K)
[2020-04-08T06:19:16.682-0700][gc           ] GC(36) Pause Young (Normal) (G1 Evacuation Pause) 313M->7M(512M) 4.251ms
[2020-04-08T06:19:16.682-0700][gc,cpu       ] GC(36) User=0.01s Sys=0.00s Real=0.00s
[2020-04-08T08:17:49.915-0700][gc,start     ] GC(37) Pause Young (Normal) (G1 Evacuation Pause)
[2020-04-08T08:17:49.915-0700][gc,task      ] GC(37) Using 4 workers of 4 for evacuation
[2020-04-08T08:17:49.920-0700][gc,phases    ] GC(37)   Pre Evacuate Collection Set: 0.1ms
[2020-04-08T08:17:49.920-0700][gc,phases    ] GC(37)   Evacuate Collection Set: 2.5ms
[2020-04-08T08:17:49.920-0700][gc,phases    ] GC(37)   Post Evacuate Collection Set: 1.5ms
[2020-04-08T08:17:49.920-0700][gc,phases    ] GC(37)   Other: 0.5ms
[2020-04-08T08:17:49.920-0700][gc,heap      ] GC(37) Eden regions: 306->0(306)
[2020-04-08T08:17:49.920-0700][gc,heap      ] GC(37) Survivor regions: 1->1(39)
[2020-04-08T08:17:49.920-0700][gc,heap      ] GC(37) Old regions: 6->6
[2020-04-08T08:17:49.920-0700][gc,heap      ] GC(37) Humongous regions: 1->1
[2020-04-08T08:17:49.920-0700][gc,metaspace ] GC(37) Metaspace: 8174K->8174K(1056768K)
[2020-04-08T08:17:49.920-0700][gc           ] GC(37) Pause Young (Normal) (G1 Evacuation Pause) 313M->7M(512M) 4.846ms
[2020-04-08T08:17:49.920-0700][gc,cpu       ] GC(37) User=0.02s Sys=0.00s Real=0.00s
[2020-04-08T10:16:18.426-0700][gc,start     ] GC(38) Pause Young (Normal) (G1 Evacuation Pause)
[2020-04-08T10:16:18.426-0700][gc,task      ] GC(38) Using 4 workers of 4 for evacuation
[2020-04-08T10:16:18.429-0700][gc,phases    ] GC(38)   Pre Evacuate Collection Set: 0.0ms
[2020-04-08T10:16:18.429-0700][gc,phases    ] GC(38)   Evacuate Collection Set: 2.2ms
[2020-04-08T10:16:18.429-0700][gc,phases    ] GC(38)   Post Evacuate Collection Set: 1.1ms
[2020-04-08T10:16:18.430-0700][gc,phases    ] GC(38)   Other: 0.4ms
[2020-04-08T10:16:18.430-0700][gc,heap      ] GC(38) Eden regions: 306->0(306)
[2020-04-08T10:16:18.430-0700][gc,heap      ] GC(38) Survivor regions: 1->1(39)
[2020-04-08T10:16:18.430-0700][gc,heap      ] GC(38) Old regions: 6->6
[2020-04-08T10:16:18.430-0700][gc,heap      ] GC(38) Humongous regions: 1->1
[2020-04-08T10:16:18.430-0700][gc,metaspace ] GC(38) Metaspace: 8174K->8174K(1056768K)
[2020-04-08T10:16:18.430-0700][gc           ] GC(38) Pause Young (Normal) (G1 Evacuation Pause) 313M->7M(512M) 4.097ms
[2020-04-08T10:16:18.430-0700][gc,cpu       ] GC(38) User=0.01s Sys=0.00s Real=0.01s
[2020-04-08T12:14:36.128-0700][gc,start     ] GC(39) Pause Young (Normal) (G1 Evacuation Pause)
[2020-04-08T12:14:36.128-0700][gc,task      ] GC(39) Using 4 workers of 4 for evacuation
[2020-04-08T12:14:36.133-0700][gc,phases    ] GC(39)   Pre Evacuate Collection Set: 0.0ms
[2020-04-08T12:14:36.133-0700][gc,phases    ] GC(39)   Evacuate Collection Set: 2.6ms
[2020-04-08T12:14:36.133-0700][gc,phases    ] GC(39)   Post Evacuate Collection Set: 1.5ms
[2020-04-08T12:14:36.133-0700][gc,phases    ] GC(39)   Other: 0.6ms
[2020-04-08T12:14:36.133-0700][gc,heap      ] GC(39) Eden regions: 306->0(306)
[2020-04-08T12:14:36.133-0700][gc,heap      ] GC(39) Survivor regions: 1->1(39)
[2020-04-08T12:14:36.133-0700][gc,heap      ] GC(39) Old regions: 6->6
[2020-04-08T12:14:36.133-0700][gc,heap      ] GC(39) Humongous regions: 1->1
[2020-04-08T12:14:36.133-0700][gc,metaspace ] GC(39) Metaspace: 8174K->8174K(1056768K)
[2020-04-08T12:14:36.133-0700][gc           ] GC(39) Pause Young (Normal) (G1 Evacuation Pause) 313M->7M(512M) 4.976ms
[2020-04-08T12:14:36.133-0700][gc,cpu       ] GC(39) User=0.01s Sys=0.00s Real=0.00s
[2020-04-08T14:13:22.023-0700][gc,start     ] GC(40) Pause Young (Normal) (G1 Evacuation Pause)
[2020-04-08T14:13:22.024-0700][gc,task      ] GC(40) Using 4 workers of 4 for evacuation
[2020-04-08T14:13:22.027-0700][gc,phases    ] GC(40)   Pre Evacuate Collection Set: 0.0ms
[2020-04-08T14:13:22.027-0700][gc,phases    ] GC(40)   Evacuate Collection Set: 2.0ms
[2020-04-08T14:13:22.061-0700][gc,phases    ] GC(40)   Post Evacuate Collection Set: 1.1ms
[2020-04-08T14:13:22.061-0700][gc,phases    ] GC(40)   Other: 0.4ms
[2020-04-08T14:13:22.061-0700][gc,heap      ] GC(40) Eden regions: 306->0(306)
[2020-04-08T14:13:22.061-0700][gc,heap      ] GC(40) Survivor regions: 1->1(39)
[2020-04-08T14:13:22.061-0700][gc,heap      ] GC(40) Old regions: 6->6
[2020-04-08T14:13:22.061-0700][gc,heap      ] GC(40) Humongous regions: 1->1
[2020-04-08T14:13:22.061-0700][gc,metaspace ] GC(40) Metaspace: 8174K->8174K(1056768K)
[2020-04-08T14:13:22.061-0700][gc           ] GC(40) Pause Young (Normal) (G1 Evacuation Pause) 313M->7M(512M) 38.015ms
[2020-04-08T14:13:22.062-0700][gc,cpu       ] GC(40) User=0.01s Sys=0.00s Real=0.04s
[2020-04-08T16:11:54.890-0700][gc,start     ] GC(41) Pause Young (Normal) (G1 Evacuation Pause)
[2020-04-08T16:11:54.890-0700][gc,task      ] GC(41) Using 4 workers of 4 for evacuation
[2020-04-08T16:11:54.894-0700][gc,phases    ] GC(41)   Pre Evacuate Collection Set: 0.0ms
[2020-04-08T16:11:54.894-0700][gc,phases    ] GC(41)   Evacuate Collection Set: 2.2ms
[2020-04-08T16:11:54.894-0700][gc,phases    ] GC(41)   Post Evacuate Collection Set: 1.2ms
[2020-04-08T16:11:54.894-0700][gc,phases    ] GC(41)   Other: 0.5ms
[2020-04-08T16:11:54.894-0700][gc,heap      ] GC(41) Eden regions: 306->0(306)
[2020-04-08T16:11:54.894-0700][gc,heap      ] GC(41) Survivor regions: 1->1(39)
[2020-04-08T16:11:54.894-0700][gc,heap      ] GC(41) Old regions: 6->6
[2020-04-08T16:11:54.894-0700][gc,heap      ] GC(41) Humongous regions: 1->1
[2020-04-08T16:11:54.894-0700][gc,metaspace ] GC(41) Metaspace: 8174K->8174K(1056768K)
[2020-04-08T16:11:54.894-0700][gc           ] GC(41) Pause Young (Normal) (G1 Evacuation Pause) 313M->7M(512M) 4.143ms
[2020-04-08T16:11:54.894-0700][gc,cpu       ] GC(41) User=0.02s Sys=0.00s Real=0.00s
[2020-04-08T18:10:33.523-0700][gc,start     ] GC(42) Pause Young (Normal) (G1 Evacuation Pause)
[2020-04-08T18:10:33.523-0700][gc,task      ] GC(42) Using 4 workers of 4 for evacuation
[2020-04-08T18:10:33.527-0700][gc,phases    ] GC(42)   Pre Evacuate Collection Set: 0.0ms
[2020-04-08T18:10:33.527-0700][gc,phases    ] GC(42)   Evacuate Collection Set: 2.4ms
[2020-04-08T18:10:33.527-0700][gc,phases    ] GC(42)   Post Evacuate Collection Set: 1.3ms
[2020-04-08T18:10:33.527-0700][gc,phases    ] GC(42)   Other: 0.5ms
[2020-04-08T18:10:33.527-0700][gc,heap      ] GC(42) Eden regions: 306->0(306)
[2020-04-08T18:10:33.527-0700][gc,heap      ] GC(42) Survivor regions: 1->1(39)
[2020-04-08T18:10:33.527-0700][gc,heap      ] GC(42) Old regions: 6->6
[2020-04-08T18:10:33.527-0700][gc,heap      ] GC(42) Humongous regions: 1->1
[2020-04-08T18:10:33.527-0700][gc,metaspace ] GC(42) Metaspace: 8174K->8174K(1056768K)
[2020-04-08T18:10:33.527-0700][gc           ] GC(42) Pause Young (Normal) (G1 Evacuation Pause) 313M->7M(512M) 4.515ms
[2020-04-08T18:10:33.527-0700][gc,cpu       ] GC(42) User=0.01s Sys=0.01s Real=0.01s
[2020-04-08T20:14:12.001-0700][gc,start     ] GC(43) Pause Young (Normal) (G1 Evacuation Pause)
[2020-04-08T20:14:12.001-0700][gc,task      ] GC(43) Using 4 workers of 4 for evacuation
[2020-04-08T20:14:12.008-0700][gc,phases    ] GC(43)   Pre Evacuate Collection Set: 0.0ms
[2020-04-08T20:14:12.008-0700][gc,phases    ] GC(43)   Evacuate Collection Set: 5.6ms
[2020-04-08T20:14:12.008-0700][gc,phases    ] GC(43)   Post Evacuate Collection Set: 1.2ms
[2020-04-08T20:14:12.008-0700][gc,phases    ] GC(43)   Other: 0.5ms
[2020-04-08T20:14:12.008-0700][gc,heap      ] GC(43) Eden regions: 306->0(306)
[2020-04-08T20:14:12.008-0700][gc,heap      ] GC(43) Survivor regions: 1->1(39)
[2020-04-08T20:14:12.008-0700][gc,heap      ] GC(43) Old regions: 6->6
[2020-04-08T20:14:12.008-0700][gc,heap      ] GC(43) Humongous regions: 1->1
[2020-04-08T20:14:12.008-0700][gc,metaspace ] GC(43) Metaspace: 8175K->8175K(1056768K)
[2020-04-08T20:14:12.008-0700][gc           ] GC(43) Pause Young (Normal) (G1 Evacuation Pause) 313M->7M(512M) 7.630ms
[2020-04-08T20:14:12.008-0700][gc,cpu       ] GC(43) User=0.02s Sys=0.00s Real=0.01s
[2020-04-09T09:35:23.638-0700][gc,start     ] GC(44) Pause Young (Normal) (G1 Evacuation Pause)
[2020-04-09T09:35:23.685-0700][gc,task      ] GC(44) Using 4 workers of 4 for evacuation
[2020-04-09T09:35:23.689-0700][gc,phases    ] GC(44)   Pre Evacuate Collection Set: 0.0ms
[2020-04-09T09:35:23.689-0700][gc,phases    ] GC(44)   Evacuate Collection Set: 2.2ms
[2020-04-09T09:35:23.689-0700][gc,phases    ] GC(44)   Post Evacuate Collection Set: 1.2ms
[2020-04-09T09:35:23.689-0700][gc,phases    ] GC(44)   Other: 47.4ms
[2020-04-09T09:35:23.689-0700][gc,heap      ] GC(44) Eden regions: 306->0(306)
[2020-04-09T09:35:23.689-0700][gc,heap      ] GC(44) Survivor regions: 1->1(39)
[2020-04-09T09:35:23.689-0700][gc,heap      ] GC(44) Old regions: 6->6
[2020-04-09T09:35:23.689-0700][gc,heap      ] GC(44) Humongous regions: 1->1
[2020-04-09T09:35:23.689-0700][gc,metaspace ] GC(44) Metaspace: 8213K->8213K(1056768K)
[2020-04-09T09:35:23.689-0700][gc           ] GC(44) Pause Young (Normal) (G1 Evacuation Pause) 313M->7M(512M) 51.126ms
[2020-04-09T09:35:23.689-0700][gc,cpu       ] GC(44) User=0.01s Sys=0.00s Real=0.05s
[2020-04-09T22:15:55.449-0700][gc,start     ] GC(45) Pause Young (Normal) (G1 Evacuation Pause)
[2020-04-09T22:15:56.325-0700][gc,task      ] GC(45) Using 4 workers of 4 for evacuation
[2020-04-09T22:15:56.332-0700][gc,phases    ] GC(45)   Pre Evacuate Collection Set: 0.0ms
[2020-04-09T22:15:56.332-0700][gc,phases    ] GC(45)   Evacuate Collection Set: 5.3ms
[2020-04-09T22:15:56.332-0700][gc,phases    ] GC(45)   Post Evacuate Collection Set: 0.7ms
[2020-04-09T22:15:56.332-0700][gc,phases    ] GC(45)   Other: 877.1ms
[2020-04-09T22:15:56.332-0700][gc,heap      ] GC(45) Eden regions: 306->0(306)
[2020-04-09T22:15:56.332-0700][gc,heap      ] GC(45) Survivor regions: 1->1(39)
[2020-04-09T22:15:56.332-0700][gc,heap      ] GC(45) Old regions: 6->6
[2020-04-09T22:15:56.332-0700][gc,heap      ] GC(45) Humongous regions: 1->1
[2020-04-09T22:15:56.332-0700][gc,metaspace ] GC(45) Metaspace: 8213K->8213K(1056768K)
[2020-04-09T22:15:56.332-0700][gc           ] GC(45) Pause Young (Normal) (G1 Evacuation Pause) 313M->7M(512M) 883.368ms
[2020-04-09T22:15:56.332-0700][gc,cpu       ] GC(45) User=0.02s Sys=0.00s Real=0.88s
[2020-04-10T00:10:19.691-0700][gc,start     ] GC(46) Pause Young (Normal) (G1 Evacuation Pause)
[2020-04-10T00:10:19.728-0700][gc,task      ] GC(46) Using 4 workers of 4 for evacuation
[2020-04-10T00:10:19.731-0700][gc,phases    ] GC(46)   Pre Evacuate Collection Set: 0.0ms
[2020-04-10T00:10:19.731-0700][gc,phases    ] GC(46)   Evacuate Collection Set: 1.6ms
[2020-04-10T00:10:19.731-0700][gc,phases    ] GC(46)   Post Evacuate Collection Set: 1.2ms
[2020-04-10T00:10:19.731-0700][gc,phases    ] GC(46)   Other: 37.7ms
[2020-04-10T00:10:19.731-0700][gc,heap      ] GC(46) Eden regions: 306->0(306)
[2020-04-10T00:10:19.731-0700][gc,heap      ] GC(46) Survivor regions: 1->1(39)
[2020-04-10T00:10:19.731-0700][gc,heap      ] GC(46) Old regions: 6->6
[2020-04-10T00:10:19.731-0700][gc,heap      ] GC(46) Humongous regions: 1->1
[2020-04-10T00:10:19.731-0700][gc,metaspace ] GC(46) Metaspace: 8213K->8213K(1056768K)
[2020-04-10T00:10:19.731-0700][gc           ] GC(46) Pause Young (Normal) (G1 Evacuation Pause) 313M->7M(512M) 40.573ms
[2020-04-10T00:10:19.731-0700][gc,cpu       ] GC(46) User=0.00s Sys=0.01s Real=0.04s
[2020-04-10T02:04:32.583-0700][gc,start     ] GC(47) Pause Young (Normal) (G1 Evacuation Pause)
[2020-04-10T02:04:32.583-0700][gc,task      ] GC(47) Using 4 workers of 4 for evacuation
[2020-04-10T02:04:32.587-0700][gc,phases    ] GC(47)   Pre Evacuate Collection Set: 0.0ms
[2020-04-10T02:04:32.587-0700][gc,phases    ] GC(47)   Evacuate Collection Set: 2.5ms
[2020-04-10T02:04:32.587-0700][gc,phases    ] GC(47)   Post Evacuate Collection Set: 1.0ms
[2020-04-10T02:04:32.587-0700][gc,phases    ] GC(47)   Other: 0.5ms
[2020-04-10T02:04:32.587-0700][gc,heap      ] GC(47) Eden regions: 306->0(306)
[2020-04-10T02:04:32.587-0700][gc,heap      ] GC(47) Survivor regions: 1->1(39)
[2020-04-10T02:04:32.587-0700][gc,heap      ] GC(47) Old regions: 6->6
[2020-04-10T02:04:32.587-0700][gc,heap      ] GC(47) Humongous regions: 1->1
[2020-04-10T02:04:32.587-0700][gc,metaspace ] GC(47) Metaspace: 8218K->8218K(1056768K)
[2020-04-10T02:04:32.587-0700][gc           ] GC(47) Pause Young (Normal) (G1 Evacuation Pause) 313M->7M(512M) 4.459ms
[2020-04-10T02:04:32.587-0700][gc,cpu       ] GC(47) User=0.01s Sys=0.00s Real=0.01s
[2020-04-10T03:59:14.566-0700][gc,start     ] GC(48) Pause Young (Normal) (G1 Evacuation Pause)
[2020-04-10T03:59:14.632-0700][gc,task      ] GC(48) Using 4 workers of 4 for evacuation
[2020-04-10T03:59:14.636-0700][gc,phases    ] GC(48)   Pre Evacuate Collection Set: 0.0ms
[2020-04-10T03:59:14.636-0700][gc,phases    ] GC(48)   Evacuate Collection Set: 3.0ms
[2020-04-10T03:59:14.636-0700][gc,phases    ] GC(48)   Post Evacuate Collection Set: 0.9ms
[2020-04-10T03:59:14.636-0700][gc,phases    ] GC(48)   Other: 65.6ms
[2020-04-10T03:59:14.636-0700][gc,heap      ] GC(48) Eden regions: 306->0(306)
[2020-04-10T03:59:14.636-0700][gc,heap      ] GC(48) Survivor regions: 1->1(39)
[2020-04-10T03:59:14.636-0700][gc,heap      ] GC(48) Old regions: 6->6
[2020-04-10T03:59:14.636-0700][gc,heap      ] GC(48) Humongous regions: 1->1
[2020-04-10T03:59:14.636-0700][gc,metaspace ] GC(48) Metaspace: 8218K->8218K(1056768K)
[2020-04-10T03:59:14.636-0700][gc           ] GC(48) Pause Young (Normal) (G1 Evacuation Pause) 313M->7M(512M) 69.822ms
[2020-04-10T03:59:14.636-0700][gc,cpu       ] GC(48) User=0.01s Sys=0.00s Real=0.08s
[2020-04-10T05:53:53.732-0700][gc,start     ] GC(49) Pause Young (Normal) (G1 Evacuation Pause)
[2020-04-10T05:53:53.733-0700][gc,task      ] GC(49) Using 4 workers of 4 for evacuation
[2020-04-10T05:53:53.737-0700][gc,phases    ] GC(49)   Pre Evacuate Collection Set: 0.0ms
[2020-04-10T05:53:53.737-0700][gc,phases    ] GC(49)   Evacuate Collection Set: 2.9ms
[2020-04-10T05:53:53.737-0700][gc,phases    ] GC(49)   Post Evacuate Collection Set: 1.2ms
[2020-04-10T05:53:53.737-0700][gc,phases    ] GC(49)   Other: 0.4ms
[2020-04-10T05:53:53.737-0700][gc,heap      ] GC(49) Eden regions: 306->0(306)
[2020-04-10T05:53:53.737-0700][gc,heap      ] GC(49) Survivor regions: 1->1(39)
[2020-04-10T05:53:53.737-0700][gc,heap      ] GC(49) Old regions: 6->6
[2020-04-10T05:53:53.737-0700][gc,heap      ] GC(49) Humongous regions: 1->1
[2020-04-10T05:53:53.737-0700][gc,metaspace ] GC(49) Metaspace: 8218K->8218K(1056768K)
[2020-04-10T05:53:53.737-0700][gc           ] GC(49) Pause Young (Normal) (G1 Evacuation Pause) 313M->7M(512M) 4.821ms
[2020-04-10T05:53:53.737-0700][gc,cpu       ] GC(49) User=0.01s Sys=0.00s Real=0.01s
[2020-04-10T07:47:58.607-0700][gc,start     ] GC(50) Pause Young (Normal) (G1 Evacuation Pause)
[2020-04-10T07:47:58.607-0700][gc,task      ] GC(50) Using 4 workers of 4 for evacuation
[2020-04-10T07:47:58.611-0700][gc,phases    ] GC(50)   Pre Evacuate Collection Set: 0.0ms
[2020-04-10T07:47:58.611-0700][gc,phases    ] GC(50)   Evacuate Collection Set: 2.5ms
[2020-04-10T07:47:58.611-0700][gc,phases    ] GC(50)   Post Evacuate Collection Set: 1.1ms
[2020-04-10T07:47:58.611-0700][gc,phases    ] GC(50)   Other: 0.5ms
[2020-04-10T07:47:58.611-0700][gc,heap      ] GC(50) Eden regions: 306->0(306)
[2020-04-10T07:47:58.611-0700][gc,heap      ] GC(50) Survivor regions: 1->1(39)
[2020-04-10T07:47:58.611-0700][gc,heap      ] GC(50) Old regions: 6->6
[2020-04-10T07:47:58.611-0700][gc,heap      ] GC(50) Humongous regions: 1->1
[2020-04-10T07:47:58.611-0700][gc,metaspace ] GC(50) Metaspace: 8220K->8220K(1056768K)
[2020-04-10T07:47:58.612-0700][gc           ] GC(50) Pause Young (Normal) (G1 Evacuation Pause) 313M->7M(512M) 4.518ms
[2020-04-10T07:47:58.612-0700][gc,cpu       ] GC(50) User=0.01s Sys=0.00s Real=0.00s
[2020-04-10T09:42:04.998-0700][gc,start     ] GC(51) Pause Young (Normal) (G1 Evacuation Pause)
[2020-04-10T09:42:04.998-0700][gc,task      ] GC(51) Using 4 workers of 4 for evacuation
[2020-04-10T09:42:05.002-0700][gc,phases    ] GC(51)   Pre Evacuate Collection Set: 0.0ms
[2020-04-10T09:42:05.002-0700][gc,phases    ] GC(51)   Evacuate Collection Set: 2.3ms
[2020-04-10T09:42:05.002-0700][gc,phases    ] GC(51)   Post Evacuate Collection Set: 1.2ms
[2020-04-10T09:42:05.002-0700][gc,phases    ] GC(51)   Other: 0.4ms
[2020-04-10T09:42:05.002-0700][gc,heap      ] GC(51) Eden regions: 306->0(306)
[2020-04-10T09:42:05.002-0700][gc,heap      ] GC(51) Survivor regions: 1->1(39)
[2020-04-10T09:42:05.002-0700][gc,heap      ] GC(51) Old regions: 6->6
[2020-04-10T09:42:05.002-0700][gc,heap      ] GC(51) Humongous regions: 1->1
[2020-04-10T09:42:05.003-0700][gc,metaspace ] GC(51) Metaspace: 8220K->8220K(1056768K)
[2020-04-10T09:42:05.003-0700][gc           ] GC(51) Pause Young (Normal) (G1 Evacuation Pause) 313M->7M(512M) 4.355ms
[2020-04-10T09:42:05.003-0700][gc,cpu       ] GC(51) User=0.01s Sys=0.00s Real=0.00s
[2020-04-10T11:35:51.718-0700][gc,start     ] GC(52) Pause Young (Normal) (G1 Evacuation Pause)
[2020-04-10T11:35:51.718-0700][gc,task      ] GC(52) Using 4 workers of 4 for evacuation
[2020-04-10T11:35:51.721-0700][gc,phases    ] GC(52)   Pre Evacuate Collection Set: 0.0ms
[2020-04-10T11:35:51.722-0700][gc,phases    ] GC(52)   Evacuate Collection Set: 2.2ms
[2020-04-10T11:35:51.722-0700][gc,phases    ] GC(52)   Post Evacuate Collection Set: 1.0ms
[2020-04-10T11:35:51.722-0700][gc,phases    ] GC(52)   Other: 0.4ms
[2020-04-10T11:35:51.722-0700][gc,heap      ] GC(52) Eden regions: 306->0(306)
[2020-04-10T11:35:51.722-0700][gc,heap      ] GC(52) Survivor regions: 1->1(39)
[2020-04-10T11:35:51.722-0700][gc,heap      ] GC(52) Old regions: 6->6
[2020-04-10T11:35:51.722-0700][gc,heap      ] GC(52) Humongous regions: 1->1
[2020-04-10T11:35:51.722-0700][gc,metaspace ] GC(52) Metaspace: 8220K->8220K(1056768K)
[2020-04-10T11:35:51.722-0700][gc           ] GC(52) Pause Young (Normal) (G1 Evacuation Pause) 313M->7M(512M) 4.010ms
[2020-04-10T11:35:51.722-0700][gc,cpu       ] GC(52) User=0.01s Sys=0.00s Real=0.00s
[2020-04-10T13:30:01.507-0700][gc,start     ] GC(53) Pause Young (Normal) (G1 Evacuation Pause)
[2020-04-10T13:30:01.507-0700][gc,task      ] GC(53) Using 4 workers of 4 for evacuation
[2020-04-10T13:30:01.512-0700][gc,phases    ] GC(53)   Pre Evacuate Collection Set: 0.1ms
[2020-04-10T13:30:01.512-0700][gc,phases    ] GC(53)   Evacuate Collection Set: 2.5ms
[2020-04-10T13:30:01.512-0700][gc,phases    ] GC(53)   Post Evacuate Collection Set: 1.4ms
[2020-04-10T13:30:01.512-0700][gc,phases    ] GC(53)   Other: 0.6ms
[2020-04-10T13:30:01.512-0700][gc,heap      ] GC(53) Eden regions: 306->0(306)
[2020-04-10T13:30:01.512-0700][gc,heap      ] GC(53) Survivor regions: 1->1(39)
[2020-04-10T13:30:01.512-0700][gc,heap      ] GC(53) Old regions: 6->6
[2020-04-10T13:30:01.512-0700][gc,heap      ] GC(53) Humongous regions: 1->1
[2020-04-10T13:30:01.512-0700][gc,metaspace ] GC(53) Metaspace: 8220K->8220K(1056768K)
[2020-04-10T13:30:01.512-0700][gc           ] GC(53) Pause Young (Normal) (G1 Evacuation Pause) 313M->7M(512M) 4.983ms
[2020-04-10T13:30:01.512-0700][gc,cpu       ] GC(53) User=0.01s Sys=0.00s Real=0.00s
[2020-04-10T15:23:45.311-0700][gc,start     ] GC(54) Pause Young (Normal) (G1 Evacuation Pause)
[2020-04-10T15:23:45.311-0700][gc,task      ] GC(54) Using 4 workers of 4 for evacuation
[2020-04-10T15:23:45.315-0700][gc,phases    ] GC(54)   Pre Evacuate Collection Set: 0.0ms
[2020-04-10T15:23:45.315-0700][gc,phases    ] GC(54)   Evacuate Collection Set: 2.1ms
[2020-04-10T15:23:45.315-0700][gc,phases    ] GC(54)   Post Evacuate Collection Set: 1.1ms
[2020-04-10T15:23:45.315-0700][gc,phases    ] GC(54)   Other: 0.4ms
[2020-04-10T15:23:45.315-0700][gc,heap      ] GC(54) Eden regions: 306->0(306)
[2020-04-10T15:23:45.315-0700][gc,heap      ] GC(54) Survivor regions: 1->1(39)
[2020-04-10T15:23:45.315-0700][gc,heap      ] GC(54) Old regions: 6->6
[2020-04-10T15:23:45.315-0700][gc,heap      ] GC(54) Humongous regions: 1->1
[2020-04-10T15:23:45.315-0700][gc,metaspace ] GC(54) Metaspace: 8220K->8220K(1056768K)
[2020-04-10T15:23:45.315-0700][gc           ] GC(54) Pause Young (Normal) (G1 Evacuation Pause) 313M->7M(512M) 3.931ms
[2020-04-10T15:23:45.315-0700][gc,cpu       ] GC(54) User=0.01s Sys=0.00s Real=0.01s
[2020-04-10T17:17:50.529-0700][gc,start     ] GC(55) Pause Young (Normal) (G1 Evacuation Pause)
[2020-04-10T17:17:50.529-0700][gc,task      ] GC(55) Using 4 workers of 4 for evacuation
[2020-04-10T17:17:50.533-0700][gc,phases    ] GC(55)   Pre Evacuate Collection Set: 0.0ms
[2020-04-10T17:17:50.533-0700][gc,phases    ] GC(55)   Evacuate Collection Set: 2.3ms
[2020-04-10T17:17:50.533-0700][gc,phases    ] GC(55)   Post Evacuate Collection Set: 1.0ms
[2020-04-10T17:17:50.533-0700][gc,phases    ] GC(55)   Other: 0.5ms
[2020-04-10T17:17:50.533-0700][gc,heap      ] GC(55) Eden regions: 306->0(306)
[2020-04-10T17:17:50.533-0700][gc,heap      ] GC(55) Survivor regions: 1->1(39)
[2020-04-10T17:17:50.533-0700][gc,heap      ] GC(55) Old regions: 6->6
[2020-04-10T17:17:50.533-0700][gc,heap      ] GC(55) Humongous regions: 1->1
[2020-04-10T17:17:50.533-0700][gc,metaspace ] GC(55) Metaspace: 8220K->8220K(1056768K)
[2020-04-10T17:17:50.533-0700][gc           ] GC(55) Pause Young (Normal) (G1 Evacuation Pause) 313M->7M(512M) 4.186ms
[2020-04-10T17:17:50.533-0700][gc,cpu       ] GC(55) User=0.01s Sys=0.00s Real=0.00s
[2020-04-12T02:14:25.839-0700][gc,start     ] GC(56) Pause Young (Normal) (G1 Evacuation Pause)
[2020-04-12T02:14:25.920-0700][gc,task      ] GC(56) Using 4 workers of 4 for evacuation
[2020-04-12T02:14:26.052-0700][gc,mmu       ] GC(56) MMU target violated: 21.0ms (20.0ms/21.0ms)
[2020-04-12T02:14:26.052-0700][gc,phases    ] GC(56)   Pre Evacuate Collection Set: 0.0ms
[2020-04-12T02:14:26.052-0700][gc,phases    ] GC(56)   Evacuate Collection Set: 131.9ms
[2020-04-12T02:14:26.052-0700][gc,phases    ] GC(56)   Post Evacuate Collection Set: 0.5ms
[2020-04-12T02:14:26.052-0700][gc,phases    ] GC(56)   Other: 80.9ms
[2020-04-12T02:14:26.052-0700][gc,heap      ] GC(56) Eden regions: 306->0(306)
[2020-04-12T02:14:26.052-0700][gc,heap      ] GC(56) Survivor regions: 1->1(39)
[2020-04-12T02:14:26.052-0700][gc,heap      ] GC(56) Old regions: 6->6
[2020-04-12T02:14:26.052-0700][gc,heap      ] GC(56) Humongous regions: 1->1
[2020-04-12T02:14:26.052-0700][gc,metaspace ] GC(56) Metaspace: 8223K->8223K(1056768K)
[2020-04-12T02:14:26.052-0700][gc           ] GC(56) Pause Young (Normal) (G1 Evacuation Pause) 313M->7M(512M) 213.352ms
[2020-04-12T02:14:26.052-0700][gc,cpu       ] GC(56) User=0.28s Sys=0.00s Real=0.21s
[2020-04-12T02:14:26.173-0700][gc,heap,exit ] Heap
[2020-04-12T02:14:26.173-0700][gc,heap,exit ]  garbage-first heap   total 524288K, used 7578K [0x00000000e0000000, 0x0000000100000000)
[2020-04-12T02:14:26.174-0700][gc,heap,exit ]   region size 1024K, 2 young (2048K), 1 survivors (1024K)
[2020-04-12T02:14:26.174-0700][gc,heap,exit ]  Metaspace       used 8224K, capacity 8551K, committed 8704K, reserved 1056768K
[2020-04-12T02:14:26.174-0700][gc,heap,exit ]   class space    used 842K, capacity 962K, committed 1024K, reserved 1048576K
