[2020-04-03T00:43:46.608-0700][gc,heap] Heap region size: 1M
[2020-04-03T00:43:46.621-0700][gc     ] Using G1
[2020-04-03T00:43:46.621-0700][gc,heap,coops] Heap address: 0x00000000e0000000, size: 512 MB, Compressed Oops mode: 32-bit
[2020-04-03T01:34:10.846-0700][gc,start     ] GC(0) Pause Young (Normal) (G1 Evacuation Pause)
[2020-04-03T01:34:10.846-0700][gc,task      ] GC(0) Using 4 workers of 4 for evacuation
[2020-04-03T01:34:10.853-0700][gc,phases    ] GC(0)   Pre Evacuate Collection Set: 0.0ms
[2020-04-03T01:34:10.853-0700][gc,phases    ] GC(0)   Evacuate Collection Set: 6.6ms
[2020-04-03T01:34:10.853-0700][gc,phases    ] GC(0)   Post Evacuate Collection Set: 0.5ms
[2020-04-03T01:34:10.853-0700][gc,phases    ] GC(0)   Other: 0.5ms
[2020-04-03T01:34:10.853-0700][gc,heap      ] GC(0) Eden regions: 25->0(21)
[2020-04-03T01:34:10.853-0700][gc,heap      ] GC(0) Survivor regions: 0->4(4)
[2020-04-03T01:34:10.853-0700][gc,heap      ] GC(0) Old regions: 0->2
[2020-04-03T01:34:10.853-0700][gc,heap      ] GC(0) Humongous regions: 1->1
[2020-04-03T01:34:10.853-0700][gc,metaspace ] GC(0) Metaspace: 7539K->7539K(1056768K)
[2020-04-03T01:34:10.853-0700][gc           ] GC(0) Pause Young (Normal) (G1 Evacuation Pause) 26M->6M(512M) 7.717ms
[2020-04-03T01:34:10.853-0700][gc,cpu       ] GC(0) User=0.01s Sys=0.01s Real=0.01s
[2020-04-03T03:18:06.380-0700][gc,start     ] GC(1) Pause Young (Normal) (G1 Evacuation Pause)
[2020-04-03T03:18:06.380-0700][gc,task      ] GC(1) Using 4 workers of 4 for evacuation
[2020-04-03T03:18:06.411-0700][gc,mmu       ] GC(1) MMU target violated: 21.0ms (20.0ms/21.0ms)
[2020-04-03T03:18:06.411-0700][gc,phases    ] GC(1)   Pre Evacuate Collection Set: 0.0ms
[2020-04-03T03:18:06.411-0700][gc,phases    ] GC(1)   Evacuate Collection Set: 28.0ms
[2020-04-03T03:18:06.411-0700][gc,phases    ] GC(1)   Post Evacuate Collection Set: 2.2ms
[2020-04-03T03:18:06.411-0700][gc,phases    ] GC(1)   Other: 0.6ms
[2020-04-03T03:18:06.411-0700][gc,heap      ] GC(1) Eden regions: 21->0(24)
[2020-04-03T03:18:06.411-0700][gc,heap      ] GC(1) Survivor regions: 4->1(4)
[2020-04-03T03:18:06.411-0700][gc,heap      ] GC(1) Old regions: 2->6
[2020-04-03T03:18:06.411-0700][gc,heap      ] GC(1) Humongous regions: 1->1
[2020-04-03T03:18:06.411-0700][gc,metaspace ] GC(1) Metaspace: 7668K->7668K(1056768K)
[2020-04-03T03:18:06.411-0700][gc           ] GC(1) Pause Young (Normal) (G1 Evacuation Pause) 27M->7M(512M) 31.142ms
[2020-04-03T03:18:06.411-0700][gc,cpu       ] GC(1) User=0.06s Sys=0.01s Real=0.03s
[2020-04-03T03:34:49.067-0700][gc,start     ] GC(2) Pause Young (Normal) (G1 Evacuation Pause)
[2020-04-03T03:34:49.073-0700][gc,task      ] GC(2) Using 4 workers of 4 for evacuation
[2020-04-03T03:34:49.076-0700][gc,phases    ] GC(2)   Pre Evacuate Collection Set: 0.0ms
[2020-04-03T03:34:49.077-0700][gc,phases    ] GC(2)   Evacuate Collection Set: 1.8ms
[2020-04-03T03:34:49.077-0700][gc,phases    ] GC(2)   Post Evacuate Collection Set: 0.8ms
[2020-04-03T03:34:49.077-0700][gc,phases    ] GC(2)   Other: 7.0ms
[2020-04-03T03:34:49.077-0700][gc,heap      ] GC(2) Eden regions: 24->0(24)
[2020-04-03T03:34:49.077-0700][gc,heap      ] GC(2) Survivor regions: 1->1(4)
[2020-04-03T03:34:49.077-0700][gc,heap      ] GC(2) Old regions: 6->6
[2020-04-03T03:34:49.077-0700][gc,heap      ] GC(2) Humongous regions: 1->1
[2020-04-03T03:34:49.077-0700][gc,metaspace ] GC(2) Metaspace: 7670K->7670K(1056768K)
[2020-04-03T03:34:49.077-0700][gc           ] GC(2) Pause Young (Normal) (G1 Evacuation Pause) 31M->7M(512M) 10.436ms
[2020-04-03T03:34:49.077-0700][gc,cpu       ] GC(2) User=0.00s Sys=0.01s Real=0.01s
[2020-04-03T03:51:40.038-0700][gc,start     ] GC(3) Pause Young (Normal) (G1 Evacuation Pause)
[2020-04-03T03:51:40.038-0700][gc,task      ] GC(3) Using 4 workers of 4 for evacuation
[2020-04-03T03:51:40.044-0700][gc,phases    ] GC(3)   Pre Evacuate Collection Set: 0.0ms
[2020-04-03T03:51:40.044-0700][gc,phases    ] GC(3)   Evacuate Collection Set: 4.6ms
[2020-04-03T03:51:40.044-0700][gc,phases    ] GC(3)   Post Evacuate Collection Set: 0.6ms
[2020-04-03T03:51:40.044-0700][gc,phases    ] GC(3)   Other: 0.4ms
[2020-04-03T03:51:40.044-0700][gc,heap      ] GC(3) Eden regions: 24->0(24)
[2020-04-03T03:51:40.044-0700][gc,heap      ] GC(3) Survivor regions: 1->1(4)
[2020-04-03T03:51:40.044-0700][gc,heap      ] GC(3) Old regions: 6->6
[2020-04-03T03:51:40.044-0700][gc,heap      ] GC(3) Humongous regions: 1->1
[2020-04-03T03:51:40.044-0700][gc,metaspace ] GC(3) Metaspace: 7699K->7699K(1056768K)
[2020-04-03T03:51:40.044-0700][gc           ] GC(3) Pause Young (Normal) (G1 Evacuation Pause) 31M->7M(512M) 5.874ms
[2020-04-03T03:51:40.044-0700][gc,cpu       ] GC(3) User=0.02s Sys=0.00s Real=0.00s
[2020-04-03T04:09:01.470-0700][gc,start     ] GC(4) Pause Young (Normal) (G1 Evacuation Pause)
[2020-04-03T04:09:01.470-0700][gc,task      ] GC(4) Using 4 workers of 4 for evacuation
[2020-04-03T04:09:01.474-0700][gc,phases    ] GC(4)   Pre Evacuate Collection Set: 0.0ms
[2020-04-03T04:09:01.474-0700][gc,phases    ] GC(4)   Evacuate Collection Set: 3.1ms
[2020-04-03T04:09:01.474-0700][gc,phases    ] GC(4)   Post Evacuate Collection Set: 0.5ms
[2020-04-03T04:09:01.474-0700][gc,phases    ] GC(4)   Other: 0.4ms
[2020-04-03T04:09:01.474-0700][gc,heap      ] GC(4) Eden regions: 24->0(24)
[2020-04-03T04:09:01.474-0700][gc,heap      ] GC(4) Survivor regions: 1->1(4)
[2020-04-03T04:09:01.474-0700][gc,heap      ] GC(4) Old regions: 6->6
[2020-04-03T04:09:01.474-0700][gc,heap      ] GC(4) Humongous regions: 1->1
[2020-04-03T04:09:01.474-0700][gc,metaspace ] GC(4) Metaspace: 7789K->7789K(1056768K)
[2020-04-03T04:09:01.474-0700][gc           ] GC(4) Pause Young (Normal) (G1 Evacuation Pause) 31M->7M(512M) 4.159ms
[2020-04-03T04:09:01.474-0700][gc,cpu       ] GC(4) User=0.01s Sys=0.00s Real=0.00s
[2020-04-03T06:36:25.779-0700][gc,start     ] GC(5) Pause Young (Normal) (G1 Evacuation Pause)
[2020-04-03T06:36:25.779-0700][gc,task      ] GC(5) Using 4 workers of 4 for evacuation
[2020-04-03T06:36:25.782-0700][gc,phases    ] GC(5)   Pre Evacuate Collection Set: 0.0ms
[2020-04-03T06:36:25.782-0700][gc,phases    ] GC(5)   Evacuate Collection Set: 2.4ms
[2020-04-03T06:36:25.782-0700][gc,phases    ] GC(5)   Post Evacuate Collection Set: 0.6ms
[2020-04-03T06:36:25.782-0700][gc,phases    ] GC(5)   Other: 0.4ms
[2020-04-03T06:36:25.782-0700][gc,heap      ] GC(5) Eden regions: 24->0(24)
[2020-04-03T06:36:25.782-0700][gc,heap      ] GC(5) Survivor regions: 1->1(4)
[2020-04-03T06:36:25.782-0700][gc,heap      ] GC(5) Old regions: 6->6
[2020-04-03T06:36:25.782-0700][gc,heap      ] GC(5) Humongous regions: 1->1
[2020-04-03T06:36:25.783-0700][gc,metaspace ] GC(5) Metaspace: 7825K->7825K(1056768K)
[2020-04-03T06:36:25.783-0700][gc           ] GC(5) Pause Young (Normal) (G1 Evacuation Pause) 31M->7M(512M) 3.678ms
[2020-04-03T06:36:25.783-0700][gc,cpu       ] GC(5) User=0.01s Sys=0.00s Real=0.00s
[2020-04-03T11:46:57.113-0700][gc,start     ] GC(6) Pause Young (Normal) (G1 Evacuation Pause)
[2020-04-03T11:46:57.113-0700][gc,task      ] GC(6) Using 4 workers of 4 for evacuation
[2020-04-03T11:46:57.116-0700][gc,phases    ] GC(6)   Pre Evacuate Collection Set: 0.0ms
[2020-04-03T11:46:57.116-0700][gc,phases    ] GC(6)   Evacuate Collection Set: 2.2ms
[2020-04-03T11:46:57.116-0700][gc,phases    ] GC(6)   Post Evacuate Collection Set: 0.8ms
[2020-04-03T11:46:57.116-0700][gc,phases    ] GC(6)   Other: 0.4ms
[2020-04-03T11:46:57.116-0700][gc,heap      ] GC(6) Eden regions: 24->0(24)
[2020-04-03T11:46:57.116-0700][gc,heap      ] GC(6) Survivor regions: 1->1(4)
[2020-04-03T11:46:57.116-0700][gc,heap      ] GC(6) Old regions: 6->6
[2020-04-03T11:46:57.116-0700][gc,heap      ] GC(6) Humongous regions: 1->1
[2020-04-03T11:46:57.116-0700][gc,metaspace ] GC(6) Metaspace: 7825K->7825K(1056768K)
[2020-04-03T11:46:57.116-0700][gc           ] GC(6) Pause Young (Normal) (G1 Evacuation Pause) 31M->7M(512M) 3.658ms
[2020-04-03T11:46:57.116-0700][gc,cpu       ] GC(6) User=0.01s Sys=0.00s Real=0.00s
[2020-04-03T17:03:54.388-0700][gc,start     ] GC(7) Pause Young (Normal) (G1 Evacuation Pause)
[2020-04-03T17:03:54.388-0700][gc,task      ] GC(7) Using 4 workers of 4 for evacuation
[2020-04-03T17:03:54.391-0700][gc,phases    ] GC(7)   Pre Evacuate Collection Set: 0.0ms
[2020-04-03T17:03:54.391-0700][gc,phases    ] GC(7)   Evacuate Collection Set: 2.2ms
[2020-04-03T17:03:54.391-0700][gc,phases    ] GC(7)   Post Evacuate Collection Set: 0.4ms
[2020-04-03T17:03:54.391-0700][gc,phases    ] GC(7)   Other: 0.4ms
[2020-04-03T17:03:54.391-0700][gc,heap      ] GC(7) Eden regions: 24->0(27)
[2020-04-03T17:03:54.391-0700][gc,heap      ] GC(7) Survivor regions: 1->1(4)
[2020-04-03T17:03:54.391-0700][gc,heap      ] GC(7) Old regions: 6->6
[2020-04-03T17:03:54.391-0700][gc,heap      ] GC(7) Humongous regions: 1->1
[2020-04-03T17:03:54.391-0700][gc,metaspace ] GC(7) Metaspace: 7825K->7825K(1056768K)
[2020-04-03T17:03:54.391-0700][gc           ] GC(7) Pause Young (Normal) (G1 Evacuation Pause) 31M->7M(512M) 3.335ms
[2020-04-03T17:03:54.391-0700][gc,cpu       ] GC(7) User=0.01s Sys=0.00s Real=0.01s
[2020-04-03T17:35:19.722-0700][gc,start     ] GC(8) Pause Young (Normal) (G1 Evacuation Pause)
[2020-04-03T17:35:19.722-0700][gc,task      ] GC(8) Using 4 workers of 4 for evacuation
[2020-04-03T17:35:19.727-0700][gc,phases    ] GC(8)   Pre Evacuate Collection Set: 0.0ms
[2020-04-03T17:35:19.727-0700][gc,phases    ] GC(8)   Evacuate Collection Set: 3.3ms
[2020-04-03T17:35:19.727-0700][gc,phases    ] GC(8)   Post Evacuate Collection Set: 0.7ms
[2020-04-03T17:35:19.727-0700][gc,phases    ] GC(8)   Other: 0.4ms
[2020-04-03T17:35:19.727-0700][gc,heap      ] GC(8) Eden regions: 27->0(43)
[2020-04-03T17:35:19.727-0700][gc,heap      ] GC(8) Survivor regions: 1->1(4)
[2020-04-03T17:35:19.727-0700][gc,heap      ] GC(8) Old regions: 6->6
[2020-04-03T17:35:19.727-0700][gc,heap      ] GC(8) Humongous regions: 1->1
[2020-04-03T17:35:19.727-0700][gc,metaspace ] GC(8) Metaspace: 7844K->7844K(1056768K)
[2020-04-03T17:35:19.727-0700][gc           ] GC(8) Pause Young (Normal) (G1 Evacuation Pause) 34M->7M(512M) 4.638ms
[2020-04-03T17:35:19.727-0700][gc,cpu       ] GC(8) User=0.01s Sys=0.00s Real=0.00s
[2020-04-03T18:06:58.338-0700][gc,start     ] GC(9) Pause Young (Normal) (G1 Evacuation Pause)
[2020-04-03T18:06:58.338-0700][gc,task      ] GC(9) Using 4 workers of 4 for evacuation
[2020-04-03T18:06:58.342-0700][gc,phases    ] GC(9)   Pre Evacuate Collection Set: 0.0ms
[2020-04-03T18:06:58.342-0700][gc,phases    ] GC(9)   Evacuate Collection Set: 2.4ms
[2020-04-03T18:06:58.342-0700][gc,phases    ] GC(9)   Post Evacuate Collection Set: 0.7ms
[2020-04-03T18:06:58.342-0700][gc,phases    ] GC(9)   Other: 0.3ms
[2020-04-03T18:06:58.342-0700][gc,heap      ] GC(9) Eden regions: 43->0(55)
[2020-04-03T18:06:58.342-0700][gc,heap      ] GC(9) Survivor regions: 1->1(6)
[2020-04-03T18:06:58.342-0700][gc,heap      ] GC(9) Old regions: 6->6
[2020-04-03T18:06:58.342-0700][gc,heap      ] GC(9) Humongous regions: 1->1
[2020-04-03T18:06:58.342-0700][gc,metaspace ] GC(9) Metaspace: 7845K->7845K(1056768K)
[2020-04-03T18:06:58.342-0700][gc           ] GC(9) Pause Young (Normal) (G1 Evacuation Pause) 50M->7M(512M) 3.964ms
[2020-04-03T18:06:58.342-0700][gc,cpu       ] GC(9) User=0.01s Sys=0.01s Real=0.00s
[2020-04-03T18:46:39.541-0700][gc,start     ] GC(10) Pause Young (Normal) (G1 Evacuation Pause)
[2020-04-03T18:46:39.541-0700][gc,task      ] GC(10) Using 4 workers of 4 for evacuation
[2020-04-03T18:46:39.547-0700][gc,phases    ] GC(10)   Pre Evacuate Collection Set: 0.1ms
[2020-04-03T18:46:39.547-0700][gc,phases    ] GC(10)   Evacuate Collection Set: 4.6ms
[2020-04-03T18:46:39.547-0700][gc,phases    ] GC(10)   Post Evacuate Collection Set: 1.0ms
[2020-04-03T18:46:39.547-0700][gc,phases    ] GC(10)   Other: 0.4ms
[2020-04-03T18:46:39.547-0700][gc,heap      ] GC(10) Eden regions: 55->0(68)
[2020-04-03T18:46:39.547-0700][gc,heap      ] GC(10) Survivor regions: 1->1(7)
[2020-04-03T18:46:39.547-0700][gc,heap      ] GC(10) Old regions: 6->6
[2020-04-03T18:46:39.547-0700][gc,heap      ] GC(10) Humongous regions: 1->1
[2020-04-03T18:46:39.547-0700][gc,metaspace ] GC(10) Metaspace: 7847K->7847K(1056768K)
[2020-04-03T18:46:39.547-0700][gc           ] GC(10) Pause Young (Normal) (G1 Evacuation Pause) 62M->7M(512M) 6.311ms
[2020-04-03T18:46:39.547-0700][gc,cpu       ] GC(10) User=0.02s Sys=0.00s Real=0.00s
[2020-04-03T19:36:12.463-0700][gc,start     ] GC(11) Pause Young (Normal) (G1 Evacuation Pause)
[2020-04-03T19:36:12.463-0700][gc,task      ] GC(11) Using 4 workers of 4 for evacuation
[2020-04-03T19:36:12.466-0700][gc,phases    ] GC(11)   Pre Evacuate Collection Set: 0.0ms
[2020-04-03T19:36:12.466-0700][gc,phases    ] GC(11)   Evacuate Collection Set: 2.1ms
[2020-04-03T19:36:12.466-0700][gc,phases    ] GC(11)   Post Evacuate Collection Set: 0.6ms
[2020-04-03T19:36:12.466-0700][gc,phases    ] GC(11)   Other: 0.3ms
[2020-04-03T19:36:12.466-0700][gc,heap      ] GC(11) Eden regions: 68->0(88)
[2020-04-03T19:36:12.466-0700][gc,heap      ] GC(11) Survivor regions: 1->1(9)
[2020-04-03T19:36:12.466-0700][gc,heap      ] GC(11) Old regions: 6->6
[2020-04-03T19:36:12.466-0700][gc,heap      ] GC(11) Humongous regions: 1->1
[2020-04-03T19:36:12.466-0700][gc,metaspace ] GC(11) Metaspace: 7847K->7847K(1056768K)
[2020-04-03T19:36:12.466-0700][gc           ] GC(11) Pause Young (Normal) (G1 Evacuation Pause) 75M->7M(512M) 3.219ms
[2020-04-03T19:36:12.466-0700][gc,cpu       ] GC(11) User=0.01s Sys=0.00s Real=0.00s
[2020-04-03T20:34:54.872-0700][gc,start     ] GC(12) Pause Young (Normal) (G1 Evacuation Pause)
[2020-04-03T20:34:54.872-0700][gc,task      ] GC(12) Using 4 workers of 4 for evacuation
[2020-04-03T20:34:54.876-0700][gc,phases    ] GC(12)   Pre Evacuate Collection Set: 0.0ms
[2020-04-03T20:34:54.876-0700][gc,phases    ] GC(12)   Evacuate Collection Set: 2.4ms
[2020-04-03T20:34:54.876-0700][gc,phases    ] GC(12)   Post Evacuate Collection Set: 0.7ms
[2020-04-03T20:34:54.876-0700][gc,phases    ] GC(12)   Other: 0.3ms
[2020-04-03T20:34:54.876-0700][gc,heap      ] GC(12) Eden regions: 88->0(121)
[2020-04-03T20:34:54.876-0700][gc,heap      ] GC(12) Survivor regions: 1->1(12)
[2020-04-03T20:34:54.876-0700][gc,heap      ] GC(12) Old regions: 6->6
[2020-04-03T20:34:54.876-0700][gc,heap      ] GC(12) Humongous regions: 1->1
[2020-04-03T20:34:54.876-0700][gc,metaspace ] GC(12) Metaspace: 7910K->7910K(1056768K)
[2020-04-03T20:34:54.876-0700][gc           ] GC(12) Pause Young (Normal) (G1 Evacuation Pause) 95M->7M(512M) 3.709ms
[2020-04-03T20:34:54.876-0700][gc,cpu       ] GC(12) User=0.01s Sys=0.00s Real=0.00s
[2020-04-03T21:57:39.355-0700][gc,start     ] GC(13) Pause Young (Normal) (G1 Evacuation Pause)
[2020-04-03T21:57:39.355-0700][gc,task      ] GC(13) Using 4 workers of 4 for evacuation
[2020-04-03T21:57:39.358-0700][gc,phases    ] GC(13)   Pre Evacuate Collection Set: 0.0ms
[2020-04-03T21:57:39.358-0700][gc,phases    ] GC(13)   Evacuate Collection Set: 2.4ms
[2020-04-03T21:57:39.358-0700][gc,phases    ] GC(13)   Post Evacuate Collection Set: 0.7ms
[2020-04-03T21:57:39.358-0700][gc,phases    ] GC(13)   Other: 0.4ms
[2020-04-03T21:57:39.358-0700][gc,heap      ] GC(13) Eden regions: 121->0(150)
[2020-04-03T21:57:39.358-0700][gc,heap      ] GC(13) Survivor regions: 1->1(16)
[2020-04-03T21:57:39.358-0700][gc,heap      ] GC(13) Old regions: 6->6
[2020-04-03T21:57:39.358-0700][gc,heap      ] GC(13) Humongous regions: 1->1
[2020-04-03T21:57:39.358-0700][gc,metaspace ] GC(13) Metaspace: 7976K->7976K(1056768K)
[2020-04-03T21:57:39.358-0700][gc           ] GC(13) Pause Young (Normal) (G1 Evacuation Pause) 128M->7M(512M) 3.706ms
[2020-04-03T21:57:39.358-0700][gc,cpu       ] GC(13) User=0.01s Sys=0.00s Real=0.01s
[2020-04-04T00:39:26.081-0700][gc,start     ] GC(14) Pause Young (Normal) (G1 Evacuation Pause)
[2020-04-04T00:39:26.121-0700][gc,task      ] GC(14) Using 4 workers of 4 for evacuation
[2020-04-04T00:39:26.124-0700][gc,phases    ] GC(14)   Pre Evacuate Collection Set: 0.0ms
[2020-04-04T00:39:26.124-0700][gc,phases    ] GC(14)   Evacuate Collection Set: 2.2ms
[2020-04-04T00:39:26.124-0700][gc,phases    ] GC(14)   Post Evacuate Collection Set: 0.9ms
[2020-04-04T00:39:26.124-0700][gc,phases    ] GC(14)   Other: 40.7ms
[2020-04-04T00:39:26.124-0700][gc,heap      ] GC(14) Eden regions: 150->0(170)
[2020-04-04T00:39:26.124-0700][gc,heap      ] GC(14) Survivor regions: 1->1(19)
[2020-04-04T00:39:26.125-0700][gc,heap      ] GC(14) Old regions: 6->6
[2020-04-04T00:39:26.125-0700][gc,heap      ] GC(14) Humongous regions: 1->1
[2020-04-04T00:39:26.125-0700][gc,metaspace ] GC(14) Metaspace: 7997K->7997K(1056768K)
[2020-04-04T00:39:26.125-0700][gc           ] GC(14) Pause Young (Normal) (G1 Evacuation Pause) 157M->7M(512M) 44.103ms
[2020-04-04T00:39:26.125-0700][gc,cpu       ] GC(14) User=0.01s Sys=0.00s Real=0.05s
[2020-04-04T02:42:52.372-0700][gc,start     ] GC(15) Pause Young (Normal) (G1 Evacuation Pause)
[2020-04-04T02:42:52.463-0700][gc,task      ] GC(15) Using 4 workers of 4 for evacuation
[2020-04-04T02:42:52.467-0700][gc,phases    ] GC(15)   Pre Evacuate Collection Set: 0.0ms
[2020-04-04T02:42:52.467-0700][gc,phases    ] GC(15)   Evacuate Collection Set: 2.9ms
[2020-04-04T02:42:52.467-0700][gc,phases    ] GC(15)   Post Evacuate Collection Set: 1.0ms
[2020-04-04T02:42:52.467-0700][gc,phases    ] GC(15)   Other: 91.1ms
[2020-04-04T02:42:52.467-0700][gc,heap      ] GC(15) Eden regions: 170->0(182)
[2020-04-04T02:42:52.467-0700][gc,heap      ] GC(15) Survivor regions: 1->1(22)
[2020-04-04T02:42:52.467-0700][gc,heap      ] GC(15) Old regions: 6->6
[2020-04-04T02:42:52.467-0700][gc,heap      ] GC(15) Humongous regions: 1->1
[2020-04-04T02:42:52.467-0700][gc,metaspace ] GC(15) Metaspace: 7999K->7999K(1056768K)
[2020-04-04T02:42:52.467-0700][gc           ] GC(15) Pause Young (Normal) (G1 Evacuation Pause) 177M->7M(512M) 95.271ms
[2020-04-04T02:42:52.467-0700][gc,cpu       ] GC(15) User=0.01s Sys=0.00s Real=0.09s
[2020-04-04T04:50:14.146-0700][gc,start     ] GC(16) Pause Young (Normal) (G1 Evacuation Pause)
[2020-04-04T04:50:14.222-0700][gc,task      ] GC(16) Using 4 workers of 4 for evacuation
[2020-04-04T04:50:14.226-0700][gc,phases    ] GC(16)   Pre Evacuate Collection Set: 0.0ms
[2020-04-04T04:50:14.226-0700][gc,phases    ] GC(16)   Evacuate Collection Set: 3.5ms
[2020-04-04T04:50:14.226-0700][gc,phases    ] GC(16)   Post Evacuate Collection Set: 0.6ms
[2020-04-04T04:50:14.226-0700][gc,phases    ] GC(16)   Other: 75.9ms
[2020-04-04T04:50:14.226-0700][gc,heap      ] GC(16) Eden regions: 182->0(199)
[2020-04-04T04:50:14.226-0700][gc,heap      ] GC(16) Survivor regions: 1->1(23)
[2020-04-04T04:50:14.226-0700][gc,heap      ] GC(16) Old regions: 6->6
[2020-04-04T04:50:14.226-0700][gc,heap      ] GC(16) Humongous regions: 1->1
[2020-04-04T04:50:14.226-0700][gc,metaspace ] GC(16) Metaspace: 8046K->8046K(1056768K)
[2020-04-04T04:50:14.226-0700][gc           ] GC(16) Pause Young (Normal) (G1 Evacuation Pause) 189M->7M(512M) 80.220ms
[2020-04-04T04:50:14.226-0700][gc,cpu       ] GC(16) User=0.01s Sys=0.00s Real=0.08s
[2020-04-04T07:14:51.000-0700][gc,start     ] GC(17) Pause Young (Normal) (G1 Evacuation Pause)
[2020-04-04T07:14:51.000-0700][gc,task      ] GC(17) Using 4 workers of 4 for evacuation
[2020-04-04T07:14:51.004-0700][gc,phases    ] GC(17)   Pre Evacuate Collection Set: 0.0ms
[2020-04-04T07:14:51.004-0700][gc,phases    ] GC(17)   Evacuate Collection Set: 2.2ms
[2020-04-04T07:14:51.004-0700][gc,phases    ] GC(17)   Post Evacuate Collection Set: 0.8ms
[2020-04-04T07:14:51.004-0700][gc,phases    ] GC(17)   Other: 0.3ms
[2020-04-04T07:14:51.004-0700][gc,heap      ] GC(17) Eden regions: 199->0(216)
[2020-04-04T07:14:51.004-0700][gc,heap      ] GC(17) Survivor regions: 1->1(25)
[2020-04-04T07:14:51.004-0700][gc,heap      ] GC(17) Old regions: 6->6
[2020-04-04T07:14:51.004-0700][gc,heap      ] GC(17) Humongous regions: 1->1
[2020-04-04T07:14:51.004-0700][gc,metaspace ] GC(17) Metaspace: 8047K->8047K(1056768K)
[2020-04-04T07:14:51.004-0700][gc           ] GC(17) Pause Young (Normal) (G1 Evacuation Pause) 206M->7M(512M) 3.511ms
[2020-04-04T07:14:51.004-0700][gc,cpu       ] GC(17) User=0.01s Sys=0.00s Real=0.01s
[2020-04-04T09:51:27.431-0700][gc,start     ] GC(18) Pause Young (Normal) (G1 Evacuation Pause)
[2020-04-04T09:51:27.431-0700][gc,task      ] GC(18) Using 4 workers of 4 for evacuation
[2020-04-04T09:51:27.435-0700][gc,phases    ] GC(18)   Pre Evacuate Collection Set: 0.0ms
[2020-04-04T09:51:27.435-0700][gc,phases    ] GC(18)   Evacuate Collection Set: 2.4ms
[2020-04-04T09:51:27.435-0700][gc,phases    ] GC(18)   Post Evacuate Collection Set: 0.7ms
[2020-04-04T09:51:27.435-0700][gc,phases    ] GC(18)   Other: 0.3ms
[2020-04-04T09:51:27.435-0700][gc,heap      ] GC(18) Eden regions: 216->0(233)
[2020-04-04T09:51:27.435-0700][gc,heap      ] GC(18) Survivor regions: 1->1(28)
[2020-04-04T09:51:27.435-0700][gc,heap      ] GC(18) Old regions: 6->6
[2020-04-04T09:51:27.435-0700][gc,heap      ] GC(18) Humongous regions: 1->1
[2020-04-04T09:51:27.435-0700][gc,metaspace ] GC(18) Metaspace: 8047K->8047K(1056768K)
[2020-04-04T09:51:27.435-0700][gc           ] GC(18) Pause Young (Normal) (G1 Evacuation Pause) 223M->7M(512M) 3.724ms
[2020-04-04T09:51:27.435-0700][gc,cpu       ] GC(18) User=0.01s Sys=0.01s Real=0.00s
[2020-04-04T12:41:30.850-0700][gc,start     ] GC(19) Pause Young (Normal) (G1 Evacuation Pause)
[2020-04-04T12:41:30.850-0700][gc,task      ] GC(19) Using 4 workers of 4 for evacuation
[2020-04-04T12:41:30.853-0700][gc,phases    ] GC(19)   Pre Evacuate Collection Set: 0.0ms
[2020-04-04T12:41:30.853-0700][gc,phases    ] GC(19)   Evacuate Collection Set: 1.8ms
[2020-04-04T12:41:30.853-0700][gc,phases    ] GC(19)   Post Evacuate Collection Set: 0.9ms
[2020-04-04T12:41:30.854-0700][gc,phases    ] GC(19)   Other: 0.3ms
[2020-04-04T12:41:30.854-0700][gc,heap      ] GC(19) Eden regions: 233->0(252)
[2020-04-04T12:41:30.854-0700][gc,heap      ] GC(19) Survivor regions: 1->1(30)
[2020-04-04T12:41:30.854-0700][gc,heap      ] GC(19) Old regions: 6->6
[2020-04-04T12:41:30.854-0700][gc,heap      ] GC(19) Humongous regions: 1->1
[2020-04-04T12:41:30.854-0700][gc,metaspace ] GC(19) Metaspace: 8047K->8047K(1056768K)
[2020-04-04T12:41:30.854-0700][gc           ] GC(19) Pause Young (Normal) (G1 Evacuation Pause) 240M->7M(512M) 3.297ms
[2020-04-04T12:41:30.854-0700][gc,cpu       ] GC(19) User=0.01s Sys=0.01s Real=0.00s
[2020-04-04T15:46:13.147-0700][gc,start     ] GC(20) Pause Young (Normal) (G1 Evacuation Pause)
[2020-04-04T15:46:13.147-0700][gc,task      ] GC(20) Using 4 workers of 4 for evacuation
[2020-04-04T15:46:13.149-0700][gc,phases    ] GC(20)   Pre Evacuate Collection Set: 0.0ms
[2020-04-04T15:46:13.149-0700][gc,phases    ] GC(20)   Evacuate Collection Set: 1.6ms
[2020-04-04T15:46:13.149-0700][gc,phases    ] GC(20)   Post Evacuate Collection Set: 0.7ms
[2020-04-04T15:46:13.149-0700][gc,phases    ] GC(20)   Other: 0.3ms
[2020-04-04T15:46:13.149-0700][gc,heap      ] GC(20) Eden regions: 252->0(273)
[2020-04-04T15:46:13.149-0700][gc,heap      ] GC(20) Survivor regions: 1->1(32)
[2020-04-04T15:46:13.149-0700][gc,heap      ] GC(20) Old regions: 6->6
[2020-04-04T15:46:13.149-0700][gc,heap      ] GC(20) Humongous regions: 1->1
[2020-04-04T15:46:13.149-0700][gc,metaspace ] GC(20) Metaspace: 8047K->8047K(1056768K)
[2020-04-04T15:46:13.150-0700][gc           ] GC(20) Pause Young (Normal) (G1 Evacuation Pause) 259M->7M(512M) 2.840ms
[2020-04-04T15:46:13.150-0700][gc,cpu       ] GC(20) User=0.00s Sys=0.01s Real=0.01s
[2020-04-04T19:06:46.277-0700][gc,start     ] GC(21) Pause Young (Normal) (G1 Evacuation Pause)
[2020-04-04T19:06:46.683-0700][gc,task      ] GC(21) Using 4 workers of 4 for evacuation
[2020-04-04T19:06:46.688-0700][gc,phases    ] GC(21)   Pre Evacuate Collection Set: 0.1ms
[2020-04-04T19:06:46.688-0700][gc,phases    ] GC(21)   Evacuate Collection Set: 3.1ms
[2020-04-04T19:06:46.688-0700][gc,phases    ] GC(21)   Post Evacuate Collection Set: 1.2ms
[2020-04-04T19:06:46.688-0700][gc,phases    ] GC(21)   Other: 407.2ms
[2020-04-04T19:06:46.688-0700][gc,heap      ] GC(21) Eden regions: 273->0(293)
[2020-04-04T19:06:46.689-0700][gc,heap      ] GC(21) Survivor regions: 1->1(35)
[2020-04-04T19:06:46.689-0700][gc,heap      ] GC(21) Old regions: 6->6
[2020-04-04T19:06:46.689-0700][gc,heap      ] GC(21) Humongous regions: 1->1
[2020-04-04T19:06:46.689-0700][gc,metaspace ] GC(21) Metaspace: 8052K->8052K(1056768K)
[2020-04-04T19:06:46.689-0700][gc           ] GC(21) Pause Young (Normal) (G1 Evacuation Pause) 280M->7M(512M) 411.787ms
[2020-04-04T19:06:46.689-0700][gc,cpu       ] GC(21) User=0.02s Sys=0.00s Real=0.41s
[2020-04-04T22:40:50.187-0700][gc,start     ] GC(22) Pause Young (Normal) (G1 Evacuation Pause)
[2020-04-04T22:40:50.187-0700][gc,task      ] GC(22) Using 4 workers of 4 for evacuation
[2020-04-04T22:40:50.191-0700][gc,phases    ] GC(22)   Pre Evacuate Collection Set: 0.0ms
[2020-04-04T22:40:50.191-0700][gc,phases    ] GC(22)   Evacuate Collection Set: 2.4ms
[2020-04-04T22:40:50.191-0700][gc,phases    ] GC(22)   Post Evacuate Collection Set: 0.8ms
[2020-04-04T22:40:50.191-0700][gc,phases    ] GC(22)   Other: 0.4ms
[2020-04-04T22:40:50.191-0700][gc,heap      ] GC(22) Eden regions: 293->0(306)
[2020-04-04T22:40:50.191-0700][gc,heap      ] GC(22) Survivor regions: 1->1(37)
[2020-04-04T22:40:50.191-0700][gc,heap      ] GC(22) Old regions: 6->6
[2020-04-04T22:40:50.191-0700][gc,heap      ] GC(22) Humongous regions: 1->1
[2020-04-04T22:40:50.191-0700][gc,metaspace ] GC(22) Metaspace: 8070K->8070K(1056768K)
[2020-04-04T22:40:50.191-0700][gc           ] GC(22) Pause Young (Normal) (G1 Evacuation Pause) 300M->7M(512M) 3.766ms
[2020-04-04T22:40:50.191-0700][gc,cpu       ] GC(22) User=0.01s Sys=0.00s Real=0.01s
[2020-04-05T02:16:59.956-0700][gc,start     ] GC(23) Pause Young (Normal) (G1 Evacuation Pause)
[2020-04-05T02:16:59.957-0700][gc,task      ] GC(23) Using 4 workers of 4 for evacuation
[2020-04-05T02:16:59.963-0700][gc,phases    ] GC(23)   Pre Evacuate Collection Set: 0.0ms
[2020-04-05T02:16:59.963-0700][gc,phases    ] GC(23)   Evacuate Collection Set: 4.7ms
[2020-04-05T02:16:59.963-0700][gc,phases    ] GC(23)   Post Evacuate Collection Set: 1.4ms
[2020-04-05T02:16:59.963-0700][gc,phases    ] GC(23)   Other: 0.4ms
[2020-04-05T02:16:59.963-0700][gc,heap      ] GC(23) Eden regions: 306->0(306)
[2020-04-05T02:16:59.963-0700][gc,heap      ] GC(23) Survivor regions: 1->1(39)
[2020-04-05T02:16:59.963-0700][gc,heap      ] GC(23) Old regions: 6->6
[2020-04-05T02:16:59.963-0700][gc,heap      ] GC(23) Humongous regions: 1->1
[2020-04-05T02:16:59.963-0700][gc,metaspace ] GC(23) Metaspace: 8096K->8096K(1056768K)
[2020-04-05T02:16:59.963-0700][gc           ] GC(23) Pause Young (Normal) (G1 Evacuation Pause) 313M->7M(512M) 6.912ms
[2020-04-05T02:16:59.963-0700][gc,cpu       ] GC(23) User=0.01s Sys=0.00s Real=0.01s
[2020-04-05T05:42:49.299-0700][gc,start     ] GC(24) Pause Young (Normal) (G1 Evacuation Pause)
[2020-04-05T05:42:49.339-0700][gc,task      ] GC(24) Using 4 workers of 4 for evacuation
[2020-04-05T05:42:49.342-0700][gc,phases    ] GC(24)   Pre Evacuate Collection Set: 0.0ms
[2020-04-05T05:42:49.342-0700][gc,phases    ] GC(24)   Evacuate Collection Set: 1.7ms
[2020-04-05T05:42:49.342-0700][gc,phases    ] GC(24)   Post Evacuate Collection Set: 0.6ms
[2020-04-05T05:42:49.342-0700][gc,phases    ] GC(24)   Other: 40.8ms
[2020-04-05T05:42:49.342-0700][gc,heap      ] GC(24) Eden regions: 306->0(306)
[2020-04-05T05:42:49.342-0700][gc,heap      ] GC(24) Survivor regions: 1->1(39)
[2020-04-05T05:42:49.342-0700][gc,heap      ] GC(24) Old regions: 6->6
[2020-04-05T05:42:49.342-0700][gc,heap      ] GC(24) Humongous regions: 1->1
[2020-04-05T05:42:49.342-0700][gc,metaspace ] GC(24) Metaspace: 8138K->8138K(1056768K)
[2020-04-05T05:42:49.342-0700][gc           ] GC(24) Pause Young (Normal) (G1 Evacuation Pause) 313M->7M(512M) 43.297ms
[2020-04-05T05:42:49.342-0700][gc,cpu       ] GC(24) User=0.01s Sys=0.00s Real=0.05s
[2020-04-05T17:14:24.191-0700][gc,start     ] GC(25) Pause Young (Normal) (G1 Evacuation Pause)
[2020-04-05T17:14:24.236-0700][gc,task      ] GC(25) Using 4 workers of 4 for evacuation
[2020-04-05T17:14:24.259-0700][gc,mmu       ] GC(25) MMU target violated: 21.0ms (20.0ms/21.0ms)
[2020-04-05T17:14:24.259-0700][gc,phases    ] GC(25)   Pre Evacuate Collection Set: 0.0ms
[2020-04-05T17:14:24.259-0700][gc,phases    ] GC(25)   Evacuate Collection Set: 22.4ms
[2020-04-05T17:14:24.259-0700][gc,phases    ] GC(25)   Post Evacuate Collection Set: 0.9ms
[2020-04-05T17:14:24.259-0700][gc,phases    ] GC(25)   Other: 44.6ms
[2020-04-05T17:14:24.259-0700][gc,heap      ] GC(25) Eden regions: 306->0(306)
[2020-04-05T17:14:24.259-0700][gc,heap      ] GC(25) Survivor regions: 1->1(39)
[2020-04-05T17:14:24.259-0700][gc,heap      ] GC(25) Old regions: 6->6
[2020-04-05T17:14:24.259-0700][gc,heap      ] GC(25) Humongous regions: 1->1
[2020-04-05T17:14:24.259-0700][gc,metaspace ] GC(25) Metaspace: 8178K->8178K(1056768K)
[2020-04-05T17:14:24.260-0700][gc           ] GC(25) Pause Young (Normal) (G1 Evacuation Pause) 313M->7M(512M) 68.169ms
[2020-04-05T17:14:24.260-0700][gc,cpu       ] GC(25) User=0.01s Sys=0.00s Real=0.06s
[2020-04-05T22:01:44.017-0700][gc,start     ] GC(26) Pause Young (Normal) (G1 Evacuation Pause)
[2020-04-05T22:01:44.076-0700][gc,task      ] GC(26) Using 4 workers of 4 for evacuation
[2020-04-05T22:01:44.081-0700][gc,phases    ] GC(26)   Pre Evacuate Collection Set: 0.0ms
[2020-04-05T22:01:44.081-0700][gc,phases    ] GC(26)   Evacuate Collection Set: 3.2ms
[2020-04-05T22:01:44.082-0700][gc,phases    ] GC(26)   Post Evacuate Collection Set: 1.6ms
[2020-04-05T22:01:44.082-0700][gc,phases    ] GC(26)   Other: 59.2ms
[2020-04-05T22:01:44.082-0700][gc,heap      ] GC(26) Eden regions: 306->0(306)
[2020-04-05T22:01:44.082-0700][gc,heap      ] GC(26) Survivor regions: 1->1(39)
[2020-04-05T22:01:44.082-0700][gc,heap      ] GC(26) Old regions: 6->6
[2020-04-05T22:01:44.082-0700][gc,heap      ] GC(26) Humongous regions: 1->1
[2020-04-05T22:01:44.082-0700][gc,metaspace ] GC(26) Metaspace: 8181K->8181K(1056768K)
[2020-04-05T22:01:44.082-0700][gc           ] GC(26) Pause Young (Normal) (G1 Evacuation Pause) 313M->7M(512M) 64.471ms
[2020-04-05T22:01:44.082-0700][gc,cpu       ] GC(26) User=0.01s Sys=0.01s Real=0.07s
[2020-04-06T01:45:01.387-0700][gc,start     ] GC(27) Pause Young (Normal) (G1 Evacuation Pause)
[2020-04-06T01:45:01.433-0700][gc,task      ] GC(27) Using 4 workers of 4 for evacuation
[2020-04-06T01:45:01.440-0700][gc,phases    ] GC(27)   Pre Evacuate Collection Set: 0.0ms
[2020-04-06T01:45:01.440-0700][gc,phases    ] GC(27)   Evacuate Collection Set: 5.6ms
[2020-04-06T01:45:01.440-0700][gc,phases    ] GC(27)   Post Evacuate Collection Set: 1.1ms
[2020-04-06T01:45:01.440-0700][gc,phases    ] GC(27)   Other: 46.2ms
[2020-04-06T01:45:01.440-0700][gc,heap      ] GC(27) Eden regions: 306->0(306)
[2020-04-06T01:45:01.440-0700][gc,heap      ] GC(27) Survivor regions: 1->1(39)
[2020-04-06T01:45:01.440-0700][gc,heap      ] GC(27) Old regions: 6->6
[2020-04-06T01:45:01.441-0700][gc,heap      ] GC(27) Humongous regions: 1->1
[2020-04-06T01:45:01.441-0700][gc,metaspace ] GC(27) Metaspace: 8182K->8182K(1056768K)
[2020-04-06T01:45:01.441-0700][gc           ] GC(27) Pause Young (Normal) (G1 Evacuation Pause) 313M->7M(512M) 53.279ms
[2020-04-06T01:45:01.441-0700][gc,cpu       ] GC(27) User=0.02s Sys=0.00s Real=0.05s
[2020-04-06T04:51:18.260-0700][gc,start     ] GC(28) Pause Young (Normal) (G1 Evacuation Pause)
[2020-04-06T04:51:18.308-0700][gc,task      ] GC(28) Using 4 workers of 4 for evacuation
[2020-04-06T04:51:18.331-0700][gc,mmu       ] GC(28) MMU target violated: 21.0ms (20.0ms/21.0ms)
[2020-04-06T04:51:18.331-0700][gc,phases    ] GC(28)   Pre Evacuate Collection Set: 0.0ms
[2020-04-06T04:51:18.331-0700][gc,phases    ] GC(28)   Evacuate Collection Set: 21.8ms
[2020-04-06T04:51:18.331-0700][gc,phases    ] GC(28)   Post Evacuate Collection Set: 1.1ms
[2020-04-06T04:51:18.331-0700][gc,phases    ] GC(28)   Other: 48.1ms
[2020-04-06T04:51:18.331-0700][gc,heap      ] GC(28) Eden regions: 306->0(306)
[2020-04-06T04:51:18.331-0700][gc,heap      ] GC(28) Survivor regions: 1->1(39)
[2020-04-06T04:51:18.331-0700][gc,heap      ] GC(28) Old regions: 6->6
[2020-04-06T04:51:18.331-0700][gc,heap      ] GC(28) Humongous regions: 1->1
[2020-04-06T04:51:18.331-0700][gc,metaspace ] GC(28) Metaspace: 8182K->8182K(1056768K)
[2020-04-06T04:51:18.331-0700][gc           ] GC(28) Pause Young (Normal) (G1 Evacuation Pause) 313M->7M(512M) 71.267ms
[2020-04-06T04:51:18.332-0700][gc,cpu       ] GC(28) User=0.02s Sys=0.00s Real=0.08s
[2020-04-06T07:41:50.626-0700][gc,start     ] GC(29) Pause Young (Normal) (G1 Evacuation Pause)
[2020-04-06T07:41:50.680-0700][gc,task      ] GC(29) Using 4 workers of 4 for evacuation
[2020-04-06T07:41:50.690-0700][gc,phases    ] GC(29)   Pre Evacuate Collection Set: 0.0ms
[2020-04-06T07:41:50.690-0700][gc,phases    ] GC(29)   Evacuate Collection Set: 7.4ms
[2020-04-06T07:41:50.691-0700][gc,phases    ] GC(29)   Post Evacuate Collection Set: 2.2ms
[2020-04-06T07:41:50.691-0700][gc,phases    ] GC(29)   Other: 54.8ms
[2020-04-06T07:41:50.691-0700][gc,heap      ] GC(29) Eden regions: 306->0(306)
[2020-04-06T07:41:50.691-0700][gc,heap      ] GC(29) Survivor regions: 1->1(39)
[2020-04-06T07:41:50.691-0700][gc,heap      ] GC(29) Old regions: 6->6
[2020-04-06T07:41:50.691-0700][gc,heap      ] GC(29) Humongous regions: 1->1
[2020-04-06T07:41:50.691-0700][gc,metaspace ] GC(29) Metaspace: 8182K->8182K(1056768K)
[2020-04-06T07:41:50.691-0700][gc           ] GC(29) Pause Young (Normal) (G1 Evacuation Pause) 313M->7M(512M) 65.226ms
[2020-04-06T07:41:50.691-0700][gc,cpu       ] GC(29) User=0.01s Sys=0.01s Real=0.07s
[2020-04-06T07:56:46.957-0700][gc,heap,exit ] Heap
[2020-04-06T07:56:46.957-0700][gc,heap,exit ]  garbage-first heap   total 524288K, used 37439K [0x00000000e0000000, 0x0000000100000000)
[2020-04-06T07:56:46.957-0700][gc,heap,exit ]   region size 1024K, 31 young (31744K), 1 survivors (1024K)
[2020-04-06T07:56:46.957-0700][gc,heap,exit ]  Metaspace       used 8186K, capacity 8495K, committed 8704K, reserved 1056768K
[2020-04-06T07:56:46.957-0700][gc,heap,exit ]   class space    used 842K, capacity 962K, committed 1024K, reserved 1048576K
