[2020-03-29T23:56:17.341-0700][gc,heap] Heap region size: 1M
[2020-03-29T23:56:17.347-0700][gc     ] Using G1
[2020-03-29T23:56:17.347-0700][gc,heap,coops] Heap address: 0x00000000e0000000, size: 512 MB, Compressed Oops mode: 32-bit
[2020-03-30T00:27:08.079-0700][gc,start     ] GC(0) Pause Young (Normal) (G1 Evacuation Pause)
[2020-03-30T00:27:08.080-0700][gc,task      ] GC(0) Using 4 workers of 4 for evacuation
[2020-03-30T00:27:08.107-0700][gc,mmu       ] GC(0) MMU target violated: 21.0ms (20.0ms/21.0ms)
[2020-03-30T00:27:08.107-0700][gc,phases    ] GC(0)   Pre Evacuate Collection Set: 0.0ms
[2020-03-30T00:27:08.107-0700][gc,phases    ] GC(0)   Evacuate Collection Set: 24.8ms
[2020-03-30T00:27:08.107-0700][gc,phases    ] GC(0)   Post Evacuate Collection Set: 1.6ms
[2020-03-30T00:27:08.107-0700][gc,phases    ] GC(0)   Other: 1.2ms
[2020-03-30T00:27:08.107-0700][gc,heap      ] GC(0) Eden regions: 25->0(21)
[2020-03-30T00:27:08.107-0700][gc,heap      ] GC(0) Survivor regions: 0->4(4)
[2020-03-30T00:27:08.107-0700][gc,heap      ] GC(0) Old regions: 0->2
[2020-03-30T00:27:08.107-0700][gc,heap      ] GC(0) Humongous regions: 1->1
[2020-03-30T00:27:08.107-0700][gc,metaspace ] GC(0) Metaspace: 7691K->7691K(1056768K)
[2020-03-30T00:27:08.107-0700][gc           ] GC(0) Pause Young (Normal) (G1 Evacuation Pause) 26M->6M(512M) 27.888ms
[2020-03-30T00:27:08.107-0700][gc,cpu       ] GC(0) User=0.05s Sys=0.02s Real=0.03s
[2020-03-30T04:42:23.439-0700][gc,start     ] GC(1) Pause Young (Normal) (G1 Evacuation Pause)
[2020-03-30T04:42:23.477-0700][gc,task      ] GC(1) Using 4 workers of 4 for evacuation
[2020-03-30T04:42:23.489-0700][gc,phases    ] GC(1)   Pre Evacuate Collection Set: 0.0ms
[2020-03-30T04:42:23.489-0700][gc,phases    ] GC(1)   Evacuate Collection Set: 11.0ms
[2020-03-30T04:42:23.489-0700][gc,phases    ] GC(1)   Post Evacuate Collection Set: 0.8ms
[2020-03-30T04:42:23.489-0700][gc,phases    ] GC(1)   Other: 38.3ms
[2020-03-30T04:42:23.489-0700][gc,heap      ] GC(1) Eden regions: 21->0(24)
[2020-03-30T04:42:23.489-0700][gc,heap      ] GC(1) Survivor regions: 4->1(4)
[2020-03-30T04:42:23.489-0700][gc,heap      ] GC(1) Old regions: 2->6
[2020-03-30T04:42:23.489-0700][gc,heap      ] GC(1) Humongous regions: 1->1
[2020-03-30T04:42:23.489-0700][gc,metaspace ] GC(1) Metaspace: 7715K->7715K(1056768K)
[2020-03-30T04:42:23.489-0700][gc           ] GC(1) Pause Young (Normal) (G1 Evacuation Pause) 27M->7M(512M) 50.391ms
[2020-03-30T04:42:23.490-0700][gc,cpu       ] GC(1) User=0.05s Sys=0.00s Real=0.05s
[2020-03-30T06:05:21.050-0700][gc,start     ] GC(2) Pause Young (Normal) (G1 Evacuation Pause)
[2020-03-30T06:05:21.082-0700][gc,task      ] GC(2) Using 4 workers of 4 for evacuation
[2020-03-30T06:05:21.085-0700][gc,phases    ] GC(2)   Pre Evacuate Collection Set: 0.0ms
[2020-03-30T06:05:21.085-0700][gc,phases    ] GC(2)   Evacuate Collection Set: 1.7ms
[2020-03-30T06:05:21.085-0700][gc,phases    ] GC(2)   Post Evacuate Collection Set: 0.6ms
[2020-03-30T06:05:21.085-0700][gc,phases    ] GC(2)   Other: 32.1ms
[2020-03-30T06:05:21.085-0700][gc,heap      ] GC(2) Eden regions: 24->0(24)
[2020-03-30T06:05:21.085-0700][gc,heap      ] GC(2) Survivor regions: 1->1(4)
[2020-03-30T06:05:21.085-0700][gc,heap      ] GC(2) Old regions: 6->6
[2020-03-30T06:05:21.085-0700][gc,heap      ] GC(2) Humongous regions: 1->1
[2020-03-30T06:05:21.085-0700][gc,metaspace ] GC(2) Metaspace: 7850K->7850K(1056768K)
[2020-03-30T06:05:21.085-0700][gc           ] GC(2) Pause Young (Normal) (G1 Evacuation Pause) 31M->7M(512M) 34.583ms
[2020-03-30T06:05:21.085-0700][gc,cpu       ] GC(2) User=0.01s Sys=0.00s Real=0.04s
[2020-03-30T07:22:38.673-0700][gc,start     ] GC(3) Pause Young (Normal) (G1 Evacuation Pause)
[2020-03-30T07:22:38.673-0700][gc,task      ] GC(3) Using 4 workers of 4 for evacuation
[2020-03-30T07:22:38.675-0700][gc,phases    ] GC(3)   Pre Evacuate Collection Set: 0.0ms
[2020-03-30T07:22:38.675-0700][gc,phases    ] GC(3)   Evacuate Collection Set: 1.2ms
[2020-03-30T07:22:38.675-0700][gc,phases    ] GC(3)   Post Evacuate Collection Set: 0.6ms
[2020-03-30T07:22:38.675-0700][gc,phases    ] GC(3)   Other: 0.2ms
[2020-03-30T07:22:38.675-0700][gc,heap      ] GC(3) Eden regions: 24->0(24)
[2020-03-30T07:22:38.675-0700][gc,heap      ] GC(3) Survivor regions: 1->1(4)
[2020-03-30T07:22:38.675-0700][gc,heap      ] GC(3) Old regions: 6->6
[2020-03-30T07:22:38.675-0700][gc,heap      ] GC(3) Humongous regions: 1->1
[2020-03-30T07:22:38.675-0700][gc,metaspace ] GC(3) Metaspace: 7864K->7864K(1056768K)
[2020-03-30T07:22:38.675-0700][gc           ] GC(3) Pause Young (Normal) (G1 Evacuation Pause) 31M->7M(512M) 2.280ms
[2020-03-30T07:22:38.675-0700][gc,cpu       ] GC(3) User=0.00s Sys=0.00s Real=0.00s
[2020-03-30T08:42:43.148-0700][gc,start     ] GC(4) Pause Young (Normal) (G1 Evacuation Pause)
[2020-03-30T08:42:43.148-0700][gc,task      ] GC(4) Using 4 workers of 4 for evacuation
[2020-03-30T08:42:43.151-0700][gc,phases    ] GC(4)   Pre Evacuate Collection Set: 0.0ms
[2020-03-30T08:42:43.151-0700][gc,phases    ] GC(4)   Evacuate Collection Set: 1.6ms
[2020-03-30T08:42:43.151-0700][gc,phases    ] GC(4)   Post Evacuate Collection Set: 0.4ms
[2020-03-30T08:42:43.151-0700][gc,phases    ] GC(4)   Other: 0.3ms
[2020-03-30T08:42:43.151-0700][gc,heap      ] GC(4) Eden regions: 24->0(24)
[2020-03-30T08:42:43.151-0700][gc,heap      ] GC(4) Survivor regions: 1->1(4)
[2020-03-30T08:42:43.151-0700][gc,heap      ] GC(4) Old regions: 6->6
[2020-03-30T08:42:43.151-0700][gc,heap      ] GC(4) Humongous regions: 1->1
[2020-03-30T08:42:43.151-0700][gc,metaspace ] GC(4) Metaspace: 7866K->7866K(1056768K)
[2020-03-30T08:42:43.151-0700][gc           ] GC(4) Pause Young (Normal) (G1 Evacuation Pause) 31M->7M(512M) 2.486ms
[2020-03-30T08:42:43.151-0700][gc,cpu       ] GC(4) User=0.00s Sys=0.01s Real=0.00s
[2020-03-30T16:14:21.140-0700][gc,heap,exit ] Heap
[2020-03-30T16:14:21.140-0700][gc,heap,exit ]  garbage-first heap   total 524288K, used 13580K [0x00000000e0000000, 0x0000000100000000)
[2020-03-30T16:14:21.140-0700][gc,heap,exit ]   region size 1024K, 8 young (8192K), 1 survivors (1024K)
[2020-03-30T16:14:21.140-0700][gc,heap,exit ]  Metaspace       used 7899K, capacity 8239K, committed 8448K, reserved 1056768K
[2020-03-30T16:14:21.140-0700][gc,heap,exit ]   class space    used 843K, capacity 962K, committed 1024K, reserved 1048576K
