[2020-04-01T18:30:11.816-0700][gc,heap] Heap region size: 1M
[2020-04-01T18:30:11.825-0700][gc     ] Using G1
[2020-04-01T18:30:11.825-0700][gc,heap,coops] Heap address: 0x00000000e0000000, size: 512 MB, Compressed Oops mode: 32-bit
[2020-04-01T18:49:48.434-0700][gc,start     ] GC(0) Pause Young (Normal) (G1 Evacuation Pause)
[2020-04-01T18:49:48.434-0700][gc,task      ] GC(0) Using 4 workers of 4 for evacuation
[2020-04-01T18:49:48.454-0700][gc,phases    ] GC(0)   Pre Evacuate Collection Set: 0.0ms
[2020-04-01T18:49:48.454-0700][gc,phases    ] GC(0)   Evacuate Collection Set: 18.4ms
[2020-04-01T18:49:48.454-0700][gc,phases    ] GC(0)   Post Evacuate Collection Set: 1.2ms
[2020-04-01T18:49:48.454-0700][gc,phases    ] GC(0)   Other: 1.3ms
[2020-04-01T18:49:48.455-0700][gc,heap      ] GC(0) Eden regions: 25->0(21)
[2020-04-01T18:49:48.455-0700][gc,heap      ] GC(0) Survivor regions: 0->4(4)
[2020-04-01T18:49:48.455-0700][gc,heap      ] GC(0) Old regions: 0->2
[2020-04-01T18:49:48.455-0700][gc,heap      ] GC(0) Humongous regions: 1->1
[2020-04-01T18:49:48.455-0700][gc,metaspace ] GC(0) Metaspace: 7721K->7721K(1056768K)
[2020-04-01T18:49:48.455-0700][gc           ] GC(0) Pause Young (Normal) (G1 Evacuation Pause) 26M->6M(512M) 21.091ms
[2020-04-01T18:49:48.455-0700][gc,cpu       ] GC(0) User=0.07s Sys=0.01s Real=0.02s
[2020-04-01T19:04:49.434-0700][gc,start     ] GC(1) Pause Young (Normal) (G1 Evacuation Pause)
[2020-04-01T19:04:49.434-0700][gc,task      ] GC(1) Using 4 workers of 4 for evacuation
[2020-04-01T19:04:49.452-0700][gc,phases    ] GC(1)   Pre Evacuate Collection Set: 0.0ms
[2020-04-01T19:04:49.452-0700][gc,phases    ] GC(1)   Evacuate Collection Set: 16.9ms
[2020-04-01T19:04:49.452-0700][gc,phases    ] GC(1)   Post Evacuate Collection Set: 0.8ms
[2020-04-01T19:04:49.453-0700][gc,phases    ] GC(1)   Other: 0.4ms
[2020-04-01T19:04:49.453-0700][gc,heap      ] GC(1) Eden regions: 21->0(24)
[2020-04-01T19:04:49.453-0700][gc,heap      ] GC(1) Survivor regions: 4->1(4)
[2020-04-01T19:04:49.453-0700][gc,heap      ] GC(1) Old regions: 2->6
[2020-04-01T19:04:49.453-0700][gc,heap      ] GC(1) Humongous regions: 1->1
[2020-04-01T19:04:49.453-0700][gc,metaspace ] GC(1) Metaspace: 7775K->7775K(1056768K)
[2020-04-01T19:04:49.453-0700][gc           ] GC(1) Pause Young (Normal) (G1 Evacuation Pause) 27M->7M(512M) 18.341ms
[2020-04-01T19:04:49.453-0700][gc,cpu       ] GC(1) User=0.05s Sys=0.01s Real=0.02s
[2020-04-01T19:22:21.912-0700][gc,start     ] GC(2) Pause Young (Normal) (G1 Evacuation Pause)
[2020-04-01T19:22:21.912-0700][gc,task      ] GC(2) Using 4 workers of 4 for evacuation
[2020-04-01T19:22:21.914-0700][gc,phases    ] GC(2)   Pre Evacuate Collection Set: 0.0ms
[2020-04-01T19:22:21.914-0700][gc,phases    ] GC(2)   Evacuate Collection Set: 1.5ms
[2020-04-01T19:22:21.914-0700][gc,phases    ] GC(2)   Post Evacuate Collection Set: 0.4ms
[2020-04-01T19:22:21.914-0700][gc,phases    ] GC(2)   Other: 0.3ms
[2020-04-01T19:22:21.914-0700][gc,heap      ] GC(2) Eden regions: 24->0(24)
[2020-04-01T19:22:21.914-0700][gc,heap      ] GC(2) Survivor regions: 1->1(4)
[2020-04-01T19:22:21.914-0700][gc,heap      ] GC(2) Old regions: 6->6
[2020-04-01T19:22:21.914-0700][gc,heap      ] GC(2) Humongous regions: 1->1
[2020-04-01T19:22:21.914-0700][gc,metaspace ] GC(2) Metaspace: 7775K->7775K(1056768K)
[2020-04-01T19:22:21.914-0700][gc           ] GC(2) Pause Young (Normal) (G1 Evacuation Pause) 31M->7M(512M) 2.439ms
[2020-04-01T19:22:21.914-0700][gc,cpu       ] GC(2) User=0.00s Sys=0.00s Real=0.00s
[2020-04-01T19:40:47.277-0700][gc,start     ] GC(3) Pause Young (Normal) (G1 Evacuation Pause)
[2020-04-01T19:40:47.277-0700][gc,task      ] GC(3) Using 4 workers of 4 for evacuation
[2020-04-01T19:40:47.279-0700][gc,phases    ] GC(3)   Pre Evacuate Collection Set: 0.0ms
[2020-04-01T19:40:47.279-0700][gc,phases    ] GC(3)   Evacuate Collection Set: 1.3ms
[2020-04-01T19:40:47.279-0700][gc,phases    ] GC(3)   Post Evacuate Collection Set: 0.5ms
[2020-04-01T19:40:47.279-0700][gc,phases    ] GC(3)   Other: 0.3ms
[2020-04-01T19:40:47.279-0700][gc,heap      ] GC(3) Eden regions: 24->0(24)
[2020-04-01T19:40:47.279-0700][gc,heap      ] GC(3) Survivor regions: 1->1(4)
[2020-04-01T19:40:47.279-0700][gc,heap      ] GC(3) Old regions: 6->6
[2020-04-01T19:40:47.279-0700][gc,heap      ] GC(3) Humongous regions: 1->1
[2020-04-01T19:40:47.279-0700][gc,metaspace ] GC(3) Metaspace: 7775K->7775K(1056768K)
[2020-04-01T19:40:47.280-0700][gc           ] GC(3) Pause Young (Normal) (G1 Evacuation Pause) 31M->7M(512M) 2.246ms
[2020-04-01T19:40:47.280-0700][gc,cpu       ] GC(3) User=0.01s Sys=0.00s Real=0.00s
[2020-04-01T19:59:14.985-0700][gc,start     ] GC(4) Pause Young (Normal) (G1 Evacuation Pause)
[2020-04-01T19:59:14.985-0700][gc,task      ] GC(4) Using 4 workers of 4 for evacuation
[2020-04-01T19:59:14.985-0700][gc,phases    ] GC(4)   Pre Evacuate Collection Set: 0.0ms
[2020-04-01T19:59:14.985-0700][gc,phases    ] GC(4)   Evacuate Collection Set: 0.5ms
[2020-04-01T19:59:14.985-0700][gc,phases    ] GC(4)   Post Evacuate Collection Set: 0.2ms
[2020-04-01T19:59:14.985-0700][gc,phases    ] GC(4)   Other: 0.1ms
[2020-04-01T19:59:14.985-0700][gc,heap      ] GC(4) Eden regions: 24->0(24)
[2020-04-01T19:59:14.985-0700][gc,heap      ] GC(4) Survivor regions: 1->1(4)
[2020-04-01T19:59:14.985-0700][gc,heap      ] GC(4) Old regions: 6->6
[2020-04-01T19:59:14.985-0700][gc,heap      ] GC(4) Humongous regions: 1->1
[2020-04-01T19:59:14.985-0700][gc,metaspace ] GC(4) Metaspace: 7777K->7777K(1056768K)
[2020-04-01T19:59:14.986-0700][gc           ] GC(4) Pause Young (Normal) (G1 Evacuation Pause) 31M->7M(512M) 0.862ms
[2020-04-01T19:59:14.986-0700][gc,cpu       ] GC(4) User=0.00s Sys=0.00s Real=0.00s
[2020-04-01T20:17:33.047-0700][gc,start     ] GC(5) Pause Young (Normal) (G1 Evacuation Pause)
[2020-04-01T20:17:33.047-0700][gc,task      ] GC(5) Using 4 workers of 4 for evacuation
[2020-04-01T20:17:33.052-0700][gc,phases    ] GC(5)   Pre Evacuate Collection Set: 0.1ms
[2020-04-01T20:17:33.052-0700][gc,phases    ] GC(5)   Evacuate Collection Set: 3.8ms
[2020-04-01T20:17:33.052-0700][gc,phases    ] GC(5)   Post Evacuate Collection Set: 0.4ms
[2020-04-01T20:17:33.052-0700][gc,phases    ] GC(5)   Other: 0.5ms
[2020-04-01T20:17:33.052-0700][gc,heap      ] GC(5) Eden regions: 24->0(24)
[2020-04-01T20:17:33.052-0700][gc,heap      ] GC(5) Survivor regions: 1->1(4)
[2020-04-01T20:17:33.052-0700][gc,heap      ] GC(5) Old regions: 6->6
[2020-04-01T20:17:33.052-0700][gc,heap      ] GC(5) Humongous regions: 1->1
[2020-04-01T20:17:33.052-0700][gc,metaspace ] GC(5) Metaspace: 7797K->7797K(1056768K)
[2020-04-01T20:17:33.052-0700][gc           ] GC(5) Pause Young (Normal) (G1 Evacuation Pause) 31M->7M(512M) 5.023ms
[2020-04-01T20:17:33.052-0700][gc,cpu       ] GC(5) User=0.01s Sys=0.00s Real=0.01s
[2020-04-01T20:35:59.383-0700][gc,start     ] GC(6) Pause Young (Normal) (G1 Evacuation Pause)
[2020-04-01T20:35:59.383-0700][gc,task      ] GC(6) Using 4 workers of 4 for evacuation
[2020-04-01T20:35:59.384-0700][gc,phases    ] GC(6)   Pre Evacuate Collection Set: 0.0ms
[2020-04-01T20:35:59.384-0700][gc,phases    ] GC(6)   Evacuate Collection Set: 1.2ms
[2020-04-01T20:35:59.384-0700][gc,phases    ] GC(6)   Post Evacuate Collection Set: 0.3ms
[2020-04-01T20:35:59.384-0700][gc,phases    ] GC(6)   Other: 0.2ms
[2020-04-01T20:35:59.384-0700][gc,heap      ] GC(6) Eden regions: 24->0(24)
[2020-04-01T20:35:59.384-0700][gc,heap      ] GC(6) Survivor regions: 1->1(4)
[2020-04-01T20:35:59.384-0700][gc,heap      ] GC(6) Old regions: 6->6
[2020-04-01T20:35:59.385-0700][gc,heap      ] GC(6) Humongous regions: 1->1
[2020-04-01T20:35:59.385-0700][gc,metaspace ] GC(6) Metaspace: 7814K->7814K(1056768K)
[2020-04-01T20:35:59.385-0700][gc           ] GC(6) Pause Young (Normal) (G1 Evacuation Pause) 31M->7M(512M) 2.024ms
[2020-04-01T20:35:59.385-0700][gc,cpu       ] GC(6) User=0.00s Sys=0.00s Real=0.00s
[2020-04-01T20:54:34.558-0700][gc,start     ] GC(7) Pause Young (Normal) (G1 Evacuation Pause)
[2020-04-01T20:54:34.558-0700][gc,task      ] GC(7) Using 4 workers of 4 for evacuation
[2020-04-01T20:54:34.561-0700][gc,phases    ] GC(7)   Pre Evacuate Collection Set: 0.0ms
[2020-04-01T20:54:34.561-0700][gc,phases    ] GC(7)   Evacuate Collection Set: 1.5ms
[2020-04-01T20:54:34.561-0700][gc,phases    ] GC(7)   Post Evacuate Collection Set: 0.6ms
[2020-04-01T20:54:34.561-0700][gc,phases    ] GC(7)   Other: 0.3ms
[2020-04-01T20:54:34.561-0700][gc,heap      ] GC(7) Eden regions: 24->0(34)
[2020-04-01T20:54:34.561-0700][gc,heap      ] GC(7) Survivor regions: 1->1(4)
[2020-04-01T20:54:34.561-0700][gc,heap      ] GC(7) Old regions: 6->6
[2020-04-01T20:54:34.561-0700][gc,heap      ] GC(7) Humongous regions: 1->1
[2020-04-01T20:54:34.561-0700][gc,metaspace ] GC(7) Metaspace: 7818K->7818K(1056768K)
[2020-04-01T20:54:34.561-0700][gc           ] GC(7) Pause Young (Normal) (G1 Evacuation Pause) 31M->7M(512M) 2.587ms
[2020-04-01T20:54:34.561-0700][gc,cpu       ] GC(7) User=0.00s Sys=0.00s Real=0.00s
[2020-04-01T21:20:46.637-0700][gc,start     ] GC(8) Pause Young (Normal) (G1 Evacuation Pause)
[2020-04-01T21:20:46.637-0700][gc,task      ] GC(8) Using 4 workers of 4 for evacuation
[2020-04-01T21:20:46.643-0700][gc,phases    ] GC(8)   Pre Evacuate Collection Set: 0.1ms
[2020-04-01T21:20:46.643-0700][gc,phases    ] GC(8)   Evacuate Collection Set: 4.9ms
[2020-04-01T21:20:46.643-0700][gc,phases    ] GC(8)   Post Evacuate Collection Set: 0.6ms
[2020-04-01T21:20:46.644-0700][gc,phases    ] GC(8)   Other: 0.6ms
[2020-04-01T21:20:46.644-0700][gc,heap      ] GC(8) Eden regions: 34->0(83)
[2020-04-01T21:20:46.644-0700][gc,heap      ] GC(8) Survivor regions: 1->1(5)
[2020-04-01T21:20:46.644-0700][gc,heap      ] GC(8) Old regions: 6->6
[2020-04-01T21:20:46.644-0700][gc,heap      ] GC(8) Humongous regions: 1->1
[2020-04-01T21:20:46.644-0700][gc,metaspace ] GC(8) Metaspace: 7818K->7818K(1056768K)
[2020-04-01T21:20:46.644-0700][gc           ] GC(8) Pause Young (Normal) (G1 Evacuation Pause) 41M->7M(512M) 6.616ms
[2020-04-01T21:20:46.644-0700][gc,cpu       ] GC(8) User=0.02s Sys=0.00s Real=0.00s
[2020-04-01T22:21:18.047-0700][gc,start     ] GC(9) Pause Young (Normal) (G1 Evacuation Pause)
[2020-04-01T22:21:18.047-0700][gc,task      ] GC(9) Using 4 workers of 4 for evacuation
[2020-04-01T22:21:18.055-0700][gc,phases    ] GC(9)   Pre Evacuate Collection Set: 0.0ms
[2020-04-01T22:21:18.055-0700][gc,phases    ] GC(9)   Evacuate Collection Set: 5.8ms
[2020-04-01T22:21:18.055-0700][gc,phases    ] GC(9)   Post Evacuate Collection Set: 1.9ms
[2020-04-01T22:21:18.055-0700][gc,phases    ] GC(9)   Other: 0.5ms
[2020-04-01T22:21:18.055-0700][gc,heap      ] GC(9) Eden regions: 83->0(134)
[2020-04-01T22:21:18.055-0700][gc,heap      ] GC(9) Survivor regions: 1->1(11)
[2020-04-01T22:21:18.055-0700][gc,heap      ] GC(9) Old regions: 6->6
[2020-04-01T22:21:18.055-0700][gc,heap      ] GC(9) Humongous regions: 1->1
[2020-04-01T22:21:18.055-0700][gc,metaspace ] GC(9) Metaspace: 7857K->7857K(1056768K)
[2020-04-01T22:21:18.055-0700][gc           ] GC(9) Pause Young (Normal) (G1 Evacuation Pause) 90M->7M(512M) 8.448ms
[2020-04-01T22:21:18.055-0700][gc,cpu       ] GC(9) User=0.01s Sys=0.00s Real=0.01s
[2020-04-02T00:01:16.097-0700][gc,start     ] GC(10) Pause Young (Normal) (G1 Evacuation Pause)
[2020-04-02T00:01:16.097-0700][gc,task      ] GC(10) Using 4 workers of 4 for evacuation
[2020-04-02T00:01:16.101-0700][gc,phases    ] GC(10)   Pre Evacuate Collection Set: 0.0ms
[2020-04-02T00:01:16.101-0700][gc,phases    ] GC(10)   Evacuate Collection Set: 3.0ms
[2020-04-02T00:01:16.101-0700][gc,phases    ] GC(10)   Post Evacuate Collection Set: 0.5ms
[2020-04-02T00:01:16.101-0700][gc,phases    ] GC(10)   Other: 0.3ms
[2020-04-02T00:01:16.101-0700][gc,heap      ] GC(10) Eden regions: 134->0(183)
[2020-04-02T00:01:16.101-0700][gc,heap      ] GC(10) Survivor regions: 1->1(17)
[2020-04-02T00:01:16.101-0700][gc,heap      ] GC(10) Old regions: 6->6
[2020-04-02T00:01:16.101-0700][gc,heap      ] GC(10) Humongous regions: 1->1
[2020-04-02T00:01:16.101-0700][gc,metaspace ] GC(10) Metaspace: 7903K->7903K(1056768K)
[2020-04-02T00:01:16.101-0700][gc           ] GC(10) Pause Young (Normal) (G1 Evacuation Pause) 141M->7M(512M) 4.124ms
[2020-04-02T00:01:16.101-0700][gc,cpu       ] GC(10) User=0.01s Sys=0.00s Real=0.00s
[2020-04-02T02:22:56.331-0700][gc,start     ] GC(11) Pause Young (Normal) (G1 Evacuation Pause)
[2020-04-02T02:22:56.371-0700][gc,task      ] GC(11) Using 4 workers of 4 for evacuation
[2020-04-02T02:22:56.374-0700][gc,phases    ] GC(11)   Pre Evacuate Collection Set: 0.0ms
[2020-04-02T02:22:56.374-0700][gc,phases    ] GC(11)   Evacuate Collection Set: 2.0ms
[2020-04-02T02:22:56.374-0700][gc,phases    ] GC(11)   Post Evacuate Collection Set: 0.9ms
[2020-04-02T02:22:56.374-0700][gc,phases    ] GC(11)   Other: 39.9ms
[2020-04-02T02:22:56.374-0700][gc,heap      ] GC(11) Eden regions: 183->0(203)
[2020-04-02T02:22:56.374-0700][gc,heap      ] GC(11) Survivor regions: 1->1(23)
[2020-04-02T02:22:56.374-0700][gc,heap      ] GC(11) Old regions: 6->6
[2020-04-02T02:22:56.374-0700][gc,heap      ] GC(11) Humongous regions: 1->1
[2020-04-02T02:22:56.374-0700][gc,metaspace ] GC(11) Metaspace: 7943K->7943K(1056768K)
[2020-04-02T02:22:56.375-0700][gc           ] GC(11) Pause Young (Normal) (G1 Evacuation Pause) 190M->7M(512M) 43.147ms
[2020-04-02T02:22:56.375-0700][gc,cpu       ] GC(11) User=0.01s Sys=0.00s Real=0.04s
[2020-04-02T04:53:47.793-0700][gc,start     ] GC(12) Pause Young (Normal) (G1 Evacuation Pause)
[2020-04-02T04:53:47.878-0700][gc,task      ] GC(12) Using 4 workers of 4 for evacuation
[2020-04-02T04:53:47.881-0700][gc,phases    ] GC(12)   Pre Evacuate Collection Set: 0.0ms
[2020-04-02T04:53:47.881-0700][gc,phases    ] GC(12)   Evacuate Collection Set: 2.0ms
[2020-04-02T04:53:47.881-0700][gc,phases    ] GC(12)   Post Evacuate Collection Set: 0.7ms
[2020-04-02T04:53:47.881-0700][gc,phases    ] GC(12)   Other: 84.5ms
[2020-04-02T04:53:47.881-0700][gc,heap      ] GC(12) Eden regions: 203->0(240)
[2020-04-02T04:53:47.881-0700][gc,heap      ] GC(12) Survivor regions: 1->1(26)
[2020-04-02T04:53:47.881-0700][gc,heap      ] GC(12) Old regions: 6->6
[2020-04-02T04:53:47.881-0700][gc,heap      ] GC(12) Humongous regions: 1->1
[2020-04-02T04:53:47.881-0700][gc,metaspace ] GC(12) Metaspace: 7983K->7983K(1056768K)
[2020-04-02T04:53:47.881-0700][gc           ] GC(12) Pause Young (Normal) (G1 Evacuation Pause) 210M->7M(512M) 87.566ms
[2020-04-02T04:53:47.881-0700][gc,cpu       ] GC(12) User=0.01s Sys=0.00s Real=0.09s
[2020-04-02T07:49:48.863-0700][gc,start     ] GC(13) Pause Young (Normal) (G1 Evacuation Pause)
[2020-04-02T07:49:48.863-0700][gc,task      ] GC(13) Using 4 workers of 4 for evacuation
[2020-04-02T07:49:48.866-0700][gc,phases    ] GC(13)   Pre Evacuate Collection Set: 0.0ms
[2020-04-02T07:49:48.866-0700][gc,phases    ] GC(13)   Evacuate Collection Set: 2.1ms
[2020-04-02T07:49:48.866-0700][gc,phases    ] GC(13)   Post Evacuate Collection Set: 0.8ms
[2020-04-02T07:49:48.866-0700][gc,phases    ] GC(13)   Other: 0.3ms
[2020-04-02T07:49:48.866-0700][gc,heap      ] GC(13) Eden regions: 240->0(259)
[2020-04-02T07:49:48.866-0700][gc,heap      ] GC(13) Survivor regions: 1->1(31)
[2020-04-02T07:49:48.866-0700][gc,heap      ] GC(13) Old regions: 6->6
[2020-04-02T07:49:48.866-0700][gc,heap      ] GC(13) Humongous regions: 1->1
[2020-04-02T07:49:48.866-0700][gc,metaspace ] GC(13) Metaspace: 7983K->7983K(1056768K)
[2020-04-02T07:49:48.866-0700][gc           ] GC(13) Pause Young (Normal) (G1 Evacuation Pause) 247M->7M(512M) 3.457ms
[2020-04-02T07:49:48.866-0700][gc,cpu       ] GC(13) User=0.01s Sys=0.00s Real=0.00s
[2020-04-02T10:59:58.999-0700][gc,start     ] GC(14) Pause Young (Normal) (G1 Evacuation Pause)
[2020-04-02T10:59:58.999-0700][gc,task      ] GC(14) Using 4 workers of 4 for evacuation
[2020-04-02T10:59:59.002-0700][gc,phases    ] GC(14)   Pre Evacuate Collection Set: 0.0ms
[2020-04-02T10:59:59.002-0700][gc,phases    ] GC(14)   Evacuate Collection Set: 2.1ms
[2020-04-02T10:59:59.002-0700][gc,phases    ] GC(14)   Post Evacuate Collection Set: 0.8ms
[2020-04-02T10:59:59.002-0700][gc,phases    ] GC(14)   Other: 0.4ms
[2020-04-02T10:59:59.002-0700][gc,heap      ] GC(14) Eden regions: 259->0(281)
[2020-04-02T10:59:59.002-0700][gc,heap      ] GC(14) Survivor regions: 1->1(33)
[2020-04-02T10:59:59.002-0700][gc,heap      ] GC(14) Old regions: 6->6
[2020-04-02T10:59:59.002-0700][gc,heap      ] GC(14) Humongous regions: 1->1
[2020-04-02T10:59:59.002-0700][gc,metaspace ] GC(14) Metaspace: 7984K->7984K(1056768K)
[2020-04-02T10:59:59.002-0700][gc           ] GC(14) Pause Young (Normal) (G1 Evacuation Pause) 266M->7M(512M) 3.539ms
[2020-04-02T10:59:59.002-0700][gc,cpu       ] GC(14) User=0.01s Sys=0.00s Real=0.00s
[2020-04-02T14:27:04.460-0700][gc,start     ] GC(15) Pause Young (Normal) (G1 Evacuation Pause)
[2020-04-02T14:27:04.461-0700][gc,task      ] GC(15) Using 4 workers of 4 for evacuation
[2020-04-02T14:27:04.464-0700][gc,phases    ] GC(15)   Pre Evacuate Collection Set: 0.0ms
[2020-04-02T14:27:04.465-0700][gc,phases    ] GC(15)   Evacuate Collection Set: 2.9ms
[2020-04-02T14:27:04.465-0700][gc,phases    ] GC(15)   Post Evacuate Collection Set: 0.8ms
[2020-04-02T14:27:04.465-0700][gc,phases    ] GC(15)   Other: 0.3ms
[2020-04-02T14:27:04.465-0700][gc,heap      ] GC(15) Eden regions: 281->0(306)
[2020-04-02T14:27:04.465-0700][gc,heap      ] GC(15) Survivor regions: 1->1(36)
[2020-04-02T14:27:04.465-0700][gc,heap      ] GC(15) Old regions: 6->6
[2020-04-02T14:27:04.465-0700][gc,heap      ] GC(15) Humongous regions: 1->1
[2020-04-02T14:27:04.465-0700][gc,metaspace ] GC(15) Metaspace: 7985K->7985K(1056768K)
[2020-04-02T14:27:04.465-0700][gc           ] GC(15) Pause Young (Normal) (G1 Evacuation Pause) 288M->7M(512M) 4.241ms
[2020-04-02T14:27:04.465-0700][gc,cpu       ] GC(15) User=0.01s Sys=0.00s Real=0.00s
[2020-04-02T16:39:42.872-0700][gc,heap,exit ] Heap
[2020-04-02T16:39:42.872-0700][gc,heap,exit ]  garbage-first heap   total 524288K, used 195002K [0x00000000e0000000, 0x0000000100000000)
[2020-04-02T16:39:42.872-0700][gc,heap,exit ]   region size 1024K, 185 young (189440K), 1 survivors (1024K)
[2020-04-02T16:39:42.872-0700][gc,heap,exit ]  Metaspace       used 7995K, capacity 8271K, committed 8448K, reserved 1056768K
[2020-04-02T16:39:42.872-0700][gc,heap,exit ]   class space    used 838K, capacity 930K, committed 1024K, reserved 1048576K
